DEBUG:selenium.webdriver.remote.remote_connection:POST http://127.0.0.1:4723/wd/hub/session {"capabilities": {"firstMatch": [{"appium:deviceName": "Android Emulator", "platformName": "Android", "appium:app": "/Users/rodrigosanmiguel/Desktop/SpiderOak/testing-automation-mobile/CrossClave-2.13.0-signed.apk"}]}, "desiredCapabilities": {"deviceName": "Android Emulator", "platformName": "Android", "app": "/Users/rodrigosanmiguel/Desktop/SpiderOak/testing-automation-mobile/CrossClave-2.13.0-signed.apk"}}
DEBUG:urllib3.connectionpool:Starting new HTTP connection (1): 127.0.0.1:4723
DEBUG:urllib3.connectionpool:http://127.0.0.1:4723 "POST /wd/hub/session HTTP/1.1" 500 869
DEBUG:selenium.webdriver.remote.remote_connection:Finished Request
DEBUG:selenium.webdriver.remote.remote_connection:POST http://127.0.0.1:4723/wd/hub/session {"capabilities": {"firstMatch": [{"appium:deviceName": "Android Emulator", "platformName": "Android", "appium:app": "/Users/rodrigosanmiguel/Desktop/SpiderOak/testing-automation-mobile/CrossClave-2.13.0-signed.apk"}]}, "desiredCapabilities": {"deviceName": "Android Emulator", "platformName": "Android", "app": "/Users/rodrigosanmiguel/Desktop/SpiderOak/testing-automation-mobile/CrossClave-2.13.0-signed.apk"}}
DEBUG:urllib3.connectionpool:Starting new HTTP connection (1): 127.0.0.1:4723
DEBUG:urllib3.connectionpool:http://127.0.0.1:4723 "POST /wd/hub/session HTTP/1.1" 500 869
DEBUG:selenium.webdriver.remote.remote_connection:Finished Request
DEBUG:selenium.webdriver.remote.remote_connection:POST http://127.0.0.1:4723/wd/hub/session {"capabilities": {"firstMatch": [{"appium:deviceName": "Android Emulator", "platformName": "Android", "appium:app": "/testing-automation-mobile/tools/CrossClave-2.13.0-signed.apk"}]}, "desiredCapabilities": {"deviceName": "Android Emulator", "platformName": "Android", "app": "/testing-automation-mobile/tools/CrossClave-2.13.0-signed.apk"}}
DEBUG:urllib3.connectionpool:Starting new HTTP connection (1): 127.0.0.1:4723
DEBUG:urllib3.connectionpool:http://127.0.0.1:4723 "POST /wd/hub/session HTTP/1.1" 500 799
DEBUG:selenium.webdriver.remote.remote_connection:Finished Request
DEBUG:selenium.webdriver.remote.remote_connection:POST http://127.0.0.1:4723/wd/hub/session {"capabilities": {"firstMatch": [{"appium:deviceName": "Android Emulator", "platformName": "Android", "appium:app": "/Users/rodrigosanmiguel/Desktop/SpiderOak/testing-automation-mobile/tools/CrossClave-2.13.0-signed.apk"}]}, "desiredCapabilities": {"deviceName": "Android Emulator", "platformName": "Android", "app": "/Users/rodrigosanmiguel/Desktop/SpiderOak/testing-automation-mobile/tools/CrossClave-2.13.0-signed.apk"}}
DEBUG:urllib3.connectionpool:Starting new HTTP connection (1): 127.0.0.1:4723
DEBUG:urllib3.connectionpool:http://127.0.0.1:4723 "POST /wd/hub/session HTTP/1.1" 500 881
DEBUG:selenium.webdriver.remote.remote_connection:Finished Request
DEBUG:selenium.webdriver.remote.remote_connection:POST http://127.0.0.1:4723/wd/hub/session {"capabilities": {"firstMatch": [{"appium:deviceName": "Android Emulator", "platformName": "Android", "appium:app": "/Users/rodrigosanmiguel/Desktop/SpiderOak/testing-automation-mobile/tools"}]}, "desiredCapabilities": {"deviceName": "Android Emulator", "platformName": "Android", "app": "/Users/rodrigosanmiguel/Desktop/SpiderOak/testing-automation-mobile/tools"}}
DEBUG:urllib3.connectionpool:Starting new HTTP connection (1): 127.0.0.1:4723
DEBUG:urllib3.connectionpool:http://127.0.0.1:4723 "POST /wd/hub/session HTTP/1.1" 500 811
DEBUG:selenium.webdriver.remote.remote_connection:Finished Request
DEBUG:selenium.webdriver.remote.remote_connection:POST http://127.0.0.1:4723/wd/hub/session {"capabilities": {"firstMatch": [{"appium:deviceName": "Android Emulator", "platformName": "Android", "appium:app": "/Users/rodrigosanmiguel/Desktop/SpiderOak/testing-automation-mobile/tools/CrossClave-2.13.0-android.apk"}]}, "desiredCapabilities": {"deviceName": "Android Emulator", "platformName": "Android", "app": "/Users/rodrigosanmiguel/Desktop/SpiderOak/testing-automation-mobile/tools/CrossClave-2.13.0-android.apk"}}
DEBUG:urllib3.connectionpool:Starting new HTTP connection (1): 127.0.0.1:4723
DEBUG:urllib3.connectionpool:http://127.0.0.1:4723 "POST /wd/hub/session HTTP/1.1" 200 954
DEBUG:selenium.webdriver.remote.remote_connection:Finished Request
DEBUG:selenium.webdriver.remote.remote_connection:POST http://127.0.0.1:4723/wd/hub/session/8938935e-d6de-4e19-8024-fa0d6328f691/timeouts {"implicit": 60000}
DEBUG:urllib3.connectionpool:http://127.0.0.1:4723 "POST /wd/hub/session/8938935e-d6de-4e19-8024-fa0d6328f691/timeouts HTTP/1.1" 200 14
DEBUG:selenium.webdriver.remote.remote_connection:Finished Request
DEBUG:parse:format 'I click on the Sign Up button' -> 'I click on the Sign Up button'
DEBUG:parse:format "I see I am on the 'Save Your Recovery Phrase' screen" -> "I see I am on the 'Save Your Recovery Phrase' screen"
DEBUG:parse:format 'I copy the recovery key' -> 'I copy the recovery key'
DEBUG:parse:format 'I click Continue' -> 'I click Continue'
DEBUG:parse:format "I see the 'Are you sure you saved your Recovery Phrase' screen" -> "I see the 'Are you sure you saved your Recovery Phrase' screen"
DEBUG:parse:format "I click on the 'Yes, I saved it' option" -> "I click on the 'Yes, I saved it' option"
DEBUG:parse:format 'I am on the Add/Create team start page' -> 'I am on the Add/Create team start page'
DEBUG:selenium.webdriver.remote.remote_connection:POST http://127.0.0.1:4723/wd/hub/session {"capabilities": {"firstMatch": [{"appium:deviceName": "Android Emulator", "platformName": "Android", "appium:app": "/Users/rodrigosanmiguel/Desktop/SpiderOak/testing-automation-mobile/CrossClave-2.13.0-signed.apk"}]}, "desiredCapabilities": {"deviceName": "Android Emulator", "platformName": "Android", "app": "/Users/rodrigosanmiguel/Desktop/SpiderOak/testing-automation-mobile/CrossClave-2.13.0-signed.apk"}}
DEBUG:urllib3.connectionpool:Starting new HTTP connection (1): 127.0.0.1:4723
DEBUG:urllib3.connectionpool:http://127.0.0.1:4723 "POST /wd/hub/session HTTP/1.1" 500 869
DEBUG:selenium.webdriver.remote.remote_connection:Finished Request
DEBUG:selenium.webdriver.remote.remote_connection:POST http://127.0.0.1:4723/wd/hub/session {"capabilities": {"firstMatch": [{"appium:deviceName": "Android Emulator", "platformName": "Android", "appium:app": "/Users/rodrigosanmiguel/Desktop/SpiderOak/testing-automation-mobile/tools/CrossClave-2.13.0-android.apk"}]}, "desiredCapabilities": {"deviceName": "Android Emulator", "platformName": "Android", "app": "/Users/rodrigosanmiguel/Desktop/SpiderOak/testing-automation-mobile/tools/CrossClave-2.13.0-android.apk"}}
DEBUG:urllib3.connectionpool:Starting new HTTP connection (1): 127.0.0.1:4723
DEBUG:urllib3.connectionpool:http://127.0.0.1:4723 "POST /wd/hub/session HTTP/1.1" 500 630
DEBUG:selenium.webdriver.remote.remote_connection:Finished Request
DEBUG:selenium.webdriver.remote.remote_connection:POST http://127.0.0.1:4723/wd/hub/session {"capabilities": {"firstMatch": [{"appium:deviceName": "Android Emulator", "platformName": "Android", "appium:app": "/Users/rodrigosanmiguel/Desktop/SpiderOak/testing-automation-mobile/tools/CrossClave-2.13.0-android.apk"}]}, "desiredCapabilities": {"deviceName": "Android Emulator", "platformName": "Android", "app": "/Users/rodrigosanmiguel/Desktop/SpiderOak/testing-automation-mobile/tools/CrossClave-2.13.0-android.apk"}}
DEBUG:urllib3.connectionpool:Starting new HTTP connection (1): 127.0.0.1:4723
DEBUG:urllib3.connectionpool:http://127.0.0.1:4723 "POST /wd/hub/session HTTP/1.1" 200 954
DEBUG:selenium.webdriver.remote.remote_connection:Finished Request
DEBUG:selenium.webdriver.remote.remote_connection:POST http://127.0.0.1:4723/wd/hub/session/cba78b08-1d8d-42be-b915-2eed73606dad/timeouts {"implicit": 60000}
DEBUG:urllib3.connectionpool:http://127.0.0.1:4723 "POST /wd/hub/session/cba78b08-1d8d-42be-b915-2eed73606dad/timeouts HTTP/1.1" 200 14
DEBUG:selenium.webdriver.remote.remote_connection:Finished Request
DEBUG:parse:format 'I click on the Sign Up button' -> 'I click on the Sign Up button'
DEBUG:parse:format "I see I am on the 'Save Your Recovery Phrase' screen" -> "I see I am on the 'Save Your Recovery Phrase' screen"
DEBUG:parse:format 'I copy the recovery key' -> 'I copy the recovery key'
DEBUG:parse:format 'I click Continue' -> 'I click Continue'
DEBUG:parse:format "I see the 'Are you sure you saved your Recovery Phrase' screen" -> "I see the 'Are you sure you saved your Recovery Phrase' screen"
DEBUG:parse:format "I click on the 'Yes, I saved it' option" -> "I click on the 'Yes, I saved it' option"
DEBUG:parse:format 'I am on the Add/Create team start page' -> 'I am on the Add/Create team start page'
DEBUG:selenium.webdriver.remote.remote_connection:POST http://127.0.0.1:4723/wd/hub/session {"capabilities": {"firstMatch": [{"appium:deviceName": "Android Emulator", "platformName": "Android", "appium:app": "/Users/rodrigosanmiguel/Desktop/SpiderOak/testing-automation-mobile/CrossClave-2.13.0-signed.apk"}]}, "desiredCapabilities": {"deviceName": "Android Emulator", "platformName": "Android", "app": "/Users/rodrigosanmiguel/Desktop/SpiderOak/testing-automation-mobile/CrossClave-2.13.0-signed.apk"}}
DEBUG:urllib3.connectionpool:Starting new HTTP connection (1): 127.0.0.1:4723
DEBUG:urllib3.connectionpool:http://127.0.0.1:4723 "POST /wd/hub/session HTTP/1.1" 500 869
DEBUG:selenium.webdriver.remote.remote_connection:Finished Request
DEBUG:selenium.webdriver.remote.remote_connection:POST http://127.0.0.1:4723/wd/hub/session {"capabilities": {"firstMatch": [{"appium:deviceName": "Android Emulator", "platformName": "Android", "appium:app": "/Users/rodrigosanmiguel/Desktop/SpiderOak/testing-automation-mobile/tools/CrossClave-2.13.0-android.apk"}]}, "desiredCapabilities": {"deviceName": "Android Emulator", "platformName": "Android", "app": "/Users/rodrigosanmiguel/Desktop/SpiderOak/testing-automation-mobile/tools/CrossClave-2.13.0-android.apk"}}
DEBUG:urllib3.connectionpool:Starting new HTTP connection (1): 127.0.0.1:4723
DEBUG:urllib3.connectionpool:http://127.0.0.1:4723 "POST /wd/hub/session HTTP/1.1" 200 954
DEBUG:selenium.webdriver.remote.remote_connection:Finished Request
DEBUG:selenium.webdriver.remote.remote_connection:POST http://127.0.0.1:4723/wd/hub/session/0ded6354-cd5f-40e2-bbbc-00326e48b8c8/timeouts {"implicit": 60000}
DEBUG:urllib3.connectionpool:http://127.0.0.1:4723 "POST /wd/hub/session/0ded6354-cd5f-40e2-bbbc-00326e48b8c8/timeouts HTTP/1.1" 200 14
DEBUG:selenium.webdriver.remote.remote_connection:Finished Request
DEBUG:parse:format 'I click on the Sign Up button' -> 'I click on the Sign Up button'
DEBUG:parse:format "I see I am on the 'Save Your Recovery Phrase' screen" -> "I see I am on the 'Save Your Recovery Phrase' screen"
DEBUG:parse:format 'I copy the recovery key' -> 'I copy the recovery key'
DEBUG:parse:format 'I click Continue' -> 'I click Continue'
DEBUG:parse:format "I see the 'Are you sure you saved your Recovery Phrase' screen" -> "I see the 'Are you sure you saved your Recovery Phrase' screen"
DEBUG:parse:format "I click on the 'Yes, I saved it' option" -> "I click on the 'Yes, I saved it' option"
DEBUG:parse:format 'I am on the Add/Create team start page' -> 'I am on the Add/Create team start page'
DEBUG:selenium.webdriver.remote.remote_connection:POST http://127.0.0.1:4723/wd/hub/session {"capabilities": {"firstMatch": [{"appium:deviceName": "Android Emulator", "platformName": "Android", "appium:app": "/Users/rodrigosanmiguel/Desktop/SpiderOak/testing-automation-mobile/CrossClave-2.13.0-signed.apk"}]}, "desiredCapabilities": {"deviceName": "Android Emulator", "platformName": "Android", "app": "/Users/rodrigosanmiguel/Desktop/SpiderOak/testing-automation-mobile/CrossClave-2.13.0-signed.apk"}}
DEBUG:urllib3.connectionpool:Starting new HTTP connection (1): 127.0.0.1:4723
DEBUG:urllib3.connectionpool:http://127.0.0.1:4723 "POST /wd/hub/session HTTP/1.1" 500 869
DEBUG:selenium.webdriver.remote.remote_connection:Finished Request
DEBUG:selenium.webdriver.remote.remote_connection:POST http://127.0.0.1:4723/wd/hub/session {"capabilities": {"firstMatch": [{"appium:deviceName": "Android Emulator", "platformName": "Android", "appium:app": "/Users/rodrigosanmiguel/Desktop/SpiderOak/testing-automation-mobile/tools/CrossClave-2.13.0-android.apk"}]}, "desiredCapabilities": {"deviceName": "Android Emulator", "platformName": "Android", "app": "/Users/rodrigosanmiguel/Desktop/SpiderOak/testing-automation-mobile/tools/CrossClave-2.13.0-android.apk"}}
DEBUG:urllib3.connectionpool:Starting new HTTP connection (1): 127.0.0.1:4723
DEBUG:urllib3.connectionpool:http://127.0.0.1:4723 "POST /wd/hub/session HTTP/1.1" 200 954
DEBUG:selenium.webdriver.remote.remote_connection:Finished Request
DEBUG:selenium.webdriver.remote.remote_connection:POST http://127.0.0.1:4723/wd/hub/session/2a0aa3e8-8f56-49f6-bb6b-785b0f4e34cb/timeouts {"implicit": 60000}
DEBUG:urllib3.connectionpool:http://127.0.0.1:4723 "POST /wd/hub/session/2a0aa3e8-8f56-49f6-bb6b-785b0f4e34cb/timeouts HTTP/1.1" 200 14
DEBUG:selenium.webdriver.remote.remote_connection:Finished Request
DEBUG:parse:format 'I click on the Sign Up button' -> 'I click on the Sign Up button'
DEBUG:parse:format "I see I am on the 'Save Your Recovery Phrase' screen" -> "I see I am on the 'Save Your Recovery Phrase' screen"
DEBUG:parse:format 'I copy the recovery key' -> 'I copy the recovery key'
DEBUG:parse:format 'I click Continue' -> 'I click Continue'
DEBUG:parse:format "I see the 'Are you sure you saved your Recovery Phrase' screen" -> "I see the 'Are you sure you saved your Recovery Phrase' screen"
DEBUG:parse:format "I click on the 'Yes, I saved it' option" -> "I click on the 'Yes, I saved it' option"
DEBUG:parse:format 'I am on the Add/Create team start page' -> 'I am on the Add/Create team start page'
DEBUG:selenium.webdriver.remote.remote_connection:POST http://127.0.0.1:4723/wd/hub/session {"capabilities": {"firstMatch": [{"appium:deviceName": "Android Emulator", "platformName": "Android", "appium:app": "/Users/rodrigosanmiguel/Desktop/SpiderOak/testing-automation-mobile/CrossClave-2.13.0-signed.apk"}]}, "desiredCapabilities": {"deviceName": "Android Emulator", "platformName": "Android", "app": "/Users/rodrigosanmiguel/Desktop/SpiderOak/testing-automation-mobile/CrossClave-2.13.0-signed.apk"}}
DEBUG:urllib3.connectionpool:Starting new HTTP connection (1): 127.0.0.1:4723
DEBUG:urllib3.connectionpool:http://127.0.0.1:4723 "POST /wd/hub/session HTTP/1.1" 500 869
DEBUG:selenium.webdriver.remote.remote_connection:Finished Request
DEBUG:selenium.webdriver.remote.remote_connection:POST http://127.0.0.1:4723/wd/hub/session {"capabilities": {"firstMatch": [{"appium:deviceName": "Android Emulator", "platformName": "Android", "appium:app": "/Users/rodrigosanmiguel/Desktop/SpiderOak/testing-automation-mobile/tools/CrossClave-2.13.0-android.apk"}]}, "desiredCapabilities": {"deviceName": "Android Emulator", "platformName": "Android", "app": "/Users/rodrigosanmiguel/Desktop/SpiderOak/testing-automation-mobile/tools/CrossClave-2.13.0-android.apk"}}
DEBUG:urllib3.connectionpool:Starting new HTTP connection (1): 127.0.0.1:4723
DEBUG:urllib3.connectionpool:http://127.0.0.1:4723 "POST /wd/hub/session HTTP/1.1" 200 954
DEBUG:selenium.webdriver.remote.remote_connection:Finished Request
DEBUG:selenium.webdriver.remote.remote_connection:POST http://127.0.0.1:4723/wd/hub/session/906eb60c-78ad-4fb9-af5e-200a8937ceeb/timeouts {"implicit": 60000}
DEBUG:urllib3.connectionpool:http://127.0.0.1:4723 "POST /wd/hub/session/906eb60c-78ad-4fb9-af5e-200a8937ceeb/timeouts HTTP/1.1" 200 14
DEBUG:selenium.webdriver.remote.remote_connection:Finished Request
DEBUG:parse:format 'I click on the Sign Up button' -> 'I click on the Sign Up button'
DEBUG:parse:format "I see I am on the 'Save Your Recovery Phrase' screen" -> "I see I am on the 'Save Your Recovery Phrase' screen"
DEBUG:parse:format 'I copy the recovery key' -> 'I copy the recovery key'
DEBUG:parse:format 'I click Continue' -> 'I click Continue'
DEBUG:parse:format "I see the 'Are you sure you saved your Recovery Phrase' screen" -> "I see the 'Are you sure you saved your Recovery Phrase' screen"
DEBUG:parse:format "I click on the 'Yes, I saved it' option" -> "I click on the 'Yes, I saved it' option"
DEBUG:parse:format 'I am on the Add/Create team start page' -> 'I am on the Add/Create team start page'
DEBUG:selenium.webdriver.remote.remote_connection:POST http://127.0.0.1:4723/wd/hub/session {"capabilities": {"firstMatch": [{"appium:deviceName": "Android Emulator", "platformName": "Android", "appium:app": "/Users/rodrigosanmiguel/Desktop/SpiderOak/testing-automation-mobile/CrossClave-2.13.0-signed.apk"}]}, "desiredCapabilities": {"deviceName": "Android Emulator", "platformName": "Android", "app": "/Users/rodrigosanmiguel/Desktop/SpiderOak/testing-automation-mobile/CrossClave-2.13.0-signed.apk"}}
DEBUG:urllib3.connectionpool:Starting new HTTP connection (1): 127.0.0.1:4723
DEBUG:urllib3.connectionpool:http://127.0.0.1:4723 "POST /wd/hub/session HTTP/1.1" 500 869
DEBUG:selenium.webdriver.remote.remote_connection:Finished Request
DEBUG:selenium.webdriver.remote.remote_connection:POST http://127.0.0.1:4723/wd/hub/session {"capabilities": {"firstMatch": [{"appium:deviceName": "Android Emulator", "platformName": "Android", "appium:app": "tools/CrossClave-2.13.0-android.apk"}]}, "desiredCapabilities": {"deviceName": "Android Emulator", "platformName": "Android", "app": "tools/CrossClave-2.13.0-android.apk"}}
DEBUG:urllib3.connectionpool:Starting new HTTP connection (1): 127.0.0.1:4723
DEBUG:urllib3.connectionpool:http://127.0.0.1:4723 "POST /wd/hub/session HTTP/1.1" 500 747
DEBUG:selenium.webdriver.remote.remote_connection:Finished Request
DEBUG:selenium.webdriver.remote.remote_connection:POST http://127.0.0.1:4723/wd/hub/session {"capabilities": {"firstMatch": [{"appium:deviceName": "Android Emulator", "platformName": "Android", "appium:app": "../tools/CrossClave-2.13.0-android.apk"}]}, "desiredCapabilities": {"deviceName": "Android Emulator", "platformName": "Android", "app": "../tools/CrossClave-2.13.0-android.apk"}}
DEBUG:urllib3.connectionpool:Starting new HTTP connection (1): 127.0.0.1:4723
DEBUG:urllib3.connectionpool:http://127.0.0.1:4723 "POST /wd/hub/session HTTP/1.1" 500 753
DEBUG:selenium.webdriver.remote.remote_connection:Finished Request
DEBUG:selenium.webdriver.remote.remote_connection:POST http://127.0.0.1:4723/wd/hub/session {"capabilities": {"firstMatch": [{"appium:deviceName": "Android Emulator", "platformName": "Android", "appium:app": "\\tools\\CrossClave-2.13.0-android.apk"}]}, "desiredCapabilities": {"deviceName": "Android Emulator", "platformName": "Android", "app": "\\tools\\CrossClave-2.13.0-android.apk"}}
DEBUG:urllib3.connectionpool:Starting new HTTP connection (1): 127.0.0.1:4723
DEBUG:urllib3.connectionpool:http://127.0.0.1:4723 "POST /wd/hub/session HTTP/1.1" 500 753
DEBUG:selenium.webdriver.remote.remote_connection:Finished Request
DEBUG:selenium.webdriver.remote.remote_connection:POST http://127.0.0.1:4723/wd/hub/session {"capabilities": {"firstMatch": [{"appium:deviceName": "Android Emulator", "platformName": "Android", "appium:app": "/Users/rodrigosanmiguel/Desktop/SpiderOak/testing-automation-mobile/tools/CrossClave-2.13.0-android.apk"}]}, "desiredCapabilities": {"deviceName": "Android Emulator", "platformName": "Android", "app": "/Users/rodrigosanmiguel/Desktop/SpiderOak/testing-automation-mobile/tools/CrossClave-2.13.0-android.apk"}}
DEBUG:urllib3.connectionpool:Starting new HTTP connection (1): 127.0.0.1:4723
DEBUG:urllib3.connectionpool:http://127.0.0.1:4723 "POST /wd/hub/session HTTP/1.1" 200 954
DEBUG:selenium.webdriver.remote.remote_connection:Finished Request
DEBUG:selenium.webdriver.remote.remote_connection:POST http://127.0.0.1:4723/wd/hub/session/632ffe02-19ba-44c8-b69c-26617975919b/timeouts {"implicit": 60000}
DEBUG:urllib3.connectionpool:http://127.0.0.1:4723 "POST /wd/hub/session/632ffe02-19ba-44c8-b69c-26617975919b/timeouts HTTP/1.1" 200 14
DEBUG:selenium.webdriver.remote.remote_connection:Finished Request
DEBUG:parse:format 'I click on the Sign Up button' -> 'I click on the Sign Up button'
DEBUG:parse:format "I see I am on the 'Save Your Recovery Phrase' screen" -> "I see I am on the 'Save Your Recovery Phrase' screen"
DEBUG:parse:format 'I copy the recovery key' -> 'I copy the recovery key'
DEBUG:parse:format 'I click Continue' -> 'I click Continue'
DEBUG:parse:format "I see the 'Are you sure you saved your Recovery Phrase' screen" -> "I see the 'Are you sure you saved your Recovery Phrase' screen"
DEBUG:parse:format "I click on the 'Yes, I saved it' option" -> "I click on the 'Yes, I saved it' option"
DEBUG:parse:format 'I am on the Add/Create team start page' -> 'I am on the Add/Create team start page'
DEBUG:selenium.webdriver.remote.remote_connection:POST http://127.0.0.1:4723/wd/hub/session {"capabilities": {"firstMatch": [{"appium:deviceName": "Android Emulator", "platformName": "Android", "appium:app": "/Users/rodrigosanmiguel/Desktop/SpiderOak/testing-automation-mobile/CrossClave-2.13.0-signed.apk"}]}, "desiredCapabilities": {"deviceName": "Android Emulator", "platformName": "Android", "app": "/Users/rodrigosanmiguel/Desktop/SpiderOak/testing-automation-mobile/CrossClave-2.13.0-signed.apk"}}
DEBUG:urllib3.connectionpool:Starting new HTTP connection (1): 127.0.0.1:4723
DEBUG:urllib3.connectionpool:http://127.0.0.1:4723 "POST /wd/hub/session HTTP/1.1" 500 869
DEBUG:selenium.webdriver.remote.remote_connection:Finished Request
DEBUG:selenium.webdriver.remote.remote_connection:POST http://127.0.0.1:4723/wd/hub/session {"capabilities": {"firstMatch": [{"appium:deviceName": "Android Emulator", "platformName": "Android", "appium:app": "/Users/rodrigosanmiguel/Desktop/SpiderOak/testing-automation-mobile/tools"}]}, "desiredCapabilities": {"deviceName": "Android Emulator", "platformName": "Android", "app": "/Users/rodrigosanmiguel/Desktop/SpiderOak/testing-automation-mobile/tools"}}
DEBUG:urllib3.connectionpool:Starting new HTTP connection (1): 127.0.0.1:4723
DEBUG:urllib3.connectionpool:http://127.0.0.1:4723 "POST /wd/hub/session HTTP/1.1" 500 811
DEBUG:selenium.webdriver.remote.remote_connection:Finished Request
DEBUG:selenium.webdriver.remote.remote_connection:POST http://127.0.0.1:4723/wd/hub/session {"capabilities": {"firstMatch": [{"appium:deviceName": "Android Emulator", "platformName": "Android", "appium:app": "/Users/rodrigosanmiguel/Desktop/SpiderOak/testing-automation-mobile/tools/CrossClave-2.13.0-android.apk"}]}, "desiredCapabilities": {"deviceName": "Android Emulator", "platformName": "Android", "app": "/Users/rodrigosanmiguel/Desktop/SpiderOak/testing-automation-mobile/tools/CrossClave-2.13.0-android.apk"}}
DEBUG:urllib3.connectionpool:Starting new HTTP connection (1): 127.0.0.1:4723
DEBUG:urllib3.connectionpool:http://127.0.0.1:4723 "POST /wd/hub/session HTTP/1.1" 200 954
DEBUG:selenium.webdriver.remote.remote_connection:Finished Request
DEBUG:selenium.webdriver.remote.remote_connection:POST http://127.0.0.1:4723/wd/hub/session/410a58de-117b-44d2-994c-de00882450a0/timeouts {"implicit": 60000}
DEBUG:urllib3.connectionpool:http://127.0.0.1:4723 "POST /wd/hub/session/410a58de-117b-44d2-994c-de00882450a0/timeouts HTTP/1.1" 200 14
DEBUG:selenium.webdriver.remote.remote_connection:Finished Request
DEBUG:parse:format 'I click on the Sign Up button' -> 'I click on the Sign Up button'
DEBUG:parse:format "I see I am on the 'Save Your Recovery Phrase' screen" -> "I see I am on the 'Save Your Recovery Phrase' screen"
DEBUG:parse:format 'I copy the recovery key' -> 'I copy the recovery key'
DEBUG:parse:format 'I click Continue' -> 'I click Continue'
DEBUG:parse:format "I see the 'Are you sure you saved your Recovery Phrase' screen" -> "I see the 'Are you sure you saved your Recovery Phrase' screen"
DEBUG:parse:format "I click on the 'Yes, I saved it' option" -> "I click on the 'Yes, I saved it' option"
DEBUG:parse:format 'I am on the Add/Create team start page' -> 'I am on the Add/Create team start page'
DEBUG:selenium.webdriver.remote.remote_connection:POST http://127.0.0.1:4723/wd/hub/session {"capabilities": {"firstMatch": [{"appium:deviceName": "Android Emulator", "platformName": "Android", "appium:app": "/Users/rodrigosanmiguel/Desktop/SpiderOak/testing-automation-mobile/CrossClave-2.13.0-signed.apk"}]}, "desiredCapabilities": {"deviceName": "Android Emulator", "platformName": "Android", "app": "/Users/rodrigosanmiguel/Desktop/SpiderOak/testing-automation-mobile/CrossClave-2.13.0-signed.apk"}}
DEBUG:urllib3.connectionpool:Starting new HTTP connection (1): 127.0.0.1:4723
DEBUG:urllib3.connectionpool:http://127.0.0.1:4723 "POST /wd/hub/session HTTP/1.1" 500 869
DEBUG:selenium.webdriver.remote.remote_connection:Finished Request
DEBUG:selenium.webdriver.remote.remote_connection:POST http://127.0.0.1:4723/wd/hub/session {"capabilities": {"firstMatch": [{"appium:deviceName": "Android Emulator", "platformName": "Android", "appium:app": "/Users/rodrigosanmiguel/Desktop/SpiderOak/testing-automation-mobile/tools/CrossClave-2.13.0-android.apk"}]}, "desiredCapabilities": {"deviceName": "Android Emulator", "platformName": "Android", "app": "/Users/rodrigosanmiguel/Desktop/SpiderOak/testing-automation-mobile/tools/CrossClave-2.13.0-android.apk"}}
DEBUG:urllib3.connectionpool:Starting new HTTP connection (1): 127.0.0.1:4723
DEBUG:urllib3.connectionpool:http://127.0.0.1:4723 "POST /wd/hub/session HTTP/1.1" 200 954
DEBUG:selenium.webdriver.remote.remote_connection:Finished Request
DEBUG:selenium.webdriver.remote.remote_connection:POST http://127.0.0.1:4723/wd/hub/session/598df1f9-74fb-42da-8a04-21f5be3338c8/timeouts {"implicit": 60000}
DEBUG:urllib3.connectionpool:http://127.0.0.1:4723 "POST /wd/hub/session/598df1f9-74fb-42da-8a04-21f5be3338c8/timeouts HTTP/1.1" 200 14
DEBUG:selenium.webdriver.remote.remote_connection:Finished Request
DEBUG:parse:format 'I click on the Sign Up button' -> 'I click on the Sign Up button'
DEBUG:parse:format "I see I am on the 'Save Your Recovery Phrase' screen" -> "I see I am on the 'Save Your Recovery Phrase' screen"
DEBUG:parse:format 'I copy the recovery key' -> 'I copy the recovery key'
DEBUG:parse:format 'I click Continue' -> 'I click Continue'
DEBUG:parse:format "I see the 'Are you sure you saved your Recovery Phrase' screen" -> "I see the 'Are you sure you saved your Recovery Phrase' screen"
DEBUG:parse:format "I click on the 'Yes, I saved it' option" -> "I click on the 'Yes, I saved it' option"
DEBUG:parse:format 'I am on the Add/Create team start page' -> 'I am on the Add/Create team start page'
DEBUG:selenium.webdriver.remote.remote_connection:POST http://127.0.0.1:4723/wd/hub/session {"capabilities": {"firstMatch": [{"appium:deviceName": "Android Emulator", "platformName": "Android", "appium:app": "/Users/rodrigosanmiguel/Desktop/SpiderOak/testing-automation-mobile/CrossClave-2.13.0-signed.apk"}]}, "desiredCapabilities": {"deviceName": "Android Emulator", "platformName": "Android", "app": "/Users/rodrigosanmiguel/Desktop/SpiderOak/testing-automation-mobile/CrossClave-2.13.0-signed.apk"}}
DEBUG:urllib3.connectionpool:Starting new HTTP connection (1): 127.0.0.1:4723
DEBUG:urllib3.connectionpool:http://127.0.0.1:4723 "POST /wd/hub/session HTTP/1.1" 500 869
DEBUG:selenium.webdriver.remote.remote_connection:Finished Request
DEBUG:selenium.webdriver.remote.remote_connection:POST http://127.0.0.1:4723/wd/hub/session {"capabilities": {"firstMatch": [{"appium:deviceName": "Android Emulator", "platformName": "Android", "appium:app": "CrossClave-2.13.0-android.apk"}]}, "desiredCapabilities": {"deviceName": "Android Emulator", "platformName": "Android", "app": "CrossClave-2.13.0-android.apk"}}
DEBUG:urllib3.connectionpool:Starting new HTTP connection (1): 127.0.0.1:4723
DEBUG:urllib3.connectionpool:http://127.0.0.1:4723 "POST /wd/hub/session HTTP/1.1" 500 735
DEBUG:selenium.webdriver.remote.remote_connection:Finished Request
DEBUG:selenium.webdriver.remote.remote_connection:POST http://127.0.0.1:4723/wd/hub/session {"capabilities": {"firstMatch": [{"appium:deviceName": "Android Emulator", "platformName": "Android", "appium:app": "\\CrossClave-2.13.0-android.apk"}]}, "desiredCapabilities": {"deviceName": "Android Emulator", "platformName": "Android", "app": "\\CrossClave-2.13.0-android.apk"}}
DEBUG:urllib3.connectionpool:Starting new HTTP connection (1): 127.0.0.1:4723
DEBUG:urllib3.connectionpool:http://127.0.0.1:4723 "POST /wd/hub/session HTTP/1.1" 500 739
DEBUG:selenium.webdriver.remote.remote_connection:Finished Request
DEBUG:selenium.webdriver.remote.remote_connection:POST http://127.0.0.1:4723/wd/hub/session {"capabilities": {"firstMatch": [{"appium:deviceName": "Android Emulator", "platformName": "Android", "appium:app": "/CrossClave-2.13.0-android.apk"}]}, "desiredCapabilities": {"deviceName": "Android Emulator", "platformName": "Android", "app": "/CrossClave-2.13.0-android.apk"}}
DEBUG:urllib3.connectionpool:Starting new HTTP connection (1): 127.0.0.1:4723
DEBUG:urllib3.connectionpool:http://127.0.0.1:4723 "POST /wd/hub/session HTTP/1.1" 500 737
DEBUG:selenium.webdriver.remote.remote_connection:Finished Request
DEBUG:selenium.webdriver.remote.remote_connection:POST http://127.0.0.1:4723/wd/hub/session {"capabilities": {"firstMatch": [{"appium:deviceName": "Android Emulator", "platformName": "Android", "appium:app": "./CrossClave-2.13.0-android.apk"}]}, "desiredCapabilities": {"deviceName": "Android Emulator", "platformName": "Android", "app": "./CrossClave-2.13.0-android.apk"}}
DEBUG:urllib3.connectionpool:Starting new HTTP connection (1): 127.0.0.1:4723
DEBUG:urllib3.connectionpool:http://127.0.0.1:4723 "POST /wd/hub/session HTTP/1.1" 500 739
DEBUG:selenium.webdriver.remote.remote_connection:Finished Request
DEBUG:selenium.webdriver.remote.remote_connection:POST http://127.0.0.1:4723/wd/hub/session {"capabilities": {"firstMatch": [{"appium:deviceName": "Android Emulator", "platformName": "Android", "appium:app": "/Users/rodrigosanmiguel/Desktop/SpiderOak/testing-automation-mobile/tools/CrossClave-2.13.0-android.apk/"}]}, "desiredCapabilities": {"deviceName": "Android Emulator", "platformName": "Android", "app": "/Users/rodrigosanmiguel/Desktop/SpiderOak/testing-automation-mobile/tools/CrossClave-2.13.0-android.apk/"}}
DEBUG:urllib3.connectionpool:Starting new HTTP connection (1): 127.0.0.1:4723
DEBUG:urllib3.connectionpool:http://127.0.0.1:4723 "POST /wd/hub/session HTTP/1.1" 500 885
DEBUG:selenium.webdriver.remote.remote_connection:Finished Request
DEBUG:selenium.webdriver.remote.remote_connection:POST http://127.0.0.1:4723/wd/hub/session {"capabilities": {"firstMatch": [{"appium:deviceName": "Android Emulator", "platformName": "Android", "appium:app": "/Users/rodrigosanmiguel/Desktop/SpiderOak/testing-automation-mobile/tools/CrossClave-2.13.0-android.apk"}]}, "desiredCapabilities": {"deviceName": "Android Emulator", "platformName": "Android", "app": "/Users/rodrigosanmiguel/Desktop/SpiderOak/testing-automation-mobile/tools/CrossClave-2.13.0-android.apk"}}
DEBUG:urllib3.connectionpool:Starting new HTTP connection (1): 127.0.0.1:4723
DEBUG:urllib3.connectionpool:http://127.0.0.1:4723 "POST /wd/hub/session HTTP/1.1" 200 954
DEBUG:selenium.webdriver.remote.remote_connection:Finished Request
DEBUG:selenium.webdriver.remote.remote_connection:POST http://127.0.0.1:4723/wd/hub/session/99fc2833-ee19-4526-b715-31dc2f9cd6c2/timeouts {"implicit": 60000}
DEBUG:urllib3.connectionpool:http://127.0.0.1:4723 "POST /wd/hub/session/99fc2833-ee19-4526-b715-31dc2f9cd6c2/timeouts HTTP/1.1" 200 14
DEBUG:selenium.webdriver.remote.remote_connection:Finished Request
DEBUG:parse:format 'I click on the Sign Up button' -> 'I click on the Sign Up button'
DEBUG:parse:format "I see I am on the 'Save Your Recovery Phrase' screen" -> "I see I am on the 'Save Your Recovery Phrase' screen"
DEBUG:parse:format 'I copy the recovery key' -> 'I copy the recovery key'
DEBUG:parse:format 'I click Continue' -> 'I click Continue'
DEBUG:parse:format "I see the 'Are you sure you saved your Recovery Phrase' screen" -> "I see the 'Are you sure you saved your Recovery Phrase' screen"
DEBUG:parse:format "I click on the 'Yes, I saved it' option" -> "I click on the 'Yes, I saved it' option"
DEBUG:parse:format 'I am on the Add/Create team start page' -> 'I am on the Add/Create team start page'
DEBUG:selenium.webdriver.remote.remote_connection:POST http://127.0.0.1:4723/wd/hub/session {"capabilities": {"firstMatch": [{"appium:deviceName": "Android Emulator", "platformName": "Android", "appium:app": "/Users/rodrigosanmiguel/Desktop/SpiderOak/testing-automation-mobile/CrossClave-2.13.0-signed.apk"}]}, "desiredCapabilities": {"deviceName": "Android Emulator", "platformName": "Android", "app": "/Users/rodrigosanmiguel/Desktop/SpiderOak/testing-automation-mobile/CrossClave-2.13.0-signed.apk"}}
DEBUG:urllib3.connectionpool:Starting new HTTP connection (1): 127.0.0.1:4723
DEBUG:urllib3.connectionpool:http://127.0.0.1:4723 "POST /wd/hub/session HTTP/1.1" 500 869
DEBUG:selenium.webdriver.remote.remote_connection:Finished Request
DEBUG:selenium.webdriver.remote.remote_connection:POST http://127.0.0.1:4723/wd/hub/session {"capabilities": {"firstMatch": [{"appium:deviceName": "Android Emulator", "platformName": "Android", "appium:app": "/Users/rodrigosanmiguel/Desktop/SpiderOak/testing-automation-mobile/tools/CrossClave-2.13.0-android.apk/"}]}, "desiredCapabilities": {"deviceName": "Android Emulator", "platformName": "Android", "app": "/Users/rodrigosanmiguel/Desktop/SpiderOak/testing-automation-mobile/tools/CrossClave-2.13.0-android.apk/"}}
DEBUG:urllib3.connectionpool:Starting new HTTP connection (1): 127.0.0.1:4723
DEBUG:urllib3.connectionpool:http://127.0.0.1:4723 "POST /wd/hub/session HTTP/1.1" 500 885
DEBUG:selenium.webdriver.remote.remote_connection:Finished Request
DEBUG:selenium.webdriver.remote.remote_connection:POST http://127.0.0.1:4723/wd/hub/session {"capabilities": {"firstMatch": [{"appium:deviceName": "Android Emulator", "platformName": "Android", "appium:app": "/Users/rodrigosanmiguel/Desktop/SpiderOak/testing-automation-mobile/tools/CrossClave.apk/"}]}, "desiredCapabilities": {"deviceName": "Android Emulator", "platformName": "Android", "app": "/Users/rodrigosanmiguel/Desktop/SpiderOak/testing-automation-mobile/tools/CrossClave.apk/"}}
DEBUG:urllib3.connectionpool:Starting new HTTP connection (1): 127.0.0.1:4723
DEBUG:urllib3.connectionpool:http://127.0.0.1:4723 "POST /wd/hub/session HTTP/1.1" 500 855
DEBUG:selenium.webdriver.remote.remote_connection:Finished Request
DEBUG:selenium.webdriver.remote.remote_connection:POST http://127.0.0.1:4723/wd/hub/session {"capabilities": {"firstMatch": [{"appium:deviceName": "Android Emulator", "platformName": "Android", "appium:app": "/Users/rodrigosanmiguel/Desktop/SpiderOak/testing-automation-mobile/tools/CrossClave.apk"}]}, "desiredCapabilities": {"deviceName": "Android Emulator", "platformName": "Android", "app": "/Users/rodrigosanmiguel/Desktop/SpiderOak/testing-automation-mobile/tools/CrossClave.apk"}}
DEBUG:urllib3.connectionpool:Starting new HTTP connection (1): 127.0.0.1:4723
DEBUG:urllib3.connectionpool:http://127.0.0.1:4723 "POST /wd/hub/session HTTP/1.1" 200 924
DEBUG:selenium.webdriver.remote.remote_connection:Finished Request
DEBUG:selenium.webdriver.remote.remote_connection:POST http://127.0.0.1:4723/wd/hub/session/7ffb77db-1a3c-48b7-8a0d-e019cea6d95d/timeouts {"implicit": 60000}
DEBUG:urllib3.connectionpool:http://127.0.0.1:4723 "POST /wd/hub/session/7ffb77db-1a3c-48b7-8a0d-e019cea6d95d/timeouts HTTP/1.1" 200 14
DEBUG:selenium.webdriver.remote.remote_connection:Finished Request
DEBUG:parse:format 'I click on the Sign Up button' -> 'I click on the Sign Up button'
DEBUG:parse:format "I see I am on the 'Save Your Recovery Phrase' screen" -> "I see I am on the 'Save Your Recovery Phrase' screen"
DEBUG:parse:format 'I copy the recovery key' -> 'I copy the recovery key'
DEBUG:parse:format 'I click Continue' -> 'I click Continue'
DEBUG:parse:format "I see the 'Are you sure you saved your Recovery Phrase' screen" -> "I see the 'Are you sure you saved your Recovery Phrase' screen"
DEBUG:parse:format "I click on the 'Yes, I saved it' option" -> "I click on the 'Yes, I saved it' option"
DEBUG:parse:format 'I am on the Add/Create team start page' -> 'I am on the Add/Create team start page'
DEBUG:selenium.webdriver.remote.remote_connection:POST http://127.0.0.1:4723/wd/hub/session {"capabilities": {"firstMatch": [{"appium:deviceName": "Android Emulator", "platformName": "Android", "appium:app": "/Users/rodrigosanmiguel/Desktop/SpiderOak/testing-automation-mobile/CrossClave-2.13.0-signed.apk"}]}, "desiredCapabilities": {"deviceName": "Android Emulator", "platformName": "Android", "app": "/Users/rodrigosanmiguel/Desktop/SpiderOak/testing-automation-mobile/CrossClave-2.13.0-signed.apk"}}
DEBUG:urllib3.connectionpool:Starting new HTTP connection (1): 127.0.0.1:4723
DEBUG:urllib3.connectionpool:http://127.0.0.1:4723 "POST /wd/hub/session HTTP/1.1" 500 869
DEBUG:selenium.webdriver.remote.remote_connection:Finished Request
DEBUG:selenium.webdriver.remote.remote_connection:POST http://127.0.0.1:4723/wd/hub/session {"capabilities": {"firstMatch": [{"appium:deviceName": "Android Emulator", "platformName": "Android", "appium:app": "/Users/rodrigosanmiguel/Desktop/SpiderOak/testing-automation-mobile/tools/CrossClave.apk"}]}, "desiredCapabilities": {"deviceName": "Android Emulator", "platformName": "Android", "app": "/Users/rodrigosanmiguel/Desktop/SpiderOak/testing-automation-mobile/tools/CrossClave.apk"}}
DEBUG:urllib3.connectionpool:Starting new HTTP connection (1): 127.0.0.1:4723
DEBUG:urllib3.connectionpool:http://127.0.0.1:4723 "POST /wd/hub/session HTTP/1.1" 200 924
DEBUG:selenium.webdriver.remote.remote_connection:Finished Request
DEBUG:selenium.webdriver.remote.remote_connection:POST http://127.0.0.1:4723/wd/hub/session/26f2f2a1-432a-4306-b777-e48e54cf3922/timeouts {"implicit": 60000}
DEBUG:urllib3.connectionpool:http://127.0.0.1:4723 "POST /wd/hub/session/26f2f2a1-432a-4306-b777-e48e54cf3922/timeouts HTTP/1.1" 200 14
DEBUG:selenium.webdriver.remote.remote_connection:Finished Request
DEBUG:parse:format 'I click on the Sign Up button' -> 'I click on the Sign Up button'
DEBUG:parse:format "I see I am on the 'Save Your Recovery Phrase' screen" -> "I see I am on the 'Save Your Recovery Phrase' screen"
DEBUG:parse:format 'I copy the recovery key' -> 'I copy the recovery key'
DEBUG:parse:format 'I click Continue' -> 'I click Continue'
DEBUG:parse:format "I see the 'Are you sure you saved your Recovery Phrase' screen" -> "I see the 'Are you sure you saved your Recovery Phrase' screen"
DEBUG:parse:format "I click on the 'Yes, I saved it' option" -> "I click on the 'Yes, I saved it' option"
DEBUG:parse:format 'I am on the Add/Create team start page' -> 'I am on the Add/Create team start page'
DEBUG:selenium.webdriver.remote.remote_connection:POST http://127.0.0.1:4723/wd/hub/session {"capabilities": {"firstMatch": [{"appium:deviceName": "Android Emulator", "platformName": "Android", "appium:app": "/Users/rodrigosanmiguel/Desktop/SpiderOak/testing-automation-mobile/CrossClave-2.13.0-signed.apk"}]}, "desiredCapabilities": {"deviceName": "Android Emulator", "platformName": "Android", "app": "/Users/rodrigosanmiguel/Desktop/SpiderOak/testing-automation-mobile/CrossClave-2.13.0-signed.apk"}}
DEBUG:urllib3.connectionpool:Starting new HTTP connection (1): 127.0.0.1:4723
DEBUG:urllib3.connectionpool:http://127.0.0.1:4723 "POST /wd/hub/session HTTP/1.1" 500 869
DEBUG:selenium.webdriver.remote.remote_connection:Finished Request
DEBUG:selenium.webdriver.remote.remote_connection:POST http://127.0.0.1:4723/wd/hub/session {"capabilities": {"firstMatch": [{"appium:deviceName": "Android Emulator", "platformName": "Android", "appium:app": "/tools/CrossClave.apk"}]}, "desiredCapabilities": {"deviceName": "Android Emulator", "platformName": "Android", "app": "/tools/CrossClave.apk"}}
DEBUG:urllib3.connectionpool:Starting new HTTP connection (1): 127.0.0.1:4723
DEBUG:urllib3.connectionpool:http://127.0.0.1:4723 "POST /wd/hub/session HTTP/1.1" 500 719
DEBUG:selenium.webdriver.remote.remote_connection:Finished Request
DEBUG:selenium.webdriver.remote.remote_connection:POST http://127.0.0.1:4723/wd/hub/session {"capabilities": {"firstMatch": [{"appium:deviceName": "Android Emulator", "platformName": "Android", "appium:app": "/Users/rodrigosanmiguel/Desktop/SpiderOak/testing-automation-mobile/\\Users\\rodrigosanmiguel\\Desktop\\SpiderOak\\testing-automation-mobile\\tools\\CrossClave.apk"}]}, "desiredCapabilities": {"deviceName": "Android Emulator", "platformName": "Android", "app": "/Users/rodrigosanmiguel/Desktop/SpiderOak/testing-automation-mobile/\\Users\\rodrigosanmiguel\\Desktop\\SpiderOak\\testing-automation-mobile\\tools\\CrossClave.apk"}}
DEBUG:urllib3.connectionpool:Starting new HTTP connection (1): 127.0.0.1:4723
DEBUG:urllib3.connectionpool:http://127.0.0.1:4723 "POST /wd/hub/session HTTP/1.1" 500 1003
DEBUG:selenium.webdriver.remote.remote_connection:Finished Request
DEBUG:selenium.webdriver.remote.remote_connection:POST http://127.0.0.1:4723/wd/hub/session {"capabilities": {"firstMatch": [{"appium:deviceName": "Android Emulator", "platformName": "Android", "appium:app": "/Users/rodrigosanmiguel/Desktop/SpiderOak/testing-automation-mobile/\\tools\\CrossClave.apk"}]}, "desiredCapabilities": {"deviceName": "Android Emulator", "platformName": "Android", "app": "/Users/rodrigosanmiguel/Desktop/SpiderOak/testing-automation-mobile/\\tools\\CrossClave.apk"}}
DEBUG:urllib3.connectionpool:Starting new HTTP connection (1): 127.0.0.1:4723
DEBUG:urllib3.connectionpool:http://127.0.0.1:4723 "POST /wd/hub/session HTTP/1.1" 500 859
DEBUG:selenium.webdriver.remote.remote_connection:Finished Request
DEBUG:selenium.webdriver.remote.remote_connection:POST http://127.0.0.1:4723/wd/hub/session {"capabilities": {"firstMatch": [{"appium:deviceName": "Android Emulator", "platformName": "Android", "appium:app": "/tools/CrossClave.apk"}]}, "desiredCapabilities": {"deviceName": "Android Emulator", "platformName": "Android", "app": "/tools/CrossClave.apk"}}
DEBUG:urllib3.connectionpool:Starting new HTTP connection (1): 127.0.0.1:4723
DEBUG:urllib3.connectionpool:http://127.0.0.1:4723 "POST /wd/hub/session HTTP/1.1" 500 719
DEBUG:selenium.webdriver.remote.remote_connection:Finished Request
DEBUG:selenium.webdriver.remote.remote_connection:POST http://127.0.0.1:4723/wd/hub/session {"capabilities": {"firstMatch": [{"appium:deviceName": "Android Emulator", "platformName": "Android", "appium:app": "//tools/CrossClave.apk"}]}, "desiredCapabilities": {"deviceName": "Android Emulator", "platformName": "Android", "app": "//tools/CrossClave.apk"}}
DEBUG:urllib3.connectionpool:Starting new HTTP connection (1): 127.0.0.1:4723
DEBUG:urllib3.connectionpool:http://127.0.0.1:4723 "POST /wd/hub/session HTTP/1.1" 500 721
DEBUG:selenium.webdriver.remote.remote_connection:Finished Request
DEBUG:selenium.webdriver.remote.remote_connection:POST http://127.0.0.1:4723/wd/hub/session {"capabilities": {"firstMatch": [{"appium:deviceName": "Android Emulator", "platformName": "Android", "appium:app": "/tools/CrossClave.apk"}]}, "desiredCapabilities": {"deviceName": "Android Emulator", "platformName": "Android", "app": "/tools/CrossClave.apk"}}
DEBUG:urllib3.connectionpool:Starting new HTTP connection (1): 127.0.0.1:4723
DEBUG:urllib3.connectionpool:http://127.0.0.1:4723 "POST /wd/hub/session HTTP/1.1" 500 719
DEBUG:selenium.webdriver.remote.remote_connection:Finished Request
DEBUG:selenium.webdriver.remote.remote_connection:POST http://127.0.0.1:4723/wd/hub/session {"capabilities": {"firstMatch": [{"appium:deviceName": "Android Emulator", "platformName": "Android", "appium:app": "/Users/rodrigosanmiguel/Desktop/SpiderOak/testing-automation-mobile/CrossClave.apk"}]}, "desiredCapabilities": {"deviceName": "Android Emulator", "platformName": "Android", "app": "/Users/rodrigosanmiguel/Desktop/SpiderOak/testing-automation-mobile/CrossClave.apk"}}
DEBUG:urllib3.connectionpool:Starting new HTTP connection (1): 127.0.0.1:4723
DEBUG:urllib3.connectionpool:http://127.0.0.1:4723 "POST /wd/hub/session HTTP/1.1" 500 841
DEBUG:selenium.webdriver.remote.remote_connection:Finished Request
DEBUG:selenium.webdriver.remote.remote_connection:POST http://127.0.0.1:4723/wd/hub/session {"capabilities": {"firstMatch": [{"appium:deviceName": "Android Emulator", "platformName": "Android", "appium:app": "/Users/rodrigosanmiguel/Desktop/SpiderOak/testing-automation-mobile/tools/CrossClave.apk"}]}, "desiredCapabilities": {"deviceName": "Android Emulator", "platformName": "Android", "app": "/Users/rodrigosanmiguel/Desktop/SpiderOak/testing-automation-mobile/tools/CrossClave.apk"}}
DEBUG:urllib3.connectionpool:Starting new HTTP connection (1): 127.0.0.1:4723
DEBUG:urllib3.connectionpool:http://127.0.0.1:4723 "POST /wd/hub/session HTTP/1.1" 200 924
DEBUG:selenium.webdriver.remote.remote_connection:Finished Request
DEBUG:selenium.webdriver.remote.remote_connection:POST http://127.0.0.1:4723/wd/hub/session/ddc70f7e-2cbe-433e-9a61-8b10f5cd21fc/timeouts {"implicit": 60000}
DEBUG:urllib3.connectionpool:http://127.0.0.1:4723 "POST /wd/hub/session/ddc70f7e-2cbe-433e-9a61-8b10f5cd21fc/timeouts HTTP/1.1" 200 14
DEBUG:selenium.webdriver.remote.remote_connection:Finished Request
DEBUG:parse:format 'I click on the Sign Up button' -> 'I click on the Sign Up button'
DEBUG:parse:format "I see I am on the 'Save Your Recovery Phrase' screen" -> "I see I am on the 'Save Your Recovery Phrase' screen"
DEBUG:parse:format 'I copy the recovery key' -> 'I copy the recovery key'
DEBUG:parse:format 'I click Continue' -> 'I click Continue'
DEBUG:parse:format "I see the 'Are you sure you saved your Recovery Phrase' screen" -> "I see the 'Are you sure you saved your Recovery Phrase' screen"
DEBUG:parse:format "I click on the 'Yes, I saved it' option" -> "I click on the 'Yes, I saved it' option"
DEBUG:parse:format 'I am on the Add/Create team start page' -> 'I am on the Add/Create team start page'
DEBUG:selenium.webdriver.remote.remote_connection:POST http://127.0.0.1:4723/wd/hub/session {"capabilities": {"firstMatch": [{"appium:deviceName": "Android Emulator", "platformName": "Android", "appium:app": "/Users/rodrigosanmiguel/Desktop/SpiderOak/testing-automation-mobile/CrossClave-2.13.0-signed.apk"}]}, "desiredCapabilities": {"deviceName": "Android Emulator", "platformName": "Android", "app": "/Users/rodrigosanmiguel/Desktop/SpiderOak/testing-automation-mobile/CrossClave-2.13.0-signed.apk"}}
DEBUG:urllib3.connectionpool:Starting new HTTP connection (1): 127.0.0.1:4723
DEBUG:urllib3.connectionpool:http://127.0.0.1:4723 "POST /wd/hub/session HTTP/1.1" 500 869
DEBUG:selenium.webdriver.remote.remote_connection:Finished Request
DEBUG:selenium.webdriver.remote.remote_connection:POST http://127.0.0.1:4723/wd/hub/session {"capabilities": {"firstMatch": [{"appium:deviceName": "Android Emulator", "platformName": "Android", "appium:app": "/Users/rodrigosanmiguel/Desktop/SpiderOak/testing-automation-mobile/tools"}]}, "desiredCapabilities": {"deviceName": "Android Emulator", "platformName": "Android", "app": "/Users/rodrigosanmiguel/Desktop/SpiderOak/testing-automation-mobile/tools"}}
DEBUG:urllib3.connectionpool:Starting new HTTP connection (1): 127.0.0.1:4723
DEBUG:urllib3.connectionpool:http://127.0.0.1:4723 "POST /wd/hub/session HTTP/1.1" 500 811
DEBUG:selenium.webdriver.remote.remote_connection:Finished Request
DEBUG:selenium.webdriver.remote.remote_connection:POST http://127.0.0.1:4723/wd/hub/session {"capabilities": {"firstMatch": [{"appium:deviceName": "Android Emulator", "platformName": "Android", "appium:app": "/Users/rodrigosanmiguel/Desktop/SpiderOak/testing-automation-mobile/tools/CrossClave.apk"}]}, "desiredCapabilities": {"deviceName": "Android Emulator", "platformName": "Android", "app": "/Users/rodrigosanmiguel/Desktop/SpiderOak/testing-automation-mobile/tools/CrossClave.apk"}}
DEBUG:urllib3.connectionpool:Starting new HTTP connection (1): 127.0.0.1:4723
DEBUG:urllib3.connectionpool:http://127.0.0.1:4723 "POST /wd/hub/session HTTP/1.1" 500 666
DEBUG:selenium.webdriver.remote.remote_connection:Finished Request
DEBUG:selenium.webdriver.remote.remote_connection:POST http://127.0.0.1:4723/wd/hub/session {"capabilities": {"firstMatch": [{"appium:deviceName": "Android Emulator", "platformName": "Android", "appium:app": "/Users/rodrigosanmiguel/Desktop/SpiderOak/testing-automation-mobile/tools/CrossClave.apk"}]}, "desiredCapabilities": {"deviceName": "Android Emulator", "platformName": "Android", "app": "/Users/rodrigosanmiguel/Desktop/SpiderOak/testing-automation-mobile/tools/CrossClave.apk"}}
DEBUG:urllib3.connectionpool:Starting new HTTP connection (1): 127.0.0.1:4723
DEBUG:urllib3.connectionpool:http://127.0.0.1:4723 "POST /wd/hub/session HTTP/1.1" 200 924
DEBUG:selenium.webdriver.remote.remote_connection:Finished Request
DEBUG:selenium.webdriver.remote.remote_connection:POST http://127.0.0.1:4723/wd/hub/session/0e8a648d-9095-4ba3-ad97-f4c3be395195/timeouts {"implicit": 60000}
DEBUG:urllib3.connectionpool:http://127.0.0.1:4723 "POST /wd/hub/session/0e8a648d-9095-4ba3-ad97-f4c3be395195/timeouts HTTP/1.1" 200 14
DEBUG:selenium.webdriver.remote.remote_connection:Finished Request
DEBUG:parse:format 'I click on the Sign Up button' -> 'I click on the Sign Up button'
DEBUG:parse:format "I see I am on the 'Save Your Recovery Phrase' screen" -> "I see I am on the 'Save Your Recovery Phrase' screen"
DEBUG:parse:format 'I copy the recovery key' -> 'I copy the recovery key'
DEBUG:parse:format 'I click Continue' -> 'I click Continue'
DEBUG:parse:format "I see the 'Are you sure you saved your Recovery Phrase' screen" -> "I see the 'Are you sure you saved your Recovery Phrase' screen"
DEBUG:parse:format "I click on the 'Yes, I saved it' option" -> "I click on the 'Yes, I saved it' option"
DEBUG:parse:format 'I am on the Add/Create team start page' -> 'I am on the Add/Create team start page'
DEBUG:selenium.webdriver.remote.remote_connection:POST http://127.0.0.1:4723/wd/hub/session {"capabilities": {"firstMatch": [{"appium:deviceName": "Android Emulator", "platformName": "Android", "appium:app": "/Users/rodrigosanmiguel/Desktop/SpiderOak/testing-automation-mobile/CrossClave-2.13.0-signed.apk"}]}, "desiredCapabilities": {"deviceName": "Android Emulator", "platformName": "Android", "app": "/Users/rodrigosanmiguel/Desktop/SpiderOak/testing-automation-mobile/CrossClave-2.13.0-signed.apk"}}
DEBUG:urllib3.connectionpool:Starting new HTTP connection (1): 127.0.0.1:4723
DEBUG:urllib3.connectionpool:http://127.0.0.1:4723 "POST /wd/hub/session HTTP/1.1" 500 869
DEBUG:selenium.webdriver.remote.remote_connection:Finished Request
DEBUG:selenium.webdriver.remote.remote_connection:POST http://127.0.0.1:4723/wd/hub/session {"capabilities": {"firstMatch": [{"appium:deviceName": "Android Emulator", "platformName": "Android", "appium:app": "/Users/rodrigosanmiguel/Desktop/SpiderOak/testing-automation-mobile/tools/CrossClave.apk"}]}, "desiredCapabilities": {"deviceName": "Android Emulator", "platformName": "Android", "app": "/Users/rodrigosanmiguel/Desktop/SpiderOak/testing-automation-mobile/tools/CrossClave.apk"}}
DEBUG:urllib3.connectionpool:Starting new HTTP connection (1): 127.0.0.1:4723
DEBUG:urllib3.connectionpool:http://127.0.0.1:4723 "POST /wd/hub/session HTTP/1.1" 200 924
DEBUG:selenium.webdriver.remote.remote_connection:Finished Request
DEBUG:selenium.webdriver.remote.remote_connection:POST http://127.0.0.1:4723/wd/hub/session/d41b6b9b-854f-4d9f-9a60-4de91c216fe1/timeouts {"implicit": 60000}
DEBUG:urllib3.connectionpool:http://127.0.0.1:4723 "POST /wd/hub/session/d41b6b9b-854f-4d9f-9a60-4de91c216fe1/timeouts HTTP/1.1" 200 14
DEBUG:selenium.webdriver.remote.remote_connection:Finished Request
DEBUG:parse:format 'I click on the Sign Up button' -> 'I click on the Sign Up button'
DEBUG:parse:format "I see I am on the 'Save Your Recovery Phrase' screen" -> "I see I am on the 'Save Your Recovery Phrase' screen"
DEBUG:parse:format 'I copy the recovery key' -> 'I copy the recovery key'
DEBUG:parse:format 'I click Continue' -> 'I click Continue'
DEBUG:parse:format "I see the 'Are you sure you saved your Recovery Phrase' screen" -> "I see the 'Are you sure you saved your Recovery Phrase' screen"
DEBUG:parse:format "I click on the 'Yes, I saved it' option" -> "I click on the 'Yes, I saved it' option"
DEBUG:parse:format 'I am on the Add/Create team start page' -> 'I am on the Add/Create team start page'
DEBUG:selenium.webdriver.remote.remote_connection:POST http://127.0.0.1:4723/wd/hub/session {"capabilities": {"firstMatch": [{"appium:deviceName": "Android Emulator", "platformName": "Android", "appium:app": "/Users/rodrigosanmiguel/Desktop/SpiderOak/testing-automation-mobile/CrossClave-2.13.0-signed.apk"}]}, "desiredCapabilities": {"deviceName": "Android Emulator", "platformName": "Android", "app": "/Users/rodrigosanmiguel/Desktop/SpiderOak/testing-automation-mobile/CrossClave-2.13.0-signed.apk"}}
DEBUG:urllib3.connectionpool:Starting new HTTP connection (1): 127.0.0.1:4723
DEBUG:urllib3.connectionpool:http://127.0.0.1:4723 "POST /wd/hub/session HTTP/1.1" 500 869
DEBUG:selenium.webdriver.remote.remote_connection:Finished Request
DEBUG:selenium.webdriver.remote.remote_connection:POST http://127.0.0.1:4723/wd/hub/session {"capabilities": {"firstMatch": [{"appium:deviceName": "Android Emulator", "platformName": "Android", "appium:app": "/Users/rodrigosanmiguel/Desktop/SpiderOak/testing-automation-mobile/tools/CrossClave.apk"}]}, "desiredCapabilities": {"deviceName": "Android Emulator", "platformName": "Android", "app": "/Users/rodrigosanmiguel/Desktop/SpiderOak/testing-automation-mobile/tools/CrossClave.apk"}}
DEBUG:urllib3.connectionpool:Starting new HTTP connection (1): 127.0.0.1:4723
DEBUG:urllib3.connectionpool:http://127.0.0.1:4723 "POST /wd/hub/session HTTP/1.1" 200 924
DEBUG:selenium.webdriver.remote.remote_connection:Finished Request
DEBUG:selenium.webdriver.remote.remote_connection:POST http://127.0.0.1:4723/wd/hub/session/1ba241f6-4f89-4e81-a338-e1e7451af776/timeouts {"implicit": 60000}
DEBUG:urllib3.connectionpool:http://127.0.0.1:4723 "POST /wd/hub/session/1ba241f6-4f89-4e81-a338-e1e7451af776/timeouts HTTP/1.1" 200 14
DEBUG:selenium.webdriver.remote.remote_connection:Finished Request
DEBUG:parse:format 'I click on the Sign Up button' -> 'I click on the Sign Up button'
DEBUG:parse:format "I see I am on the 'Save Your Recovery Phrase' screen" -> "I see I am on the 'Save Your Recovery Phrase' screen"
DEBUG:parse:format 'I copy the recovery key' -> 'I copy the recovery key'
DEBUG:parse:format 'I click Continue' -> 'I click Continue'
DEBUG:parse:format "I see the 'Are you sure you saved your Recovery Phrase' screen" -> "I see the 'Are you sure you saved your Recovery Phrase' screen"
DEBUG:parse:format "I click on the 'Yes, I saved it' option" -> "I click on the 'Yes, I saved it' option"
DEBUG:parse:format 'I am on the Add/Create team start page' -> 'I am on the Add/Create team start page'
DEBUG:selenium.webdriver.remote.remote_connection:POST http://127.0.0.1:4723/wd/hub/session {"capabilities": {"firstMatch": [{"appium:deviceName": "Android Emulator", "platformName": "Android", "appium:app": "/Users/rodrigosanmiguel/Desktop/SpiderOak/testing-automation-mobile/CrossClave-2.13.0-signed.apk"}]}, "desiredCapabilities": {"deviceName": "Android Emulator", "platformName": "Android", "app": "/Users/rodrigosanmiguel/Desktop/SpiderOak/testing-automation-mobile/CrossClave-2.13.0-signed.apk"}}
DEBUG:urllib3.connectionpool:Starting new HTTP connection (1): 127.0.0.1:4723
DEBUG:urllib3.connectionpool:http://127.0.0.1:4723 "POST /wd/hub/session HTTP/1.1" 500 869
DEBUG:selenium.webdriver.remote.remote_connection:Finished Request
DEBUG:selenium.webdriver.remote.remote_connection:POST http://127.0.0.1:4723/wd/hub/session {"capabilities": {"firstMatch": [{"appium:deviceName": "Android Emulator", "platformName": "Android", "appium:app": "/Users/rodrigosanmiguel/Desktop/SpiderOak/testing-automation-mobile/CrossClave-2.13.0-signed.apk"}]}, "desiredCapabilities": {"deviceName": "Android Emulator", "platformName": "Android", "app": "/Users/rodrigosanmiguel/Desktop/SpiderOak/testing-automation-mobile/CrossClave-2.13.0-signed.apk"}}
DEBUG:urllib3.connectionpool:Starting new HTTP connection (1): 127.0.0.1:4723
DEBUG:urllib3.connectionpool:http://127.0.0.1:4723 "POST /wd/hub/session HTTP/1.1" 500 869
DEBUG:selenium.webdriver.remote.remote_connection:Finished Request
DEBUG:selenium.webdriver.remote.remote_connection:POST http://127.0.0.1:4723/wd/hub/session {"capabilities": {"firstMatch": [{"appium:deviceName": "Android Emulator", "platformName": "Android", "appium:app": "/tools/CrossClave.apk"}]}, "desiredCapabilities": {"deviceName": "Android Emulator", "platformName": "Android", "app": "/tools/CrossClave.apk"}}
DEBUG:urllib3.connectionpool:Starting new HTTP connection (1): 127.0.0.1:4723
DEBUG:urllib3.connectionpool:http://127.0.0.1:4723 "POST /wd/hub/session HTTP/1.1" 500 719
DEBUG:selenium.webdriver.remote.remote_connection:Finished Request
DEBUG:selenium.webdriver.remote.remote_connection:POST http://127.0.0.1:4723/wd/hub/session {"capabilities": {"firstMatch": [{"appium:deviceName": "Android Emulator", "platformName": "Android", "appium:app": "/Users/rodrigosanmiguel/Desktop/SpiderOak/testing-automation-mobile/tools/CrossClave.apk"}]}, "desiredCapabilities": {"deviceName": "Android Emulator", "platformName": "Android", "app": "/Users/rodrigosanmiguel/Desktop/SpiderOak/testing-automation-mobile/tools/CrossClave.apk"}}
DEBUG:urllib3.connectionpool:Starting new HTTP connection (1): 127.0.0.1:4723
DEBUG:urllib3.connectionpool:http://127.0.0.1:4723 "POST /wd/hub/session HTTP/1.1" 200 924
DEBUG:selenium.webdriver.remote.remote_connection:Finished Request
DEBUG:selenium.webdriver.remote.remote_connection:POST http://127.0.0.1:4723/wd/hub/session/4ea583aa-44fb-46f0-a83f-5f77050f0b3f/timeouts {"implicit": 60000}
DEBUG:urllib3.connectionpool:http://127.0.0.1:4723 "POST /wd/hub/session/4ea583aa-44fb-46f0-a83f-5f77050f0b3f/timeouts HTTP/1.1" 200 14
DEBUG:selenium.webdriver.remote.remote_connection:Finished Request
DEBUG:parse:format 'I click on the Sign Up button' -> 'I click on the Sign Up button'
DEBUG:parse:format "I see I am on the 'Save Your Recovery Phrase' screen" -> "I see I am on the 'Save Your Recovery Phrase' screen"
DEBUG:parse:format 'I copy the recovery key' -> 'I copy the recovery key'
DEBUG:parse:format 'I click Continue' -> 'I click Continue'
DEBUG:parse:format "I see the 'Are you sure you saved your Recovery Phrase' screen" -> "I see the 'Are you sure you saved your Recovery Phrase' screen"
DEBUG:parse:format "I click on the 'Yes, I saved it' option" -> "I click on the 'Yes, I saved it' option"
DEBUG:parse:format 'I am on the Add/Create team start page' -> 'I am on the Add/Create team start page'
DEBUG:parse:format 'I am in the login screen' -> 'I am in the login screen'
DEBUG:parse:format 'I click the Log In button' -> 'I click the Log In button'
DEBUG:parse:format 'I am in the Team URl screen' -> 'I am in the Team URl screen'
DEBUG:parse:format 'I am in the Recovery Key screen' -> 'I am in the Recovery Key screen'
DEBUG:parse:format 'I write the recovery key' -> 'I write the recovery key'
DEBUG:parse:format 'I write the recovery key for bob' -> 'I write the recovery key for bob'
DEBUG:parse:format 'I am in the Welcome Screen' -> 'I am in the Welcome Screen'
DEBUG:selenium.webdriver.remote.remote_connection:POST http://127.0.0.1:4723/wd/hub/session {"capabilities": {"firstMatch": [{"appium:deviceName": "Android Emulator", "platformName": "Android", "appium:app": "/Users/rodrigosanmiguel/Desktop/SpiderOak/testing-automation-mobile/tools/CrossClave.apk"}]}, "desiredCapabilities": {"deviceName": "Android Emulator", "platformName": "Android", "app": "/Users/rodrigosanmiguel/Desktop/SpiderOak/testing-automation-mobile/tools/CrossClave.apk"}}
DEBUG:urllib3.connectionpool:Starting new HTTP connection (1): 127.0.0.1:4723
DEBUG:urllib3.connectionpool:http://127.0.0.1:4723 "POST /wd/hub/session HTTP/1.1" 200 924
DEBUG:selenium.webdriver.remote.remote_connection:Finished Request
DEBUG:selenium.webdriver.remote.remote_connection:POST http://127.0.0.1:4723/wd/hub/session/69950c3d-0c91-444f-aeea-10bd6960d62a/timeouts {"implicit": 60000}
DEBUG:urllib3.connectionpool:http://127.0.0.1:4723 "POST /wd/hub/session/69950c3d-0c91-444f-aeea-10bd6960d62a/timeouts HTTP/1.1" 200 14
DEBUG:selenium.webdriver.remote.remote_connection:Finished Request
DEBUG:parse:format 'I click on the Sign Up button' -> 'I click on the Sign Up button'
DEBUG:parse:format "I see I am on the 'Save Your Recovery Phrase' screen" -> "I see I am on the 'Save Your Recovery Phrase' screen"
DEBUG:parse:format 'I copy the recovery key' -> 'I copy the recovery key'
DEBUG:parse:format 'I click Continue' -> 'I click Continue'
DEBUG:parse:format "I see the 'Are you sure you saved your Recovery Phrase' screen" -> "I see the 'Are you sure you saved your Recovery Phrase' screen"
DEBUG:parse:format "I click on the 'Yes, I saved it' option" -> "I click on the 'Yes, I saved it' option"
DEBUG:parse:format 'I am on the Add/Create team start page' -> 'I am on the Add/Create team start page'
DEBUG:parse:format 'I am in the login screen' -> 'I am in the login screen'
DEBUG:parse:format 'I click the Log In button' -> 'I click the Log In button'
DEBUG:parse:format 'I am in the Team URl screen' -> 'I am in the Team URl screen'
DEBUG:parse:format 'I am in the Recovery Key screen' -> 'I am in the Recovery Key screen'
DEBUG:parse:format 'I write the recovery key' -> 'I write the recovery key'
DEBUG:parse:format 'I write the recovery key for bob' -> 'I write the recovery key for bob'
DEBUG:parse:format 'I am in the Welcome Screen' -> 'I am in the Welcome Screen'
DEBUG:selenium.webdriver.remote.remote_connection:POST http://127.0.0.1:4723/wd/hub/session {"capabilities": {"firstMatch": [{"appium:deviceName": "Android Emulator", "platformName": "Android", "appium:app": "/Users/rodrigosanmiguel/Desktop/SpiderOak/testing-automation-mobile/tools/CrossClave.apk"}]}, "desiredCapabilities": {"deviceName": "Android Emulator", "platformName": "Android", "app": "/Users/rodrigosanmiguel/Desktop/SpiderOak/testing-automation-mobile/tools/CrossClave.apk"}}
DEBUG:urllib3.connectionpool:Starting new HTTP connection (1): 127.0.0.1:4723
DEBUG:urllib3.connectionpool:http://127.0.0.1:4723 "POST /wd/hub/session HTTP/1.1" 200 924
DEBUG:selenium.webdriver.remote.remote_connection:Finished Request
DEBUG:selenium.webdriver.remote.remote_connection:POST http://127.0.0.1:4723/wd/hub/session/4967e558-7f39-4ae0-b06d-096e94df5b34/timeouts {"implicit": 60000}
DEBUG:urllib3.connectionpool:http://127.0.0.1:4723 "POST /wd/hub/session/4967e558-7f39-4ae0-b06d-096e94df5b34/timeouts HTTP/1.1" 200 14
DEBUG:selenium.webdriver.remote.remote_connection:Finished Request
DEBUG:parse:format 'I click on the Sign Up button' -> 'I click on the Sign Up button'
DEBUG:parse:format "I see I am on the 'Save Your Recovery Phrase' screen" -> "I see I am on the 'Save Your Recovery Phrase' screen"
DEBUG:parse:format 'I copy the recovery key' -> 'I copy the recovery key'
DEBUG:parse:format 'I click Continue' -> 'I click Continue'
DEBUG:parse:format "I see the 'Are you sure you saved your Recovery Phrase' screen" -> "I see the 'Are you sure you saved your Recovery Phrase' screen"
DEBUG:parse:format "I click on the 'Yes, I saved it' option" -> "I click on the 'Yes, I saved it' option"
DEBUG:parse:format 'I am on the Add/Create team start page' -> 'I am on the Add/Create team start page'
DEBUG:parse:format 'I am in the login screen' -> 'I am in the login screen'
DEBUG:parse:format 'I click the Log In button' -> 'I click the Log In button'
DEBUG:parse:format 'I am in the Team URl screen' -> 'I am in the Team URl screen'
DEBUG:parse:format 'I am in the Recovery Key screen' -> 'I am in the Recovery Key screen'
DEBUG:parse:format 'I write the recovery key' -> 'I write the recovery key'
DEBUG:parse:format 'I write the recovery key for bob' -> 'I write the recovery key for bob'
DEBUG:parse:format 'I am in the Welcome Screen' -> 'I am in the Welcome Screen'
DEBUG:selenium.webdriver.remote.remote_connection:POST http://127.0.0.1:4723/wd/hub/session {"capabilities": {"firstMatch": [{"appium:deviceName": "Android Emulator", "platformName": "Android", "appium:app": "/Users/rodrigosanmiguel/Desktop/SpiderOak/testing-automation-mobile/tools/CrossClave.apk"}]}, "desiredCapabilities": {"deviceName": "Android Emulator", "platformName": "Android", "app": "/Users/rodrigosanmiguel/Desktop/SpiderOak/testing-automation-mobile/tools/CrossClave.apk"}}
DEBUG:urllib3.connectionpool:Starting new HTTP connection (1): 127.0.0.1:4723
DEBUG:urllib3.connectionpool:http://127.0.0.1:4723 "POST /wd/hub/session HTTP/1.1" 200 924
DEBUG:selenium.webdriver.remote.remote_connection:Finished Request
DEBUG:selenium.webdriver.remote.remote_connection:POST http://127.0.0.1:4723/wd/hub/session/d01fd9f0-40f7-4321-ba72-a38eda322137/timeouts {"implicit": 60000}
DEBUG:urllib3.connectionpool:http://127.0.0.1:4723 "POST /wd/hub/session/d01fd9f0-40f7-4321-ba72-a38eda322137/timeouts HTTP/1.1" 200 14
DEBUG:selenium.webdriver.remote.remote_connection:Finished Request
DEBUG:parse:format 'I click on the Sign Up button' -> 'I click on the Sign Up button'
DEBUG:parse:format "I see I am on the 'Save Your Recovery Phrase' screen" -> "I see I am on the 'Save Your Recovery Phrase' screen"
DEBUG:parse:format 'I copy the recovery key' -> 'I copy the recovery key'
DEBUG:parse:format 'I click Continue' -> 'I click Continue'
DEBUG:parse:format "I see the 'Are you sure you saved your Recovery Phrase' screen" -> "I see the 'Are you sure you saved your Recovery Phrase' screen"
DEBUG:parse:format "I click on the 'Yes, I saved it' option" -> "I click on the 'Yes, I saved it' option"
DEBUG:parse:format 'I am on the Add/Create team start page' -> 'I am on the Add/Create team start page'
DEBUG:parse:format 'I am in the login screen' -> 'I am in the login screen'
DEBUG:parse:format 'I click the Log In button' -> 'I click the Log In button'
DEBUG:parse:format 'I am in the Team URl screen' -> 'I am in the Team URl screen'
DEBUG:parse:format 'I am in the Recovery Key screen' -> 'I am in the Recovery Key screen'
DEBUG:parse:format 'I write the recovery key' -> 'I write the recovery key'
DEBUG:parse:format 'I write the recovery key for bob' -> 'I write the recovery key for bob'
DEBUG:parse:format 'I am in the Welcome Screen' -> 'I am in the Welcome Screen'
DEBUG:parse:format 'I click on the Sign Up button' -> 'I click on the Sign Up button'
DEBUG:parse:format "I see I am on the 'Save Your Recovery Phrase' screen" -> "I see I am on the 'Save Your Recovery Phrase' screen"
DEBUG:parse:format 'I copy the recovery key' -> 'I copy the recovery key'
DEBUG:parse:format 'I click Continue' -> 'I click Continue'
DEBUG:parse:format "I see the 'Are you sure you saved your Recovery Phrase' screen" -> "I see the 'Are you sure you saved your Recovery Phrase' screen"
DEBUG:parse:format "I click on the 'Yes, I saved it' option" -> "I click on the 'Yes, I saved it' option"
DEBUG:parse:format 'I am on the Add/Create team start page' -> 'I am on the Add/Create team start page'
DEBUG:parse:format 'I am in the login screen' -> 'I am in the login screen'
DEBUG:parse:format 'I click the Log In button' -> 'I click the Log In button'
DEBUG:parse:format 'I am in the Team URl screen' -> 'I am in the Team URl screen'
DEBUG:parse:format 'I am in the Recovery Key screen' -> 'I am in the Recovery Key screen'
DEBUG:parse:format 'I write the recovery key' -> 'I write the recovery key'
DEBUG:parse:format 'I write the recovery key for bob' -> 'I write the recovery key for bob'
DEBUG:parse:format 'I am in the Welcome Screen' -> 'I am in the Welcome Screen'
DEBUG:parse:format 'I click on the Sign Up button' -> 'I click on the Sign Up button'
DEBUG:parse:format "I see I am on the 'Save Your Recovery Phrase' screen" -> "I see I am on the 'Save Your Recovery Phrase' screen"
DEBUG:parse:format 'I copy the recovery key' -> 'I copy the recovery key'
DEBUG:parse:format 'I click Continue' -> 'I click Continue'
DEBUG:parse:format "I see the 'Are you sure you saved your Recovery Phrase' screen" -> "I see the 'Are you sure you saved your Recovery Phrase' screen"
DEBUG:parse:format "I click on the 'Yes, I saved it' option" -> "I click on the 'Yes, I saved it' option"
DEBUG:parse:format 'I am on the Add/Create team start page' -> 'I am on the Add/Create team start page'
DEBUG:parse:format 'I am in the login screen' -> 'I am in the login screen'
DEBUG:parse:format 'I click the Log In button' -> 'I click the Log In button'
DEBUG:parse:format 'I am in the Team URl screen' -> 'I am in the Team URl screen'
DEBUG:parse:format 'I am in the Recovery Key screen' -> 'I am in the Recovery Key screen'
DEBUG:parse:format 'I write the recovery key' -> 'I write the recovery key'
DEBUG:parse:format 'I write the recovery key for bob' -> 'I write the recovery key for bob'
DEBUG:parse:format 'I am in the Welcome Screen' -> 'I am in the Welcome Screen'
DEBUG:parse:format 'I click on the Sign Up button' -> 'I click on the Sign Up button'
DEBUG:parse:format "I see I am on the 'Save Your Recovery Phrase' screen" -> "I see I am on the 'Save Your Recovery Phrase' screen"
DEBUG:parse:format 'I copy the recovery key' -> 'I copy the recovery key'
DEBUG:parse:format 'I click Continue' -> 'I click Continue'
DEBUG:parse:format "I see the 'Are you sure you saved your Recovery Phrase' screen" -> "I see the 'Are you sure you saved your Recovery Phrase' screen"
DEBUG:parse:format "I click on the 'Yes, I saved it' option" -> "I click on the 'Yes, I saved it' option"
DEBUG:parse:format 'I am on the Add/Create team start page' -> 'I am on the Add/Create team start page'
DEBUG:parse:format 'I am in the login screen' -> 'I am in the login screen'
DEBUG:parse:format 'I click the Log In button' -> 'I click the Log In button'
DEBUG:parse:format 'I am in the Team URl screen' -> 'I am in the Team URl screen'
DEBUG:parse:format 'I am in the Recovery Key screen' -> 'I am in the Recovery Key screen'
DEBUG:parse:format 'I write the recovery key' -> 'I write the recovery key'
DEBUG:parse:format 'I write the recovery key for bob' -> 'I write the recovery key for bob'
DEBUG:parse:format 'I am in the Welcome Screen' -> 'I am in the Welcome Screen'
DEBUG:parse:format 'I click on the Sign Up button' -> 'I click on the Sign Up button'
DEBUG:parse:format "I see I am on the 'Save Your Recovery Phrase' screen" -> "I see I am on the 'Save Your Recovery Phrase' screen"
DEBUG:parse:format 'I copy the recovery key' -> 'I copy the recovery key'
DEBUG:parse:format 'I click Continue' -> 'I click Continue'
DEBUG:parse:format "I see the 'Are you sure you saved your Recovery Phrase' screen" -> "I see the 'Are you sure you saved your Recovery Phrase' screen"
DEBUG:parse:format "I click on the 'Yes, I saved it' option" -> "I click on the 'Yes, I saved it' option"
DEBUG:parse:format 'I am on the Add/Create team start page' -> 'I am on the Add/Create team start page'
DEBUG:parse:format 'I am in the login screen' -> 'I am in the login screen'
DEBUG:parse:format 'I click the Log In button' -> 'I click the Log In button'
DEBUG:parse:format 'I am in the Team URl screen' -> 'I am in the Team URl screen'
DEBUG:parse:format 'I am in the Recovery Key screen' -> 'I am in the Recovery Key screen'
DEBUG:parse:format 'I write the recovery key' -> 'I write the recovery key'
DEBUG:parse:format 'I write the recovery key for bob' -> 'I write the recovery key for bob'
DEBUG:parse:format 'I am in the Welcome Screen' -> 'I am in the Welcome Screen'
DEBUG:parse:format 'I click on the Sign Up button' -> 'I click on the Sign Up button'
DEBUG:parse:format "I see I am on the 'Save Your Recovery Phrase' screen" -> "I see I am on the 'Save Your Recovery Phrase' screen"
DEBUG:parse:format 'I copy the recovery key' -> 'I copy the recovery key'
DEBUG:parse:format 'I click Continue' -> 'I click Continue'
DEBUG:parse:format "I see the 'Are you sure you saved your Recovery Phrase' screen" -> "I see the 'Are you sure you saved your Recovery Phrase' screen"
DEBUG:parse:format "I click on the 'Yes, I saved it' option" -> "I click on the 'Yes, I saved it' option"
DEBUG:parse:format 'I am on the Add/Create team start page' -> 'I am on the Add/Create team start page'
DEBUG:parse:format 'I am in the login screen' -> 'I am in the login screen'
DEBUG:parse:format 'I click the Log In button' -> 'I click the Log In button'
DEBUG:parse:format 'I am in the Team URl screen' -> 'I am in the Team URl screen'
DEBUG:parse:format 'I am in the Recovery Key screen' -> 'I am in the Recovery Key screen'
DEBUG:parse:format 'I write the recovery key' -> 'I write the recovery key'
DEBUG:parse:format 'I write the recovery key for bob' -> 'I write the recovery key for bob'
DEBUG:parse:format 'I am in the Welcome Screen' -> 'I am in the Welcome Screen'
DEBUG:parse:format 'I click on the Sign Up button' -> 'I click on the Sign Up button'
DEBUG:parse:format "I see I am on the 'Save Your Recovery Phrase' screen" -> "I see I am on the 'Save Your Recovery Phrase' screen"
DEBUG:parse:format 'I copy the recovery key' -> 'I copy the recovery key'
DEBUG:parse:format 'I click Continue' -> 'I click Continue'
DEBUG:parse:format "I see the 'Are you sure you saved your Recovery Phrase' screen" -> "I see the 'Are you sure you saved your Recovery Phrase' screen"
DEBUG:parse:format "I click on the 'Yes, I saved it' option" -> "I click on the 'Yes, I saved it' option"
DEBUG:parse:format 'I am on the Add/Create team start page' -> 'I am on the Add/Create team start page'
DEBUG:parse:format 'I am in the login screen' -> 'I am in the login screen'
DEBUG:parse:format 'I click the Log In button' -> 'I click the Log In button'
DEBUG:parse:format 'I am in the Team URl screen' -> 'I am in the Team URl screen'
DEBUG:parse:format 'I am in the Recovery Key screen' -> 'I am in the Recovery Key screen'
DEBUG:parse:format 'I write the recovery key' -> 'I write the recovery key'
DEBUG:parse:format 'I write the recovery key for bob' -> 'I write the recovery key for bob'
DEBUG:parse:format 'I am in the Welcome Screen' -> 'I am in the Welcome Screen'
DEBUG:parse:format 'I click on the Sign Up button' -> 'I click on the Sign Up button'
DEBUG:parse:format "I see I am on the 'Save Your Recovery Phrase' screen" -> "I see I am on the 'Save Your Recovery Phrase' screen"
DEBUG:parse:format 'I copy the recovery key' -> 'I copy the recovery key'
DEBUG:parse:format 'I click Continue' -> 'I click Continue'
DEBUG:parse:format "I see the 'Are you sure you saved your Recovery Phrase' screen" -> "I see the 'Are you sure you saved your Recovery Phrase' screen"
DEBUG:parse:format "I click on the 'Yes, I saved it' option" -> "I click on the 'Yes, I saved it' option"
DEBUG:parse:format 'I am on the Add/Create team start page' -> 'I am on the Add/Create team start page'
DEBUG:parse:format 'I am in the login screen' -> 'I am in the login screen'
DEBUG:parse:format 'I click the Log In button' -> 'I click the Log In button'
DEBUG:parse:format 'I am in the Team URl screen' -> 'I am in the Team URl screen'
DEBUG:parse:format 'I am in the Recovery Key screen' -> 'I am in the Recovery Key screen'
DEBUG:parse:format 'I write the recovery key' -> 'I write the recovery key'
DEBUG:parse:format 'I write the recovery key for bob' -> 'I write the recovery key for bob'
DEBUG:parse:format 'I am in the Welcome Screen' -> 'I am in the Welcome Screen'
DEBUG:parse:format 'I click on the Sign Up button' -> 'I click on the Sign Up button'
DEBUG:parse:format "I see I am on the 'Save Your Recovery Phrase' screen" -> "I see I am on the 'Save Your Recovery Phrase' screen"
DEBUG:parse:format 'I copy the recovery key' -> 'I copy the recovery key'
DEBUG:parse:format 'I click Continue' -> 'I click Continue'
DEBUG:parse:format "I see the 'Are you sure you saved your Recovery Phrase' screen" -> "I see the 'Are you sure you saved your Recovery Phrase' screen"
DEBUG:parse:format "I click on the 'Yes, I saved it' option" -> "I click on the 'Yes, I saved it' option"
DEBUG:parse:format 'I am on the Add/Create team start page' -> 'I am on the Add/Create team start page'
DEBUG:parse:format 'I am in the login screen' -> 'I am in the login screen'
DEBUG:parse:format 'I click the Log In button' -> 'I click the Log In button'
DEBUG:parse:format 'I am in the Team URl screen' -> 'I am in the Team URl screen'
DEBUG:parse:format 'I am in the Recovery Key screen' -> 'I am in the Recovery Key screen'
DEBUG:parse:format 'I write the recovery key' -> 'I write the recovery key'
DEBUG:parse:format 'I write the recovery key for bob' -> 'I write the recovery key for bob'
DEBUG:parse:format 'I am in the Welcome Screen' -> 'I am in the Welcome Screen'
DEBUG:parse:format 'I click on the Sign Up button' -> 'I click on the Sign Up button'
DEBUG:parse:format "I see I am on the 'Save Your Recovery Phrase' screen" -> "I see I am on the 'Save Your Recovery Phrase' screen"
DEBUG:parse:format 'I copy the recovery key' -> 'I copy the recovery key'
DEBUG:parse:format 'I click Continue' -> 'I click Continue'
DEBUG:parse:format "I see the 'Are you sure you saved your Recovery Phrase' screen" -> "I see the 'Are you sure you saved your Recovery Phrase' screen"
DEBUG:parse:format "I click on the 'Yes, I saved it' option" -> "I click on the 'Yes, I saved it' option"
DEBUG:parse:format 'I am on the Add/Create team start page' -> 'I am on the Add/Create team start page'
DEBUG:parse:format 'I am in the login screen' -> 'I am in the login screen'
DEBUG:parse:format 'I click the Log In button' -> 'I click the Log In button'
DEBUG:parse:format 'I am in the Team URl screen' -> 'I am in the Team URl screen'
DEBUG:parse:format 'I am in the Recovery Key screen' -> 'I am in the Recovery Key screen'
DEBUG:parse:format 'I write the recovery key' -> 'I write the recovery key'
DEBUG:parse:format 'I write the recovery key for bob' -> 'I write the recovery key for bob'
DEBUG:parse:format 'I am in the Welcome Screen' -> 'I am in the Welcome Screen'
DEBUG:parse:format 'I click on the Sign Up button' -> 'I click on the Sign Up button'
DEBUG:parse:format "I see I am on the 'Save Your Recovery Phrase' screen" -> "I see I am on the 'Save Your Recovery Phrase' screen"
DEBUG:parse:format 'I copy the recovery key' -> 'I copy the recovery key'
DEBUG:parse:format 'I click Continue' -> 'I click Continue'
DEBUG:parse:format "I see the 'Are you sure you saved your Recovery Phrase' screen" -> "I see the 'Are you sure you saved your Recovery Phrase' screen"
DEBUG:parse:format "I click on the 'Yes, I saved it' option" -> "I click on the 'Yes, I saved it' option"
DEBUG:parse:format 'I am on the Add/Create team start page' -> 'I am on the Add/Create team start page'
DEBUG:parse:format 'I am in the login screen' -> 'I am in the login screen'
DEBUG:parse:format 'I click the Log In button' -> 'I click the Log In button'
DEBUG:parse:format 'I am in the Team URl screen' -> 'I am in the Team URl screen'
DEBUG:parse:format 'I am in the Recovery Key screen' -> 'I am in the Recovery Key screen'
DEBUG:parse:format 'I write the recovery key' -> 'I write the recovery key'
DEBUG:parse:format 'I write the recovery key for bob' -> 'I write the recovery key for bob'
DEBUG:parse:format 'I am in the Welcome Screen' -> 'I am in the Welcome Screen'
DEBUG:parse:format 'I click on the Sign Up button' -> 'I click on the Sign Up button'
DEBUG:parse:format "I see I am on the 'Save Your Recovery Phrase' screen" -> "I see I am on the 'Save Your Recovery Phrase' screen"
DEBUG:parse:format 'I copy the recovery key' -> 'I copy the recovery key'
DEBUG:parse:format 'I click Continue' -> 'I click Continue'
DEBUG:parse:format "I see the 'Are you sure you saved your Recovery Phrase' screen" -> "I see the 'Are you sure you saved your Recovery Phrase' screen"
DEBUG:parse:format "I click on the 'Yes, I saved it' option" -> "I click on the 'Yes, I saved it' option"
DEBUG:parse:format 'I am on the Add/Create team start page' -> 'I am on the Add/Create team start page'
DEBUG:parse:format 'I am in the login screen' -> 'I am in the login screen'
DEBUG:parse:format 'I click the Log In button' -> 'I click the Log In button'
DEBUG:parse:format 'I am in the Team URl screen' -> 'I am in the Team URl screen'
DEBUG:parse:format 'I am in the Recovery Key screen' -> 'I am in the Recovery Key screen'
DEBUG:parse:format 'I write the recovery key' -> 'I write the recovery key'
DEBUG:parse:format 'I write the recovery key for bob' -> 'I write the recovery key for bob'
DEBUG:parse:format 'I am in the Welcome Screen' -> 'I am in the Welcome Screen'
DEBUG:parse:format 'I click on the Sign Up button' -> 'I click on the Sign Up button'
DEBUG:parse:format "I see I am on the 'Save Your Recovery Phrase' screen" -> "I see I am on the 'Save Your Recovery Phrase' screen"
DEBUG:parse:format 'I copy the recovery key' -> 'I copy the recovery key'
DEBUG:parse:format 'I click Continue' -> 'I click Continue'
DEBUG:parse:format "I see the 'Are you sure you saved your Recovery Phrase' screen" -> "I see the 'Are you sure you saved your Recovery Phrase' screen"
DEBUG:parse:format "I click on the 'Yes, I saved it' option" -> "I click on the 'Yes, I saved it' option"
DEBUG:parse:format 'I am on the Add/Create team start page' -> 'I am on the Add/Create team start page'
DEBUG:parse:format 'I am in the login screen' -> 'I am in the login screen'
DEBUG:parse:format 'I click the Log In button' -> 'I click the Log In button'
DEBUG:parse:format 'I am in the Team URl screen' -> 'I am in the Team URl screen'
DEBUG:parse:format 'I am in the Recovery Key screen' -> 'I am in the Recovery Key screen'
DEBUG:parse:format 'I write the recovery key' -> 'I write the recovery key'
DEBUG:parse:format 'I write the recovery key for bob' -> 'I write the recovery key for bob'
DEBUG:parse:format 'I am in the Welcome Screen' -> 'I am in the Welcome Screen'
DEBUG:parse:format 'I click on the Sign Up button' -> 'I click on the Sign Up button'
DEBUG:parse:format "I see I am on the 'Save Your Recovery Phrase' screen" -> "I see I am on the 'Save Your Recovery Phrase' screen"
DEBUG:parse:format 'I copy the recovery key' -> 'I copy the recovery key'
DEBUG:parse:format 'I click Continue' -> 'I click Continue'
DEBUG:parse:format "I see the 'Are you sure you saved your Recovery Phrase' screen" -> "I see the 'Are you sure you saved your Recovery Phrase' screen"
DEBUG:parse:format "I click on the 'Yes, I saved it' option" -> "I click on the 'Yes, I saved it' option"
DEBUG:parse:format 'I am on the Add/Create team start page' -> 'I am on the Add/Create team start page'
DEBUG:parse:format 'I am in the login screen' -> 'I am in the login screen'
DEBUG:parse:format 'I click the Log In button' -> 'I click the Log In button'
DEBUG:parse:format 'I am in the Team URl screen' -> 'I am in the Team URl screen'
DEBUG:parse:format 'I am in the Recovery Key screen' -> 'I am in the Recovery Key screen'
DEBUG:parse:format 'I write the recovery key' -> 'I write the recovery key'
DEBUG:parse:format 'I write the recovery key for bob' -> 'I write the recovery key for bob'
DEBUG:parse:format 'I am in the Welcome Screen' -> 'I am in the Welcome Screen'
DEBUG:parse:format 'I click on the Sign Up button' -> 'I click on the Sign Up button'
DEBUG:parse:format "I see I am on the 'Save Your Recovery Phrase' screen" -> "I see I am on the 'Save Your Recovery Phrase' screen"
DEBUG:parse:format 'I copy the recovery key' -> 'I copy the recovery key'
DEBUG:parse:format 'I click Continue' -> 'I click Continue'
DEBUG:parse:format "I see the 'Are you sure you saved your Recovery Phrase' screen" -> "I see the 'Are you sure you saved your Recovery Phrase' screen"
DEBUG:parse:format "I click on the 'Yes, I saved it' option" -> "I click on the 'Yes, I saved it' option"
DEBUG:parse:format 'I am on the Add/Create team start page' -> 'I am on the Add/Create team start page'
DEBUG:parse:format 'I am in the login screen' -> 'I am in the login screen'
DEBUG:parse:format 'I click the Log In button' -> 'I click the Log In button'
DEBUG:parse:format 'I am in the Team URl screen' -> 'I am in the Team URl screen'
DEBUG:parse:format 'I am in the Recovery Key screen' -> 'I am in the Recovery Key screen'
DEBUG:parse:format 'I write the recovery key' -> 'I write the recovery key'
DEBUG:parse:format 'I write the recovery key for bob' -> 'I write the recovery key for bob'
DEBUG:parse:format 'I am in the Welcome Screen' -> 'I am in the Welcome Screen'
DEBUG:parse:format 'I click on the Sign Up button' -> 'I click on the Sign Up button'
DEBUG:parse:format "I see I am on the 'Save Your Recovery Phrase' screen" -> "I see I am on the 'Save Your Recovery Phrase' screen"
DEBUG:parse:format 'I copy the recovery key' -> 'I copy the recovery key'
DEBUG:parse:format 'I click Continue' -> 'I click Continue'
DEBUG:parse:format "I see the 'Are you sure you saved your Recovery Phrase' screen" -> "I see the 'Are you sure you saved your Recovery Phrase' screen"
DEBUG:parse:format "I click on the 'Yes, I saved it' option" -> "I click on the 'Yes, I saved it' option"
DEBUG:parse:format 'I am on the Add/Create team start page' -> 'I am on the Add/Create team start page'
DEBUG:parse:format 'I am in the login screen' -> 'I am in the login screen'
DEBUG:parse:format 'I click the Log In button' -> 'I click the Log In button'
DEBUG:parse:format 'I am in the Team URl screen' -> 'I am in the Team URl screen'
DEBUG:parse:format 'I am in the Recovery Key screen' -> 'I am in the Recovery Key screen'
DEBUG:parse:format 'I write the recovery key' -> 'I write the recovery key'
DEBUG:parse:format 'I write the recovery key for bob' -> 'I write the recovery key for bob'
DEBUG:parse:format 'I am in the Welcome Screen' -> 'I am in the Welcome Screen'
DEBUG:parse:format 'I click on the Sign Up button' -> 'I click on the Sign Up button'
DEBUG:parse:format "I see I am on the 'Save Your Recovery Phrase' screen" -> "I see I am on the 'Save Your Recovery Phrase' screen"
DEBUG:parse:format 'I copy the recovery key' -> 'I copy the recovery key'
DEBUG:parse:format 'I click Continue' -> 'I click Continue'
DEBUG:parse:format "I see the 'Are you sure you saved your Recovery Phrase' screen" -> "I see the 'Are you sure you saved your Recovery Phrase' screen"
DEBUG:parse:format "I click on the 'Yes, I saved it' option" -> "I click on the 'Yes, I saved it' option"
DEBUG:parse:format 'I am on the Add/Create team start page' -> 'I am on the Add/Create team start page'
DEBUG:parse:format 'I am in the login screen' -> 'I am in the login screen'
DEBUG:parse:format 'I click the Log In button' -> 'I click the Log In button'
DEBUG:parse:format 'I am in the Team URl screen' -> 'I am in the Team URl screen'
DEBUG:parse:format 'I am in the Recovery Key screen' -> 'I am in the Recovery Key screen'
DEBUG:parse:format 'I write the recovery key' -> 'I write the recovery key'
DEBUG:parse:format 'I write the recovery key for bob' -> 'I write the recovery key for bob'
DEBUG:parse:format 'I am in the Welcome Screen' -> 'I am in the Welcome Screen'
DEBUG:parse:format 'I click on the Sign Up button' -> 'I click on the Sign Up button'
DEBUG:parse:format "I see I am on the 'Save Your Recovery Phrase' screen" -> "I see I am on the 'Save Your Recovery Phrase' screen"
DEBUG:parse:format 'I copy the recovery key' -> 'I copy the recovery key'
DEBUG:parse:format 'I click Continue' -> 'I click Continue'
DEBUG:parse:format "I see the 'Are you sure you saved your Recovery Phrase' screen" -> "I see the 'Are you sure you saved your Recovery Phrase' screen"
DEBUG:parse:format "I click on the 'Yes, I saved it' option" -> "I click on the 'Yes, I saved it' option"
DEBUG:parse:format 'I am on the Add/Create team start page' -> 'I am on the Add/Create team start page'
DEBUG:parse:format 'I am in the login screen' -> 'I am in the login screen'
DEBUG:parse:format 'I click the Log In button' -> 'I click the Log In button'
DEBUG:parse:format 'I am in the Team URl screen' -> 'I am in the Team URl screen'
DEBUG:parse:format 'I am in the Recovery Key screen' -> 'I am in the Recovery Key screen'
DEBUG:parse:format 'I write the recovery key' -> 'I write the recovery key'
DEBUG:parse:format 'I write the recovery key for bob' -> 'I write the recovery key for bob'
DEBUG:parse:format 'I am in the Welcome Screen' -> 'I am in the Welcome Screen'
DEBUG:parse:format 'I click on the Sign Up button' -> 'I click on the Sign Up button'
DEBUG:parse:format "I see I am on the 'Save Your Recovery Phrase' screen" -> "I see I am on the 'Save Your Recovery Phrase' screen"
DEBUG:parse:format 'I copy the recovery key' -> 'I copy the recovery key'
DEBUG:parse:format 'I click Continue' -> 'I click Continue'
DEBUG:parse:format "I see the 'Are you sure you saved your Recovery Phrase' screen" -> "I see the 'Are you sure you saved your Recovery Phrase' screen"
DEBUG:parse:format "I click on the 'Yes, I saved it' option" -> "I click on the 'Yes, I saved it' option"
DEBUG:parse:format 'I am on the Add/Create team start page' -> 'I am on the Add/Create team start page'
DEBUG:parse:format 'I am in the login screen' -> 'I am in the login screen'
DEBUG:parse:format 'I click the Log In button' -> 'I click the Log In button'
DEBUG:parse:format 'I am in the Team URl screen' -> 'I am in the Team URl screen'
DEBUG:parse:format 'I am in the Recovery Key screen' -> 'I am in the Recovery Key screen'
DEBUG:parse:format 'I write the recovery key' -> 'I write the recovery key'
DEBUG:parse:format 'I write the recovery key for bob' -> 'I write the recovery key for bob'
DEBUG:parse:format 'I am in the Welcome Screen' -> 'I am in the Welcome Screen'
DEBUG:parse:format 'I click on the Sign Up button' -> 'I click on the Sign Up button'
DEBUG:parse:format "I see I am on the 'Save Your Recovery Phrase' screen" -> "I see I am on the 'Save Your Recovery Phrase' screen"
DEBUG:parse:format 'I copy the recovery key' -> 'I copy the recovery key'
DEBUG:parse:format 'I click Continue' -> 'I click Continue'
DEBUG:parse:format "I see the 'Are you sure you saved your Recovery Phrase' screen" -> "I see the 'Are you sure you saved your Recovery Phrase' screen"
DEBUG:parse:format "I click on the 'Yes, I saved it' option" -> "I click on the 'Yes, I saved it' option"
DEBUG:parse:format 'I am on the Add/Create team start page' -> 'I am on the Add/Create team start page'
DEBUG:parse:format 'I am in the login screen' -> 'I am in the login screen'
DEBUG:parse:format 'I click the Log In button' -> 'I click the Log In button'
DEBUG:parse:format 'I am in the Team URl screen' -> 'I am in the Team URl screen'
DEBUG:parse:format 'I am in the Recovery Key screen' -> 'I am in the Recovery Key screen'
DEBUG:parse:format 'I write the recovery key' -> 'I write the recovery key'
DEBUG:parse:format 'I write the recovery key for bob' -> 'I write the recovery key for bob'
DEBUG:parse:format 'I am in the Welcome Screen' -> 'I am in the Welcome Screen'
DEBUG:parse:format 'I click on the Sign Up button' -> 'I click on the Sign Up button'
DEBUG:parse:format "I see I am on the 'Save Your Recovery Phrase' screen" -> "I see I am on the 'Save Your Recovery Phrase' screen"
DEBUG:parse:format 'I copy the recovery key' -> 'I copy the recovery key'
DEBUG:parse:format 'I click Continue' -> 'I click Continue'
DEBUG:parse:format "I see the 'Are you sure you saved your Recovery Phrase' screen" -> "I see the 'Are you sure you saved your Recovery Phrase' screen"
DEBUG:parse:format "I click on the 'Yes, I saved it' option" -> "I click on the 'Yes, I saved it' option"
DEBUG:parse:format 'I am on the Add/Create team start page' -> 'I am on the Add/Create team start page'
DEBUG:parse:format 'I am in the login screen' -> 'I am in the login screen'
DEBUG:parse:format 'I click the Log In button' -> 'I click the Log In button'
DEBUG:parse:format 'I am in the Team URl screen' -> 'I am in the Team URl screen'
DEBUG:parse:format 'I am in the Recovery Key screen' -> 'I am in the Recovery Key screen'
DEBUG:parse:format 'I write the recovery key' -> 'I write the recovery key'
DEBUG:parse:format 'I write the recovery key for bob' -> 'I write the recovery key for bob'
DEBUG:parse:format 'I am in the Welcome Screen' -> 'I am in the Welcome Screen'
DEBUG:parse:format 'I click on the Sign Up button' -> 'I click on the Sign Up button'
DEBUG:parse:format "I see I am on the 'Save Your Recovery Phrase' screen" -> "I see I am on the 'Save Your Recovery Phrase' screen"
DEBUG:parse:format 'I copy the recovery key' -> 'I copy the recovery key'
DEBUG:parse:format 'I click Continue' -> 'I click Continue'
DEBUG:parse:format "I see the 'Are you sure you saved your Recovery Phrase' screen" -> "I see the 'Are you sure you saved your Recovery Phrase' screen"
DEBUG:parse:format "I click on the 'Yes, I saved it' option" -> "I click on the 'Yes, I saved it' option"
DEBUG:parse:format 'I am on the Add/Create team start page' -> 'I am on the Add/Create team start page'
DEBUG:parse:format 'I am in the login screen' -> 'I am in the login screen'
DEBUG:parse:format 'I click the Log In button' -> 'I click the Log In button'
DEBUG:parse:format 'I am in the Team URl screen' -> 'I am in the Team URl screen'
DEBUG:parse:format 'I am in the Recovery Key screen' -> 'I am in the Recovery Key screen'
DEBUG:parse:format 'I write the recovery key' -> 'I write the recovery key'
DEBUG:parse:format 'I write the recovery key for bob' -> 'I write the recovery key for bob'
DEBUG:parse:format 'I am in the Welcome Screen' -> 'I am in the Welcome Screen'
DEBUG:parse:format 'I click on the Sign Up button' -> 'I click on the Sign Up button'
DEBUG:parse:format "I see I am on the 'Save Your Recovery Phrase' screen" -> "I see I am on the 'Save Your Recovery Phrase' screen"
DEBUG:parse:format 'I copy the recovery key' -> 'I copy the recovery key'
DEBUG:parse:format 'I click Continue' -> 'I click Continue'
DEBUG:parse:format "I see the 'Are you sure you saved your Recovery Phrase' screen" -> "I see the 'Are you sure you saved your Recovery Phrase' screen"
DEBUG:parse:format "I click on the 'Yes, I saved it' option" -> "I click on the 'Yes, I saved it' option"
DEBUG:parse:format 'I am on the Add/Create team start page' -> 'I am on the Add/Create team start page'
DEBUG:parse:format 'I am in the login screen' -> 'I am in the login screen'
DEBUG:parse:format 'I click the Log In button' -> 'I click the Log In button'
DEBUG:parse:format 'I am in the Team URl screen' -> 'I am in the Team URl screen'
DEBUG:parse:format 'I am in the Recovery Key screen' -> 'I am in the Recovery Key screen'
DEBUG:parse:format 'I write the recovery key' -> 'I write the recovery key'
DEBUG:parse:format 'I write the recovery key for bob' -> 'I write the recovery key for bob'
DEBUG:parse:format 'I am in the Welcome Screen' -> 'I am in the Welcome Screen'
DEBUG:parse:format 'I click on the Sign Up button' -> 'I click on the Sign Up button'
DEBUG:parse:format "I see I am on the 'Save Your Recovery Phrase' screen" -> "I see I am on the 'Save Your Recovery Phrase' screen"
DEBUG:parse:format 'I copy the recovery key' -> 'I copy the recovery key'
DEBUG:parse:format 'I click Continue' -> 'I click Continue'
DEBUG:parse:format "I see the 'Are you sure you saved your Recovery Phrase' screen" -> "I see the 'Are you sure you saved your Recovery Phrase' screen"
DEBUG:parse:format "I click on the 'Yes, I saved it' option" -> "I click on the 'Yes, I saved it' option"
DEBUG:parse:format 'I am on the Add/Create team start page' -> 'I am on the Add/Create team start page'
DEBUG:parse:format 'I am in the login screen' -> 'I am in the login screen'
DEBUG:parse:format 'I click the Log In button' -> 'I click the Log In button'
DEBUG:parse:format 'I am in the Team URl screen' -> 'I am in the Team URl screen'
DEBUG:parse:format 'I am in the Recovery Key screen' -> 'I am in the Recovery Key screen'
DEBUG:parse:format 'I write the recovery key' -> 'I write the recovery key'
DEBUG:parse:format 'I write the recovery key for bob' -> 'I write the recovery key for bob'
DEBUG:parse:format 'I am in the Welcome Screen' -> 'I am in the Welcome Screen'
DEBUG:parse:format 'I click on the Sign Up button' -> 'I click on the Sign Up button'
DEBUG:parse:format "I see I am on the 'Save Your Recovery Phrase' screen" -> "I see I am on the 'Save Your Recovery Phrase' screen"
DEBUG:parse:format 'I copy the recovery key' -> 'I copy the recovery key'
DEBUG:parse:format 'I click Continue' -> 'I click Continue'
DEBUG:parse:format "I see the 'Are you sure you saved your Recovery Phrase' screen" -> "I see the 'Are you sure you saved your Recovery Phrase' screen"
DEBUG:parse:format "I click on the 'Yes, I saved it' option" -> "I click on the 'Yes, I saved it' option"
DEBUG:parse:format 'I am on the Add/Create team start page' -> 'I am on the Add/Create team start page'
DEBUG:parse:format 'I am in the login screen' -> 'I am in the login screen'
DEBUG:parse:format 'I click the Log In button' -> 'I click the Log In button'
DEBUG:parse:format 'I am in the Team URl screen' -> 'I am in the Team URl screen'
DEBUG:parse:format 'I am in the Recovery Key screen' -> 'I am in the Recovery Key screen'
DEBUG:parse:format 'I write the recovery key' -> 'I write the recovery key'
DEBUG:parse:format 'I write the recovery key for bob' -> 'I write the recovery key for bob'
DEBUG:parse:format 'I am in the Welcome Screen' -> 'I am in the Welcome Screen'
DEBUG:parse:format 'I click on the Sign Up button' -> 'I click on the Sign Up button'
DEBUG:parse:format "I see I am on the 'Save Your Recovery Phrase' screen" -> "I see I am on the 'Save Your Recovery Phrase' screen"
DEBUG:parse:format 'I copy the recovery key' -> 'I copy the recovery key'
DEBUG:parse:format 'I click Continue' -> 'I click Continue'
DEBUG:parse:format "I see the 'Are you sure you saved your Recovery Phrase' screen" -> "I see the 'Are you sure you saved your Recovery Phrase' screen"
DEBUG:parse:format "I click on the 'Yes, I saved it' option" -> "I click on the 'Yes, I saved it' option"
DEBUG:parse:format 'I am on the Add/Create team start page' -> 'I am on the Add/Create team start page'
DEBUG:parse:format 'I am in the login screen' -> 'I am in the login screen'
DEBUG:parse:format 'I click the Log In button' -> 'I click the Log In button'
DEBUG:parse:format 'I am in the Team URl screen' -> 'I am in the Team URl screen'
DEBUG:parse:format 'I am in the Recovery Key screen' -> 'I am in the Recovery Key screen'
DEBUG:parse:format 'I write the recovery key' -> 'I write the recovery key'
DEBUG:parse:format 'I write the recovery key for bob' -> 'I write the recovery key for bob'
DEBUG:parse:format 'I am in the Welcome Screen' -> 'I am in the Welcome Screen'
DEBUG:parse:format 'I click on the Sign Up button' -> 'I click on the Sign Up button'
DEBUG:parse:format "I see I am on the 'Save Your Recovery Phrase' screen" -> "I see I am on the 'Save Your Recovery Phrase' screen"
DEBUG:parse:format 'I copy the recovery key' -> 'I copy the recovery key'
DEBUG:parse:format 'I click Continue' -> 'I click Continue'
DEBUG:parse:format "I see the 'Are you sure you saved your Recovery Phrase' screen" -> "I see the 'Are you sure you saved your Recovery Phrase' screen"
DEBUG:parse:format "I click on the 'Yes, I saved it' option" -> "I click on the 'Yes, I saved it' option"
DEBUG:parse:format 'I am on the Add/Create team start page' -> 'I am on the Add/Create team start page'
DEBUG:parse:format 'I am in the login screen' -> 'I am in the login screen'
DEBUG:parse:format 'I click the Log In button' -> 'I click the Log In button'
DEBUG:parse:format 'I am in the Team URl screen' -> 'I am in the Team URl screen'
DEBUG:parse:format 'I am in the Recovery Key screen' -> 'I am in the Recovery Key screen'
DEBUG:parse:format 'I write the recovery key' -> 'I write the recovery key'
DEBUG:parse:format 'I write the recovery key for bob' -> 'I write the recovery key for bob'
DEBUG:parse:format 'I am in the Welcome Screen' -> 'I am in the Welcome Screen'
DEBUG:parse:format 'I click on the Sign Up button' -> 'I click on the Sign Up button'
DEBUG:parse:format "I see I am on the 'Save Your Recovery Phrase' screen" -> "I see I am on the 'Save Your Recovery Phrase' screen"
DEBUG:parse:format 'I copy the recovery key' -> 'I copy the recovery key'
DEBUG:parse:format 'I click Continue' -> 'I click Continue'
DEBUG:parse:format "I see the 'Are you sure you saved your Recovery Phrase' screen" -> "I see the 'Are you sure you saved your Recovery Phrase' screen"
DEBUG:parse:format "I click on the 'Yes, I saved it' option" -> "I click on the 'Yes, I saved it' option"
DEBUG:parse:format 'I am on the Add/Create team start page' -> 'I am on the Add/Create team start page'
DEBUG:parse:format 'I am in the login screen' -> 'I am in the login screen'
DEBUG:parse:format 'I click the Log In button' -> 'I click the Log In button'
DEBUG:parse:format 'I am in the Team URl screen' -> 'I am in the Team URl screen'
DEBUG:parse:format 'I am in the Recovery Key screen' -> 'I am in the Recovery Key screen'
DEBUG:parse:format 'I write the recovery key' -> 'I write the recovery key'
DEBUG:parse:format 'I write the recovery key for bob' -> 'I write the recovery key for bob'
DEBUG:parse:format 'I am in the Welcome Screen' -> 'I am in the Welcome Screen'
DEBUG:parse:format 'I click on the Sign Up button' -> 'I click on the Sign Up button'
DEBUG:parse:format "I see I am on the 'Save Your Recovery Phrase' screen" -> "I see I am on the 'Save Your Recovery Phrase' screen"
DEBUG:parse:format 'I copy the recovery key' -> 'I copy the recovery key'
DEBUG:parse:format 'I click Continue' -> 'I click Continue'
DEBUG:parse:format "I see the 'Are you sure you saved your Recovery Phrase' screen" -> "I see the 'Are you sure you saved your Recovery Phrase' screen"
DEBUG:parse:format "I click on the 'Yes, I saved it' option" -> "I click on the 'Yes, I saved it' option"
DEBUG:parse:format 'I am on the Add/Create team start page' -> 'I am on the Add/Create team start page'
DEBUG:parse:format 'I am in the login screen' -> 'I am in the login screen'
DEBUG:parse:format 'I click the Log In button' -> 'I click the Log In button'
DEBUG:parse:format 'I am in the Team URl screen' -> 'I am in the Team URl screen'
DEBUG:parse:format 'I am in the Recovery Key screen' -> 'I am in the Recovery Key screen'
DEBUG:parse:format 'I write the recovery key' -> 'I write the recovery key'
DEBUG:parse:format 'I write the recovery key for bob' -> 'I write the recovery key for bob'
DEBUG:parse:format 'I am in the Welcome Screen' -> 'I am in the Welcome Screen'
DEBUG:parse:format 'I click on the Sign Up button' -> 'I click on the Sign Up button'
DEBUG:parse:format "I see I am on the 'Save Your Recovery Phrase' screen" -> "I see I am on the 'Save Your Recovery Phrase' screen"
DEBUG:parse:format 'I copy the recovery key' -> 'I copy the recovery key'
DEBUG:parse:format 'I click Continue' -> 'I click Continue'
DEBUG:parse:format "I see the 'Are you sure you saved your Recovery Phrase' screen" -> "I see the 'Are you sure you saved your Recovery Phrase' screen"
DEBUG:parse:format "I click on the 'Yes, I saved it' option" -> "I click on the 'Yes, I saved it' option"
DEBUG:parse:format 'I am on the Add/Create team start page' -> 'I am on the Add/Create team start page'
DEBUG:parse:format 'I am in the login screen' -> 'I am in the login screen'
DEBUG:parse:format 'I click the Log In button' -> 'I click the Log In button'
DEBUG:parse:format 'I am in the Team URl screen' -> 'I am in the Team URl screen'
DEBUG:parse:format 'I am in the Recovery Key screen' -> 'I am in the Recovery Key screen'
DEBUG:parse:format 'I write the recovery key' -> 'I write the recovery key'
DEBUG:parse:format 'I write the recovery key for bob' -> 'I write the recovery key for bob'
DEBUG:parse:format 'I am in the Welcome Screen' -> 'I am in the Welcome Screen'
DEBUG:parse:format 'I click on the Sign Up button' -> 'I click on the Sign Up button'
DEBUG:parse:format "I see I am on the 'Save Your Recovery Phrase' screen" -> "I see I am on the 'Save Your Recovery Phrase' screen"
DEBUG:parse:format 'I copy the recovery key' -> 'I copy the recovery key'
DEBUG:parse:format 'I click Continue' -> 'I click Continue'
DEBUG:parse:format "I see the 'Are you sure you saved your Recovery Phrase' screen" -> "I see the 'Are you sure you saved your Recovery Phrase' screen"
DEBUG:parse:format "I click on the 'Yes, I saved it' option" -> "I click on the 'Yes, I saved it' option"
DEBUG:parse:format 'I am on the Add/Create team start page' -> 'I am on the Add/Create team start page'
DEBUG:parse:format 'I am in the login screen' -> 'I am in the login screen'
DEBUG:parse:format 'I click the Log In button' -> 'I click the Log In button'
DEBUG:parse:format 'I am in the Team URl screen' -> 'I am in the Team URl screen'
DEBUG:parse:format 'I am in the Recovery Key screen' -> 'I am in the Recovery Key screen'
DEBUG:parse:format 'I write the recovery key' -> 'I write the recovery key'
DEBUG:parse:format 'I write the recovery key for bob' -> 'I write the recovery key for bob'
DEBUG:parse:format 'I am in the Welcome Screen' -> 'I am in the Welcome Screen'
DEBUG:selenium.webdriver.remote.remote_connection:POST http://127.0.0.1:4723/wd/hub/session {"capabilities": {"firstMatch": [{"appium:deviceName": "Android Emulator", "platformName": "Android", "appium:app": "/Users/rodrigosanmiguel/Desktop/SpiderOak/testing-automation-mobile/tools/CrossClave.apk"}]}, "desiredCapabilities": {"deviceName": "Android Emulator", "platformName": "Android", "app": "/Users/rodrigosanmiguel/Desktop/SpiderOak/testing-automation-mobile/tools/CrossClave.apk"}}
DEBUG:urllib3.connectionpool:Starting new HTTP connection (1): 127.0.0.1:4723
DEBUG:urllib3.connectionpool:http://127.0.0.1:4723 "POST /wd/hub/session HTTP/1.1" 200 924
DEBUG:selenium.webdriver.remote.remote_connection:Finished Request
DEBUG:selenium.webdriver.remote.remote_connection:POST http://127.0.0.1:4723/wd/hub/session/108f274a-6839-480e-baaf-a7ddf8612234/timeouts {"implicit": 60000}
DEBUG:urllib3.connectionpool:http://127.0.0.1:4723 "POST /wd/hub/session/108f274a-6839-480e-baaf-a7ddf8612234/timeouts HTTP/1.1" 200 14
DEBUG:selenium.webdriver.remote.remote_connection:Finished Request
DEBUG:parse:format 'I click on the Sign Up button' -> 'I click on the Sign Up button'
DEBUG:parse:format "I see I am on the 'Save Your Recovery Phrase' screen" -> "I see I am on the 'Save Your Recovery Phrase' screen"
DEBUG:parse:format 'I copy the recovery key' -> 'I copy the recovery key'
DEBUG:parse:format 'I click Continue' -> 'I click Continue'
DEBUG:parse:format "I see the 'Are you sure you saved your Recovery Phrase' screen" -> "I see the 'Are you sure you saved your Recovery Phrase' screen"
DEBUG:parse:format "I click on the 'Yes, I saved it' option" -> "I click on the 'Yes, I saved it' option"
DEBUG:parse:format 'I am on the Add/Create team start page' -> 'I am on the Add/Create team start page'
DEBUG:parse:format 'I am in the login screen' -> 'I am in the login screen'
DEBUG:parse:format 'I click the Log In button' -> 'I click the Log In button'
DEBUG:parse:format 'I am in the Team URl screen' -> 'I am in the Team URl screen'
DEBUG:parse:format 'I am in the Recovery Key screen' -> 'I am in the Recovery Key screen'
DEBUG:parse:format 'I write the recovery key' -> 'I write the recovery key'
DEBUG:parse:format 'I write the recovery key for bob' -> 'I write the recovery key for bob'
DEBUG:parse:format 'I am in the Welcome Screen' -> 'I am in the Welcome Screen'
DEBUG:selenium.webdriver.remote.remote_connection:POST http://127.0.0.1:4723/wd/hub/session {"capabilities": {"firstMatch": [{"appium:deviceName": "Android Emulator", "platformName": "Android", "appium:app": "/Users/rodrigosanmiguel/Desktop/SpiderOak/testing-automation-mobile/tools/CrossClave.apk"}]}, "desiredCapabilities": {"deviceName": "Android Emulator", "platformName": "Android", "app": "/Users/rodrigosanmiguel/Desktop/SpiderOak/testing-automation-mobile/tools/CrossClave.apk"}}
DEBUG:urllib3.connectionpool:Starting new HTTP connection (1): 127.0.0.1:4723
DEBUG:urllib3.connectionpool:http://127.0.0.1:4723 "POST /wd/hub/session HTTP/1.1" 200 924
DEBUG:selenium.webdriver.remote.remote_connection:Finished Request
DEBUG:selenium.webdriver.remote.remote_connection:POST http://127.0.0.1:4723/wd/hub/session/18b54369-565e-4c1f-b132-28b936362b67/timeouts {"implicit": 60000}
DEBUG:urllib3.connectionpool:http://127.0.0.1:4723 "POST /wd/hub/session/18b54369-565e-4c1f-b132-28b936362b67/timeouts HTTP/1.1" 200 14
DEBUG:selenium.webdriver.remote.remote_connection:Finished Request
DEBUG:parse:format 'I click on the Sign Up button' -> 'I click on the Sign Up button'
DEBUG:parse:format "I see I am on the 'Save Your Recovery Phrase' screen" -> "I see I am on the 'Save Your Recovery Phrase' screen"
DEBUG:parse:format 'I copy the recovery key' -> 'I copy the recovery key'
DEBUG:parse:format 'I click Continue' -> 'I click Continue'
DEBUG:parse:format "I see the 'Are you sure you saved your Recovery Phrase' screen" -> "I see the 'Are you sure you saved your Recovery Phrase' screen"
DEBUG:parse:format "I click on the 'Yes, I saved it' option" -> "I click on the 'Yes, I saved it' option"
DEBUG:parse:format 'I am on the Add/Create team start page' -> 'I am on the Add/Create team start page'
DEBUG:parse:format 'I am in the login screen' -> 'I am in the login screen'
DEBUG:parse:format 'I click the Log In button' -> 'I click the Log In button'
DEBUG:parse:format 'I am in the Team URl screen' -> 'I am in the Team URl screen'
DEBUG:parse:format 'I am in the Recovery Key screen' -> 'I am in the Recovery Key screen'
DEBUG:parse:format 'I write the recovery key' -> 'I write the recovery key'
DEBUG:parse:format 'I write the recovery key for bob' -> 'I write the recovery key for bob'
DEBUG:parse:format 'I am in the Welcome Screen' -> 'I am in the Welcome Screen'
DEBUG:selenium.webdriver.remote.remote_connection:POST http://127.0.0.1:4723/wd/hub/session {"capabilities": {"firstMatch": [{"appium:deviceName": "Android Emulator", "platformName": "Android", "appium:app": "/Users/rodrigosanmiguel/Desktop/SpiderOak/testing-automation-mobile/tools/CrossClave.apk"}]}, "desiredCapabilities": {"deviceName": "Android Emulator", "platformName": "Android", "app": "/Users/rodrigosanmiguel/Desktop/SpiderOak/testing-automation-mobile/tools/CrossClave.apk"}}
DEBUG:urllib3.connectionpool:Starting new HTTP connection (1): 127.0.0.1:4723
DEBUG:urllib3.connectionpool:http://127.0.0.1:4723 "POST /wd/hub/session HTTP/1.1" 200 924
DEBUG:selenium.webdriver.remote.remote_connection:Finished Request
DEBUG:selenium.webdriver.remote.remote_connection:POST http://127.0.0.1:4723/wd/hub/session/150ae953-a48c-46a1-8ac8-c2b24297ed56/timeouts {"implicit": 60000}
DEBUG:urllib3.connectionpool:http://127.0.0.1:4723 "POST /wd/hub/session/150ae953-a48c-46a1-8ac8-c2b24297ed56/timeouts HTTP/1.1" 200 14
DEBUG:selenium.webdriver.remote.remote_connection:Finished Request
DEBUG:parse:format 'I click on the Sign Up button' -> 'I click on the Sign Up button'
DEBUG:parse:format "I see I am on the 'Save Your Recovery Phrase' screen" -> "I see I am on the 'Save Your Recovery Phrase' screen"
DEBUG:parse:format 'I copy the recovery key' -> 'I copy the recovery key'
DEBUG:parse:format 'I click Continue' -> 'I click Continue'
DEBUG:parse:format "I see the 'Are you sure you saved your Recovery Phrase' screen" -> "I see the 'Are you sure you saved your Recovery Phrase' screen"
DEBUG:parse:format "I click on the 'Yes, I saved it' option" -> "I click on the 'Yes, I saved it' option"
DEBUG:parse:format 'I am on the Add/Create team start page' -> 'I am on the Add/Create team start page'
DEBUG:parse:format 'I am in the login screen' -> 'I am in the login screen'
DEBUG:parse:format 'I click the Log In button' -> 'I click the Log In button'
DEBUG:parse:format 'I am in the Team URl screen' -> 'I am in the Team URl screen'
DEBUG:parse:format 'I am in the Recovery Key screen' -> 'I am in the Recovery Key screen'
DEBUG:parse:format 'I write the recovery key' -> 'I write the recovery key'
DEBUG:parse:format 'I write the recovery key for bob' -> 'I write the recovery key for bob'
DEBUG:parse:format 'I am in the Welcome Screen' -> 'I am in the Welcome Screen'
DEBUG:selenium.webdriver.remote.remote_connection:POST http://127.0.0.1:4723/wd/hub/session {"capabilities": {"firstMatch": [{"appium:deviceName": "Android Emulator", "platformName": "Android", "appium:app": "/Users/rodrigosanmiguel/Desktop/SpiderOak/testing-automation-mobile/tools/CrossClave.apk"}]}, "desiredCapabilities": {"deviceName": "Android Emulator", "platformName": "Android", "app": "/Users/rodrigosanmiguel/Desktop/SpiderOak/testing-automation-mobile/tools/CrossClave.apk"}}
DEBUG:urllib3.connectionpool:Starting new HTTP connection (1): 127.0.0.1:4723
DEBUG:urllib3.connectionpool:http://127.0.0.1:4723 "POST /wd/hub/session HTTP/1.1" 200 924
DEBUG:selenium.webdriver.remote.remote_connection:Finished Request
DEBUG:selenium.webdriver.remote.remote_connection:POST http://127.0.0.1:4723/wd/hub/session/ffb5c499-98eb-485e-ab4b-80073a80dfac/timeouts {"implicit": 60000}
DEBUG:urllib3.connectionpool:http://127.0.0.1:4723 "POST /wd/hub/session/ffb5c499-98eb-485e-ab4b-80073a80dfac/timeouts HTTP/1.1" 200 14
DEBUG:selenium.webdriver.remote.remote_connection:Finished Request
DEBUG:parse:format 'I click on the Sign Up button' -> 'I click on the Sign Up button'
DEBUG:parse:format "I see I am on the 'Save Your Recovery Phrase' screen" -> "I see I am on the 'Save Your Recovery Phrase' screen"
DEBUG:parse:format 'I copy the recovery key' -> 'I copy the recovery key'
DEBUG:parse:format 'I click Continue' -> 'I click Continue'
DEBUG:parse:format "I see the 'Are you sure you saved your Recovery Phrase' screen" -> "I see the 'Are you sure you saved your Recovery Phrase' screen"
DEBUG:parse:format "I click on the 'Yes, I saved it' option" -> "I click on the 'Yes, I saved it' option"
DEBUG:parse:format 'I am on the Add/Create team start page' -> 'I am on the Add/Create team start page'
DEBUG:parse:format 'I am in the login screen' -> 'I am in the login screen'
DEBUG:parse:format 'I click the Log In button' -> 'I click the Log In button'
DEBUG:parse:format 'I am in the Team URl screen' -> 'I am in the Team URl screen'
DEBUG:parse:format 'I am in the Recovery Key screen' -> 'I am in the Recovery Key screen'
DEBUG:parse:format 'I write the recovery key' -> 'I write the recovery key'
DEBUG:parse:format 'I write the recovery key for bob' -> 'I write the recovery key for bob'
DEBUG:parse:format 'I am in the Welcome Screen' -> 'I am in the Welcome Screen'
DEBUG:selenium.webdriver.remote.remote_connection:POST http://127.0.0.1:4723/wd/hub/session {"capabilities": {"firstMatch": [{"appium:deviceName": "Android Emulator", "platformName": "Android", "appium:app": "/Users/rodrigosanmiguel/Desktop/SpiderOak/testing-automation-mobile/tools/CrossClave.apk"}]}, "desiredCapabilities": {"deviceName": "Android Emulator", "platformName": "Android", "app": "/Users/rodrigosanmiguel/Desktop/SpiderOak/testing-automation-mobile/tools/CrossClave.apk"}}
DEBUG:urllib3.connectionpool:Starting new HTTP connection (1): 127.0.0.1:4723
DEBUG:urllib3.connectionpool:http://127.0.0.1:4723 "POST /wd/hub/session HTTP/1.1" 200 924
DEBUG:selenium.webdriver.remote.remote_connection:Finished Request
DEBUG:selenium.webdriver.remote.remote_connection:POST http://127.0.0.1:4723/wd/hub/session/ed8ce2f8-7221-4c6e-bd3c-62dd48fa9192/timeouts {"implicit": 60000}
DEBUG:urllib3.connectionpool:http://127.0.0.1:4723 "POST /wd/hub/session/ed8ce2f8-7221-4c6e-bd3c-62dd48fa9192/timeouts HTTP/1.1" 200 14
DEBUG:selenium.webdriver.remote.remote_connection:Finished Request
DEBUG:parse:format 'I click on the Sign Up button' -> 'I click on the Sign Up button'
DEBUG:parse:format "I see I am on the 'Save Your Recovery Phrase' screen" -> "I see I am on the 'Save Your Recovery Phrase' screen"
DEBUG:parse:format 'I copy the recovery key' -> 'I copy the recovery key'
DEBUG:parse:format 'I click Continue' -> 'I click Continue'
DEBUG:parse:format "I see the 'Are you sure you saved your Recovery Phrase' screen" -> "I see the 'Are you sure you saved your Recovery Phrase' screen"
DEBUG:parse:format "I click on the 'Yes, I saved it' option" -> "I click on the 'Yes, I saved it' option"
DEBUG:parse:format 'I am on the Add/Create team start page' -> 'I am on the Add/Create team start page'
DEBUG:parse:format 'I am in the login screen' -> 'I am in the login screen'
DEBUG:parse:format 'I click the Log In button' -> 'I click the Log In button'
DEBUG:parse:format 'I am in the Team URl screen' -> 'I am in the Team URl screen'
DEBUG:parse:format 'I am in the Recovery Key screen' -> 'I am in the Recovery Key screen'
DEBUG:parse:format 'I write the recovery key' -> 'I write the recovery key'
DEBUG:parse:format 'I write the recovery key for bob' -> 'I write the recovery key for bob'
DEBUG:parse:format 'I am in the Welcome Screen' -> 'I am in the Welcome Screen'
DEBUG:selenium.webdriver.remote.remote_connection:POST http://127.0.0.1:4723/wd/hub/session {"capabilities": {"firstMatch": [{"appium:deviceName": "Android Emulator", "platformName": "Android", "appium:app": "/Users/rodrigosanmiguel/Desktop/SpiderOak/testing-automation-mobile/tools/CrossClave.apk"}]}, "desiredCapabilities": {"deviceName": "Android Emulator", "platformName": "Android", "app": "/Users/rodrigosanmiguel/Desktop/SpiderOak/testing-automation-mobile/tools/CrossClave.apk"}}
DEBUG:urllib3.connectionpool:Starting new HTTP connection (1): 127.0.0.1:4723
DEBUG:urllib3.connectionpool:http://127.0.0.1:4723 "POST /wd/hub/session HTTP/1.1" 200 924
DEBUG:selenium.webdriver.remote.remote_connection:Finished Request
DEBUG:selenium.webdriver.remote.remote_connection:POST http://127.0.0.1:4723/wd/hub/session/0c5e71df-a68c-40e4-aa8a-8631b2d31454/timeouts {"implicit": 60000}
DEBUG:urllib3.connectionpool:http://127.0.0.1:4723 "POST /wd/hub/session/0c5e71df-a68c-40e4-aa8a-8631b2d31454/timeouts HTTP/1.1" 200 14
DEBUG:selenium.webdriver.remote.remote_connection:Finished Request
DEBUG:parse:format 'I click on the Sign Up button' -> 'I click on the Sign Up button'
DEBUG:parse:format "I see I am on the 'Save Your Recovery Phrase' screen" -> "I see I am on the 'Save Your Recovery Phrase' screen"
DEBUG:parse:format 'I copy the recovery key' -> 'I copy the recovery key'
DEBUG:parse:format 'I click Continue' -> 'I click Continue'
DEBUG:parse:format "I see the 'Are you sure you saved your Recovery Phrase' screen" -> "I see the 'Are you sure you saved your Recovery Phrase' screen"
DEBUG:parse:format "I click on the 'Yes, I saved it' option" -> "I click on the 'Yes, I saved it' option"
DEBUG:parse:format 'I am on the Add/Create team start page' -> 'I am on the Add/Create team start page'
DEBUG:parse:format 'I am in the login screen' -> 'I am in the login screen'
DEBUG:parse:format 'I click the Log In button' -> 'I click the Log In button'
DEBUG:parse:format 'I am in the Team URl screen' -> 'I am in the Team URl screen'
DEBUG:parse:format 'I am in the Recovery Key screen' -> 'I am in the Recovery Key screen'
DEBUG:parse:format 'I write the recovery key' -> 'I write the recovery key'
DEBUG:parse:format 'I write the recovery key for bob' -> 'I write the recovery key for bob'
DEBUG:parse:format 'I am in the Welcome Screen' -> 'I am in the Welcome Screen'
DEBUG:selenium.webdriver.remote.remote_connection:POST http://127.0.0.1:4723/wd/hub/session {"capabilities": {"firstMatch": [{"appium:deviceName": "Android Emulator", "platformName": "Android", "appium:app": "/Users/rodrigosanmiguel/Desktop/SpiderOak/testing-automation-mobile/tools/CrossClave.apk"}]}, "desiredCapabilities": {"deviceName": "Android Emulator", "platformName": "Android", "app": "/Users/rodrigosanmiguel/Desktop/SpiderOak/testing-automation-mobile/tools/CrossClave.apk"}}
DEBUG:urllib3.connectionpool:Starting new HTTP connection (1): 127.0.0.1:4723
DEBUG:urllib3.connectionpool:http://127.0.0.1:4723 "POST /wd/hub/session HTTP/1.1" 200 924
DEBUG:selenium.webdriver.remote.remote_connection:Finished Request
DEBUG:selenium.webdriver.remote.remote_connection:POST http://127.0.0.1:4723/wd/hub/session/09af826e-59d9-4e48-a7fb-17f3af719cc0/timeouts {"implicit": 60000}
DEBUG:urllib3.connectionpool:http://127.0.0.1:4723 "POST /wd/hub/session/09af826e-59d9-4e48-a7fb-17f3af719cc0/timeouts HTTP/1.1" 200 14
DEBUG:selenium.webdriver.remote.remote_connection:Finished Request
DEBUG:parse:format 'I click on the Sign Up button' -> 'I click on the Sign Up button'
DEBUG:parse:format "I see I am on the 'Save Your Recovery Phrase' screen" -> "I see I am on the 'Save Your Recovery Phrase' screen"
DEBUG:parse:format 'I copy the recovery key' -> 'I copy the recovery key'
DEBUG:parse:format 'I click Continue' -> 'I click Continue'
DEBUG:parse:format "I see the 'Are you sure you saved your Recovery Phrase' screen" -> "I see the 'Are you sure you saved your Recovery Phrase' screen"
DEBUG:parse:format "I click on the 'Yes, I saved it' option" -> "I click on the 'Yes, I saved it' option"
DEBUG:parse:format 'I am on the Add/Create team start page' -> 'I am on the Add/Create team start page'
DEBUG:parse:format 'I am in the login screen' -> 'I am in the login screen'
DEBUG:parse:format 'I click the Log In button' -> 'I click the Log In button'
DEBUG:parse:format 'I am in the Team URl screen' -> 'I am in the Team URl screen'
DEBUG:parse:format 'I am in the Recovery Key screen' -> 'I am in the Recovery Key screen'
DEBUG:parse:format 'I write the recovery key' -> 'I write the recovery key'
DEBUG:parse:format 'I write the recovery key for bob' -> 'I write the recovery key for bob'
DEBUG:parse:format 'I am in the Welcome Screen' -> 'I am in the Welcome Screen'
DEBUG:selenium.webdriver.remote.remote_connection:POST http://127.0.0.1:4723/wd/hub/session {"capabilities": {"firstMatch": [{"appium:deviceName": "Android Emulator", "platformName": "Android", "appium:app": "/Users/rodrigosanmiguel/Desktop/SpiderOak/testing-automation-mobile/tools/CrossClave.apk"}]}, "desiredCapabilities": {"deviceName": "Android Emulator", "platformName": "Android", "app": "/Users/rodrigosanmiguel/Desktop/SpiderOak/testing-automation-mobile/tools/CrossClave.apk"}}
DEBUG:urllib3.connectionpool:Starting new HTTP connection (1): 127.0.0.1:4723
DEBUG:urllib3.connectionpool:http://127.0.0.1:4723 "POST /wd/hub/session HTTP/1.1" 200 924
DEBUG:selenium.webdriver.remote.remote_connection:Finished Request
DEBUG:selenium.webdriver.remote.remote_connection:POST http://127.0.0.1:4723/wd/hub/session/802d4890-7690-4b69-b073-c99ec70d0329/timeouts {"implicit": 60000}
DEBUG:urllib3.connectionpool:http://127.0.0.1:4723 "POST /wd/hub/session/802d4890-7690-4b69-b073-c99ec70d0329/timeouts HTTP/1.1" 200 14
DEBUG:selenium.webdriver.remote.remote_connection:Finished Request
DEBUG:parse:format 'I click on the Sign Up button' -> 'I click on the Sign Up button'
DEBUG:parse:format "I see I am on the 'Save Your Recovery Phrase' screen" -> "I see I am on the 'Save Your Recovery Phrase' screen"
DEBUG:parse:format 'I copy the recovery key' -> 'I copy the recovery key'
DEBUG:parse:format 'I click Continue' -> 'I click Continue'
DEBUG:parse:format "I see the 'Are you sure you saved your Recovery Phrase' screen" -> "I see the 'Are you sure you saved your Recovery Phrase' screen"
DEBUG:parse:format "I click on the 'Yes, I saved it' option" -> "I click on the 'Yes, I saved it' option"
DEBUG:parse:format 'I am on the Add/Create team start page' -> 'I am on the Add/Create team start page'
DEBUG:parse:format 'I am in the login screen' -> 'I am in the login screen'
DEBUG:parse:format 'I click the Log In button' -> 'I click the Log In button'
DEBUG:parse:format 'I am in the Team URl screen' -> 'I am in the Team URl screen'
DEBUG:parse:format 'I am in the Recovery Key screen' -> 'I am in the Recovery Key screen'
DEBUG:parse:format 'I write the recovery key' -> 'I write the recovery key'
DEBUG:parse:format 'I write the recovery key for bob' -> 'I write the recovery key for bob'
DEBUG:parse:format 'I am in the Welcome Screen' -> 'I am in the Welcome Screen'
DEBUG:selenium.webdriver.remote.remote_connection:POST http://127.0.0.1:4723/wd/hub/session {"capabilities": {"firstMatch": [{"appium:deviceName": "Android Emulator", "platformName": "Android", "appium:app": "/Users/rodrigosanmiguel/Desktop/SpiderOak/testing-automation-mobile/tools/CrossClave.apk"}]}, "desiredCapabilities": {"deviceName": "Android Emulator", "platformName": "Android", "app": "/Users/rodrigosanmiguel/Desktop/SpiderOak/testing-automation-mobile/tools/CrossClave.apk"}}
DEBUG:urllib3.connectionpool:Starting new HTTP connection (1): 127.0.0.1:4723
DEBUG:urllib3.connectionpool:http://127.0.0.1:4723 "POST /wd/hub/session HTTP/1.1" 200 924
DEBUG:selenium.webdriver.remote.remote_connection:Finished Request
DEBUG:selenium.webdriver.remote.remote_connection:POST http://127.0.0.1:4723/wd/hub/session/796d0a38-2164-4ba3-82f3-a25aaf719919/timeouts {"implicit": 60000}
DEBUG:urllib3.connectionpool:http://127.0.0.1:4723 "POST /wd/hub/session/796d0a38-2164-4ba3-82f3-a25aaf719919/timeouts HTTP/1.1" 200 14
DEBUG:selenium.webdriver.remote.remote_connection:Finished Request
DEBUG:parse:format 'I click on the Sign Up button' -> 'I click on the Sign Up button'
DEBUG:parse:format "I see I am on the 'Save Your Recovery Phrase' screen" -> "I see I am on the 'Save Your Recovery Phrase' screen"
DEBUG:parse:format 'I copy the recovery key' -> 'I copy the recovery key'
DEBUG:parse:format 'I click Continue' -> 'I click Continue'
DEBUG:parse:format "I see the 'Are you sure you saved your Recovery Phrase' screen" -> "I see the 'Are you sure you saved your Recovery Phrase' screen"
DEBUG:parse:format "I click on the 'Yes, I saved it' option" -> "I click on the 'Yes, I saved it' option"
DEBUG:parse:format 'I am on the Add/Create team start page' -> 'I am on the Add/Create team start page'
DEBUG:parse:format 'I am in the login screen' -> 'I am in the login screen'
DEBUG:parse:format 'I click the Log In button' -> 'I click the Log In button'
DEBUG:parse:format 'I am in the Team URl screen' -> 'I am in the Team URl screen'
DEBUG:parse:format 'I am in the Recovery Key screen' -> 'I am in the Recovery Key screen'
DEBUG:parse:format 'I write the recovery key' -> 'I write the recovery key'
DEBUG:parse:format 'I write the recovery key for bob' -> 'I write the recovery key for bob'
DEBUG:parse:format 'I am in the Welcome Screen' -> 'I am in the Welcome Screen'
DEBUG:selenium.webdriver.remote.remote_connection:POST http://127.0.0.1:4723/wd/hub/session {"capabilities": {"firstMatch": [{"appium:deviceName": "Android Emulator", "platformName": "Android", "appium:app": "/Users/rodrigosanmiguel/Desktop/SpiderOak/testing-automation-mobile/tools/CrossClave.apk"}]}, "desiredCapabilities": {"deviceName": "Android Emulator", "platformName": "Android", "app": "/Users/rodrigosanmiguel/Desktop/SpiderOak/testing-automation-mobile/tools/CrossClave.apk"}}
DEBUG:urllib3.connectionpool:Starting new HTTP connection (1): 127.0.0.1:4723
DEBUG:urllib3.connectionpool:http://127.0.0.1:4723 "POST /wd/hub/session HTTP/1.1" 200 924
DEBUG:selenium.webdriver.remote.remote_connection:Finished Request
DEBUG:selenium.webdriver.remote.remote_connection:POST http://127.0.0.1:4723/wd/hub/session/c5826795-abc1-4db5-b6a9-508c4c68ef1d/timeouts {"implicit": 60000}
DEBUG:urllib3.connectionpool:http://127.0.0.1:4723 "POST /wd/hub/session/c5826795-abc1-4db5-b6a9-508c4c68ef1d/timeouts HTTP/1.1" 200 14
DEBUG:selenium.webdriver.remote.remote_connection:Finished Request
DEBUG:parse:format 'I click on the Sign Up button' -> 'I click on the Sign Up button'
DEBUG:parse:format "I see I am on the 'Save Your Recovery Phrase' screen" -> "I see I am on the 'Save Your Recovery Phrase' screen"
DEBUG:parse:format 'I copy the recovery key' -> 'I copy the recovery key'
DEBUG:parse:format 'I click Continue' -> 'I click Continue'
DEBUG:parse:format "I see the 'Are you sure you saved your Recovery Phrase' screen" -> "I see the 'Are you sure you saved your Recovery Phrase' screen"
DEBUG:parse:format "I click on the 'Yes, I saved it' option" -> "I click on the 'Yes, I saved it' option"
DEBUG:parse:format 'I am on the Add/Create team start page' -> 'I am on the Add/Create team start page'
DEBUG:parse:format 'I am in the login screen' -> 'I am in the login screen'
DEBUG:parse:format 'I click the Log In button' -> 'I click the Log In button'
DEBUG:parse:format 'I am in the Team URl screen' -> 'I am in the Team URl screen'
DEBUG:parse:format 'I am in the Recovery Key screen' -> 'I am in the Recovery Key screen'
DEBUG:parse:format 'I write the recovery key' -> 'I write the recovery key'
DEBUG:parse:format 'I write the recovery key for bob' -> 'I write the recovery key for bob'
DEBUG:parse:format 'I am in the Welcome Screen' -> 'I am in the Welcome Screen'
DEBUG:selenium.webdriver.remote.remote_connection:POST http://127.0.0.1:4723/wd/hub/session {"capabilities": {"firstMatch": [{"appium:deviceName": "Android Emulator", "platformName": "Android", "appium:app": "/Users/rodrigosanmiguel/Desktop/SpiderOak/testing-automation-mobile/tools/CrossClave.apk"}]}, "desiredCapabilities": {"deviceName": "Android Emulator", "platformName": "Android", "app": "/Users/rodrigosanmiguel/Desktop/SpiderOak/testing-automation-mobile/tools/CrossClave.apk"}}
DEBUG:urllib3.connectionpool:Starting new HTTP connection (1): 127.0.0.1:4723
DEBUG:urllib3.connectionpool:http://127.0.0.1:4723 "POST /wd/hub/session HTTP/1.1" 200 924
DEBUG:selenium.webdriver.remote.remote_connection:Finished Request
DEBUG:selenium.webdriver.remote.remote_connection:POST http://127.0.0.1:4723/wd/hub/session/8092518b-c05e-4871-8457-550f8897cdda/timeouts {"implicit": 60000}
DEBUG:urllib3.connectionpool:http://127.0.0.1:4723 "POST /wd/hub/session/8092518b-c05e-4871-8457-550f8897cdda/timeouts HTTP/1.1" 200 14
DEBUG:selenium.webdriver.remote.remote_connection:Finished Request
DEBUG:parse:format 'I click on the Sign Up button' -> 'I click on the Sign Up button'
DEBUG:parse:format "I see I am on the 'Save Your Recovery Phrase' screen" -> "I see I am on the 'Save Your Recovery Phrase' screen"
DEBUG:parse:format 'I copy the recovery key' -> 'I copy the recovery key'
DEBUG:parse:format 'I click Continue' -> 'I click Continue'
DEBUG:parse:format "I see the 'Are you sure you saved your Recovery Phrase' screen" -> "I see the 'Are you sure you saved your Recovery Phrase' screen"
DEBUG:parse:format "I click on the 'Yes, I saved it' option" -> "I click on the 'Yes, I saved it' option"
DEBUG:parse:format 'I am on the Add/Create team start page' -> 'I am on the Add/Create team start page'
DEBUG:parse:format 'I am in the login screen' -> 'I am in the login screen'
DEBUG:parse:format 'I click the Log In button' -> 'I click the Log In button'
DEBUG:parse:format 'I am in the Team URl screen' -> 'I am in the Team URl screen'
DEBUG:parse:format 'I am in the Recovery Key screen' -> 'I am in the Recovery Key screen'
DEBUG:parse:format 'I write the recovery key' -> 'I write the recovery key'
DEBUG:parse:format 'I write the recovery key for bob' -> 'I write the recovery key for bob'
DEBUG:parse:format 'I am in the Welcome Screen' -> 'I am in the Welcome Screen'
DEBUG:selenium.webdriver.remote.remote_connection:POST http://127.0.0.1:4723/wd/hub/session {"capabilities": {"firstMatch": [{"appium:deviceName": "Android Emulator", "platformName": "Android", "appium:app": "/Users/rodrigosanmiguel/Desktop/SpiderOak/testing-automation-mobile/tools/CrossClave.apk"}]}, "desiredCapabilities": {"deviceName": "Android Emulator", "platformName": "Android", "app": "/Users/rodrigosanmiguel/Desktop/SpiderOak/testing-automation-mobile/tools/CrossClave.apk"}}
DEBUG:urllib3.connectionpool:Starting new HTTP connection (1): 127.0.0.1:4723
DEBUG:urllib3.connectionpool:http://127.0.0.1:4723 "POST /wd/hub/session HTTP/1.1" 200 924
DEBUG:selenium.webdriver.remote.remote_connection:Finished Request
DEBUG:selenium.webdriver.remote.remote_connection:POST http://127.0.0.1:4723/wd/hub/session/f3aa32fa-1e6e-455e-a8c5-d064a25f5c13/timeouts {"implicit": 60000}
DEBUG:urllib3.connectionpool:http://127.0.0.1:4723 "POST /wd/hub/session/f3aa32fa-1e6e-455e-a8c5-d064a25f5c13/timeouts HTTP/1.1" 200 14
DEBUG:selenium.webdriver.remote.remote_connection:Finished Request
DEBUG:parse:format 'I click on the Sign Up button' -> 'I click on the Sign Up button'
DEBUG:parse:format "I see I am on the 'Save Your Recovery Phrase' screen" -> "I see I am on the 'Save Your Recovery Phrase' screen"
DEBUG:parse:format 'I copy the recovery key' -> 'I copy the recovery key'
DEBUG:parse:format 'I click Continue' -> 'I click Continue'
DEBUG:parse:format "I see the 'Are you sure you saved your Recovery Phrase' screen" -> "I see the 'Are you sure you saved your Recovery Phrase' screen"
DEBUG:parse:format "I click on the 'Yes, I saved it' option" -> "I click on the 'Yes, I saved it' option"
DEBUG:parse:format 'I am on the Add/Create team start page' -> 'I am on the Add/Create team start page'
DEBUG:parse:format 'I am in the login screen' -> 'I am in the login screen'
DEBUG:parse:format 'I click the Log In button' -> 'I click the Log In button'
DEBUG:parse:format 'I am in the Team URl screen' -> 'I am in the Team URl screen'
DEBUG:parse:format 'I am in the Recovery Key screen' -> 'I am in the Recovery Key screen'
DEBUG:parse:format 'I write the recovery key' -> 'I write the recovery key'
DEBUG:parse:format 'I write the recovery key for bob' -> 'I write the recovery key for bob'
DEBUG:parse:format 'I am in the Welcome Screen' -> 'I am in the Welcome Screen'
DEBUG:selenium.webdriver.remote.remote_connection:POST http://127.0.0.1:4723/wd/hub/session {"capabilities": {"firstMatch": [{"appium:deviceName": "Android Emulator", "platformName": "Android", "appium:app": "/Users/rodrigosanmiguel/Desktop/SpiderOak/testing-automation-mobile/tools/CrossClave.apk"}]}, "desiredCapabilities": {"deviceName": "Android Emulator", "platformName": "Android", "app": "/Users/rodrigosanmiguel/Desktop/SpiderOak/testing-automation-mobile/tools/CrossClave.apk"}}
DEBUG:urllib3.connectionpool:Starting new HTTP connection (1): 127.0.0.1:4723
DEBUG:urllib3.connectionpool:http://127.0.0.1:4723 "POST /wd/hub/session HTTP/1.1" 200 924
DEBUG:selenium.webdriver.remote.remote_connection:Finished Request
DEBUG:selenium.webdriver.remote.remote_connection:POST http://127.0.0.1:4723/wd/hub/session/7e3297e8-a318-4d3e-81dc-5e403a7ebc9a/timeouts {"implicit": 60000}
DEBUG:urllib3.connectionpool:http://127.0.0.1:4723 "POST /wd/hub/session/7e3297e8-a318-4d3e-81dc-5e403a7ebc9a/timeouts HTTP/1.1" 200 14
DEBUG:selenium.webdriver.remote.remote_connection:Finished Request
DEBUG:parse:format 'I click on the Sign Up button' -> 'I click on the Sign Up button'
DEBUG:parse:format "I see I am on the 'Save Your Recovery Phrase' screen" -> "I see I am on the 'Save Your Recovery Phrase' screen"
DEBUG:parse:format 'I copy the recovery key' -> 'I copy the recovery key'
DEBUG:parse:format 'I click Continue' -> 'I click Continue'
DEBUG:parse:format "I see the 'Are you sure you saved your Recovery Phrase' screen" -> "I see the 'Are you sure you saved your Recovery Phrase' screen"
DEBUG:parse:format "I click on the 'Yes, I saved it' option" -> "I click on the 'Yes, I saved it' option"
DEBUG:parse:format 'I am on the Add/Create team start page' -> 'I am on the Add/Create team start page'
DEBUG:parse:format 'I am in the login screen' -> 'I am in the login screen'
DEBUG:parse:format 'I click the Log In button' -> 'I click the Log In button'
DEBUG:parse:format 'I am in the Team URl screen' -> 'I am in the Team URl screen'
DEBUG:parse:format 'I am in the Recovery Key screen' -> 'I am in the Recovery Key screen'
DEBUG:parse:format 'I write the recovery key' -> 'I write the recovery key'
DEBUG:parse:format 'I write the recovery key for bob' -> 'I write the recovery key for bob'
DEBUG:parse:format 'I am in the Welcome Screen' -> 'I am in the Welcome Screen'
DEBUG:selenium.webdriver.remote.remote_connection:POST http://127.0.0.1:4723/wd/hub/session {"capabilities": {"firstMatch": [{"appium:deviceName": "Android Emulator", "platformName": "Android", "appium:app": "/Users/rodrigosanmiguel/Desktop/SpiderOak/testing-automation-mobile/tools/CrossClave.apk"}]}, "desiredCapabilities": {"deviceName": "Android Emulator", "platformName": "Android", "app": "/Users/rodrigosanmiguel/Desktop/SpiderOak/testing-automation-mobile/tools/CrossClave.apk"}}
DEBUG:urllib3.connectionpool:Starting new HTTP connection (1): 127.0.0.1:4723
DEBUG:urllib3.connectionpool:http://127.0.0.1:4723 "POST /wd/hub/session HTTP/1.1" 200 924
DEBUG:selenium.webdriver.remote.remote_connection:Finished Request
DEBUG:selenium.webdriver.remote.remote_connection:POST http://127.0.0.1:4723/wd/hub/session/ac40c0f7-cee0-4b78-83d2-c5ef7f54c771/timeouts {"implicit": 60000}
DEBUG:urllib3.connectionpool:http://127.0.0.1:4723 "POST /wd/hub/session/ac40c0f7-cee0-4b78-83d2-c5ef7f54c771/timeouts HTTP/1.1" 200 14
DEBUG:selenium.webdriver.remote.remote_connection:Finished Request
DEBUG:parse:format 'I click on the Sign Up button' -> 'I click on the Sign Up button'
DEBUG:parse:format "I see I am on the 'Save Your Recovery Phrase' screen" -> "I see I am on the 'Save Your Recovery Phrase' screen"
DEBUG:parse:format 'I copy the recovery key' -> 'I copy the recovery key'
DEBUG:parse:format 'I click Continue' -> 'I click Continue'
DEBUG:parse:format "I see the 'Are you sure you saved your Recovery Phrase' screen" -> "I see the 'Are you sure you saved your Recovery Phrase' screen"
DEBUG:parse:format "I click on the 'Yes, I saved it' option" -> "I click on the 'Yes, I saved it' option"
DEBUG:parse:format 'I am on the Add/Create team start page' -> 'I am on the Add/Create team start page'
DEBUG:parse:format 'I am in the login screen' -> 'I am in the login screen'
DEBUG:parse:format 'I click the Log In button' -> 'I click the Log In button'
DEBUG:parse:format 'I am in the Team URl screen' -> 'I am in the Team URl screen'
DEBUG:parse:format 'I am in the Recovery Key screen' -> 'I am in the Recovery Key screen'
DEBUG:parse:format 'I write the recovery key' -> 'I write the recovery key'
DEBUG:parse:format 'I write the recovery key for bob' -> 'I write the recovery key for bob'
DEBUG:parse:format 'I am in the Welcome Screen' -> 'I am in the Welcome Screen'
DEBUG:selenium.webdriver.remote.remote_connection:POST http://127.0.0.1:4723/wd/hub/session {"capabilities": {"firstMatch": [{"appium:deviceName": "Android Emulator", "platformName": "Android", "appium:app": "/Users/rodrigosanmiguel/Desktop/SpiderOak/testing-automation-mobile/tools/CrossClave.apk"}]}, "desiredCapabilities": {"deviceName": "Android Emulator", "platformName": "Android", "app": "/Users/rodrigosanmiguel/Desktop/SpiderOak/testing-automation-mobile/tools/CrossClave.apk"}}
DEBUG:urllib3.connectionpool:Starting new HTTP connection (1): 127.0.0.1:4723
DEBUG:urllib3.connectionpool:http://127.0.0.1:4723 "POST /wd/hub/session HTTP/1.1" 200 924
DEBUG:selenium.webdriver.remote.remote_connection:Finished Request
DEBUG:selenium.webdriver.remote.remote_connection:POST http://127.0.0.1:4723/wd/hub/session/67764011-19ad-4bfe-b1e2-69e19c467ae5/timeouts {"implicit": 60000}
DEBUG:urllib3.connectionpool:http://127.0.0.1:4723 "POST /wd/hub/session/67764011-19ad-4bfe-b1e2-69e19c467ae5/timeouts HTTP/1.1" 200 14
DEBUG:selenium.webdriver.remote.remote_connection:Finished Request
DEBUG:parse:format 'I click on the Sign Up button' -> 'I click on the Sign Up button'
DEBUG:parse:format "I see I am on the 'Save Your Recovery Phrase' screen" -> "I see I am on the 'Save Your Recovery Phrase' screen"
DEBUG:parse:format 'I copy the recovery key' -> 'I copy the recovery key'
DEBUG:parse:format 'I click Continue' -> 'I click Continue'
DEBUG:parse:format "I see the 'Are you sure you saved your Recovery Phrase' screen" -> "I see the 'Are you sure you saved your Recovery Phrase' screen"
DEBUG:parse:format "I click on the 'Yes, I saved it' option" -> "I click on the 'Yes, I saved it' option"
DEBUG:parse:format 'I am on the Add/Create team start page' -> 'I am on the Add/Create team start page'
DEBUG:parse:format 'I am in the login screen' -> 'I am in the login screen'
DEBUG:parse:format 'I click the Log In button' -> 'I click the Log In button'
DEBUG:parse:format 'I am in the Team URl screen' -> 'I am in the Team URl screen'
DEBUG:parse:format 'I am in the Recovery Key screen' -> 'I am in the Recovery Key screen'
DEBUG:parse:format 'I write the recovery key' -> 'I write the recovery key'
DEBUG:parse:format 'I write the recovery key for bob' -> 'I write the recovery key for bob'
DEBUG:parse:format 'I am in the Welcome Screen' -> 'I am in the Welcome Screen'
DEBUG:selenium.webdriver.remote.remote_connection:POST http://127.0.0.1:4723/wd/hub/session {"capabilities": {"firstMatch": [{"appium:deviceName": "Android Emulator", "platformName": "Android", "appium:app": "/Users/rodrigosanmiguel/Desktop/SpiderOak/testing-automation-mobile/tools/CrossClave.apk"}]}, "desiredCapabilities": {"deviceName": "Android Emulator", "platformName": "Android", "app": "/Users/rodrigosanmiguel/Desktop/SpiderOak/testing-automation-mobile/tools/CrossClave.apk"}}
DEBUG:urllib3.connectionpool:Starting new HTTP connection (1): 127.0.0.1:4723
DEBUG:urllib3.connectionpool:http://127.0.0.1:4723 "POST /wd/hub/session HTTP/1.1" 200 924
DEBUG:selenium.webdriver.remote.remote_connection:Finished Request
DEBUG:selenium.webdriver.remote.remote_connection:POST http://127.0.0.1:4723/wd/hub/session/b6404fbc-307b-43b1-94db-7e03b2bbf1fb/timeouts {"implicit": 60000}
DEBUG:urllib3.connectionpool:http://127.0.0.1:4723 "POST /wd/hub/session/b6404fbc-307b-43b1-94db-7e03b2bbf1fb/timeouts HTTP/1.1" 200 14
DEBUG:selenium.webdriver.remote.remote_connection:Finished Request
DEBUG:parse:format 'I click on the Sign Up button' -> 'I click on the Sign Up button'
DEBUG:parse:format "I see I am on the 'Save Your Recovery Phrase' screen" -> "I see I am on the 'Save Your Recovery Phrase' screen"
DEBUG:parse:format 'I copy the recovery key' -> 'I copy the recovery key'
DEBUG:parse:format 'I click Continue' -> 'I click Continue'
DEBUG:parse:format "I see the 'Are you sure you saved your Recovery Phrase' screen" -> "I see the 'Are you sure you saved your Recovery Phrase' screen"
DEBUG:parse:format "I click on the 'Yes, I saved it' option" -> "I click on the 'Yes, I saved it' option"
DEBUG:parse:format 'I am on the Add/Create team start page' -> 'I am on the Add/Create team start page'
DEBUG:parse:format 'I am in the login screen' -> 'I am in the login screen'
DEBUG:parse:format 'I click the Log In button' -> 'I click the Log In button'
DEBUG:parse:format 'I am in the Team URl screen' -> 'I am in the Team URl screen'
DEBUG:parse:format 'I am in the Recovery Key screen' -> 'I am in the Recovery Key screen'
DEBUG:parse:format 'I write the recovery key' -> 'I write the recovery key'
DEBUG:parse:format 'I write the recovery key for bob' -> 'I write the recovery key for bob'
DEBUG:parse:format 'I am in the Welcome Screen' -> 'I am in the Welcome Screen'
DEBUG:selenium.webdriver.remote.remote_connection:POST http://127.0.0.1:4723/wd/hub/session {"capabilities": {"firstMatch": [{"appium:deviceName": "Android Emulator", "platformName": "Android", "appium:app": "/Users/rodrigosanmiguel/Desktop/SpiderOak/testing-automation-mobile/tools/CrossClave.apk"}]}, "desiredCapabilities": {"deviceName": "Android Emulator", "platformName": "Android", "app": "/Users/rodrigosanmiguel/Desktop/SpiderOak/testing-automation-mobile/tools/CrossClave.apk"}}
DEBUG:urllib3.connectionpool:Starting new HTTP connection (1): 127.0.0.1:4723
DEBUG:urllib3.connectionpool:http://127.0.0.1:4723 "POST /wd/hub/session HTTP/1.1" 200 924
DEBUG:selenium.webdriver.remote.remote_connection:Finished Request
DEBUG:selenium.webdriver.remote.remote_connection:POST http://127.0.0.1:4723/wd/hub/session/3c8c02d9-5a42-4256-bfcc-c19a574141fd/timeouts {"implicit": 60000}
DEBUG:urllib3.connectionpool:http://127.0.0.1:4723 "POST /wd/hub/session/3c8c02d9-5a42-4256-bfcc-c19a574141fd/timeouts HTTP/1.1" 200 14
DEBUG:selenium.webdriver.remote.remote_connection:Finished Request
DEBUG:parse:format 'I click on the Sign Up button' -> 'I click on the Sign Up button'
DEBUG:parse:format "I see I am on the 'Save Your Recovery Phrase' screen" -> "I see I am on the 'Save Your Recovery Phrase' screen"
DEBUG:parse:format 'I copy the recovery key' -> 'I copy the recovery key'
DEBUG:parse:format 'I click Continue' -> 'I click Continue'
DEBUG:parse:format "I see the 'Are you sure you saved your Recovery Phrase' screen" -> "I see the 'Are you sure you saved your Recovery Phrase' screen"
DEBUG:parse:format "I click on the 'Yes, I saved it' option" -> "I click on the 'Yes, I saved it' option"
DEBUG:parse:format 'I am on the Add/Create team start page' -> 'I am on the Add/Create team start page'
DEBUG:parse:format 'I am in the login screen' -> 'I am in the login screen'
DEBUG:parse:format 'I click the Log In button' -> 'I click the Log In button'
DEBUG:parse:format 'I am in the Team URl screen' -> 'I am in the Team URl screen'
DEBUG:parse:format 'I am in the Recovery Key screen' -> 'I am in the Recovery Key screen'
DEBUG:parse:format 'I write the recovery key' -> 'I write the recovery key'
DEBUG:parse:format 'I write the recovery key for bob' -> 'I write the recovery key for bob'
DEBUG:parse:format 'I am in the Welcome Screen' -> 'I am in the Welcome Screen'
DEBUG:parse:format 'I click on the Sign Up button' -> 'I click on the Sign Up button'
DEBUG:parse:format "I see I am on the 'Save Your Recovery Phrase' screen" -> "I see I am on the 'Save Your Recovery Phrase' screen"
DEBUG:parse:format 'I copy the recovery key' -> 'I copy the recovery key'
DEBUG:parse:format 'I click Continue' -> 'I click Continue'
DEBUG:parse:format "I see the 'Are you sure you saved your Recovery Phrase' screen" -> "I see the 'Are you sure you saved your Recovery Phrase' screen"
DEBUG:parse:format "I click on the 'Yes, I saved it' option" -> "I click on the 'Yes, I saved it' option"
DEBUG:parse:format 'I am on the Add/Create team start page' -> 'I am on the Add/Create team start page'
DEBUG:parse:format 'I am in the login screen' -> 'I am in the login screen'
DEBUG:parse:format 'I click the Log In button' -> 'I click the Log In button'
DEBUG:parse:format 'I am in the Team URl screen' -> 'I am in the Team URl screen'
DEBUG:parse:format 'I am in the Recovery Key screen' -> 'I am in the Recovery Key screen'
DEBUG:parse:format 'I write the recovery key' -> 'I write the recovery key'
DEBUG:parse:format 'I write the recovery key for bob' -> 'I write the recovery key for bob'
DEBUG:parse:format 'I am in the Welcome Screen' -> 'I am in the Welcome Screen'
DEBUG:parse:format 'I click on the Sign Up button' -> 'I click on the Sign Up button'
DEBUG:parse:format "I see I am on the 'Save Your Recovery Phrase' screen" -> "I see I am on the 'Save Your Recovery Phrase' screen"
DEBUG:parse:format 'I copy the recovery key' -> 'I copy the recovery key'
DEBUG:parse:format 'I click Continue' -> 'I click Continue'
DEBUG:parse:format "I see the 'Are you sure you saved your Recovery Phrase' screen" -> "I see the 'Are you sure you saved your Recovery Phrase' screen"
DEBUG:parse:format "I click on the 'Yes, I saved it' option" -> "I click on the 'Yes, I saved it' option"
DEBUG:parse:format 'I am on the Add/Create team start page' -> 'I am on the Add/Create team start page'
DEBUG:parse:format 'I am in the login screen' -> 'I am in the login screen'
DEBUG:parse:format 'I click the Log In button' -> 'I click the Log In button'
DEBUG:parse:format 'I am in the Team URl screen' -> 'I am in the Team URl screen'
DEBUG:parse:format 'I am in the Recovery Key screen' -> 'I am in the Recovery Key screen'
DEBUG:parse:format 'I write the recovery key' -> 'I write the recovery key'
DEBUG:parse:format 'I write the recovery key for bob' -> 'I write the recovery key for bob'
DEBUG:parse:format 'I am in the Welcome Screen' -> 'I am in the Welcome Screen'
DEBUG:selenium.webdriver.remote.remote_connection:POST http://127.0.0.1:4723/wd/hub/session {"capabilities": {"firstMatch": [{}], "alwaysMatch": {"platformName": "Android"}}, "desiredCapabilities": {"deviceName": "Android Emulator", "platformName": "Android", "app": "/Users/rodrigosanmiguel/Desktop/SpiderOak/testing-automation-mobile/tools/CrossClave.apk"}}
DEBUG:urllib3.connectionpool:Starting new HTTP connection (1): 127.0.0.1:4723
DEBUG:urllib3.connectionpool:http://127.0.0.1:4723 "POST /wd/hub/session HTTP/1.1" 200 924
DEBUG:selenium.webdriver.remote.remote_connection:Finished Request
DEBUG:selenium.webdriver.remote.remote_connection:POST http://127.0.0.1:4723/wd/hub/session/19854ab7-9b89-40ae-98e4-477af98a8156/timeouts {"implicit": 60000}
DEBUG:urllib3.connectionpool:Starting new HTTP connection (1): 127.0.0.1:4723
DEBUG:urllib3.connectionpool:http://127.0.0.1:4723 "POST /wd/hub/session/19854ab7-9b89-40ae-98e4-477af98a8156/timeouts HTTP/1.1" 200 14
DEBUG:selenium.webdriver.remote.remote_connection:Finished Request
DEBUG:parse:format 'I click on the Sign Up button' -> 'I click on the Sign Up button'
DEBUG:parse:format "I see I am on the 'Save Your Recovery Phrase' screen" -> "I see I am on the 'Save Your Recovery Phrase' screen"
DEBUG:parse:format 'I copy the recovery key' -> 'I copy the recovery key'
DEBUG:parse:format 'I click Continue' -> 'I click Continue'
DEBUG:parse:format "I see the 'Are you sure you saved your Recovery Phrase' screen" -> "I see the 'Are you sure you saved your Recovery Phrase' screen"
DEBUG:parse:format "I click on the 'Yes, I saved it' option" -> "I click on the 'Yes, I saved it' option"
DEBUG:parse:format 'I am on the Add/Create team start page' -> 'I am on the Add/Create team start page'
DEBUG:parse:format 'I am in the login screen' -> 'I am in the login screen'
DEBUG:parse:format 'I click the Log In button' -> 'I click the Log In button'
DEBUG:parse:format 'I am in the Team URl screen' -> 'I am in the Team URl screen'
DEBUG:parse:format 'I am in the Recovery Key screen' -> 'I am in the Recovery Key screen'
DEBUG:parse:format 'I write the recovery key' -> 'I write the recovery key'
DEBUG:parse:format 'I write the recovery key for bob' -> 'I write the recovery key for bob'
DEBUG:parse:format 'I am in the Welcome Screen' -> 'I am in the Welcome Screen'
DEBUG:parse:format 'I click on the Sign Up button' -> 'I click on the Sign Up button'
DEBUG:parse:format "I see I am on the 'Save Your Recovery Phrase' screen" -> "I see I am on the 'Save Your Recovery Phrase' screen"
DEBUG:parse:format 'I copy the recovery key' -> 'I copy the recovery key'
DEBUG:parse:format 'I click Continue' -> 'I click Continue'
DEBUG:parse:format "I see the 'Are you sure you saved your Recovery Phrase' screen" -> "I see the 'Are you sure you saved your Recovery Phrase' screen"
DEBUG:parse:format "I click on the 'Yes, I saved it' option" -> "I click on the 'Yes, I saved it' option"
DEBUG:parse:format 'I am on the Add/Create team start page' -> 'I am on the Add/Create team start page'
DEBUG:parse:format 'I am in the login screen' -> 'I am in the login screen'
DEBUG:parse:format 'I click the Log In button' -> 'I click the Log In button'
DEBUG:parse:format 'I am in the Team URl screen' -> 'I am in the Team URl screen'
DEBUG:parse:format 'I am in the Recovery Key screen' -> 'I am in the Recovery Key screen'
DEBUG:parse:format 'I write the recovery key' -> 'I write the recovery key'
DEBUG:parse:format 'I write the recovery key for bob' -> 'I write the recovery key for bob'
DEBUG:parse:format 'I am in the Welcome Screen' -> 'I am in the Welcome Screen'
DEBUG:parse:format 'I click on the Sign Up button' -> 'I click on the Sign Up button'
DEBUG:parse:format "I see I am on the 'Save Your Recovery Phrase' screen" -> "I see I am on the 'Save Your Recovery Phrase' screen"
DEBUG:parse:format 'I copy the recovery key' -> 'I copy the recovery key'
DEBUG:parse:format 'I click Continue' -> 'I click Continue'
DEBUG:parse:format "I see the 'Are you sure you saved your Recovery Phrase' screen" -> "I see the 'Are you sure you saved your Recovery Phrase' screen"
DEBUG:parse:format "I click on the 'Yes, I saved it' option" -> "I click on the 'Yes, I saved it' option"
DEBUG:parse:format 'I am on the Add/Create team start page' -> 'I am on the Add/Create team start page'
DEBUG:parse:format 'I am in the login screen' -> 'I am in the login screen'
DEBUG:parse:format 'I click the Log In button' -> 'I click the Log In button'
DEBUG:parse:format 'I am in the Team URl screen' -> 'I am in the Team URl screen'
DEBUG:parse:format 'I am in the Recovery Key screen' -> 'I am in the Recovery Key screen'
DEBUG:parse:format 'I write the recovery key' -> 'I write the recovery key'
DEBUG:parse:format 'I write the recovery key for bob' -> 'I write the recovery key for bob'
DEBUG:parse:format 'I am in the Welcome Screen' -> 'I am in the Welcome Screen'
DEBUG:parse:format 'I click on the Sign Up button' -> 'I click on the Sign Up button'
DEBUG:parse:format "I see I am on the 'Save Your Recovery Phrase' screen" -> "I see I am on the 'Save Your Recovery Phrase' screen"
DEBUG:parse:format 'I copy the recovery key' -> 'I copy the recovery key'
DEBUG:parse:format 'I click Continue' -> 'I click Continue'
DEBUG:parse:format "I see the 'Are you sure you saved your Recovery Phrase' screen" -> "I see the 'Are you sure you saved your Recovery Phrase' screen"
DEBUG:parse:format "I click on the 'Yes, I saved it' option" -> "I click on the 'Yes, I saved it' option"
DEBUG:parse:format 'I am on the Add/Create team start page' -> 'I am on the Add/Create team start page'
DEBUG:parse:format 'I am in the login screen' -> 'I am in the login screen'
DEBUG:parse:format 'I click the Log In button' -> 'I click the Log In button'
DEBUG:parse:format 'I am in the Team URl screen' -> 'I am in the Team URl screen'
DEBUG:parse:format 'I am in the Recovery Key screen' -> 'I am in the Recovery Key screen'
DEBUG:parse:format 'I write the recovery key' -> 'I write the recovery key'
DEBUG:parse:format 'I write the recovery key for bob' -> 'I write the recovery key for bob'
DEBUG:parse:format 'I am in the Welcome Screen' -> 'I am in the Welcome Screen'
DEBUG:parse:format 'I click on the Sign Up button' -> 'I click on the Sign Up button'
DEBUG:parse:format "I see I am on the 'Save Your Recovery Phrase' screen" -> "I see I am on the 'Save Your Recovery Phrase' screen"
DEBUG:parse:format 'I copy the recovery key' -> 'I copy the recovery key'
DEBUG:parse:format 'I click Continue' -> 'I click Continue'
DEBUG:parse:format "I see the 'Are you sure you saved your Recovery Phrase' screen" -> "I see the 'Are you sure you saved your Recovery Phrase' screen"
DEBUG:parse:format "I click on the 'Yes, I saved it' option" -> "I click on the 'Yes, I saved it' option"
DEBUG:parse:format 'I am on the Add/Create team start page' -> 'I am on the Add/Create team start page'
DEBUG:parse:format 'I am in the login screen' -> 'I am in the login screen'
DEBUG:parse:format 'I click the Log In button' -> 'I click the Log In button'
DEBUG:parse:format 'I am in the Team URl screen' -> 'I am in the Team URl screen'
DEBUG:parse:format 'I am in the Recovery Key screen' -> 'I am in the Recovery Key screen'
DEBUG:parse:format 'I write the recovery key' -> 'I write the recovery key'
DEBUG:parse:format 'I write the recovery key for bob' -> 'I write the recovery key for bob'
DEBUG:parse:format 'I am in the Welcome Screen' -> 'I am in the Welcome Screen'
DEBUG:parse:format 'I click on the Sign Up button' -> 'I click on the Sign Up button'
DEBUG:parse:format "I see I am on the 'Save Your Recovery Phrase' screen" -> "I see I am on the 'Save Your Recovery Phrase' screen"
DEBUG:parse:format 'I copy the recovery key' -> 'I copy the recovery key'
DEBUG:parse:format 'I click Continue' -> 'I click Continue'
DEBUG:parse:format "I see the 'Are you sure you saved your Recovery Phrase' screen" -> "I see the 'Are you sure you saved your Recovery Phrase' screen"
DEBUG:parse:format "I click on the 'Yes, I saved it' option" -> "I click on the 'Yes, I saved it' option"
DEBUG:parse:format 'I am on the Add/Create team start page' -> 'I am on the Add/Create team start page'
DEBUG:parse:format 'I am in the login screen' -> 'I am in the login screen'
DEBUG:parse:format 'I click the Log In button' -> 'I click the Log In button'
DEBUG:parse:format 'I am in the Team URl screen' -> 'I am in the Team URl screen'
DEBUG:parse:format 'I am in the Recovery Key screen' -> 'I am in the Recovery Key screen'
DEBUG:parse:format 'I write the recovery key' -> 'I write the recovery key'
DEBUG:parse:format 'I write the recovery key for bob' -> 'I write the recovery key for bob'
DEBUG:parse:format 'I am in the Welcome Screen' -> 'I am in the Welcome Screen'
DEBUG:selenium.webdriver.remote.remote_connection:POST http://127.0.0.1:4723/wd/hub/session {"capabilities": {"firstMatch": [{"appium:deviceName": "Android Emulator", "platformName": "Android", "appium:app": "/Users/rodrigosanmiguel/Desktop/SpiderOak/testing-automation-mobile/tools/CrossClave.apk"}]}, "desiredCapabilities": {"deviceName": "Android Emulator", "platformName": "Android", "app": "/Users/rodrigosanmiguel/Desktop/SpiderOak/testing-automation-mobile/tools/CrossClave.apk"}}
DEBUG:urllib3.connectionpool:Starting new HTTP connection (1): 127.0.0.1:4723
DEBUG:urllib3.connectionpool:http://127.0.0.1:4723 "POST /wd/hub/session HTTP/1.1" 200 924
DEBUG:selenium.webdriver.remote.remote_connection:Finished Request
DEBUG:selenium.webdriver.remote.remote_connection:POST http://127.0.0.1:4723/wd/hub/session/75309ee8-f0fd-4a19-b496-d607fc52e3f7/timeouts {"implicit": 60000}
DEBUG:urllib3.connectionpool:http://127.0.0.1:4723 "POST /wd/hub/session/75309ee8-f0fd-4a19-b496-d607fc52e3f7/timeouts HTTP/1.1" 200 14
DEBUG:selenium.webdriver.remote.remote_connection:Finished Request
DEBUG:parse:format 'I click on the Sign Up button' -> 'I click on the Sign Up button'
DEBUG:parse:format "I see I am on the 'Save Your Recovery Phrase' screen" -> "I see I am on the 'Save Your Recovery Phrase' screen"
DEBUG:parse:format 'I copy the recovery key' -> 'I copy the recovery key'
DEBUG:parse:format 'I click Continue' -> 'I click Continue'
DEBUG:parse:format "I see the 'Are you sure you saved your Recovery Phrase' screen" -> "I see the 'Are you sure you saved your Recovery Phrase' screen"
DEBUG:parse:format "I click on the 'Yes, I saved it' option" -> "I click on the 'Yes, I saved it' option"
DEBUG:parse:format 'I am on the Add/Create team start page' -> 'I am on the Add/Create team start page'
DEBUG:parse:format 'I am in the login screen' -> 'I am in the login screen'
DEBUG:parse:format 'I click the Log In button' -> 'I click the Log In button'
DEBUG:parse:format 'I am in the Team URl screen' -> 'I am in the Team URl screen'
DEBUG:parse:format 'I am in the Recovery Key screen' -> 'I am in the Recovery Key screen'
DEBUG:parse:format 'I write the recovery key' -> 'I write the recovery key'
DEBUG:parse:format 'I write the recovery key for bob' -> 'I write the recovery key for bob'
DEBUG:parse:format 'I am in the Welcome Screen' -> 'I am in the Welcome Screen'
DEBUG:selenium.webdriver.remote.remote_connection:POST http://127.0.0.1:4723/wd/hub/session {"capabilities": {"firstMatch": [{"appium:deviceName": "Android Emulator", "platformName": "Android", "appium:app": "/Users/rodrigosanmiguel/Desktop/SpiderOak/testing-automation-mobile/tools/CrossClave.apk"}]}, "desiredCapabilities": {"deviceName": "Android Emulator", "platformName": "Android", "app": "/Users/rodrigosanmiguel/Desktop/SpiderOak/testing-automation-mobile/tools/CrossClave.apk"}}
DEBUG:urllib3.connectionpool:Starting new HTTP connection (1): 127.0.0.1:4723
DEBUG:urllib3.connectionpool:http://127.0.0.1:4723 "POST /wd/hub/session HTTP/1.1" 200 924
DEBUG:selenium.webdriver.remote.remote_connection:Finished Request
DEBUG:selenium.webdriver.remote.remote_connection:POST http://127.0.0.1:4723/wd/hub/session/203fe044-6735-41e0-a7a9-23823b07a287/timeouts {"implicit": 60000}
DEBUG:urllib3.connectionpool:http://127.0.0.1:4723 "POST /wd/hub/session/203fe044-6735-41e0-a7a9-23823b07a287/timeouts HTTP/1.1" 200 14
DEBUG:selenium.webdriver.remote.remote_connection:Finished Request
DEBUG:parse:format 'I click on the Sign Up button' -> 'I click on the Sign Up button'
DEBUG:parse:format "I see I am on the 'Save Your Recovery Phrase' screen" -> "I see I am on the 'Save Your Recovery Phrase' screen"
DEBUG:parse:format 'I copy the recovery key' -> 'I copy the recovery key'
DEBUG:parse:format 'I click Continue' -> 'I click Continue'
DEBUG:parse:format "I see the 'Are you sure you saved your Recovery Phrase' screen" -> "I see the 'Are you sure you saved your Recovery Phrase' screen"
DEBUG:parse:format "I click on the 'Yes, I saved it' option" -> "I click on the 'Yes, I saved it' option"
DEBUG:parse:format 'I am on the Add/Create team start page' -> 'I am on the Add/Create team start page'
DEBUG:parse:format 'I am in the login screen' -> 'I am in the login screen'
DEBUG:parse:format 'I click the Log In button' -> 'I click the Log In button'
DEBUG:parse:format 'I am in the Team URl screen' -> 'I am in the Team URl screen'
DEBUG:parse:format 'I am in the Recovery Key screen' -> 'I am in the Recovery Key screen'
DEBUG:parse:format 'I write the recovery key' -> 'I write the recovery key'
DEBUG:parse:format 'I write the recovery key for bob' -> 'I write the recovery key for bob'
DEBUG:parse:format 'I am in the Welcome Screen' -> 'I am in the Welcome Screen'
DEBUG:selenium.webdriver.remote.remote_connection:POST http://127.0.0.1:4723/wd/hub/session {"capabilities": {"firstMatch": [{"appium:deviceName": "Android Emulator", "platformName": "Android", "appium:app": "/Users/rodrigosanmiguel/Desktop/SpiderOak/testing-automation-mobile/tools/CrossClave.apk"}]}, "desiredCapabilities": {"deviceName": "Android Emulator", "platformName": "Android", "app": "/Users/rodrigosanmiguel/Desktop/SpiderOak/testing-automation-mobile/tools/CrossClave.apk"}}
DEBUG:urllib3.connectionpool:Starting new HTTP connection (1): 127.0.0.1:4723
DEBUG:urllib3.connectionpool:http://127.0.0.1:4723 "POST /wd/hub/session HTTP/1.1" 200 924
DEBUG:selenium.webdriver.remote.remote_connection:Finished Request
DEBUG:selenium.webdriver.remote.remote_connection:POST http://127.0.0.1:4723/wd/hub/session/0ebbe9cc-d66c-4df1-aa1f-c0397314a581/timeouts {"implicit": 60000}
DEBUG:urllib3.connectionpool:http://127.0.0.1:4723 "POST /wd/hub/session/0ebbe9cc-d66c-4df1-aa1f-c0397314a581/timeouts HTTP/1.1" 200 14
DEBUG:selenium.webdriver.remote.remote_connection:Finished Request
DEBUG:parse:format 'I click on the Sign Up button' -> 'I click on the Sign Up button'
DEBUG:parse:format "I see I am on the 'Save Your Recovery Phrase' screen" -> "I see I am on the 'Save Your Recovery Phrase' screen"
DEBUG:parse:format 'I copy the recovery key' -> 'I copy the recovery key'
DEBUG:parse:format 'I click Continue' -> 'I click Continue'
DEBUG:parse:format "I see the 'Are you sure you saved your Recovery Phrase' screen" -> "I see the 'Are you sure you saved your Recovery Phrase' screen"
DEBUG:parse:format "I click on the 'Yes, I saved it' option" -> "I click on the 'Yes, I saved it' option"
DEBUG:parse:format 'I am on the Add/Create team start page' -> 'I am on the Add/Create team start page'
DEBUG:parse:format 'I am in the login screen' -> 'I am in the login screen'
DEBUG:parse:format 'I click the Log In button' -> 'I click the Log In button'
DEBUG:parse:format 'I am in the Team URl screen' -> 'I am in the Team URl screen'
DEBUG:parse:format 'I am in the Recovery Key screen' -> 'I am in the Recovery Key screen'
DEBUG:parse:format 'I write the recovery key' -> 'I write the recovery key'
DEBUG:parse:format 'I write the recovery key for bob' -> 'I write the recovery key for bob'
DEBUG:parse:format 'I am in the Welcome Screen' -> 'I am in the Welcome Screen'
DEBUG:selenium.webdriver.remote.remote_connection:POST http://127.0.0.1:4723/wd/hub/session {"capabilities": {"firstMatch": [{"appium:deviceName": "Android Emulator", "platformName": "Android", "appium:app": "/Users/rodrigosanmiguel/Desktop/SpiderOak/testing-automation-mobile/tools/CrossClave.apk"}]}, "desiredCapabilities": {"deviceName": "Android Emulator", "platformName": "Android", "app": "/Users/rodrigosanmiguel/Desktop/SpiderOak/testing-automation-mobile/tools/CrossClave.apk"}}
DEBUG:urllib3.connectionpool:Starting new HTTP connection (1): 127.0.0.1:4723
DEBUG:urllib3.connectionpool:http://127.0.0.1:4723 "POST /wd/hub/session HTTP/1.1" 200 924
DEBUG:selenium.webdriver.remote.remote_connection:Finished Request
DEBUG:selenium.webdriver.remote.remote_connection:POST http://127.0.0.1:4723/wd/hub/session/04652273-ce6c-4ef6-92d6-e3aa30da25ed/timeouts {"implicit": 60000}
DEBUG:urllib3.connectionpool:http://127.0.0.1:4723 "POST /wd/hub/session/04652273-ce6c-4ef6-92d6-e3aa30da25ed/timeouts HTTP/1.1" 200 14
DEBUG:selenium.webdriver.remote.remote_connection:Finished Request
DEBUG:parse:format 'I click on the Sign Up button' -> 'I click on the Sign Up button'
DEBUG:parse:format "I see I am on the 'Save Your Recovery Phrase' screen" -> "I see I am on the 'Save Your Recovery Phrase' screen"
DEBUG:parse:format 'I copy the recovery key' -> 'I copy the recovery key'
DEBUG:parse:format 'I click Continue' -> 'I click Continue'
DEBUG:parse:format "I see the 'Are you sure you saved your Recovery Phrase' screen" -> "I see the 'Are you sure you saved your Recovery Phrase' screen"
DEBUG:parse:format "I click on the 'Yes, I saved it' option" -> "I click on the 'Yes, I saved it' option"
DEBUG:parse:format 'I am on the Add/Create team start page' -> 'I am on the Add/Create team start page'
DEBUG:parse:format 'I am in the login screen' -> 'I am in the login screen'
DEBUG:parse:format 'I click the Log In button' -> 'I click the Log In button'
DEBUG:parse:format 'I am in the Team URl screen' -> 'I am in the Team URl screen'
DEBUG:parse:format 'I am in the Recovery Key screen' -> 'I am in the Recovery Key screen'
DEBUG:parse:format 'I write the recovery key' -> 'I write the recovery key'
DEBUG:parse:format 'I write the recovery key for bob' -> 'I write the recovery key for bob'
DEBUG:parse:format 'I am in the Welcome Screen' -> 'I am in the Welcome Screen'
DEBUG:selenium.webdriver.remote.remote_connection:POST http://127.0.0.1:4723/wd/hub/session {"capabilities": {"firstMatch": [{"appium:deviceName": "Android Emulator", "platformName": "Android", "appium:app": "/Users/rodrigosanmiguel/Desktop/SpiderOak/testing-automation-mobile/tools/CrossClave.apk"}]}, "desiredCapabilities": {"deviceName": "Android Emulator", "platformName": "Android", "app": "/Users/rodrigosanmiguel/Desktop/SpiderOak/testing-automation-mobile/tools/CrossClave.apk"}}
DEBUG:urllib3.connectionpool:Starting new HTTP connection (1): 127.0.0.1:4723
DEBUG:urllib3.connectionpool:http://127.0.0.1:4723 "POST /wd/hub/session HTTP/1.1" 200 924
DEBUG:selenium.webdriver.remote.remote_connection:Finished Request
DEBUG:selenium.webdriver.remote.remote_connection:POST http://127.0.0.1:4723/wd/hub/session/92a1406f-b904-4ac2-9bd9-8db334f2d1ab/timeouts {"implicit": 60000}
DEBUG:urllib3.connectionpool:http://127.0.0.1:4723 "POST /wd/hub/session/92a1406f-b904-4ac2-9bd9-8db334f2d1ab/timeouts HTTP/1.1" 200 14
DEBUG:selenium.webdriver.remote.remote_connection:Finished Request
DEBUG:parse:format 'I click on the Sign Up button' -> 'I click on the Sign Up button'
DEBUG:parse:format "I see I am on the 'Save Your Recovery Phrase' screen" -> "I see I am on the 'Save Your Recovery Phrase' screen"
DEBUG:parse:format 'I copy the recovery key' -> 'I copy the recovery key'
DEBUG:parse:format 'I click Continue' -> 'I click Continue'
DEBUG:parse:format "I see the 'Are you sure you saved your Recovery Phrase' screen" -> "I see the 'Are you sure you saved your Recovery Phrase' screen"
DEBUG:parse:format "I click on the 'Yes, I saved it' option" -> "I click on the 'Yes, I saved it' option"
DEBUG:parse:format 'I am on the Add/Create team start page' -> 'I am on the Add/Create team start page'
DEBUG:parse:format 'I am in the login screen' -> 'I am in the login screen'
DEBUG:parse:format 'I click the Log In button' -> 'I click the Log In button'
DEBUG:parse:format 'I am in the Team URl screen' -> 'I am in the Team URl screen'
DEBUG:parse:format 'I am in the Recovery Key screen' -> 'I am in the Recovery Key screen'
DEBUG:parse:format 'I write the recovery key' -> 'I write the recovery key'
DEBUG:parse:format 'I write the recovery key for bob' -> 'I write the recovery key for bob'
DEBUG:parse:format 'I am in the Welcome Screen' -> 'I am in the Welcome Screen'
DEBUG:selenium.webdriver.remote.remote_connection:POST http://127.0.0.1:4723/wd/hub/session {"capabilities": {"firstMatch": [{"appium:deviceName": "Android Emulator", "platformName": "Android", "appium:app": "/Users/rodrigosanmiguel/Desktop/SpiderOak/testing-automation-mobile/tools/CrossClave.apk"}]}, "desiredCapabilities": {"deviceName": "Android Emulator", "platformName": "Android", "app": "/Users/rodrigosanmiguel/Desktop/SpiderOak/testing-automation-mobile/tools/CrossClave.apk"}}
DEBUG:urllib3.connectionpool:Starting new HTTP connection (1): 127.0.0.1:4723
DEBUG:urllib3.connectionpool:http://127.0.0.1:4723 "POST /wd/hub/session HTTP/1.1" 200 924
DEBUG:selenium.webdriver.remote.remote_connection:Finished Request
DEBUG:selenium.webdriver.remote.remote_connection:POST http://127.0.0.1:4723/wd/hub/session/11e2879f-1abd-4cfd-b8a5-da6ad9070fd5/timeouts {"implicit": 60000}
DEBUG:urllib3.connectionpool:http://127.0.0.1:4723 "POST /wd/hub/session/11e2879f-1abd-4cfd-b8a5-da6ad9070fd5/timeouts HTTP/1.1" 200 14
DEBUG:selenium.webdriver.remote.remote_connection:Finished Request
DEBUG:parse:format 'I click on the Sign Up button' -> 'I click on the Sign Up button'
DEBUG:parse:format "I see I am on the 'Save Your Recovery Phrase' screen" -> "I see I am on the 'Save Your Recovery Phrase' screen"
DEBUG:parse:format 'I copy the recovery key' -> 'I copy the recovery key'
DEBUG:parse:format 'I click Continue' -> 'I click Continue'
DEBUG:parse:format "I see the 'Are you sure you saved your Recovery Phrase' screen" -> "I see the 'Are you sure you saved your Recovery Phrase' screen"
DEBUG:parse:format "I click on the 'Yes, I saved it' option" -> "I click on the 'Yes, I saved it' option"
DEBUG:parse:format 'I am on the Add/Create team start page' -> 'I am on the Add/Create team start page'
DEBUG:parse:format 'I am in the login screen' -> 'I am in the login screen'
DEBUG:parse:format 'I click the Log In button' -> 'I click the Log In button'
DEBUG:parse:format 'I am in the Team URl screen' -> 'I am in the Team URl screen'
DEBUG:parse:format 'I am in the Recovery Key screen' -> 'I am in the Recovery Key screen'
DEBUG:parse:format 'I write the recovery key' -> 'I write the recovery key'
DEBUG:parse:format 'I write the recovery key for bob' -> 'I write the recovery key for bob'
DEBUG:parse:format 'I am in the Welcome Screen' -> 'I am in the Welcome Screen'
DEBUG:selenium.webdriver.remote.remote_connection:POST http://127.0.0.1:4723/wd/hub/session {"capabilities": {"firstMatch": [{"appium:deviceName": "Android Emulator", "platformName": "Android", "appium:app": "/Users/rodrigosanmiguel/Desktop/SpiderOak/testing-automation-mobile/tools/CrossClave.apk"}]}, "desiredCapabilities": {"deviceName": "Android Emulator", "platformName": "Android", "app": "/Users/rodrigosanmiguel/Desktop/SpiderOak/testing-automation-mobile/tools/CrossClave.apk"}}
DEBUG:urllib3.connectionpool:Starting new HTTP connection (1): 127.0.0.1:4723
DEBUG:urllib3.connectionpool:http://127.0.0.1:4723 "POST /wd/hub/session HTTP/1.1" 200 924
DEBUG:selenium.webdriver.remote.remote_connection:Finished Request
DEBUG:selenium.webdriver.remote.remote_connection:POST http://127.0.0.1:4723/wd/hub/session/3e580df7-aab7-46a6-bd2b-98626f33d8c4/timeouts {"implicit": 60000}
DEBUG:urllib3.connectionpool:http://127.0.0.1:4723 "POST /wd/hub/session/3e580df7-aab7-46a6-bd2b-98626f33d8c4/timeouts HTTP/1.1" 200 14
DEBUG:selenium.webdriver.remote.remote_connection:Finished Request
DEBUG:parse:format 'I click on the Sign Up button' -> 'I click on the Sign Up button'
DEBUG:parse:format "I see I am on the 'Save Your Recovery Phrase' screen" -> "I see I am on the 'Save Your Recovery Phrase' screen"
DEBUG:parse:format 'I copy the recovery key' -> 'I copy the recovery key'
DEBUG:parse:format 'I click Continue' -> 'I click Continue'
DEBUG:parse:format "I see the 'Are you sure you saved your Recovery Phrase' screen" -> "I see the 'Are you sure you saved your Recovery Phrase' screen"
DEBUG:parse:format "I click on the 'Yes, I saved it' option" -> "I click on the 'Yes, I saved it' option"
DEBUG:parse:format 'I am on the Add/Create team start page' -> 'I am on the Add/Create team start page'
DEBUG:parse:format 'I am in the login screen' -> 'I am in the login screen'
DEBUG:parse:format 'I click the Log In button' -> 'I click the Log In button'
DEBUG:parse:format 'I am in the Team URl screen' -> 'I am in the Team URl screen'
DEBUG:parse:format 'I am in the Recovery Key screen' -> 'I am in the Recovery Key screen'
DEBUG:parse:format 'I write the recovery key' -> 'I write the recovery key'
DEBUG:parse:format 'I write the recovery key for bob' -> 'I write the recovery key for bob'
DEBUG:parse:format 'I am in the Welcome Screen' -> 'I am in the Welcome Screen'
DEBUG:selenium.webdriver.remote.remote_connection:POST http://127.0.0.1:4723/wd/hub/session {"capabilities": {"firstMatch": [{"appium:deviceName": "Android Emulator", "platformName": "Android", "appium:app": "/Users/rodrigosanmiguel/Desktop/SpiderOak/testing-automation-mobile/tools/CrossClave.apk"}]}, "desiredCapabilities": {"deviceName": "Android Emulator", "platformName": "Android", "app": "/Users/rodrigosanmiguel/Desktop/SpiderOak/testing-automation-mobile/tools/CrossClave.apk"}}
DEBUG:urllib3.connectionpool:Starting new HTTP connection (1): 127.0.0.1:4723
DEBUG:urllib3.connectionpool:http://127.0.0.1:4723 "POST /wd/hub/session HTTP/1.1" 200 924
DEBUG:selenium.webdriver.remote.remote_connection:Finished Request
DEBUG:selenium.webdriver.remote.remote_connection:POST http://127.0.0.1:4723/wd/hub/session/00e459a7-7183-464c-8cab-c0aa8c764508/timeouts {"implicit": 60000}
DEBUG:urllib3.connectionpool:http://127.0.0.1:4723 "POST /wd/hub/session/00e459a7-7183-464c-8cab-c0aa8c764508/timeouts HTTP/1.1" 200 14
DEBUG:selenium.webdriver.remote.remote_connection:Finished Request
DEBUG:parse:format 'I click on the Sign Up button' -> 'I click on the Sign Up button'
DEBUG:parse:format "I see I am on the 'Save Your Recovery Phrase' screen" -> "I see I am on the 'Save Your Recovery Phrase' screen"
DEBUG:parse:format 'I copy the recovery key' -> 'I copy the recovery key'
DEBUG:parse:format 'I click Continue' -> 'I click Continue'
DEBUG:parse:format "I see the 'Are you sure you saved your Recovery Phrase' screen" -> "I see the 'Are you sure you saved your Recovery Phrase' screen"
DEBUG:parse:format "I click on the 'Yes, I saved it' option" -> "I click on the 'Yes, I saved it' option"
DEBUG:parse:format 'I am on the Add/Create team start page' -> 'I am on the Add/Create team start page'
DEBUG:parse:format 'I am in the login screen' -> 'I am in the login screen'
DEBUG:parse:format 'I click the Log In button' -> 'I click the Log In button'
DEBUG:parse:format 'I am in the Team URl screen' -> 'I am in the Team URl screen'
DEBUG:parse:format 'I am in the Recovery Key screen' -> 'I am in the Recovery Key screen'
DEBUG:parse:format 'I write the recovery key' -> 'I write the recovery key'
DEBUG:parse:format 'I write the recovery key for bob' -> 'I write the recovery key for bob'
DEBUG:parse:format 'I am in the Welcome Screen' -> 'I am in the Welcome Screen'
DEBUG:selenium.webdriver.remote.remote_connection:POST http://127.0.0.1:4723/wd/hub/session {"capabilities": {"firstMatch": [{"appium:deviceName": "Android Emulator", "platformName": "Android", "appium:app": "/Users/rodrigosanmiguel/Desktop/SpiderOak/testing-automation-mobile/tools/CrossClave.apk"}]}, "desiredCapabilities": {"deviceName": "Android Emulator", "platformName": "Android", "app": "/Users/rodrigosanmiguel/Desktop/SpiderOak/testing-automation-mobile/tools/CrossClave.apk"}}
DEBUG:urllib3.connectionpool:Starting new HTTP connection (1): 127.0.0.1:4723
DEBUG:urllib3.connectionpool:http://127.0.0.1:4723 "POST /wd/hub/session HTTP/1.1" 200 924
DEBUG:selenium.webdriver.remote.remote_connection:Finished Request
DEBUG:selenium.webdriver.remote.remote_connection:POST http://127.0.0.1:4723/wd/hub/session/47c6faa3-13b5-4ca5-8f2d-d0ee9e2ac593/timeouts {"implicit": 60000}
DEBUG:urllib3.connectionpool:http://127.0.0.1:4723 "POST /wd/hub/session/47c6faa3-13b5-4ca5-8f2d-d0ee9e2ac593/timeouts HTTP/1.1" 200 14
DEBUG:selenium.webdriver.remote.remote_connection:Finished Request
DEBUG:parse:format 'I click on the Sign Up button' -> 'I click on the Sign Up button'
DEBUG:parse:format "I see I am on the 'Save Your Recovery Phrase' screen" -> "I see I am on the 'Save Your Recovery Phrase' screen"
DEBUG:parse:format 'I copy the recovery key' -> 'I copy the recovery key'
DEBUG:parse:format 'I click Continue' -> 'I click Continue'
DEBUG:parse:format "I see the 'Are you sure you saved your Recovery Phrase' screen" -> "I see the 'Are you sure you saved your Recovery Phrase' screen"
DEBUG:parse:format "I click on the 'Yes, I saved it' option" -> "I click on the 'Yes, I saved it' option"
DEBUG:parse:format 'I am on the Add/Create team start page' -> 'I am on the Add/Create team start page'
DEBUG:parse:format 'I am in the login screen' -> 'I am in the login screen'
DEBUG:parse:format 'I click the Log In button' -> 'I click the Log In button'
DEBUG:parse:format 'I am in the Team URl screen' -> 'I am in the Team URl screen'
DEBUG:parse:format 'I am in the Recovery Key screen' -> 'I am in the Recovery Key screen'
DEBUG:parse:format 'I write the recovery key' -> 'I write the recovery key'
DEBUG:parse:format 'I write the recovery key for bob' -> 'I write the recovery key for bob'
DEBUG:parse:format 'I am in the Welcome Screen' -> 'I am in the Welcome Screen'
DEBUG:selenium.webdriver.remote.remote_connection:POST http://127.0.0.1:4723/wd/hub/session {"capabilities": {"firstMatch": [{"appium:deviceName": "Android Emulator", "platformName": "Android", "appium:app": "/Users/rodrigosanmiguel/Desktop/SpiderOak/testing-automation-mobile/tools/CrossClave.apk"}]}, "desiredCapabilities": {"deviceName": "Android Emulator", "platformName": "Android", "app": "/Users/rodrigosanmiguel/Desktop/SpiderOak/testing-automation-mobile/tools/CrossClave.apk"}}
DEBUG:urllib3.connectionpool:Starting new HTTP connection (1): 127.0.0.1:4723
DEBUG:urllib3.connectionpool:http://127.0.0.1:4723 "POST /wd/hub/session HTTP/1.1" 200 924
DEBUG:selenium.webdriver.remote.remote_connection:Finished Request
DEBUG:selenium.webdriver.remote.remote_connection:POST http://127.0.0.1:4723/wd/hub/session/e5c1d27d-7098-4bdf-a638-b793c3a48cd1/timeouts {"implicit": 60000}
DEBUG:urllib3.connectionpool:http://127.0.0.1:4723 "POST /wd/hub/session/e5c1d27d-7098-4bdf-a638-b793c3a48cd1/timeouts HTTP/1.1" 200 14
DEBUG:selenium.webdriver.remote.remote_connection:Finished Request
DEBUG:parse:format 'I click on the Sign Up button' -> 'I click on the Sign Up button'
DEBUG:parse:format "I see I am on the 'Save Your Recovery Phrase' screen" -> "I see I am on the 'Save Your Recovery Phrase' screen"
DEBUG:parse:format 'I copy the recovery key' -> 'I copy the recovery key'
DEBUG:parse:format 'I click Continue' -> 'I click Continue'
DEBUG:parse:format "I see the 'Are you sure you saved your Recovery Phrase' screen" -> "I see the 'Are you sure you saved your Recovery Phrase' screen"
DEBUG:parse:format "I click on the 'Yes, I saved it' option" -> "I click on the 'Yes, I saved it' option"
DEBUG:parse:format 'I am on the Add/Create team start page' -> 'I am on the Add/Create team start page'
DEBUG:parse:format 'I am in the login screen' -> 'I am in the login screen'
DEBUG:parse:format 'I click the Log In button' -> 'I click the Log In button'
DEBUG:parse:format 'I am in the Team URl screen' -> 'I am in the Team URl screen'
DEBUG:parse:format 'I am in the Recovery Key screen' -> 'I am in the Recovery Key screen'
DEBUG:parse:format 'I write the recovery key' -> 'I write the recovery key'
DEBUG:parse:format 'I write the recovery key for bob' -> 'I write the recovery key for bob'
DEBUG:parse:format 'I am in the Welcome Screen' -> 'I am in the Welcome Screen'
DEBUG:selenium.webdriver.remote.remote_connection:POST http://127.0.0.1:4723/wd/hub/session {"capabilities": {"firstMatch": [{"appium:deviceName": "Android Emulator", "platformName": "Android", "appium:app": "/Users/rodrigosanmiguel/Desktop/SpiderOak/testing-automation-mobile/tools/CrossClave.apk"}]}, "desiredCapabilities": {"deviceName": "Android Emulator", "platformName": "Android", "app": "/Users/rodrigosanmiguel/Desktop/SpiderOak/testing-automation-mobile/tools/CrossClave.apk"}}
DEBUG:urllib3.connectionpool:Starting new HTTP connection (1): 127.0.0.1:4723
DEBUG:urllib3.connectionpool:http://127.0.0.1:4723 "POST /wd/hub/session HTTP/1.1" 200 924
DEBUG:selenium.webdriver.remote.remote_connection:Finished Request
DEBUG:selenium.webdriver.remote.remote_connection:POST http://127.0.0.1:4723/wd/hub/session/9b0c0d47-029c-49e2-8e80-920cfb845ead/timeouts {"implicit": 60000}
DEBUG:urllib3.connectionpool:http://127.0.0.1:4723 "POST /wd/hub/session/9b0c0d47-029c-49e2-8e80-920cfb845ead/timeouts HTTP/1.1" 200 14
DEBUG:selenium.webdriver.remote.remote_connection:Finished Request
DEBUG:parse:format 'I click on the Sign Up button' -> 'I click on the Sign Up button'
DEBUG:parse:format "I see I am on the 'Save Your Recovery Phrase' screen" -> "I see I am on the 'Save Your Recovery Phrase' screen"
DEBUG:parse:format 'I copy the recovery key' -> 'I copy the recovery key'
DEBUG:parse:format 'I click Continue' -> 'I click Continue'
DEBUG:parse:format "I see the 'Are you sure you saved your Recovery Phrase' screen" -> "I see the 'Are you sure you saved your Recovery Phrase' screen"
DEBUG:parse:format "I click on the 'Yes, I saved it' option" -> "I click on the 'Yes, I saved it' option"
DEBUG:parse:format 'I am on the Add/Create team start page' -> 'I am on the Add/Create team start page'
DEBUG:parse:format 'I am in the login screen' -> 'I am in the login screen'
DEBUG:parse:format 'I click the Log In button' -> 'I click the Log In button'
DEBUG:parse:format 'I am in the Team URl screen' -> 'I am in the Team URl screen'
DEBUG:parse:format 'I am in the Recovery Key screen' -> 'I am in the Recovery Key screen'
DEBUG:parse:format 'I write the recovery key' -> 'I write the recovery key'
DEBUG:parse:format 'I write the recovery key for bob' -> 'I write the recovery key for bob'
DEBUG:parse:format 'I am in the Welcome Screen' -> 'I am in the Welcome Screen'
DEBUG:selenium.webdriver.remote.remote_connection:POST http://127.0.0.1:4723/wd/hub/session {"capabilities": {"firstMatch": [{"appium:deviceName": "Android Emulator", "platformName": "Android", "appium:app": "/Users/rodrigosanmiguel/Desktop/SpiderOak/testing-automation-mobile/tools/CrossClave.apk"}]}, "desiredCapabilities": {"deviceName": "Android Emulator", "platformName": "Android", "app": "/Users/rodrigosanmiguel/Desktop/SpiderOak/testing-automation-mobile/tools/CrossClave.apk"}}
DEBUG:urllib3.connectionpool:Starting new HTTP connection (1): 127.0.0.1:4723
DEBUG:urllib3.connectionpool:http://127.0.0.1:4723 "POST /wd/hub/session HTTP/1.1" 200 924
DEBUG:selenium.webdriver.remote.remote_connection:Finished Request
DEBUG:selenium.webdriver.remote.remote_connection:POST http://127.0.0.1:4723/wd/hub/session/019bd3bb-c5ac-4ab9-8d61-96129fe61924/timeouts {"implicit": 60000}
DEBUG:urllib3.connectionpool:http://127.0.0.1:4723 "POST /wd/hub/session/019bd3bb-c5ac-4ab9-8d61-96129fe61924/timeouts HTTP/1.1" 200 14
DEBUG:selenium.webdriver.remote.remote_connection:Finished Request
DEBUG:parse:format 'I click on the Sign Up button' -> 'I click on the Sign Up button'
DEBUG:parse:format "I see I am on the 'Save Your Recovery Phrase' screen" -> "I see I am on the 'Save Your Recovery Phrase' screen"
DEBUG:parse:format 'I copy the recovery key' -> 'I copy the recovery key'
DEBUG:parse:format 'I click Continue' -> 'I click Continue'
DEBUG:parse:format "I see the 'Are you sure you saved your Recovery Phrase' screen" -> "I see the 'Are you sure you saved your Recovery Phrase' screen"
DEBUG:parse:format "I click on the 'Yes, I saved it' option" -> "I click on the 'Yes, I saved it' option"
DEBUG:parse:format 'I am on the Add/Create team start page' -> 'I am on the Add/Create team start page'
DEBUG:parse:format 'I am in the login screen' -> 'I am in the login screen'
DEBUG:parse:format 'I click the Log In button' -> 'I click the Log In button'
DEBUG:parse:format 'I am in the Team URl screen' -> 'I am in the Team URl screen'
DEBUG:parse:format 'I am in the Recovery Key screen' -> 'I am in the Recovery Key screen'
DEBUG:parse:format 'I write the recovery key' -> 'I write the recovery key'
DEBUG:parse:format 'I write the recovery key for bob' -> 'I write the recovery key for bob'
DEBUG:parse:format 'I am in the Welcome Screen' -> 'I am in the Welcome Screen'
DEBUG:selenium.webdriver.remote.remote_connection:POST http://127.0.0.1:4723/wd/hub/session {"capabilities": {"firstMatch": [{"appium:deviceName": "Android Emulator", "platformName": "Android", "appium:app": "/Users/rodrigosanmiguel/Desktop/SpiderOak/testing-automation-mobile/tools/CrossClave.apk"}]}, "desiredCapabilities": {"deviceName": "Android Emulator", "platformName": "Android", "app": "/Users/rodrigosanmiguel/Desktop/SpiderOak/testing-automation-mobile/tools/CrossClave.apk"}}
DEBUG:urllib3.connectionpool:Starting new HTTP connection (1): 127.0.0.1:4723
DEBUG:urllib3.connectionpool:http://127.0.0.1:4723 "POST /wd/hub/session HTTP/1.1" 200 924
DEBUG:selenium.webdriver.remote.remote_connection:Finished Request
DEBUG:selenium.webdriver.remote.remote_connection:POST http://127.0.0.1:4723/wd/hub/session/3e13bdaa-a440-46dc-b32e-ccae95e3471f/timeouts {"implicit": 60000}
DEBUG:urllib3.connectionpool:http://127.0.0.1:4723 "POST /wd/hub/session/3e13bdaa-a440-46dc-b32e-ccae95e3471f/timeouts HTTP/1.1" 200 14
DEBUG:selenium.webdriver.remote.remote_connection:Finished Request
DEBUG:parse:format 'I click on the Sign Up button' -> 'I click on the Sign Up button'
DEBUG:parse:format "I see I am on the 'Save Your Recovery Phrase' screen" -> "I see I am on the 'Save Your Recovery Phrase' screen"
DEBUG:parse:format 'I copy the recovery key' -> 'I copy the recovery key'
DEBUG:parse:format 'I click Continue' -> 'I click Continue'
DEBUG:parse:format "I see the 'Are you sure you saved your Recovery Phrase' screen" -> "I see the 'Are you sure you saved your Recovery Phrase' screen"
DEBUG:parse:format "I click on the 'Yes, I saved it' option" -> "I click on the 'Yes, I saved it' option"
DEBUG:parse:format 'I am on the Add/Create team start page' -> 'I am on the Add/Create team start page'
DEBUG:parse:format 'I am in the login screen' -> 'I am in the login screen'
DEBUG:parse:format 'I click the Log In button' -> 'I click the Log In button'
DEBUG:parse:format 'I am in the Team URl screen' -> 'I am in the Team URl screen'
DEBUG:parse:format 'I am in the Recovery Key screen' -> 'I am in the Recovery Key screen'
DEBUG:parse:format 'I write the recovery key' -> 'I write the recovery key'
DEBUG:parse:format 'I write the recovery key for bob' -> 'I write the recovery key for bob'
DEBUG:parse:format 'I am in the Welcome Screen' -> 'I am in the Welcome Screen'
DEBUG:selenium.webdriver.remote.remote_connection:POST http://127.0.0.1:4723/wd/hub/session {"capabilities": {"firstMatch": [{"appium:deviceName": "Android Emulator", "platformName": "Android", "appium:app": "/Users/rodrigosanmiguel/Desktop/SpiderOak/testing-automation-mobile/tools/CrossClave.apk"}]}, "desiredCapabilities": {"deviceName": "Android Emulator", "platformName": "Android", "app": "/Users/rodrigosanmiguel/Desktop/SpiderOak/testing-automation-mobile/tools/CrossClave.apk"}}
DEBUG:urllib3.connectionpool:Starting new HTTP connection (1): 127.0.0.1:4723
DEBUG:urllib3.connectionpool:http://127.0.0.1:4723 "POST /wd/hub/session HTTP/1.1" 200 924
DEBUG:selenium.webdriver.remote.remote_connection:Finished Request
DEBUG:selenium.webdriver.remote.remote_connection:POST http://127.0.0.1:4723/wd/hub/session/72587918-169a-4ff8-9f0a-4ce81d1ab782/timeouts {"implicit": 60000}
DEBUG:urllib3.connectionpool:http://127.0.0.1:4723 "POST /wd/hub/session/72587918-169a-4ff8-9f0a-4ce81d1ab782/timeouts HTTP/1.1" 200 14
DEBUG:selenium.webdriver.remote.remote_connection:Finished Request
DEBUG:parse:format 'I click on the Sign Up button' -> 'I click on the Sign Up button'
DEBUG:parse:format "I see I am on the 'Save Your Recovery Phrase' screen" -> "I see I am on the 'Save Your Recovery Phrase' screen"
DEBUG:parse:format 'I copy the recovery key' -> 'I copy the recovery key'
DEBUG:parse:format 'I click Continue' -> 'I click Continue'
DEBUG:parse:format "I see the 'Are you sure you saved your Recovery Phrase' screen" -> "I see the 'Are you sure you saved your Recovery Phrase' screen"
DEBUG:parse:format "I click on the 'Yes, I saved it' option" -> "I click on the 'Yes, I saved it' option"
DEBUG:parse:format 'I am on the Add/Create team start page' -> 'I am on the Add/Create team start page'
DEBUG:parse:format 'I am in the login screen' -> 'I am in the login screen'
DEBUG:parse:format 'I click the Log In button' -> 'I click the Log In button'
DEBUG:parse:format 'I am in the Team URl screen' -> 'I am in the Team URl screen'
DEBUG:parse:format 'I am in the Recovery Key screen' -> 'I am in the Recovery Key screen'
DEBUG:parse:format 'I write the recovery key' -> 'I write the recovery key'
DEBUG:parse:format 'I write the recovery key for bob' -> 'I write the recovery key for bob'
DEBUG:parse:format 'I am in the Welcome Screen' -> 'I am in the Welcome Screen'
DEBUG:selenium.webdriver.remote.remote_connection:POST http://127.0.0.1:4723/wd/hub/session {"capabilities": {"firstMatch": [{"appium:deviceName": "Android Emulator", "platformName": "Android", "appium:app": "/Users/rodrigosanmiguel/Desktop/SpiderOak/testing-automation-mobile/tools/CrossClave.apk"}]}, "desiredCapabilities": {"deviceName": "Android Emulator", "platformName": "Android", "app": "/Users/rodrigosanmiguel/Desktop/SpiderOak/testing-automation-mobile/tools/CrossClave.apk"}}
DEBUG:urllib3.connectionpool:Starting new HTTP connection (1): 127.0.0.1:4723
DEBUG:urllib3.connectionpool:http://127.0.0.1:4723 "POST /wd/hub/session HTTP/1.1" 200 924
DEBUG:selenium.webdriver.remote.remote_connection:Finished Request
DEBUG:selenium.webdriver.remote.remote_connection:POST http://127.0.0.1:4723/wd/hub/session/0fab20e3-b98b-4a7a-97fb-df9e04f96cef/timeouts {"implicit": 60000}
DEBUG:urllib3.connectionpool:http://127.0.0.1:4723 "POST /wd/hub/session/0fab20e3-b98b-4a7a-97fb-df9e04f96cef/timeouts HTTP/1.1" 200 14
DEBUG:selenium.webdriver.remote.remote_connection:Finished Request
DEBUG:parse:format 'I click on the Sign Up button' -> 'I click on the Sign Up button'
DEBUG:parse:format "I see I am on the 'Save Your Recovery Phrase' screen" -> "I see I am on the 'Save Your Recovery Phrase' screen"
DEBUG:parse:format 'I copy the recovery key' -> 'I copy the recovery key'
DEBUG:parse:format 'I click Continue' -> 'I click Continue'
DEBUG:parse:format "I see the 'Are you sure you saved your Recovery Phrase' screen" -> "I see the 'Are you sure you saved your Recovery Phrase' screen"
DEBUG:parse:format "I click on the 'Yes, I saved it' option" -> "I click on the 'Yes, I saved it' option"
DEBUG:parse:format 'I am on the Add/Create team start page' -> 'I am on the Add/Create team start page'
DEBUG:parse:format 'I am in the login screen' -> 'I am in the login screen'
DEBUG:parse:format 'I click the Log In button' -> 'I click the Log In button'
DEBUG:parse:format 'I am in the Team URl screen' -> 'I am in the Team URl screen'
DEBUG:parse:format 'I am in the Recovery Key screen' -> 'I am in the Recovery Key screen'
DEBUG:parse:format 'I write the recovery key' -> 'I write the recovery key'
DEBUG:parse:format 'I write the recovery key for bob' -> 'I write the recovery key for bob'
DEBUG:parse:format 'I am in the Welcome Screen' -> 'I am in the Welcome Screen'
DEBUG:selenium.webdriver.remote.remote_connection:POST http://127.0.0.1:4723/wd/hub/session {"capabilities": {"firstMatch": [{"appium:deviceName": "Android Emulator", "platformName": "Android", "appium:app": "/Users/rodrigosanmiguel/Desktop/SpiderOak/testing-automation-mobile/tools/CrossClave.apk"}]}, "desiredCapabilities": {"deviceName": "Android Emulator", "platformName": "Android", "app": "/Users/rodrigosanmiguel/Desktop/SpiderOak/testing-automation-mobile/tools/CrossClave.apk"}}
DEBUG:urllib3.connectionpool:Starting new HTTP connection (1): 127.0.0.1:4723
DEBUG:urllib3.connectionpool:http://127.0.0.1:4723 "POST /wd/hub/session HTTP/1.1" 200 924
DEBUG:selenium.webdriver.remote.remote_connection:Finished Request
DEBUG:selenium.webdriver.remote.remote_connection:POST http://127.0.0.1:4723/wd/hub/session/2d1fb221-b68a-4280-8a0f-839ba2cfd7b6/timeouts {"implicit": 60000}
DEBUG:urllib3.connectionpool:http://127.0.0.1:4723 "POST /wd/hub/session/2d1fb221-b68a-4280-8a0f-839ba2cfd7b6/timeouts HTTP/1.1" 200 14
DEBUG:selenium.webdriver.remote.remote_connection:Finished Request
DEBUG:parse:format 'I click on the Sign Up button' -> 'I click on the Sign Up button'
DEBUG:parse:format "I see I am on the 'Save Your Recovery Phrase' screen" -> "I see I am on the 'Save Your Recovery Phrase' screen"
DEBUG:parse:format 'I copy the recovery key' -> 'I copy the recovery key'
DEBUG:parse:format 'I click Continue' -> 'I click Continue'
DEBUG:parse:format "I see the 'Are you sure you saved your Recovery Phrase' screen" -> "I see the 'Are you sure you saved your Recovery Phrase' screen"
DEBUG:parse:format "I click on the 'Yes, I saved it' option" -> "I click on the 'Yes, I saved it' option"
DEBUG:parse:format 'I am on the Add/Create team start page' -> 'I am on the Add/Create team start page'
DEBUG:parse:format 'I am in the login screen' -> 'I am in the login screen'
DEBUG:parse:format 'I click the Log In button' -> 'I click the Log In button'
DEBUG:parse:format 'I am in the Team URl screen' -> 'I am in the Team URl screen'
DEBUG:parse:format 'I am in the Recovery Key screen' -> 'I am in the Recovery Key screen'
DEBUG:parse:format 'I write the recovery key' -> 'I write the recovery key'
DEBUG:parse:format 'I write the recovery key for bob' -> 'I write the recovery key for bob'
DEBUG:parse:format 'I am in the Welcome Screen' -> 'I am in the Welcome Screen'
DEBUG:selenium.webdriver.remote.remote_connection:POST http://127.0.0.1:4723/wd/hub/session {"capabilities": {"firstMatch": [{"appium:deviceName": "Android Emulator", "platformName": "Android", "appium:app": "/Users/rodrigosanmiguel/Desktop/SpiderOak/testing-automation-mobile/tools/CrossClave.apk"}]}, "desiredCapabilities": {"deviceName": "Android Emulator", "platformName": "Android", "app": "/Users/rodrigosanmiguel/Desktop/SpiderOak/testing-automation-mobile/tools/CrossClave.apk"}}
DEBUG:urllib3.connectionpool:Starting new HTTP connection (1): 127.0.0.1:4723
DEBUG:urllib3.connectionpool:http://127.0.0.1:4723 "POST /wd/hub/session HTTP/1.1" 200 924
DEBUG:selenium.webdriver.remote.remote_connection:Finished Request
DEBUG:selenium.webdriver.remote.remote_connection:POST http://127.0.0.1:4723/wd/hub/session/3c95f4a7-7415-40f3-af8e-2a401b65e81c/timeouts {"implicit": 60000}
DEBUG:urllib3.connectionpool:http://127.0.0.1:4723 "POST /wd/hub/session/3c95f4a7-7415-40f3-af8e-2a401b65e81c/timeouts HTTP/1.1" 200 14
DEBUG:selenium.webdriver.remote.remote_connection:Finished Request
DEBUG:parse:format 'I click on the Sign Up button' -> 'I click on the Sign Up button'
DEBUG:parse:format "I see I am on the 'Save Your Recovery Phrase' screen" -> "I see I am on the 'Save Your Recovery Phrase' screen"
DEBUG:parse:format 'I copy the recovery key' -> 'I copy the recovery key'
DEBUG:parse:format 'I click Continue' -> 'I click Continue'
DEBUG:parse:format "I see the 'Are you sure you saved your Recovery Phrase' screen" -> "I see the 'Are you sure you saved your Recovery Phrase' screen"
DEBUG:parse:format "I click on the 'Yes, I saved it' option" -> "I click on the 'Yes, I saved it' option"
DEBUG:parse:format 'I am on the Add/Create team start page' -> 'I am on the Add/Create team start page'
DEBUG:parse:format 'I am in the login screen' -> 'I am in the login screen'
DEBUG:parse:format 'I click the Log In button' -> 'I click the Log In button'
DEBUG:parse:format 'I am in the Team URl screen' -> 'I am in the Team URl screen'
DEBUG:parse:format 'I am in the Recovery Key screen' -> 'I am in the Recovery Key screen'
DEBUG:parse:format 'I write the recovery key' -> 'I write the recovery key'
DEBUG:parse:format 'I write the recovery key for bob' -> 'I write the recovery key for bob'
DEBUG:parse:format 'I am in the Welcome Screen' -> 'I am in the Welcome Screen'
DEBUG:selenium.webdriver.remote.remote_connection:POST http://127.0.0.1:4723/wd/hub/session {"capabilities": {"firstMatch": [{"appium:deviceName": "Android Emulator", "platformName": "Android", "appium:app": "/Users/rodrigosanmiguel/Desktop/SpiderOak/testing-automation-mobile/tools/CrossClave.apk"}]}, "desiredCapabilities": {"deviceName": "Android Emulator", "platformName": "Android", "app": "/Users/rodrigosanmiguel/Desktop/SpiderOak/testing-automation-mobile/tools/CrossClave.apk"}}
DEBUG:urllib3.connectionpool:Starting new HTTP connection (1): 127.0.0.1:4723
DEBUG:urllib3.connectionpool:http://127.0.0.1:4723 "POST /wd/hub/session HTTP/1.1" 200 924
DEBUG:selenium.webdriver.remote.remote_connection:Finished Request
DEBUG:selenium.webdriver.remote.remote_connection:POST http://127.0.0.1:4723/wd/hub/session/577cde2b-38e1-4790-8c5a-a93eff947471/timeouts {"implicit": 60000}
DEBUG:urllib3.connectionpool:http://127.0.0.1:4723 "POST /wd/hub/session/577cde2b-38e1-4790-8c5a-a93eff947471/timeouts HTTP/1.1" 200 14
DEBUG:selenium.webdriver.remote.remote_connection:Finished Request
DEBUG:parse:format 'I click on the Sign Up button' -> 'I click on the Sign Up button'
DEBUG:parse:format "I see I am on the 'Save Your Recovery Phrase' screen" -> "I see I am on the 'Save Your Recovery Phrase' screen"
DEBUG:parse:format 'I copy the recovery key' -> 'I copy the recovery key'
DEBUG:parse:format 'I click Continue' -> 'I click Continue'
DEBUG:parse:format "I see the 'Are you sure you saved your Recovery Phrase' screen" -> "I see the 'Are you sure you saved your Recovery Phrase' screen"
DEBUG:parse:format "I click on the 'Yes, I saved it' option" -> "I click on the 'Yes, I saved it' option"
DEBUG:parse:format 'I am on the Add/Create team start page' -> 'I am on the Add/Create team start page'
DEBUG:parse:format 'I am in the login screen' -> 'I am in the login screen'
DEBUG:parse:format 'I click the Log In button' -> 'I click the Log In button'
DEBUG:parse:format 'I am in the Team URl screen' -> 'I am in the Team URl screen'
DEBUG:parse:format 'I am in the Recovery Key screen' -> 'I am in the Recovery Key screen'
DEBUG:parse:format 'I write the recovery key' -> 'I write the recovery key'
DEBUG:parse:format 'I write the recovery key for bob' -> 'I write the recovery key for bob'
DEBUG:parse:format 'I am in the Welcome Screen' -> 'I am in the Welcome Screen'
DEBUG:selenium.webdriver.remote.remote_connection:POST http://127.0.0.1:4723/wd/hub/session {"capabilities": {"firstMatch": [{"appium:deviceName": "Android Emulator", "platformName": "Android", "appium:app": "/Users/rodrigosanmiguel/Desktop/SpiderOak/testing-automation-mobile/tools/CrossClave.apk"}]}, "desiredCapabilities": {"deviceName": "Android Emulator", "platformName": "Android", "app": "/Users/rodrigosanmiguel/Desktop/SpiderOak/testing-automation-mobile/tools/CrossClave.apk"}}
DEBUG:urllib3.connectionpool:Starting new HTTP connection (1): 127.0.0.1:4723
DEBUG:urllib3.connectionpool:http://127.0.0.1:4723 "POST /wd/hub/session HTTP/1.1" 200 924
DEBUG:selenium.webdriver.remote.remote_connection:Finished Request
DEBUG:selenium.webdriver.remote.remote_connection:POST http://127.0.0.1:4723/wd/hub/session/ab2bca14-bfa6-4631-8167-99f0dc51451e/timeouts {"implicit": 60000}
DEBUG:urllib3.connectionpool:http://127.0.0.1:4723 "POST /wd/hub/session/ab2bca14-bfa6-4631-8167-99f0dc51451e/timeouts HTTP/1.1" 200 14
DEBUG:selenium.webdriver.remote.remote_connection:Finished Request
DEBUG:parse:format 'I click on the Sign Up button' -> 'I click on the Sign Up button'
DEBUG:parse:format "I see I am on the 'Save Your Recovery Phrase' screen" -> "I see I am on the 'Save Your Recovery Phrase' screen"
DEBUG:parse:format 'I copy the recovery key' -> 'I copy the recovery key'
DEBUG:parse:format 'I click Continue' -> 'I click Continue'
DEBUG:parse:format "I see the 'Are you sure you saved your Recovery Phrase' screen" -> "I see the 'Are you sure you saved your Recovery Phrase' screen"
DEBUG:parse:format "I click on the 'Yes, I saved it' option" -> "I click on the 'Yes, I saved it' option"
DEBUG:parse:format 'I am on the Add/Create team start page' -> 'I am on the Add/Create team start page'
DEBUG:parse:format 'I am in the login screen' -> 'I am in the login screen'
DEBUG:parse:format 'I click the Log In button' -> 'I click the Log In button'
DEBUG:parse:format 'I am in the Team URl screen' -> 'I am in the Team URl screen'
DEBUG:parse:format 'I am in the Recovery Key screen' -> 'I am in the Recovery Key screen'
DEBUG:parse:format 'I write the recovery key' -> 'I write the recovery key'
DEBUG:parse:format 'I write the recovery key for bob' -> 'I write the recovery key for bob'
DEBUG:parse:format 'I am in the Welcome Screen' -> 'I am in the Welcome Screen'
DEBUG:selenium.webdriver.remote.remote_connection:POST http://127.0.0.1:4723/wd/hub/session {"capabilities": {"firstMatch": [{"appium:deviceName": "Android Emulator", "platformName": "Android", "appium:app": "/Users/rodrigosanmiguel/Desktop/SpiderOak/testing-automation-mobile/tools/CrossClave.apk"}]}, "desiredCapabilities": {"deviceName": "Android Emulator", "platformName": "Android", "app": "/Users/rodrigosanmiguel/Desktop/SpiderOak/testing-automation-mobile/tools/CrossClave.apk"}}
DEBUG:urllib3.connectionpool:Starting new HTTP connection (1): 127.0.0.1:4723
DEBUG:urllib3.connectionpool:http://127.0.0.1:4723 "POST /wd/hub/session HTTP/1.1" 200 924
DEBUG:selenium.webdriver.remote.remote_connection:Finished Request
DEBUG:selenium.webdriver.remote.remote_connection:POST http://127.0.0.1:4723/wd/hub/session/34d706e6-19e3-4751-8979-72d4345e312f/timeouts {"implicit": 60000}
DEBUG:urllib3.connectionpool:http://127.0.0.1:4723 "POST /wd/hub/session/34d706e6-19e3-4751-8979-72d4345e312f/timeouts HTTP/1.1" 200 14
DEBUG:selenium.webdriver.remote.remote_connection:Finished Request
DEBUG:parse:format 'I click on the Sign Up button' -> 'I click on the Sign Up button'
DEBUG:parse:format "I see I am on the 'Save Your Recovery Phrase' screen" -> "I see I am on the 'Save Your Recovery Phrase' screen"
DEBUG:parse:format 'I copy the recovery key' -> 'I copy the recovery key'
DEBUG:parse:format 'I click Continue' -> 'I click Continue'
DEBUG:parse:format "I see the 'Are you sure you saved your Recovery Phrase' screen" -> "I see the 'Are you sure you saved your Recovery Phrase' screen"
DEBUG:parse:format "I click on the 'Yes, I saved it' option" -> "I click on the 'Yes, I saved it' option"
DEBUG:parse:format 'I am on the Add/Create team start page' -> 'I am on the Add/Create team start page'
DEBUG:parse:format 'I am in the login screen' -> 'I am in the login screen'
DEBUG:parse:format 'I click the Log In button' -> 'I click the Log In button'
DEBUG:parse:format 'I am in the Team URl screen' -> 'I am in the Team URl screen'
DEBUG:parse:format 'I am in the Recovery Key screen' -> 'I am in the Recovery Key screen'
DEBUG:parse:format 'I write the recovery key' -> 'I write the recovery key'
DEBUG:parse:format 'I write the recovery key for bob' -> 'I write the recovery key for bob'
DEBUG:parse:format 'I am in the Welcome Screen' -> 'I am in the Welcome Screen'
DEBUG:selenium.webdriver.remote.remote_connection:POST http://127.0.0.1:4723/wd/hub/session {"capabilities": {"firstMatch": [{"appium:deviceName": "Android Emulator", "platformName": "Android", "appium:app": "/Users/rodrigosanmiguel/Desktop/SpiderOak/testing-automation-mobile/tools/CrossClave.apk"}]}, "desiredCapabilities": {"deviceName": "Android Emulator", "platformName": "Android", "app": "/Users/rodrigosanmiguel/Desktop/SpiderOak/testing-automation-mobile/tools/CrossClave.apk"}}
DEBUG:urllib3.connectionpool:Starting new HTTP connection (1): 127.0.0.1:4723
DEBUG:urllib3.connectionpool:http://127.0.0.1:4723 "POST /wd/hub/session HTTP/1.1" 200 924
DEBUG:selenium.webdriver.remote.remote_connection:Finished Request
DEBUG:selenium.webdriver.remote.remote_connection:POST http://127.0.0.1:4723/wd/hub/session/09bf34ff-e72a-457e-baa0-c0214240f560/timeouts {"implicit": 60000}
DEBUG:urllib3.connectionpool:http://127.0.0.1:4723 "POST /wd/hub/session/09bf34ff-e72a-457e-baa0-c0214240f560/timeouts HTTP/1.1" 200 14
DEBUG:selenium.webdriver.remote.remote_connection:Finished Request
DEBUG:parse:format 'I click on the Sign Up button' -> 'I click on the Sign Up button'
DEBUG:parse:format "I see I am on the 'Save Your Recovery Phrase' screen" -> "I see I am on the 'Save Your Recovery Phrase' screen"
DEBUG:parse:format 'I copy the recovery key' -> 'I copy the recovery key'
DEBUG:parse:format 'I click Continue' -> 'I click Continue'
DEBUG:parse:format "I see the 'Are you sure you saved your Recovery Phrase' screen" -> "I see the 'Are you sure you saved your Recovery Phrase' screen"
DEBUG:parse:format "I click on the 'Yes, I saved it' option" -> "I click on the 'Yes, I saved it' option"
DEBUG:parse:format 'I am on the Add/Create team start page' -> 'I am on the Add/Create team start page'
DEBUG:parse:format 'I am in the login screen' -> 'I am in the login screen'
DEBUG:parse:format 'I click the Log In button' -> 'I click the Log In button'
DEBUG:parse:format 'I am in the Team URl screen' -> 'I am in the Team URl screen'
DEBUG:parse:format 'I am in the Recovery Key screen' -> 'I am in the Recovery Key screen'
DEBUG:parse:format 'I write the recovery key' -> 'I write the recovery key'
DEBUG:parse:format 'I write the recovery key for bob' -> 'I write the recovery key for bob'
DEBUG:parse:format 'I am in the Welcome Screen' -> 'I am in the Welcome Screen'
DEBUG:selenium.webdriver.remote.remote_connection:POST http://127.0.0.1:4723/wd/hub/session {"capabilities": {"firstMatch": [{"appium:deviceName": "Android Emulator", "platformName": "Android", "appium:app": "/Users/rodrigosanmiguel/Desktop/SpiderOak/testing-automation-mobile/tools/CrossClave.apk"}]}, "desiredCapabilities": {"deviceName": "Android Emulator", "platformName": "Android", "app": "/Users/rodrigosanmiguel/Desktop/SpiderOak/testing-automation-mobile/tools/CrossClave.apk"}}
DEBUG:urllib3.connectionpool:Starting new HTTP connection (1): 127.0.0.1:4723
DEBUG:urllib3.connectionpool:http://127.0.0.1:4723 "POST /wd/hub/session HTTP/1.1" 200 924
DEBUG:selenium.webdriver.remote.remote_connection:Finished Request
DEBUG:selenium.webdriver.remote.remote_connection:POST http://127.0.0.1:4723/wd/hub/session/621fe0f8-9ddc-4afe-a04b-04b81ab86f0f/timeouts {"implicit": 60000}
DEBUG:urllib3.connectionpool:http://127.0.0.1:4723 "POST /wd/hub/session/621fe0f8-9ddc-4afe-a04b-04b81ab86f0f/timeouts HTTP/1.1" 200 14
DEBUG:selenium.webdriver.remote.remote_connection:Finished Request
DEBUG:parse:format 'I click on the Sign Up button' -> 'I click on the Sign Up button'
DEBUG:parse:format "I see I am on the 'Save Your Recovery Phrase' screen" -> "I see I am on the 'Save Your Recovery Phrase' screen"
DEBUG:parse:format 'I copy the recovery key' -> 'I copy the recovery key'
DEBUG:parse:format 'I click Continue' -> 'I click Continue'
DEBUG:parse:format "I see the 'Are you sure you saved your Recovery Phrase' screen" -> "I see the 'Are you sure you saved your Recovery Phrase' screen"
DEBUG:parse:format "I click on the 'Yes, I saved it' option" -> "I click on the 'Yes, I saved it' option"
DEBUG:parse:format 'I am on the Add/Create team start page' -> 'I am on the Add/Create team start page'
DEBUG:parse:format 'I am in the login screen' -> 'I am in the login screen'
DEBUG:parse:format 'I click the Log In button' -> 'I click the Log In button'
DEBUG:parse:format 'I am in the Team URl screen' -> 'I am in the Team URl screen'
DEBUG:parse:format 'I am in the Recovery Key screen' -> 'I am in the Recovery Key screen'
DEBUG:parse:format 'I write the recovery key' -> 'I write the recovery key'
DEBUG:parse:format 'I write the recovery key for bob' -> 'I write the recovery key for bob'
DEBUG:parse:format 'I am in the Welcome Screen' -> 'I am in the Welcome Screen'
DEBUG:selenium.webdriver.remote.remote_connection:POST http://127.0.0.1:4723/wd/hub/session {"capabilities": {"firstMatch": [{"appium:deviceName": "Android Emulator", "platformName": "Android", "appium:app": "/Users/rodrigosanmiguel/Desktop/SpiderOak/testing-automation-mobile/tools/CrossClave.apk"}]}, "desiredCapabilities": {"deviceName": "Android Emulator", "platformName": "Android", "app": "/Users/rodrigosanmiguel/Desktop/SpiderOak/testing-automation-mobile/tools/CrossClave.apk"}}
DEBUG:urllib3.connectionpool:Starting new HTTP connection (1): 127.0.0.1:4723
DEBUG:urllib3.connectionpool:http://127.0.0.1:4723 "POST /wd/hub/session HTTP/1.1" 200 924
DEBUG:selenium.webdriver.remote.remote_connection:Finished Request
DEBUG:selenium.webdriver.remote.remote_connection:POST http://127.0.0.1:4723/wd/hub/session/84f9ac36-0b9f-4847-beb0-996388be2875/timeouts {"implicit": 60000}
DEBUG:urllib3.connectionpool:http://127.0.0.1:4723 "POST /wd/hub/session/84f9ac36-0b9f-4847-beb0-996388be2875/timeouts HTTP/1.1" 200 14
DEBUG:selenium.webdriver.remote.remote_connection:Finished Request
DEBUG:parse:format 'I click on the Sign Up button' -> 'I click on the Sign Up button'
DEBUG:parse:format "I see I am on the 'Save Your Recovery Phrase' screen" -> "I see I am on the 'Save Your Recovery Phrase' screen"
DEBUG:parse:format 'I copy the recovery key' -> 'I copy the recovery key'
DEBUG:parse:format 'I click Continue' -> 'I click Continue'
DEBUG:parse:format "I see the 'Are you sure you saved your Recovery Phrase' screen" -> "I see the 'Are you sure you saved your Recovery Phrase' screen"
DEBUG:parse:format "I click on the 'Yes, I saved it' option" -> "I click on the 'Yes, I saved it' option"
DEBUG:parse:format 'I am on the Add/Create team start page' -> 'I am on the Add/Create team start page'
DEBUG:parse:format 'I am in the login screen' -> 'I am in the login screen'
DEBUG:parse:format 'I click the Log In button' -> 'I click the Log In button'
DEBUG:parse:format 'I am in the Team URl screen' -> 'I am in the Team URl screen'
DEBUG:parse:format 'I am in the Recovery Key screen' -> 'I am in the Recovery Key screen'
DEBUG:parse:format 'I write the recovery key' -> 'I write the recovery key'
DEBUG:parse:format 'I write the recovery key for bob' -> 'I write the recovery key for bob'
DEBUG:parse:format 'I am in the Welcome Screen' -> 'I am in the Welcome Screen'
DEBUG:selenium.webdriver.remote.remote_connection:POST http://127.0.0.1:4723/wd/hub/session {"capabilities": {"firstMatch": [{"appium:deviceName": "Android Emulator", "platformName": "Android", "appium:app": "/Users/rodrigosanmiguel/Desktop/SpiderOak/testing-automation-mobile/tools/CrossClave.apk"}]}, "desiredCapabilities": {"deviceName": "Android Emulator", "platformName": "Android", "app": "/Users/rodrigosanmiguel/Desktop/SpiderOak/testing-automation-mobile/tools/CrossClave.apk"}}
DEBUG:urllib3.connectionpool:Starting new HTTP connection (1): 127.0.0.1:4723
DEBUG:urllib3.connectionpool:http://127.0.0.1:4723 "POST /wd/hub/session HTTP/1.1" 200 924
DEBUG:selenium.webdriver.remote.remote_connection:Finished Request
DEBUG:selenium.webdriver.remote.remote_connection:POST http://127.0.0.1:4723/wd/hub/session/6cb35b3c-59cf-4751-87b6-cd766d3fcc75/timeouts {"implicit": 60000}
DEBUG:urllib3.connectionpool:http://127.0.0.1:4723 "POST /wd/hub/session/6cb35b3c-59cf-4751-87b6-cd766d3fcc75/timeouts HTTP/1.1" 200 14
DEBUG:selenium.webdriver.remote.remote_connection:Finished Request
DEBUG:parse:format 'I click on the Sign Up button' -> 'I click on the Sign Up button'
DEBUG:parse:format "I see I am on the 'Save Your Recovery Phrase' screen" -> "I see I am on the 'Save Your Recovery Phrase' screen"
DEBUG:parse:format 'I copy the recovery key' -> 'I copy the recovery key'
DEBUG:parse:format 'I click Continue' -> 'I click Continue'
DEBUG:parse:format "I see the 'Are you sure you saved your Recovery Phrase' screen" -> "I see the 'Are you sure you saved your Recovery Phrase' screen"
DEBUG:parse:format "I click on the 'Yes, I saved it' option" -> "I click on the 'Yes, I saved it' option"
DEBUG:parse:format 'I am on the Add/Create team start page' -> 'I am on the Add/Create team start page'
DEBUG:parse:format 'I am in the login screen' -> 'I am in the login screen'
DEBUG:parse:format 'I click the Log In button' -> 'I click the Log In button'
DEBUG:parse:format 'I am in the Team URl screen' -> 'I am in the Team URl screen'
DEBUG:parse:format 'I am in the Recovery Key screen' -> 'I am in the Recovery Key screen'
DEBUG:parse:format 'I write the recovery key' -> 'I write the recovery key'
DEBUG:parse:format 'I write the recovery key for bob' -> 'I write the recovery key for bob'
DEBUG:parse:format 'I am in the Welcome Screen' -> 'I am in the Welcome Screen'
DEBUG:selenium.webdriver.remote.remote_connection:POST http://127.0.0.1:4723/wd/hub/session {"capabilities": {"firstMatch": [{"appium:deviceName": "Android Emulator", "platformName": "Android", "appium:app": "/Users/rodrigosanmiguel/Desktop/SpiderOak/testing-automation-mobile/tools/CrossClave.apk"}]}, "desiredCapabilities": {"deviceName": "Android Emulator", "platformName": "Android", "app": "/Users/rodrigosanmiguel/Desktop/SpiderOak/testing-automation-mobile/tools/CrossClave.apk"}}
DEBUG:urllib3.connectionpool:Starting new HTTP connection (1): 127.0.0.1:4723
DEBUG:urllib3.connectionpool:http://127.0.0.1:4723 "POST /wd/hub/session HTTP/1.1" 200 924
DEBUG:selenium.webdriver.remote.remote_connection:Finished Request
DEBUG:selenium.webdriver.remote.remote_connection:POST http://127.0.0.1:4723/wd/hub/session/881c2a5f-921c-4092-94d1-86fc6f8e4ba7/timeouts {"implicit": 60000}
DEBUG:urllib3.connectionpool:http://127.0.0.1:4723 "POST /wd/hub/session/881c2a5f-921c-4092-94d1-86fc6f8e4ba7/timeouts HTTP/1.1" 200 14
DEBUG:selenium.webdriver.remote.remote_connection:Finished Request
DEBUG:selenium.webdriver.remote.remote_connection:POST http://127.0.0.1:4723/wd/hub/session {"capabilities": {"firstMatch": [{"appium:deviceName": "Android Emulator", "platformName": "Android", "appium:app": "/Users/rodrigosanmiguel/Desktop/SpiderOak/testing-automation-mobile/tools/CrossClave.apk"}]}, "desiredCapabilities": {"deviceName": "Android Emulator", "platformName": "Android", "app": "/Users/rodrigosanmiguel/Desktop/SpiderOak/testing-automation-mobile/tools/CrossClave.apk"}}
DEBUG:urllib3.connectionpool:Starting new HTTP connection (1): 127.0.0.1:4723
DEBUG:urllib3.connectionpool:http://127.0.0.1:4723 "POST /wd/hub/session HTTP/1.1" 200 924
DEBUG:selenium.webdriver.remote.remote_connection:Finished Request
DEBUG:selenium.webdriver.remote.remote_connection:POST http://127.0.0.1:4723/wd/hub/session/973ca159-4713-4613-999c-7879d363368a/timeouts {"implicit": 60000}
DEBUG:urllib3.connectionpool:http://127.0.0.1:4723 "POST /wd/hub/session/973ca159-4713-4613-999c-7879d363368a/timeouts HTTP/1.1" 200 14
DEBUG:selenium.webdriver.remote.remote_connection:Finished Request
DEBUG:parse:format 'I click on the Sign Up button' -> 'I click on the Sign Up button'
DEBUG:parse:format "I see I am on the 'Save Your Recovery Phrase' screen" -> "I see I am on the 'Save Your Recovery Phrase' screen"
DEBUG:parse:format 'I copy the recovery key' -> 'I copy the recovery key'
DEBUG:parse:format 'I click Continue' -> 'I click Continue'
DEBUG:parse:format "I see the 'Are you sure you saved your Recovery Phrase' screen" -> "I see the 'Are you sure you saved your Recovery Phrase' screen"
DEBUG:parse:format "I click on the 'Yes, I saved it' option" -> "I click on the 'Yes, I saved it' option"
DEBUG:parse:format 'I am on the Add/Create team start page' -> 'I am on the Add/Create team start page'
DEBUG:parse:format 'I am in the login screen' -> 'I am in the login screen'
DEBUG:parse:format 'I click the Log In button' -> 'I click the Log In button'
DEBUG:parse:format 'I am in the Team URl screen' -> 'I am in the Team URl screen'
DEBUG:parse:format 'I am in the Recovery Key screen' -> 'I am in the Recovery Key screen'
DEBUG:parse:format 'I write the recovery key' -> 'I write the recovery key'
DEBUG:parse:format 'I write the recovery key for bob' -> 'I write the recovery key for bob'
DEBUG:parse:format 'I am in the Welcome Screen' -> 'I am in the Welcome Screen'
DEBUG:selenium.webdriver.remote.remote_connection:POST http://127.0.0.1:4723/wd/hub/session {"capabilities": {"firstMatch": [{"appium:deviceName": "Android Emulator", "platformName": "Android", "appium:app": "/Users/rodrigosanmiguel/Desktop/SpiderOak/testing-automation-mobile/tools/CrossClave.apk"}]}, "desiredCapabilities": {"deviceName": "Android Emulator", "platformName": "Android", "app": "/Users/rodrigosanmiguel/Desktop/SpiderOak/testing-automation-mobile/tools/CrossClave.apk"}}
DEBUG:urllib3.connectionpool:Starting new HTTP connection (1): 127.0.0.1:4723
DEBUG:urllib3.connectionpool:http://127.0.0.1:4723 "POST /wd/hub/session HTTP/1.1" 200 924
DEBUG:selenium.webdriver.remote.remote_connection:Finished Request
DEBUG:selenium.webdriver.remote.remote_connection:POST http://127.0.0.1:4723/wd/hub/session/06e6d0dd-8b06-4491-9134-d6a848502957/timeouts {"implicit": 60000}
DEBUG:urllib3.connectionpool:http://127.0.0.1:4723 "POST /wd/hub/session/06e6d0dd-8b06-4491-9134-d6a848502957/timeouts HTTP/1.1" 200 14
DEBUG:selenium.webdriver.remote.remote_connection:Finished Request
DEBUG:selenium.webdriver.remote.remote_connection:POST http://127.0.0.1:4723/wd/hub/session {"capabilities": {"firstMatch": [{"appium:deviceName": "Android Emulator", "platformName": "Android", "appium:app": "/Users/rodrigosanmiguel/Desktop/SpiderOak/testing-automation-mobile/tools/CrossClave.apk"}]}, "desiredCapabilities": {"deviceName": "Android Emulator", "platformName": "Android", "app": "/Users/rodrigosanmiguel/Desktop/SpiderOak/testing-automation-mobile/tools/CrossClave.apk"}}
DEBUG:urllib3.connectionpool:Starting new HTTP connection (1): 127.0.0.1:4723
DEBUG:urllib3.connectionpool:http://127.0.0.1:4723 "POST /wd/hub/session HTTP/1.1" 200 924
DEBUG:selenium.webdriver.remote.remote_connection:Finished Request
DEBUG:selenium.webdriver.remote.remote_connection:POST http://127.0.0.1:4723/wd/hub/session/cbebb886-b1d9-49d6-9d3f-f5de8733bea0/timeouts {"implicit": 60000}
DEBUG:urllib3.connectionpool:http://127.0.0.1:4723 "POST /wd/hub/session/cbebb886-b1d9-49d6-9d3f-f5de8733bea0/timeouts HTTP/1.1" 200 14
DEBUG:selenium.webdriver.remote.remote_connection:Finished Request
DEBUG:parse:format 'I click on the Sign Up button' -> 'I click on the Sign Up button'
DEBUG:parse:format "I see I am on the 'Save Your Recovery Phrase' screen" -> "I see I am on the 'Save Your Recovery Phrase' screen"
DEBUG:parse:format 'I copy the recovery key' -> 'I copy the recovery key'
DEBUG:parse:format 'I click Continue' -> 'I click Continue'
DEBUG:parse:format "I see the 'Are you sure you saved your Recovery Phrase' screen" -> "I see the 'Are you sure you saved your Recovery Phrase' screen"
DEBUG:parse:format "I click on the 'Yes, I saved it' option" -> "I click on the 'Yes, I saved it' option"
DEBUG:parse:format 'I am on the Add/Create team start page' -> 'I am on the Add/Create team start page'
DEBUG:parse:format 'I am in the login screen' -> 'I am in the login screen'
DEBUG:parse:format 'I click the Log In button' -> 'I click the Log In button'
DEBUG:parse:format 'I am in the Team URl screen' -> 'I am in the Team URl screen'
DEBUG:parse:format 'I am in the Recovery Key screen' -> 'I am in the Recovery Key screen'
DEBUG:parse:format 'I write the recovery key' -> 'I write the recovery key'
DEBUG:parse:format 'I write the recovery key for bob' -> 'I write the recovery key for bob'
DEBUG:parse:format 'I am in the Welcome Screen' -> 'I am in the Welcome Screen'
DEBUG:selenium.webdriver.remote.remote_connection:POST http://127.0.0.1:4723/wd/hub/session {"capabilities": {"firstMatch": [{"appium:deviceName": "Android Emulator", "platformName": "Android", "appium:app": "/Users/rodrigosanmiguel/Desktop/SpiderOak/testing-automation-mobile/tools/CrossClave.apk"}]}, "desiredCapabilities": {"deviceName": "Android Emulator", "platformName": "Android", "app": "/Users/rodrigosanmiguel/Desktop/SpiderOak/testing-automation-mobile/tools/CrossClave.apk"}}
DEBUG:urllib3.connectionpool:Starting new HTTP connection (1): 127.0.0.1:4723
DEBUG:urllib3.connectionpool:http://127.0.0.1:4723 "POST /wd/hub/session HTTP/1.1" 200 924
DEBUG:selenium.webdriver.remote.remote_connection:Finished Request
DEBUG:selenium.webdriver.remote.remote_connection:POST http://127.0.0.1:4723/wd/hub/session/ebc29a6c-7f83-49b5-ba9f-e54ed681d459/timeouts {"implicit": 60000}
DEBUG:urllib3.connectionpool:http://127.0.0.1:4723 "POST /wd/hub/session/ebc29a6c-7f83-49b5-ba9f-e54ed681d459/timeouts HTTP/1.1" 200 14
DEBUG:selenium.webdriver.remote.remote_connection:Finished Request
DEBUG:parse:format 'I click on the Sign Up button' -> 'I click on the Sign Up button'
DEBUG:parse:format "I see I am on the 'Save Your Recovery Phrase' screen" -> "I see I am on the 'Save Your Recovery Phrase' screen"
DEBUG:parse:format 'I copy the recovery key' -> 'I copy the recovery key'
DEBUG:parse:format 'I click Continue' -> 'I click Continue'
DEBUG:parse:format "I see the 'Are you sure you saved your Recovery Phrase' screen" -> "I see the 'Are you sure you saved your Recovery Phrase' screen"
DEBUG:parse:format "I click on the 'Yes, I saved it' option" -> "I click on the 'Yes, I saved it' option"
DEBUG:parse:format 'I am on the Add/Create team start page' -> 'I am on the Add/Create team start page'
DEBUG:parse:format 'I am in the login screen' -> 'I am in the login screen'
DEBUG:parse:format 'I click the Log In button' -> 'I click the Log In button'
DEBUG:parse:format 'I am in the Team URl screen' -> 'I am in the Team URl screen'
DEBUG:parse:format 'I am in the Recovery Key screen' -> 'I am in the Recovery Key screen'
DEBUG:parse:format 'I write the recovery key' -> 'I write the recovery key'
DEBUG:parse:format 'I write the recovery key for bob' -> 'I write the recovery key for bob'
DEBUG:parse:format 'I am in the Welcome Screen' -> 'I am in the Welcome Screen'
DEBUG:selenium.webdriver.remote.remote_connection:POST http://127.0.0.1:4723/wd/hub/session {"capabilities": {"firstMatch": [{"appium:deviceName": "Android Emulator", "platformName": "Android", "appium:app": "/Users/rodrigosanmiguel/Desktop/SpiderOak/testing-automation-mobile/tools/CrossClave.apk"}]}, "desiredCapabilities": {"deviceName": "Android Emulator", "platformName": "Android", "app": "/Users/rodrigosanmiguel/Desktop/SpiderOak/testing-automation-mobile/tools/CrossClave.apk"}}
DEBUG:urllib3.connectionpool:Starting new HTTP connection (1): 127.0.0.1:4723
DEBUG:urllib3.connectionpool:http://127.0.0.1:4723 "POST /wd/hub/session HTTP/1.1" 200 924
DEBUG:selenium.webdriver.remote.remote_connection:Finished Request
DEBUG:selenium.webdriver.remote.remote_connection:POST http://127.0.0.1:4723/wd/hub/session/a688137a-cb8e-4012-b506-cda3eb566239/timeouts {"implicit": 60000}
DEBUG:urllib3.connectionpool:http://127.0.0.1:4723 "POST /wd/hub/session/a688137a-cb8e-4012-b506-cda3eb566239/timeouts HTTP/1.1" 200 14
DEBUG:selenium.webdriver.remote.remote_connection:Finished Request
DEBUG:parse:format 'I click on the Sign Up button' -> 'I click on the Sign Up button'
DEBUG:parse:format "I see I am on the 'Save Your Recovery Phrase' screen" -> "I see I am on the 'Save Your Recovery Phrase' screen"
DEBUG:parse:format 'I copy the recovery key' -> 'I copy the recovery key'
DEBUG:parse:format 'I click Continue' -> 'I click Continue'
DEBUG:parse:format "I see the 'Are you sure you saved your Recovery Phrase' screen" -> "I see the 'Are you sure you saved your Recovery Phrase' screen"
DEBUG:parse:format "I click on the 'Yes, I saved it' option" -> "I click on the 'Yes, I saved it' option"
DEBUG:parse:format 'I am on the Add/Create team start page' -> 'I am on the Add/Create team start page'
DEBUG:parse:format 'I am in the login screen' -> 'I am in the login screen'
DEBUG:parse:format 'I click the Log In button' -> 'I click the Log In button'
DEBUG:parse:format 'I am in the Team URl screen' -> 'I am in the Team URl screen'
DEBUG:parse:format 'I am in the Recovery Key screen' -> 'I am in the Recovery Key screen'
DEBUG:parse:format 'I write the recovery key' -> 'I write the recovery key'
DEBUG:parse:format 'I write the recovery key for bob' -> 'I write the recovery key for bob'
DEBUG:parse:format 'I am in the Welcome Screen' -> 'I am in the Welcome Screen'
DEBUG:selenium.webdriver.remote.remote_connection:POST http://127.0.0.1:4723/wd/hub/session {"capabilities": {"firstMatch": [{"appium:deviceName": "Android Emulator", "platformName": "Android", "appium:app": "/Users/rodrigosanmiguel/Desktop/SpiderOak/testing-automation-mobile/tools/CrossClave.apk"}]}, "desiredCapabilities": {"deviceName": "Android Emulator", "platformName": "Android", "app": "/Users/rodrigosanmiguel/Desktop/SpiderOak/testing-automation-mobile/tools/CrossClave.apk"}}
DEBUG:urllib3.connectionpool:Starting new HTTP connection (1): 127.0.0.1:4723
DEBUG:urllib3.connectionpool:http://127.0.0.1:4723 "POST /wd/hub/session HTTP/1.1" 200 924
DEBUG:selenium.webdriver.remote.remote_connection:Finished Request
DEBUG:selenium.webdriver.remote.remote_connection:POST http://127.0.0.1:4723/wd/hub/session/76250ed2-85a0-492d-8ce0-bfe800c4bfc6/timeouts {"implicit": 60000}
DEBUG:urllib3.connectionpool:http://127.0.0.1:4723 "POST /wd/hub/session/76250ed2-85a0-492d-8ce0-bfe800c4bfc6/timeouts HTTP/1.1" 200 14
DEBUG:selenium.webdriver.remote.remote_connection:Finished Request
DEBUG:parse:format 'I click on the Sign Up button' -> 'I click on the Sign Up button'
DEBUG:parse:format "I see I am on the 'Save Your Recovery Phrase' screen" -> "I see I am on the 'Save Your Recovery Phrase' screen"
DEBUG:parse:format 'I copy the recovery key' -> 'I copy the recovery key'
DEBUG:parse:format 'I click Continue' -> 'I click Continue'
DEBUG:parse:format "I see the 'Are you sure you saved your Recovery Phrase' screen" -> "I see the 'Are you sure you saved your Recovery Phrase' screen"
DEBUG:parse:format "I click on the 'Yes, I saved it' option" -> "I click on the 'Yes, I saved it' option"
DEBUG:parse:format 'I am on the Add/Create team start page' -> 'I am on the Add/Create team start page'
DEBUG:parse:format 'I am in the login screen' -> 'I am in the login screen'
DEBUG:parse:format 'I click the Log In button' -> 'I click the Log In button'
DEBUG:parse:format 'I am in the Team URl screen' -> 'I am in the Team URl screen'
DEBUG:parse:format 'I am in the Recovery Key screen' -> 'I am in the Recovery Key screen'
DEBUG:parse:format 'I write the recovery key' -> 'I write the recovery key'
DEBUG:parse:format 'I write the recovery key for bob' -> 'I write the recovery key for bob'
DEBUG:parse:format 'I am in the Welcome Screen' -> 'I am in the Welcome Screen'
DEBUG:selenium.webdriver.remote.remote_connection:POST http://127.0.0.1:4723/wd/hub/session {"capabilities": {"firstMatch": [{"appium:deviceName": "Android Emulator", "platformName": "Android", "appium:app": "/Users/rodrigosanmiguel/Desktop/SpiderOak/testing-automation-mobile/tools/CrossClave.apk"}]}, "desiredCapabilities": {"deviceName": "Android Emulator", "platformName": "Android", "app": "/Users/rodrigosanmiguel/Desktop/SpiderOak/testing-automation-mobile/tools/CrossClave.apk"}}
DEBUG:urllib3.connectionpool:Starting new HTTP connection (1): 127.0.0.1:4723
DEBUG:urllib3.connectionpool:http://127.0.0.1:4723 "POST /wd/hub/session HTTP/1.1" 200 924
DEBUG:selenium.webdriver.remote.remote_connection:Finished Request
DEBUG:selenium.webdriver.remote.remote_connection:POST http://127.0.0.1:4723/wd/hub/session/0ae9f264-9154-492f-ad3a-176772d6dea3/timeouts {"implicit": 60000}
DEBUG:urllib3.connectionpool:http://127.0.0.1:4723 "POST /wd/hub/session/0ae9f264-9154-492f-ad3a-176772d6dea3/timeouts HTTP/1.1" 200 14
DEBUG:selenium.webdriver.remote.remote_connection:Finished Request
DEBUG:parse:format 'I click on the Sign Up button' -> 'I click on the Sign Up button'
DEBUG:parse:format "I see I am on the 'Save Your Recovery Phrase' screen" -> "I see I am on the 'Save Your Recovery Phrase' screen"
DEBUG:parse:format 'I copy the recovery key' -> 'I copy the recovery key'
DEBUG:parse:format 'I click Continue' -> 'I click Continue'
DEBUG:parse:format "I see the 'Are you sure you saved your Recovery Phrase' screen" -> "I see the 'Are you sure you saved your Recovery Phrase' screen"
DEBUG:parse:format "I click on the 'Yes, I saved it' option" -> "I click on the 'Yes, I saved it' option"
DEBUG:parse:format 'I am on the Add/Create team start page' -> 'I am on the Add/Create team start page'
DEBUG:parse:format 'I am in the login screen' -> 'I am in the login screen'
DEBUG:parse:format 'I click the Log In button' -> 'I click the Log In button'
DEBUG:parse:format 'I am in the Team URl screen' -> 'I am in the Team URl screen'
DEBUG:parse:format 'I am in the Recovery Key screen' -> 'I am in the Recovery Key screen'
DEBUG:parse:format 'I write the recovery key' -> 'I write the recovery key'
DEBUG:parse:format 'I write the recovery key for bob' -> 'I write the recovery key for bob'
DEBUG:parse:format 'I am in the Welcome Screen' -> 'I am in the Welcome Screen'
DEBUG:selenium.webdriver.remote.remote_connection:POST http://127.0.0.1:4723/wd/hub/session {"capabilities": {"firstMatch": [{"appium:deviceName": "Android Emulator", "platformName": "Android", "appium:app": "/Users/rodrigosanmiguel/Desktop/SpiderOak/testing-automation-mobile/tools/CrossClave.apk"}]}, "desiredCapabilities": {"deviceName": "Android Emulator", "platformName": "Android", "app": "/Users/rodrigosanmiguel/Desktop/SpiderOak/testing-automation-mobile/tools/CrossClave.apk"}}
DEBUG:urllib3.connectionpool:Starting new HTTP connection (1): 127.0.0.1:4723
DEBUG:urllib3.connectionpool:http://127.0.0.1:4723 "POST /wd/hub/session HTTP/1.1" 200 924
DEBUG:selenium.webdriver.remote.remote_connection:Finished Request
DEBUG:selenium.webdriver.remote.remote_connection:POST http://127.0.0.1:4723/wd/hub/session/cb3dfdd2-8dd1-426c-9e7b-707cb69cdfcc/timeouts {"implicit": 60000}
DEBUG:urllib3.connectionpool:http://127.0.0.1:4723 "POST /wd/hub/session/cb3dfdd2-8dd1-426c-9e7b-707cb69cdfcc/timeouts HTTP/1.1" 200 14
DEBUG:selenium.webdriver.remote.remote_connection:Finished Request
DEBUG:parse:format 'I click on the Sign Up button' -> 'I click on the Sign Up button'
DEBUG:parse:format "I see I am on the 'Save Your Recovery Phrase' screen" -> "I see I am on the 'Save Your Recovery Phrase' screen"
DEBUG:parse:format 'I copy the recovery key' -> 'I copy the recovery key'
DEBUG:parse:format 'I click Continue' -> 'I click Continue'
DEBUG:parse:format "I see the 'Are you sure you saved your Recovery Phrase' screen" -> "I see the 'Are you sure you saved your Recovery Phrase' screen"
DEBUG:parse:format "I click on the 'Yes, I saved it' option" -> "I click on the 'Yes, I saved it' option"
DEBUG:parse:format 'I am on the Add/Create team start page' -> 'I am on the Add/Create team start page'
DEBUG:parse:format 'I am in the login screen' -> 'I am in the login screen'
DEBUG:parse:format 'I click the Log In button' -> 'I click the Log In button'
DEBUG:parse:format 'I am in the Team URl screen' -> 'I am in the Team URl screen'
DEBUG:parse:format 'I am in the Recovery Key screen' -> 'I am in the Recovery Key screen'
DEBUG:parse:format 'I write the recovery key' -> 'I write the recovery key'
DEBUG:parse:format 'I write the recovery key for bob' -> 'I write the recovery key for bob'
DEBUG:parse:format 'I am in the Welcome Screen' -> 'I am in the Welcome Screen'
DEBUG:selenium.webdriver.remote.remote_connection:POST http://127.0.0.1:4723/wd/hub/session {"capabilities": {"firstMatch": [{"appium:deviceName": "Android Emulator", "platformName": "Android", "appium:app": "/Users/rodrigosanmiguel/Desktop/SpiderOak/testing-automation-mobile/tools/CrossClave.apk"}]}, "desiredCapabilities": {"deviceName": "Android Emulator", "platformName": "Android", "app": "/Users/rodrigosanmiguel/Desktop/SpiderOak/testing-automation-mobile/tools/CrossClave.apk"}}
DEBUG:urllib3.connectionpool:Starting new HTTP connection (1): 127.0.0.1:4723
DEBUG:urllib3.connectionpool:http://127.0.0.1:4723 "POST /wd/hub/session HTTP/1.1" 200 924
DEBUG:selenium.webdriver.remote.remote_connection:Finished Request
DEBUG:selenium.webdriver.remote.remote_connection:POST http://127.0.0.1:4723/wd/hub/session/52635342-64c4-44c4-96b4-18f9cbe070a6/timeouts {"implicit": 60000}
DEBUG:urllib3.connectionpool:http://127.0.0.1:4723 "POST /wd/hub/session/52635342-64c4-44c4-96b4-18f9cbe070a6/timeouts HTTP/1.1" 200 14
DEBUG:selenium.webdriver.remote.remote_connection:Finished Request
DEBUG:parse:format 'I click on the Sign Up button' -> 'I click on the Sign Up button'
DEBUG:parse:format "I see I am on the 'Save Your Recovery Phrase' screen" -> "I see I am on the 'Save Your Recovery Phrase' screen"
DEBUG:parse:format 'I copy the recovery key' -> 'I copy the recovery key'
DEBUG:parse:format 'I click Continue' -> 'I click Continue'
DEBUG:parse:format "I see the 'Are you sure you saved your Recovery Phrase' screen" -> "I see the 'Are you sure you saved your Recovery Phrase' screen"
DEBUG:parse:format "I click on the 'Yes, I saved it' option" -> "I click on the 'Yes, I saved it' option"
DEBUG:parse:format 'I am on the Add/Create team start page' -> 'I am on the Add/Create team start page'
DEBUG:parse:format 'I am in the login screen' -> 'I am in the login screen'
DEBUG:parse:format 'I click the Log In button' -> 'I click the Log In button'
DEBUG:parse:format 'I am in the Team URl screen' -> 'I am in the Team URl screen'
DEBUG:parse:format 'I am in the Recovery Key screen' -> 'I am in the Recovery Key screen'
DEBUG:parse:format 'I write the recovery key' -> 'I write the recovery key'
DEBUG:parse:format 'I write the recovery key for bob' -> 'I write the recovery key for bob'
DEBUG:parse:format 'I am in the Welcome Screen' -> 'I am in the Welcome Screen'
DEBUG:selenium.webdriver.remote.remote_connection:POST http://127.0.0.1:4723/wd/hub/session {"capabilities": {"firstMatch": [{"appium:deviceName": "Android Emulator", "platformName": "Android", "appium:app": "/Users/rodrigosanmiguel/Desktop/SpiderOak/testing-automation-mobile/tools/CrossClave.apk"}]}, "desiredCapabilities": {"deviceName": "Android Emulator", "platformName": "Android", "app": "/Users/rodrigosanmiguel/Desktop/SpiderOak/testing-automation-mobile/tools/CrossClave.apk"}}
DEBUG:urllib3.connectionpool:Starting new HTTP connection (1): 127.0.0.1:4723
DEBUG:urllib3.connectionpool:http://127.0.0.1:4723 "POST /wd/hub/session HTTP/1.1" 200 924
DEBUG:selenium.webdriver.remote.remote_connection:Finished Request
DEBUG:selenium.webdriver.remote.remote_connection:POST http://127.0.0.1:4723/wd/hub/session/97b7c561-02e3-4945-8d93-d146211bcec2/timeouts {"implicit": 60000}
DEBUG:urllib3.connectionpool:http://127.0.0.1:4723 "POST /wd/hub/session/97b7c561-02e3-4945-8d93-d146211bcec2/timeouts HTTP/1.1" 200 14
DEBUG:selenium.webdriver.remote.remote_connection:Finished Request
DEBUG:parse:format 'I click on the Sign Up button' -> 'I click on the Sign Up button'
DEBUG:parse:format "I see I am on the 'Save Your Recovery Phrase' screen" -> "I see I am on the 'Save Your Recovery Phrase' screen"
DEBUG:parse:format 'I copy the recovery key' -> 'I copy the recovery key'
DEBUG:parse:format 'I click Continue' -> 'I click Continue'
DEBUG:parse:format "I see the 'Are you sure you saved your Recovery Phrase' screen" -> "I see the 'Are you sure you saved your Recovery Phrase' screen"
DEBUG:parse:format "I click on the 'Yes, I saved it' option" -> "I click on the 'Yes, I saved it' option"
DEBUG:parse:format 'I am on the Add/Create team start page' -> 'I am on the Add/Create team start page'
DEBUG:parse:format 'I am in the login screen' -> 'I am in the login screen'
DEBUG:parse:format 'I click the Log In button' -> 'I click the Log In button'
DEBUG:parse:format 'I am in the Team URl screen' -> 'I am in the Team URl screen'
DEBUG:parse:format 'I am in the Recovery Key screen' -> 'I am in the Recovery Key screen'
DEBUG:parse:format 'I write the recovery key' -> 'I write the recovery key'
DEBUG:parse:format 'I write the recovery key for bob' -> 'I write the recovery key for bob'
DEBUG:parse:format 'I am in the Welcome Screen' -> 'I am in the Welcome Screen'
DEBUG:selenium.webdriver.remote.remote_connection:POST http://127.0.0.1:4723/wd/hub/session {"capabilities": {"firstMatch": [{"appium:deviceName": "Android Emulator", "platformName": "Android", "appium:app": "/Users/rodrigosanmiguel/Desktop/SpiderOak/testing-automation-mobile/tools/CrossClave.apk"}]}, "desiredCapabilities": {"deviceName": "Android Emulator", "platformName": "Android", "app": "/Users/rodrigosanmiguel/Desktop/SpiderOak/testing-automation-mobile/tools/CrossClave.apk"}}
DEBUG:urllib3.connectionpool:Starting new HTTP connection (1): 127.0.0.1:4723
DEBUG:urllib3.connectionpool:http://127.0.0.1:4723 "POST /wd/hub/session HTTP/1.1" 200 924
DEBUG:selenium.webdriver.remote.remote_connection:Finished Request
DEBUG:selenium.webdriver.remote.remote_connection:POST http://127.0.0.1:4723/wd/hub/session/98071772-25e2-4bf4-864e-fb2597c755d2/timeouts {"implicit": 60000}
DEBUG:urllib3.connectionpool:http://127.0.0.1:4723 "POST /wd/hub/session/98071772-25e2-4bf4-864e-fb2597c755d2/timeouts HTTP/1.1" 200 14
DEBUG:selenium.webdriver.remote.remote_connection:Finished Request
DEBUG:parse:format 'I click on the Sign Up button' -> 'I click on the Sign Up button'
DEBUG:parse:format "I see I am on the 'Save Your Recovery Phrase' screen" -> "I see I am on the 'Save Your Recovery Phrase' screen"
DEBUG:parse:format 'I copy the recovery key' -> 'I copy the recovery key'
DEBUG:parse:format 'I click Continue' -> 'I click Continue'
DEBUG:parse:format "I see the 'Are you sure you saved your Recovery Phrase' screen" -> "I see the 'Are you sure you saved your Recovery Phrase' screen"
DEBUG:parse:format "I click on the 'Yes, I saved it' option" -> "I click on the 'Yes, I saved it' option"
DEBUG:parse:format 'I am on the Add/Create team start page' -> 'I am on the Add/Create team start page'
DEBUG:parse:format 'I am in the login screen' -> 'I am in the login screen'
DEBUG:parse:format 'I click the Log In button' -> 'I click the Log In button'
DEBUG:parse:format 'I am in the Team URl screen' -> 'I am in the Team URl screen'
DEBUG:parse:format 'I am in the Recovery Key screen' -> 'I am in the Recovery Key screen'
DEBUG:parse:format 'I write the recovery key' -> 'I write the recovery key'
DEBUG:parse:format 'I write the recovery key for bob' -> 'I write the recovery key for bob'
DEBUG:parse:format 'I am in the Welcome Screen' -> 'I am in the Welcome Screen'
DEBUG:selenium.webdriver.remote.remote_connection:POST http://127.0.0.1:4723/wd/hub/session {"capabilities": {"firstMatch": [{"appium:deviceName": "Android Emulator", "platformName": "Android", "appium:app": "/Users/rodrigosanmiguel/Desktop/SpiderOak/testing-automation-mobile/tools/CrossClave.apk"}]}, "desiredCapabilities": {"deviceName": "Android Emulator", "platformName": "Android", "app": "/Users/rodrigosanmiguel/Desktop/SpiderOak/testing-automation-mobile/tools/CrossClave.apk"}}
DEBUG:urllib3.connectionpool:Starting new HTTP connection (1): 127.0.0.1:4723
DEBUG:urllib3.connectionpool:http://127.0.0.1:4723 "POST /wd/hub/session HTTP/1.1" 200 924
DEBUG:selenium.webdriver.remote.remote_connection:Finished Request
DEBUG:selenium.webdriver.remote.remote_connection:POST http://127.0.0.1:4723/wd/hub/session/da041066-b8b7-4435-843a-06997c69a9d3/timeouts {"implicit": 60000}
DEBUG:urllib3.connectionpool:http://127.0.0.1:4723 "POST /wd/hub/session/da041066-b8b7-4435-843a-06997c69a9d3/timeouts HTTP/1.1" 200 14
DEBUG:selenium.webdriver.remote.remote_connection:Finished Request
DEBUG:parse:format 'I click on the Sign Up button' -> 'I click on the Sign Up button'
DEBUG:parse:format "I see I am on the 'Save Your Recovery Phrase' screen" -> "I see I am on the 'Save Your Recovery Phrase' screen"
DEBUG:parse:format 'I copy the recovery key' -> 'I copy the recovery key'
DEBUG:parse:format 'I click Continue' -> 'I click Continue'
DEBUG:parse:format "I see the 'Are you sure you saved your Recovery Phrase' screen" -> "I see the 'Are you sure you saved your Recovery Phrase' screen"
DEBUG:parse:format "I click on the 'Yes, I saved it' option" -> "I click on the 'Yes, I saved it' option"
DEBUG:parse:format 'I am on the Add/Create team start page' -> 'I am on the Add/Create team start page'
DEBUG:parse:format 'I am in the login screen' -> 'I am in the login screen'
DEBUG:parse:format 'I click the Log In button' -> 'I click the Log In button'
DEBUG:parse:format 'I am in the Team URl screen' -> 'I am in the Team URl screen'
DEBUG:parse:format 'I am in the Recovery Key screen' -> 'I am in the Recovery Key screen'
DEBUG:parse:format 'I write the recovery key' -> 'I write the recovery key'
DEBUG:parse:format 'I write the recovery key for bob' -> 'I write the recovery key for bob'
DEBUG:parse:format 'I am in the Welcome Screen' -> 'I am in the Welcome Screen'
DEBUG:selenium.webdriver.remote.remote_connection:POST http://127.0.0.1:4723/wd/hub/session {"capabilities": {"firstMatch": [{"appium:deviceName": "Android Emulator", "platformName": "Android", "appium:app": "/Users/rodrigosanmiguel/Desktop/SpiderOak/testing-automation-mobile/tools/CrossClave.apk"}]}, "desiredCapabilities": {"deviceName": "Android Emulator", "platformName": "Android", "app": "/Users/rodrigosanmiguel/Desktop/SpiderOak/testing-automation-mobile/tools/CrossClave.apk"}}
DEBUG:urllib3.connectionpool:Starting new HTTP connection (1): 127.0.0.1:4723
DEBUG:urllib3.connectionpool:http://127.0.0.1:4723 "POST /wd/hub/session HTTP/1.1" 200 924
DEBUG:selenium.webdriver.remote.remote_connection:Finished Request
DEBUG:selenium.webdriver.remote.remote_connection:POST http://127.0.0.1:4723/wd/hub/session/0aea4204-1714-40ce-94fb-0cb964f20aab/timeouts {"implicit": 60000}
DEBUG:urllib3.connectionpool:http://127.0.0.1:4723 "POST /wd/hub/session/0aea4204-1714-40ce-94fb-0cb964f20aab/timeouts HTTP/1.1" 200 14
DEBUG:selenium.webdriver.remote.remote_connection:Finished Request
DEBUG:parse:format 'I click on the Sign Up button' -> 'I click on the Sign Up button'
DEBUG:parse:format "I see I am on the 'Save Your Recovery Phrase' screen" -> "I see I am on the 'Save Your Recovery Phrase' screen"
DEBUG:parse:format 'I copy the recovery key' -> 'I copy the recovery key'
DEBUG:parse:format 'I click Continue' -> 'I click Continue'
DEBUG:parse:format "I see the 'Are you sure you saved your Recovery Phrase' screen" -> "I see the 'Are you sure you saved your Recovery Phrase' screen"
DEBUG:parse:format "I click on the 'Yes, I saved it' option" -> "I click on the 'Yes, I saved it' option"
DEBUG:parse:format 'I am on the Add/Create team start page' -> 'I am on the Add/Create team start page'
DEBUG:parse:format 'I am in the login screen' -> 'I am in the login screen'
DEBUG:parse:format 'I click the Log In button' -> 'I click the Log In button'
DEBUG:parse:format 'I am in the Team URl screen' -> 'I am in the Team URl screen'
DEBUG:parse:format 'I am in the Recovery Key screen' -> 'I am in the Recovery Key screen'
DEBUG:parse:format 'I write the recovery key' -> 'I write the recovery key'
DEBUG:parse:format 'I write the recovery key for bob' -> 'I write the recovery key for bob'
DEBUG:parse:format 'I am in the Welcome Screen' -> 'I am in the Welcome Screen'
DEBUG:selenium.webdriver.remote.remote_connection:POST http://127.0.0.1:4723/wd/hub/session {"capabilities": {"firstMatch": [{"appium:deviceName": "Android Emulator", "platformName": "Android", "appium:app": "/Users/rodrigosanmiguel/Desktop/SpiderOak/testing-automation-mobile/tools/CrossClave.apk"}]}, "desiredCapabilities": {"deviceName": "Android Emulator", "platformName": "Android", "app": "/Users/rodrigosanmiguel/Desktop/SpiderOak/testing-automation-mobile/tools/CrossClave.apk"}}
DEBUG:urllib3.connectionpool:Starting new HTTP connection (1): 127.0.0.1:4723
DEBUG:urllib3.connectionpool:http://127.0.0.1:4723 "POST /wd/hub/session HTTP/1.1" 200 924
DEBUG:selenium.webdriver.remote.remote_connection:Finished Request
DEBUG:selenium.webdriver.remote.remote_connection:POST http://127.0.0.1:4723/wd/hub/session/f5070366-80f9-41c1-958a-751fea83cb04/timeouts {"implicit": 60000}
DEBUG:urllib3.connectionpool:http://127.0.0.1:4723 "POST /wd/hub/session/f5070366-80f9-41c1-958a-751fea83cb04/timeouts HTTP/1.1" 200 14
DEBUG:selenium.webdriver.remote.remote_connection:Finished Request
DEBUG:parse:format 'I click on the Sign Up button' -> 'I click on the Sign Up button'
DEBUG:parse:format "I see I am on the 'Save Your Recovery Phrase' screen" -> "I see I am on the 'Save Your Recovery Phrase' screen"
DEBUG:parse:format 'I copy the recovery key' -> 'I copy the recovery key'
DEBUG:parse:format 'I click Continue' -> 'I click Continue'
DEBUG:parse:format "I see the 'Are you sure you saved your Recovery Phrase' screen" -> "I see the 'Are you sure you saved your Recovery Phrase' screen"
DEBUG:parse:format "I click on the 'Yes, I saved it' option" -> "I click on the 'Yes, I saved it' option"
DEBUG:parse:format 'I am on the Add/Create team start page' -> 'I am on the Add/Create team start page'
DEBUG:parse:format 'I am in the login screen' -> 'I am in the login screen'
DEBUG:parse:format 'I click the Log In button' -> 'I click the Log In button'
DEBUG:parse:format 'I am in the Team URl screen' -> 'I am in the Team URl screen'
DEBUG:parse:format 'I am in the Recovery Key screen' -> 'I am in the Recovery Key screen'
DEBUG:parse:format 'I write the recovery key' -> 'I write the recovery key'
DEBUG:parse:format 'I write the recovery key for bob' -> 'I write the recovery key for bob'
DEBUG:parse:format 'I am in the Welcome Screen' -> 'I am in the Welcome Screen'
DEBUG:selenium.webdriver.remote.remote_connection:POST http://127.0.0.1:4723/wd/hub/session {"capabilities": {"firstMatch": [{"appium:deviceName": "Android Emulator", "platformName": "Android", "appium:app": "/Users/rodrigosanmiguel/Desktop/SpiderOak/testing-automation-mobile/tools/CrossClave.apk"}]}, "desiredCapabilities": {"deviceName": "Android Emulator", "platformName": "Android", "app": "/Users/rodrigosanmiguel/Desktop/SpiderOak/testing-automation-mobile/tools/CrossClave.apk"}}
DEBUG:urllib3.connectionpool:Starting new HTTP connection (1): 127.0.0.1:4723
DEBUG:urllib3.connectionpool:http://127.0.0.1:4723 "POST /wd/hub/session HTTP/1.1" 200 924
DEBUG:selenium.webdriver.remote.remote_connection:Finished Request
DEBUG:selenium.webdriver.remote.remote_connection:POST http://127.0.0.1:4723/wd/hub/session/3bc15f14-268e-4b11-b200-20f63d657fab/timeouts {"implicit": 60000}
DEBUG:urllib3.connectionpool:http://127.0.0.1:4723 "POST /wd/hub/session/3bc15f14-268e-4b11-b200-20f63d657fab/timeouts HTTP/1.1" 200 14
DEBUG:selenium.webdriver.remote.remote_connection:Finished Request
DEBUG:parse:format 'I click on the Sign Up button' -> 'I click on the Sign Up button'
DEBUG:parse:format "I see I am on the 'Save Your Recovery Phrase' screen" -> "I see I am on the 'Save Your Recovery Phrase' screen"
DEBUG:parse:format 'I copy the recovery key' -> 'I copy the recovery key'
DEBUG:parse:format 'I click Continue' -> 'I click Continue'
DEBUG:parse:format "I see the 'Are you sure you saved your Recovery Phrase' screen" -> "I see the 'Are you sure you saved your Recovery Phrase' screen"
DEBUG:parse:format "I click on the 'Yes, I saved it' option" -> "I click on the 'Yes, I saved it' option"
DEBUG:parse:format 'I am on the Add/Create team start page' -> 'I am on the Add/Create team start page'
DEBUG:parse:format 'I am in the login screen' -> 'I am in the login screen'
DEBUG:parse:format 'I click the Log In button' -> 'I click the Log In button'
DEBUG:parse:format 'I am in the Team URl screen' -> 'I am in the Team URl screen'
DEBUG:parse:format 'I am in the Recovery Key screen' -> 'I am in the Recovery Key screen'
DEBUG:parse:format 'I write the recovery key' -> 'I write the recovery key'
DEBUG:parse:format 'I write the recovery key for bob' -> 'I write the recovery key for bob'
DEBUG:parse:format 'I am in the Welcome Screen' -> 'I am in the Welcome Screen'
DEBUG:selenium.webdriver.remote.remote_connection:POST http://127.0.0.1:4723/wd/hub/session {"capabilities": {"firstMatch": [{"appium:deviceName": "Android Emulator", "platformName": "Android", "appium:app": "/Users/rodrigosanmiguel/Desktop/SpiderOak/testing-automation-mobile/tools/CrossClave.apk"}]}, "desiredCapabilities": {"deviceName": "Android Emulator", "platformName": "Android", "app": "/Users/rodrigosanmiguel/Desktop/SpiderOak/testing-automation-mobile/tools/CrossClave.apk"}}
DEBUG:urllib3.connectionpool:Starting new HTTP connection (1): 127.0.0.1:4723
DEBUG:urllib3.connectionpool:http://127.0.0.1:4723 "POST /wd/hub/session HTTP/1.1" 200 924
DEBUG:selenium.webdriver.remote.remote_connection:Finished Request
DEBUG:selenium.webdriver.remote.remote_connection:POST http://127.0.0.1:4723/wd/hub/session/6b02b507-c84c-4bbe-8571-6fe6f2f82e53/timeouts {"implicit": 60000}
DEBUG:urllib3.connectionpool:http://127.0.0.1:4723 "POST /wd/hub/session/6b02b507-c84c-4bbe-8571-6fe6f2f82e53/timeouts HTTP/1.1" 200 14
DEBUG:selenium.webdriver.remote.remote_connection:Finished Request
DEBUG:parse:format 'I click on the Sign Up button' -> 'I click on the Sign Up button'
DEBUG:parse:format "I see I am on the 'Save Your Recovery Phrase' screen" -> "I see I am on the 'Save Your Recovery Phrase' screen"
DEBUG:parse:format 'I copy the recovery key' -> 'I copy the recovery key'
DEBUG:parse:format 'I click Continue' -> 'I click Continue'
DEBUG:parse:format "I see the 'Are you sure you saved your Recovery Phrase' screen" -> "I see the 'Are you sure you saved your Recovery Phrase' screen"
DEBUG:parse:format "I click on the 'Yes, I saved it' option" -> "I click on the 'Yes, I saved it' option"
DEBUG:parse:format 'I am on the Add/Create team start page' -> 'I am on the Add/Create team start page'
DEBUG:parse:format 'I am in the login screen' -> 'I am in the login screen'
DEBUG:parse:format 'I click the Log In button' -> 'I click the Log In button'
DEBUG:parse:format 'I am in the Team URl screen' -> 'I am in the Team URl screen'
DEBUG:parse:format 'I am in the Recovery Key screen' -> 'I am in the Recovery Key screen'
DEBUG:parse:format 'I write the recovery key' -> 'I write the recovery key'
DEBUG:parse:format 'I write the recovery key for bob' -> 'I write the recovery key for bob'
DEBUG:parse:format 'I am in the Welcome Screen' -> 'I am in the Welcome Screen'
DEBUG:selenium.webdriver.remote.remote_connection:POST http://127.0.0.1:4723/wd/hub/session {"capabilities": {"firstMatch": [{"appium:deviceName": "Android Emulator", "platformName": "Android", "appium:app": "/Users/rodrigosanmiguel/Desktop/SpiderOak/testing-automation-mobile/tools/CrossClave.apk"}]}, "desiredCapabilities": {"deviceName": "Android Emulator", "platformName": "Android", "app": "/Users/rodrigosanmiguel/Desktop/SpiderOak/testing-automation-mobile/tools/CrossClave.apk"}}
DEBUG:urllib3.connectionpool:Starting new HTTP connection (1): 127.0.0.1:4723
DEBUG:urllib3.connectionpool:http://127.0.0.1:4723 "POST /wd/hub/session HTTP/1.1" 200 924
DEBUG:selenium.webdriver.remote.remote_connection:Finished Request
DEBUG:selenium.webdriver.remote.remote_connection:POST http://127.0.0.1:4723/wd/hub/session/b1912dbb-18ec-44d8-9ea9-969e1214cc8b/timeouts {"implicit": 60000}
DEBUG:urllib3.connectionpool:http://127.0.0.1:4723 "POST /wd/hub/session/b1912dbb-18ec-44d8-9ea9-969e1214cc8b/timeouts HTTP/1.1" 200 14
DEBUG:selenium.webdriver.remote.remote_connection:Finished Request
DEBUG:parse:format 'I click on the Sign Up button' -> 'I click on the Sign Up button'
DEBUG:parse:format "I see I am on the 'Save Your Recovery Phrase' screen" -> "I see I am on the 'Save Your Recovery Phrase' screen"
DEBUG:parse:format 'I copy the recovery key' -> 'I copy the recovery key'
DEBUG:parse:format 'I click Continue' -> 'I click Continue'
DEBUG:parse:format "I see the 'Are you sure you saved your Recovery Phrase' screen" -> "I see the 'Are you sure you saved your Recovery Phrase' screen"
DEBUG:parse:format "I click on the 'Yes, I saved it' option" -> "I click on the 'Yes, I saved it' option"
DEBUG:parse:format 'I am on the Add/Create team start page' -> 'I am on the Add/Create team start page'
DEBUG:parse:format 'I am in the login screen' -> 'I am in the login screen'
DEBUG:parse:format 'I click the Log In button' -> 'I click the Log In button'
DEBUG:parse:format 'I am in the Team URl screen' -> 'I am in the Team URl screen'
DEBUG:parse:format 'I am in the Recovery Key screen' -> 'I am in the Recovery Key screen'
DEBUG:parse:format 'I write the recovery key' -> 'I write the recovery key'
DEBUG:parse:format 'I write the recovery key for bob' -> 'I write the recovery key for bob'
DEBUG:parse:format 'I am in the Welcome Screen' -> 'I am in the Welcome Screen'
DEBUG:selenium.webdriver.remote.remote_connection:POST http://127.0.0.1:4723/wd/hub/session {"capabilities": {"firstMatch": [{"appium:deviceName": "Android Emulator", "platformName": "Android", "appium:app": "/Users/rodrigosanmiguel/Desktop/SpiderOak/testing-automation-mobile/tools/CrossClave.apk"}]}, "desiredCapabilities": {"deviceName": "Android Emulator", "platformName": "Android", "app": "/Users/rodrigosanmiguel/Desktop/SpiderOak/testing-automation-mobile/tools/CrossClave.apk"}}
DEBUG:urllib3.connectionpool:Starting new HTTP connection (1): 127.0.0.1:4723
DEBUG:urllib3.connectionpool:http://127.0.0.1:4723 "POST /wd/hub/session HTTP/1.1" 200 924
DEBUG:selenium.webdriver.remote.remote_connection:Finished Request
DEBUG:selenium.webdriver.remote.remote_connection:POST http://127.0.0.1:4723/wd/hub/session/d797ed81-e20a-43bc-acfc-c0bdc078e088/timeouts {"implicit": 60000}
DEBUG:urllib3.connectionpool:http://127.0.0.1:4723 "POST /wd/hub/session/d797ed81-e20a-43bc-acfc-c0bdc078e088/timeouts HTTP/1.1" 200 14
DEBUG:selenium.webdriver.remote.remote_connection:Finished Request
DEBUG:parse:format 'I click on the Sign Up button' -> 'I click on the Sign Up button'
DEBUG:parse:format "I see I am on the 'Save Your Recovery Phrase' screen" -> "I see I am on the 'Save Your Recovery Phrase' screen"
DEBUG:parse:format 'I copy the recovery key' -> 'I copy the recovery key'
DEBUG:parse:format 'I click Continue' -> 'I click Continue'
DEBUG:parse:format "I see the 'Are you sure you saved your Recovery Phrase' screen" -> "I see the 'Are you sure you saved your Recovery Phrase' screen"
DEBUG:parse:format "I click on the 'Yes, I saved it' option" -> "I click on the 'Yes, I saved it' option"
DEBUG:parse:format 'I am on the Add/Create team start page' -> 'I am on the Add/Create team start page'
DEBUG:parse:format 'I am in the login screen' -> 'I am in the login screen'
DEBUG:parse:format 'I click the Log In button' -> 'I click the Log In button'
DEBUG:parse:format 'I am in the Team URl screen' -> 'I am in the Team URl screen'
DEBUG:parse:format 'I am in the Recovery Key screen' -> 'I am in the Recovery Key screen'
DEBUG:parse:format 'I write the recovery key' -> 'I write the recovery key'
DEBUG:parse:format 'I write the recovery key for bob' -> 'I write the recovery key for bob'
DEBUG:parse:format 'I am in the Welcome Screen' -> 'I am in the Welcome Screen'
DEBUG:selenium.webdriver.remote.remote_connection:POST http://127.0.0.1:4723/wd/hub/session {"capabilities": {"firstMatch": [{"appium:deviceName": "Android Emulator", "platformName": "Android", "appium:app": "/Users/rodrigosanmiguel/Desktop/SpiderOak/testing-automation-mobile/tools/CrossClave.apk"}]}, "desiredCapabilities": {"deviceName": "Android Emulator", "platformName": "Android", "app": "/Users/rodrigosanmiguel/Desktop/SpiderOak/testing-automation-mobile/tools/CrossClave.apk"}}
DEBUG:urllib3.connectionpool:Starting new HTTP connection (1): 127.0.0.1:4723
DEBUG:urllib3.connectionpool:http://127.0.0.1:4723 "POST /wd/hub/session HTTP/1.1" 200 924
DEBUG:selenium.webdriver.remote.remote_connection:Finished Request
DEBUG:selenium.webdriver.remote.remote_connection:POST http://127.0.0.1:4723/wd/hub/session/35dbabdd-c0ad-4d55-a459-2d8e9b3433de/timeouts {"implicit": 60000}
DEBUG:urllib3.connectionpool:http://127.0.0.1:4723 "POST /wd/hub/session/35dbabdd-c0ad-4d55-a459-2d8e9b3433de/timeouts HTTP/1.1" 200 14
DEBUG:selenium.webdriver.remote.remote_connection:Finished Request
DEBUG:parse:format 'I click on the Sign Up button' -> 'I click on the Sign Up button'
DEBUG:parse:format "I see I am on the 'Save Your Recovery Phrase' screen" -> "I see I am on the 'Save Your Recovery Phrase' screen"
DEBUG:parse:format 'I copy the recovery key' -> 'I copy the recovery key'
DEBUG:parse:format 'I click Continue' -> 'I click Continue'
DEBUG:parse:format "I see the 'Are you sure you saved your Recovery Phrase' screen" -> "I see the 'Are you sure you saved your Recovery Phrase' screen"
DEBUG:parse:format "I click on the 'Yes, I saved it' option" -> "I click on the 'Yes, I saved it' option"
DEBUG:parse:format 'I am on the Add/Create team start page' -> 'I am on the Add/Create team start page'
DEBUG:parse:format 'I am in the login screen' -> 'I am in the login screen'
DEBUG:parse:format 'I click the Log In button' -> 'I click the Log In button'
DEBUG:parse:format 'I am in the Team URl screen' -> 'I am in the Team URl screen'
DEBUG:parse:format 'I am in the Recovery Key screen' -> 'I am in the Recovery Key screen'
DEBUG:parse:format 'I write the recovery key' -> 'I write the recovery key'
DEBUG:parse:format 'I write the recovery key for bob' -> 'I write the recovery key for bob'
DEBUG:parse:format 'I am in the Welcome Screen' -> 'I am in the Welcome Screen'
DEBUG:parse:format 'I click on the Sign Up button' -> 'I click on the Sign Up button'
DEBUG:parse:format "I see I am on the 'Save Your Recovery Phrase' screen" -> "I see I am on the 'Save Your Recovery Phrase' screen"
DEBUG:parse:format 'I copy the recovery key' -> 'I copy the recovery key'
DEBUG:parse:format 'I click Continue' -> 'I click Continue'
DEBUG:parse:format "I see the 'Are you sure you saved your Recovery Phrase' screen" -> "I see the 'Are you sure you saved your Recovery Phrase' screen"
DEBUG:parse:format "I click on the 'Yes, I saved it' option" -> "I click on the 'Yes, I saved it' option"
DEBUG:parse:format 'I am on the Add/Create team start page' -> 'I am on the Add/Create team start page'
DEBUG:parse:format 'I am in the login screen' -> 'I am in the login screen'
DEBUG:parse:format 'I click the Log In button' -> 'I click the Log In button'
DEBUG:parse:format 'I am in the Team URl screen' -> 'I am in the Team URl screen'
DEBUG:parse:format 'I am in the Recovery Key screen' -> 'I am in the Recovery Key screen'
DEBUG:parse:format 'I write the recovery key' -> 'I write the recovery key'
DEBUG:parse:format 'I write the recovery key for bob' -> 'I write the recovery key for bob'
DEBUG:parse:format 'I am in the Welcome Screen' -> 'I am in the Welcome Screen'
DEBUG:parse:format 'I click on the Sign Up button' -> 'I click on the Sign Up button'
DEBUG:parse:format "I see I am on the 'Save Your Recovery Phrase' screen" -> "I see I am on the 'Save Your Recovery Phrase' screen"
DEBUG:parse:format 'I copy the recovery key' -> 'I copy the recovery key'
DEBUG:parse:format 'I click Continue' -> 'I click Continue'
DEBUG:parse:format "I see the 'Are you sure you saved your Recovery Phrase' screen" -> "I see the 'Are you sure you saved your Recovery Phrase' screen"
DEBUG:parse:format "I click on the 'Yes, I saved it' option" -> "I click on the 'Yes, I saved it' option"
DEBUG:parse:format 'I am on the Add/Create team start page' -> 'I am on the Add/Create team start page'
DEBUG:parse:format 'I am in the login screen' -> 'I am in the login screen'
DEBUG:parse:format 'I click the Log In button' -> 'I click the Log In button'
DEBUG:parse:format 'I am in the Team URl screen' -> 'I am in the Team URl screen'
DEBUG:parse:format 'I am in the Recovery Key screen' -> 'I am in the Recovery Key screen'
DEBUG:parse:format 'I write the recovery key' -> 'I write the recovery key'
DEBUG:parse:format 'I write the recovery key for bob' -> 'I write the recovery key for bob'
DEBUG:parse:format 'I am in the Welcome Screen' -> 'I am in the Welcome Screen'
DEBUG:parse:format 'I click on the Sign Up button' -> 'I click on the Sign Up button'
DEBUG:parse:format "I see I am on the 'Save Your Recovery Phrase' screen" -> "I see I am on the 'Save Your Recovery Phrase' screen"
DEBUG:parse:format 'I copy the recovery key' -> 'I copy the recovery key'
DEBUG:parse:format 'I click Continue' -> 'I click Continue'
DEBUG:parse:format "I see the 'Are you sure you saved your Recovery Phrase' screen" -> "I see the 'Are you sure you saved your Recovery Phrase' screen"
DEBUG:parse:format "I click on the 'Yes, I saved it' option" -> "I click on the 'Yes, I saved it' option"
DEBUG:parse:format 'I am on the Add/Create team start page' -> 'I am on the Add/Create team start page'
DEBUG:parse:format 'I am in the login screen' -> 'I am in the login screen'
DEBUG:parse:format 'I click the Log In button' -> 'I click the Log In button'
DEBUG:parse:format 'I am in the Team URl screen' -> 'I am in the Team URl screen'
DEBUG:parse:format 'I am in the Recovery Key screen' -> 'I am in the Recovery Key screen'
DEBUG:parse:format 'I write the recovery key' -> 'I write the recovery key'
DEBUG:parse:format 'I write the recovery key for bob' -> 'I write the recovery key for bob'
DEBUG:parse:format 'I am in the Welcome Screen' -> 'I am in the Welcome Screen'
DEBUG:parse:format 'I click on the Sign Up button' -> 'I click on the Sign Up button'
DEBUG:parse:format "I see I am on the 'Save Your Recovery Phrase' screen" -> "I see I am on the 'Save Your Recovery Phrase' screen"
DEBUG:parse:format 'I copy the recovery key' -> 'I copy the recovery key'
DEBUG:parse:format 'I click Continue' -> 'I click Continue'
DEBUG:parse:format "I see the 'Are you sure you saved your Recovery Phrase' screen" -> "I see the 'Are you sure you saved your Recovery Phrase' screen"
DEBUG:parse:format "I click on the 'Yes, I saved it' option" -> "I click on the 'Yes, I saved it' option"
DEBUG:parse:format 'I am on the Add/Create team start page' -> 'I am on the Add/Create team start page'
DEBUG:parse:format 'I am in the login screen' -> 'I am in the login screen'
DEBUG:parse:format 'I click the Log In button' -> 'I click the Log In button'
DEBUG:parse:format 'I am in the Team URl screen' -> 'I am in the Team URl screen'
DEBUG:parse:format 'I am in the Recovery Key screen' -> 'I am in the Recovery Key screen'
DEBUG:parse:format 'I write the recovery key' -> 'I write the recovery key'
DEBUG:parse:format 'I write the recovery key for bob' -> 'I write the recovery key for bob'
DEBUG:parse:format 'I am in the Welcome Screen' -> 'I am in the Welcome Screen'
DEBUG:parse:format 'I click on the Sign Up button' -> 'I click on the Sign Up button'
DEBUG:parse:format "I see I am on the 'Save Your Recovery Phrase' screen" -> "I see I am on the 'Save Your Recovery Phrase' screen"
DEBUG:parse:format 'I copy the recovery key' -> 'I copy the recovery key'
DEBUG:parse:format 'I click Continue' -> 'I click Continue'
DEBUG:parse:format "I see the 'Are you sure you saved your Recovery Phrase' screen" -> "I see the 'Are you sure you saved your Recovery Phrase' screen"
DEBUG:parse:format "I click on the 'Yes, I saved it' option" -> "I click on the 'Yes, I saved it' option"
DEBUG:parse:format 'I am on the Add/Create team start page' -> 'I am on the Add/Create team start page'
DEBUG:parse:format 'I am in the login screen' -> 'I am in the login screen'
DEBUG:parse:format 'I click the Log In button' -> 'I click the Log In button'
DEBUG:parse:format 'I am in the Team URl screen' -> 'I am in the Team URl screen'
DEBUG:parse:format 'I am in the Recovery Key screen' -> 'I am in the Recovery Key screen'
DEBUG:parse:format 'I write the recovery key' -> 'I write the recovery key'
DEBUG:parse:format 'I write the recovery key for bob' -> 'I write the recovery key for bob'
DEBUG:parse:format 'I am in the Welcome Screen' -> 'I am in the Welcome Screen'
DEBUG:parse:format 'I click on the Sign Up button' -> 'I click on the Sign Up button'
DEBUG:parse:format "I see I am on the 'Save Your Recovery Phrase' screen" -> "I see I am on the 'Save Your Recovery Phrase' screen"
DEBUG:parse:format 'I copy the recovery key' -> 'I copy the recovery key'
DEBUG:parse:format 'I click Continue' -> 'I click Continue'
DEBUG:parse:format "I see the 'Are you sure you saved your Recovery Phrase' screen" -> "I see the 'Are you sure you saved your Recovery Phrase' screen"
DEBUG:parse:format "I click on the 'Yes, I saved it' option" -> "I click on the 'Yes, I saved it' option"
DEBUG:parse:format 'I am on the Add/Create team start page' -> 'I am on the Add/Create team start page'
DEBUG:parse:format 'I am in the login screen' -> 'I am in the login screen'
DEBUG:parse:format 'I click the Log In button' -> 'I click the Log In button'
DEBUG:parse:format 'I am in the Team URl screen' -> 'I am in the Team URl screen'
DEBUG:parse:format 'I am in the Recovery Key screen' -> 'I am in the Recovery Key screen'
DEBUG:parse:format 'I write the recovery key' -> 'I write the recovery key'
DEBUG:parse:format 'I write the recovery key for bob' -> 'I write the recovery key for bob'
DEBUG:parse:format 'I am in the Welcome Screen' -> 'I am in the Welcome Screen'
DEBUG:parse:format 'I click on the Sign Up button' -> 'I click on the Sign Up button'
DEBUG:parse:format "I see I am on the 'Save Your Recovery Phrase' screen" -> "I see I am on the 'Save Your Recovery Phrase' screen"
DEBUG:parse:format 'I copy the recovery key' -> 'I copy the recovery key'
DEBUG:parse:format 'I click Continue' -> 'I click Continue'
DEBUG:parse:format "I see the 'Are you sure you saved your Recovery Phrase' screen" -> "I see the 'Are you sure you saved your Recovery Phrase' screen"
DEBUG:parse:format "I click on the 'Yes, I saved it' option" -> "I click on the 'Yes, I saved it' option"
DEBUG:parse:format 'I am on the Add/Create team start page' -> 'I am on the Add/Create team start page'
DEBUG:parse:format 'I am in the login screen' -> 'I am in the login screen'
DEBUG:parse:format 'I click the Log In button' -> 'I click the Log In button'
DEBUG:parse:format 'I am in the Team URl screen' -> 'I am in the Team URl screen'
DEBUG:parse:format 'I am in the Recovery Key screen' -> 'I am in the Recovery Key screen'
DEBUG:parse:format 'I write the recovery key' -> 'I write the recovery key'
DEBUG:parse:format 'I write the recovery key for bob' -> 'I write the recovery key for bob'
DEBUG:parse:format 'I am in the Welcome Screen' -> 'I am in the Welcome Screen'
DEBUG:parse:format 'I click on the Sign Up button' -> 'I click on the Sign Up button'
DEBUG:parse:format "I see I am on the 'Save Your Recovery Phrase' screen" -> "I see I am on the 'Save Your Recovery Phrase' screen"
DEBUG:parse:format 'I copy the recovery key' -> 'I copy the recovery key'
DEBUG:parse:format 'I click Continue' -> 'I click Continue'
DEBUG:parse:format "I see the 'Are you sure you saved your Recovery Phrase' screen" -> "I see the 'Are you sure you saved your Recovery Phrase' screen"
DEBUG:parse:format "I click on the 'Yes, I saved it' option" -> "I click on the 'Yes, I saved it' option"
DEBUG:parse:format 'I am on the Add/Create team start page' -> 'I am on the Add/Create team start page'
DEBUG:parse:format 'I am in the login screen' -> 'I am in the login screen'
DEBUG:parse:format 'I click the Log In button' -> 'I click the Log In button'
DEBUG:parse:format 'I am in the Team URl screen' -> 'I am in the Team URl screen'
DEBUG:parse:format 'I am in the Recovery Key screen' -> 'I am in the Recovery Key screen'
DEBUG:parse:format 'I write the recovery key' -> 'I write the recovery key'
DEBUG:parse:format 'I write the recovery key for bob' -> 'I write the recovery key for bob'
DEBUG:parse:format 'I am in the Welcome Screen' -> 'I am in the Welcome Screen'
DEBUG:parse:format 'I click on the Sign Up button' -> 'I click on the Sign Up button'
DEBUG:parse:format "I see I am on the 'Save Your Recovery Phrase' screen" -> "I see I am on the 'Save Your Recovery Phrase' screen"
DEBUG:parse:format 'I copy the recovery key' -> 'I copy the recovery key'
DEBUG:parse:format 'I click Continue' -> 'I click Continue'
DEBUG:parse:format "I see the 'Are you sure you saved your Recovery Phrase' screen" -> "I see the 'Are you sure you saved your Recovery Phrase' screen"
DEBUG:parse:format "I click on the 'Yes, I saved it' option" -> "I click on the 'Yes, I saved it' option"
DEBUG:parse:format 'I am on the Add/Create team start page' -> 'I am on the Add/Create team start page'
DEBUG:parse:format 'I am in the login screen' -> 'I am in the login screen'
DEBUG:parse:format 'I create a passcode number' -> 'I create a passcode number'
DEBUG:parse:format 'I click the Log In button' -> 'I click the Log In button'
DEBUG:parse:format 'I am in the Team URl screen' -> 'I am in the Team URl screen'
DEBUG:parse:format 'I am in the Recovery Key screen' -> 'I am in the Recovery Key screen'
DEBUG:parse:format 'I write the recovery key' -> 'I write the recovery key'
DEBUG:parse:format 'I write the recovery key for bob' -> 'I write the recovery key for bob'
DEBUG:parse:format 'I am in the Welcome Screen' -> 'I am in the Welcome Screen'
DEBUG:parse:format 'I click on the Sign Up button' -> 'I click on the Sign Up button'
DEBUG:parse:format "I see I am on the 'Save Your Recovery Phrase' screen" -> "I see I am on the 'Save Your Recovery Phrase' screen"
DEBUG:parse:format 'I copy the recovery key' -> 'I copy the recovery key'
DEBUG:parse:format 'I click Continue' -> 'I click Continue'
DEBUG:parse:format "I see the 'Are you sure you saved your Recovery Phrase' screen" -> "I see the 'Are you sure you saved your Recovery Phrase' screen"
DEBUG:parse:format "I click on the 'Yes, I saved it' option" -> "I click on the 'Yes, I saved it' option"
DEBUG:parse:format 'I am on the Add/Create team start page' -> 'I am on the Add/Create team start page'
DEBUG:parse:format 'I am in the login screen' -> 'I am in the login screen'
DEBUG:parse:format 'I create a passcode number' -> 'I create a passcode number'
DEBUG:parse:format 'I click the Log In button' -> 'I click the Log In button'
DEBUG:parse:format 'I am in the Team URl screen' -> 'I am in the Team URl screen'
DEBUG:parse:format 'I am in the Recovery Key screen' -> 'I am in the Recovery Key screen'
DEBUG:parse:format 'I write the recovery key' -> 'I write the recovery key'
DEBUG:parse:format 'I write the recovery key for bob' -> 'I write the recovery key for bob'
DEBUG:parse:format 'I am in the Welcome Screen' -> 'I am in the Welcome Screen'
DEBUG:parse:format 'I click on the Sign Up button' -> 'I click on the Sign Up button'
DEBUG:parse:format "I see I am on the 'Save Your Recovery Phrase' screen" -> "I see I am on the 'Save Your Recovery Phrase' screen"
DEBUG:parse:format 'I copy the recovery key' -> 'I copy the recovery key'
DEBUG:parse:format 'I click Continue' -> 'I click Continue'
DEBUG:parse:format "I see the 'Are you sure you saved your Recovery Phrase' screen" -> "I see the 'Are you sure you saved your Recovery Phrase' screen"
DEBUG:parse:format "I click on the 'Yes, I saved it' option" -> "I click on the 'Yes, I saved it' option"
DEBUG:parse:format 'I am on the Add/Create team start page' -> 'I am on the Add/Create team start page'
DEBUG:parse:format 'I am in the login screen' -> 'I am in the login screen'
DEBUG:parse:format 'I create a passcode number' -> 'I create a passcode number'
DEBUG:parse:format 'I click the Log In button' -> 'I click the Log In button'
DEBUG:parse:format 'I am in the Team URl screen' -> 'I am in the Team URl screen'
DEBUG:parse:format 'I am in the Recovery Key screen' -> 'I am in the Recovery Key screen'
DEBUG:parse:format 'I write the recovery key' -> 'I write the recovery key'
DEBUG:parse:format 'I write the recovery key for bob' -> 'I write the recovery key for bob'
DEBUG:parse:format 'I am in the Welcome Screen' -> 'I am in the Welcome Screen'
DEBUG:parse:format 'I click on the Sign Up button' -> 'I click on the Sign Up button'
DEBUG:parse:format "I see I am on the 'Save Your Recovery Phrase' screen" -> "I see I am on the 'Save Your Recovery Phrase' screen"
DEBUG:parse:format 'I copy the recovery key' -> 'I copy the recovery key'
DEBUG:parse:format 'I click Continue' -> 'I click Continue'
DEBUG:parse:format "I see the 'Are you sure you saved your Recovery Phrase' screen" -> "I see the 'Are you sure you saved your Recovery Phrase' screen"
DEBUG:parse:format "I click on the 'Yes, I saved it' option" -> "I click on the 'Yes, I saved it' option"
DEBUG:parse:format 'I am on the Add/Create team start page' -> 'I am on the Add/Create team start page'
DEBUG:parse:format 'I am in the login screen' -> 'I am in the login screen'
DEBUG:parse:format 'I create a passcode number' -> 'I create a passcode number'
DEBUG:parse:format 'I click the Log In button' -> 'I click the Log In button'
DEBUG:parse:format 'I am in the Team URl screen' -> 'I am in the Team URl screen'
DEBUG:parse:format 'I am in the Recovery Key screen' -> 'I am in the Recovery Key screen'
DEBUG:parse:format 'I write the recovery key' -> 'I write the recovery key'
DEBUG:parse:format 'I write the recovery key for bob' -> 'I write the recovery key for bob'
DEBUG:parse:format 'I am in the Welcome Screen' -> 'I am in the Welcome Screen'
DEBUG:parse:format 'I click on the Sign Up button' -> 'I click on the Sign Up button'
DEBUG:parse:format "I see I am on the 'Save Your Recovery Phrase' screen" -> "I see I am on the 'Save Your Recovery Phrase' screen"
DEBUG:parse:format 'I copy the recovery key' -> 'I copy the recovery key'
DEBUG:parse:format 'I click Continue' -> 'I click Continue'
DEBUG:parse:format "I see the 'Are you sure you saved your Recovery Phrase' screen" -> "I see the 'Are you sure you saved your Recovery Phrase' screen"
DEBUG:parse:format "I click on the 'Yes, I saved it' option" -> "I click on the 'Yes, I saved it' option"
DEBUG:parse:format 'I am on the Add/Create team start page' -> 'I am on the Add/Create team start page'
DEBUG:parse:format 'I am in the login screen' -> 'I am in the login screen'
DEBUG:parse:format 'I create a passcode number' -> 'I create a passcode number'
DEBUG:parse:format 'I click the Log In button' -> 'I click the Log In button'
DEBUG:parse:format 'I am in the Team URl screen' -> 'I am in the Team URl screen'
DEBUG:parse:format 'I am in the Recovery Key screen' -> 'I am in the Recovery Key screen'
DEBUG:parse:format 'I write the recovery key' -> 'I write the recovery key'
DEBUG:parse:format 'I write the recovery key for bob' -> 'I write the recovery key for bob'
DEBUG:parse:format 'I am in the Welcome Screen' -> 'I am in the Welcome Screen'
DEBUG:parse:format 'I click on the Sign Up button' -> 'I click on the Sign Up button'
DEBUG:parse:format "I see I am on the 'Save Your Recovery Phrase' screen" -> "I see I am on the 'Save Your Recovery Phrase' screen"
DEBUG:parse:format 'I copy the recovery key' -> 'I copy the recovery key'
DEBUG:parse:format 'I click Continue' -> 'I click Continue'
DEBUG:parse:format "I see the 'Are you sure you saved your Recovery Phrase' screen" -> "I see the 'Are you sure you saved your Recovery Phrase' screen"
DEBUG:parse:format "I click on the 'Yes, I saved it' option" -> "I click on the 'Yes, I saved it' option"
DEBUG:parse:format 'I am on the Add/Create team start page' -> 'I am on the Add/Create team start page'
DEBUG:parse:format 'I am in the login screen' -> 'I am in the login screen'
DEBUG:parse:format 'I create a passcode number' -> 'I create a passcode number'
DEBUG:parse:format 'I click the Log In button' -> 'I click the Log In button'
DEBUG:parse:format 'I am in the Team URl screen' -> 'I am in the Team URl screen'
DEBUG:parse:format 'I am in the Recovery Key screen' -> 'I am in the Recovery Key screen'
DEBUG:parse:format 'I write the recovery key' -> 'I write the recovery key'
DEBUG:parse:format 'I write the recovery key for bob' -> 'I write the recovery key for bob'
DEBUG:parse:format 'I am in the Welcome Screen' -> 'I am in the Welcome Screen'
DEBUG:parse:format 'I click on the Sign Up button' -> 'I click on the Sign Up button'
DEBUG:parse:format "I see I am on the 'Save Your Recovery Phrase' screen" -> "I see I am on the 'Save Your Recovery Phrase' screen"
DEBUG:parse:format 'I copy the recovery key' -> 'I copy the recovery key'
DEBUG:parse:format 'I click Continue' -> 'I click Continue'
DEBUG:parse:format "I see the 'Are you sure you saved your Recovery Phrase' screen" -> "I see the 'Are you sure you saved your Recovery Phrase' screen"
DEBUG:parse:format "I click on the 'Yes, I saved it' option" -> "I click on the 'Yes, I saved it' option"
DEBUG:parse:format 'I am on the Add/Create team start page' -> 'I am on the Add/Create team start page'
DEBUG:parse:format 'I am in the login screen' -> 'I am in the login screen'
DEBUG:parse:format 'I create a passcode number' -> 'I create a passcode number'
DEBUG:parse:format 'I click the Log In button' -> 'I click the Log In button'
DEBUG:parse:format 'I am in the Team URl screen' -> 'I am in the Team URl screen'
DEBUG:parse:format 'I am in the Recovery Key screen' -> 'I am in the Recovery Key screen'
DEBUG:parse:format 'I write the recovery key' -> 'I write the recovery key'
DEBUG:parse:format 'I write the recovery key for bob' -> 'I write the recovery key for bob'
DEBUG:parse:format 'I am in the Welcome Screen' -> 'I am in the Welcome Screen'
DEBUG:parse:format 'I click on the Sign Up button' -> 'I click on the Sign Up button'
DEBUG:parse:format "I see I am on the 'Save Your Recovery Phrase' screen" -> "I see I am on the 'Save Your Recovery Phrase' screen"
DEBUG:parse:format 'I copy the recovery key' -> 'I copy the recovery key'
DEBUG:parse:format 'I click Continue' -> 'I click Continue'
DEBUG:parse:format "I see the 'Are you sure you saved your Recovery Phrase' screen" -> "I see the 'Are you sure you saved your Recovery Phrase' screen"
DEBUG:parse:format "I click on the 'Yes, I saved it' option" -> "I click on the 'Yes, I saved it' option"
DEBUG:parse:format 'I am on the Add/Create team start page' -> 'I am on the Add/Create team start page'
DEBUG:parse:format 'I am in the login screen' -> 'I am in the login screen'
DEBUG:parse:format 'I create a passcode number' -> 'I create a passcode number'
DEBUG:parse:format 'I click the Log In button' -> 'I click the Log In button'
DEBUG:parse:format 'I am in the Team URl screen' -> 'I am in the Team URl screen'
DEBUG:parse:format 'I am in the Recovery Key screen' -> 'I am in the Recovery Key screen'
DEBUG:parse:format 'I write the recovery key' -> 'I write the recovery key'
DEBUG:parse:format 'I write the recovery key for bob' -> 'I write the recovery key for bob'
DEBUG:parse:format 'I am in the Welcome Screen' -> 'I am in the Welcome Screen'
DEBUG:parse:format 'I click on the Sign Up button' -> 'I click on the Sign Up button'
DEBUG:parse:format "I see I am on the 'Save Your Recovery Phrase' screen" -> "I see I am on the 'Save Your Recovery Phrase' screen"
DEBUG:parse:format 'I copy the recovery key' -> 'I copy the recovery key'
DEBUG:parse:format 'I click Continue' -> 'I click Continue'
DEBUG:parse:format "I see the 'Are you sure you saved your Recovery Phrase' screen" -> "I see the 'Are you sure you saved your Recovery Phrase' screen"
DEBUG:parse:format "I click on the 'Yes, I saved it' option" -> "I click on the 'Yes, I saved it' option"
DEBUG:parse:format 'I am on the Add/Create team start page' -> 'I am on the Add/Create team start page'
DEBUG:parse:format 'I am in the login screen' -> 'I am in the login screen'
DEBUG:parse:format 'I create a passcode number' -> 'I create a passcode number'
DEBUG:parse:format 'I click the Log In button' -> 'I click the Log In button'
DEBUG:parse:format 'I am in the Team URl screen' -> 'I am in the Team URl screen'
DEBUG:parse:format 'I am in the Recovery Key screen' -> 'I am in the Recovery Key screen'
DEBUG:parse:format 'I write the recovery key' -> 'I write the recovery key'
DEBUG:parse:format 'I write the recovery key for bob' -> 'I write the recovery key for bob'
DEBUG:parse:format 'I am in the Welcome Screen' -> 'I am in the Welcome Screen'
DEBUG:parse:format 'I click on the Sign Up button' -> 'I click on the Sign Up button'
DEBUG:parse:format "I see I am on the 'Save Your Recovery Phrase' screen" -> "I see I am on the 'Save Your Recovery Phrase' screen"
DEBUG:parse:format 'I copy the recovery key' -> 'I copy the recovery key'
DEBUG:parse:format 'I click Continue' -> 'I click Continue'
DEBUG:parse:format "I see the 'Are you sure you saved your Recovery Phrase' screen" -> "I see the 'Are you sure you saved your Recovery Phrase' screen"
DEBUG:parse:format "I click on the 'Yes, I saved it' option" -> "I click on the 'Yes, I saved it' option"
DEBUG:parse:format 'I am on the Add/Create team start page' -> 'I am on the Add/Create team start page'
DEBUG:parse:format 'I am in the login screen' -> 'I am in the login screen'
DEBUG:parse:format 'I create a passcode number' -> 'I create a passcode number'
DEBUG:parse:format 'I click the Log In button' -> 'I click the Log In button'
DEBUG:parse:format 'I am in the Team URl screen' -> 'I am in the Team URl screen'
DEBUG:parse:format 'I am in the Recovery Key screen' -> 'I am in the Recovery Key screen'
DEBUG:parse:format 'I write the recovery key' -> 'I write the recovery key'
DEBUG:parse:format 'I write the recovery key for bob' -> 'I write the recovery key for bob'
DEBUG:parse:format 'I am in the Welcome Screen' -> 'I am in the Welcome Screen'
DEBUG:parse:format 'I click on the Sign Up button' -> 'I click on the Sign Up button'
DEBUG:parse:format "I see I am on the 'Save Your Recovery Phrase' screen" -> "I see I am on the 'Save Your Recovery Phrase' screen"
DEBUG:parse:format 'I copy the recovery key' -> 'I copy the recovery key'
DEBUG:parse:format 'I click Continue' -> 'I click Continue'
DEBUG:parse:format "I see the 'Are you sure you saved your Recovery Phrase' screen" -> "I see the 'Are you sure you saved your Recovery Phrase' screen"
DEBUG:parse:format "I click on the 'Yes, I saved it' option" -> "I click on the 'Yes, I saved it' option"
DEBUG:parse:format 'I am on the Add/Create team start page' -> 'I am on the Add/Create team start page'
DEBUG:parse:format 'I am in the login screen' -> 'I am in the login screen'
DEBUG:parse:format 'I create a passcode number' -> 'I create a passcode number'
DEBUG:parse:format 'I click the Log In button' -> 'I click the Log In button'
DEBUG:parse:format 'I am in the Team URl screen' -> 'I am in the Team URl screen'
DEBUG:parse:format 'I am in the Recovery Key screen' -> 'I am in the Recovery Key screen'
DEBUG:parse:format 'I write the recovery key' -> 'I write the recovery key'
DEBUG:parse:format 'I write the recovery key for bob' -> 'I write the recovery key for bob'
DEBUG:parse:format 'I am in the Welcome Screen' -> 'I am in the Welcome Screen'
DEBUG:parse:format 'I click on the Sign Up button' -> 'I click on the Sign Up button'
DEBUG:parse:format "I see I am on the 'Save Your Recovery Phrase' screen" -> "I see I am on the 'Save Your Recovery Phrase' screen"
DEBUG:parse:format 'I copy the recovery key' -> 'I copy the recovery key'
DEBUG:parse:format 'I click Continue' -> 'I click Continue'
DEBUG:parse:format "I see the 'Are you sure you saved your Recovery Phrase' screen" -> "I see the 'Are you sure you saved your Recovery Phrase' screen"
DEBUG:parse:format "I click on the 'Yes, I saved it' option" -> "I click on the 'Yes, I saved it' option"
DEBUG:parse:format 'I am on the Add/Create team start page' -> 'I am on the Add/Create team start page'
DEBUG:parse:format 'I am in the login screen' -> 'I am in the login screen'
DEBUG:parse:format 'I create a passcode number' -> 'I create a passcode number'
DEBUG:parse:format 'I click the Log In button' -> 'I click the Log In button'
DEBUG:parse:format 'I am in the Team URl screen' -> 'I am in the Team URl screen'
DEBUG:parse:format 'I am in the Recovery Key screen' -> 'I am in the Recovery Key screen'
DEBUG:parse:format 'I write the recovery key' -> 'I write the recovery key'
DEBUG:parse:format 'I write the recovery key for bob' -> 'I write the recovery key for bob'
DEBUG:parse:format 'I am in the Welcome Screen' -> 'I am in the Welcome Screen'
DEBUG:parse:format 'I click on the Sign Up button' -> 'I click on the Sign Up button'
DEBUG:parse:format "I see I am on the 'Save Your Recovery Phrase' screen" -> "I see I am on the 'Save Your Recovery Phrase' screen"
DEBUG:parse:format 'I copy the recovery key' -> 'I copy the recovery key'
DEBUG:parse:format 'I click Continue' -> 'I click Continue'
DEBUG:parse:format "I see the 'Are you sure you saved your Recovery Phrase' screen" -> "I see the 'Are you sure you saved your Recovery Phrase' screen"
DEBUG:parse:format "I click on the 'Yes, I saved it' option" -> "I click on the 'Yes, I saved it' option"
DEBUG:parse:format 'I am on the Add/Create team start page' -> 'I am on the Add/Create team start page'
DEBUG:parse:format 'I am in the login screen' -> 'I am in the login screen'
DEBUG:parse:format 'I create a passcode number' -> 'I create a passcode number'
DEBUG:parse:format 'I click the Log In button' -> 'I click the Log In button'
DEBUG:parse:format 'I am in the Team URl screen' -> 'I am in the Team URl screen'
DEBUG:parse:format 'I am in the Recovery Key screen' -> 'I am in the Recovery Key screen'
DEBUG:parse:format 'I write the recovery key' -> 'I write the recovery key'
DEBUG:parse:format 'I write the recovery key for bob' -> 'I write the recovery key for bob'
DEBUG:parse:format 'I am in the Welcome Screen' -> 'I am in the Welcome Screen'
DEBUG:parse:format 'I click on the Sign Up button' -> 'I click on the Sign Up button'
DEBUG:parse:format "I see I am on the 'Save Your Recovery Phrase' screen" -> "I see I am on the 'Save Your Recovery Phrase' screen"
DEBUG:parse:format 'I copy the recovery key' -> 'I copy the recovery key'
DEBUG:parse:format 'I click Continue' -> 'I click Continue'
DEBUG:parse:format "I see the 'Are you sure you saved your Recovery Phrase' screen" -> "I see the 'Are you sure you saved your Recovery Phrase' screen"
DEBUG:parse:format "I click on the 'Yes, I saved it' option" -> "I click on the 'Yes, I saved it' option"
DEBUG:parse:format 'I am on the Add/Create team start page' -> 'I am on the Add/Create team start page'
DEBUG:parse:format 'I am in the login screen' -> 'I am in the login screen'
DEBUG:parse:format 'I create a passcode number' -> 'I create a passcode number'
DEBUG:parse:format 'I click the Log In button' -> 'I click the Log In button'
DEBUG:parse:format 'I am in the Team URl screen' -> 'I am in the Team URl screen'
DEBUG:parse:format 'I am in the Recovery Key screen' -> 'I am in the Recovery Key screen'
DEBUG:parse:format 'I write the recovery key' -> 'I write the recovery key'
DEBUG:parse:format 'I write the recovery key for bob' -> 'I write the recovery key for bob'
DEBUG:parse:format 'I am in the Welcome Screen' -> 'I am in the Welcome Screen'
DEBUG:parse:format 'I click on the Sign Up button' -> 'I click on the Sign Up button'
DEBUG:parse:format "I see I am on the 'Save Your Recovery Phrase' screen" -> "I see I am on the 'Save Your Recovery Phrase' screen"
DEBUG:parse:format 'I copy the recovery key' -> 'I copy the recovery key'
DEBUG:parse:format 'I click Continue' -> 'I click Continue'
DEBUG:parse:format "I see the 'Are you sure you saved your Recovery Phrase' screen" -> "I see the 'Are you sure you saved your Recovery Phrase' screen"
DEBUG:parse:format "I click on the 'Yes, I saved it' option" -> "I click on the 'Yes, I saved it' option"
DEBUG:parse:format 'I am on the Add/Create team start page' -> 'I am on the Add/Create team start page'
DEBUG:parse:format 'I am in the login screen' -> 'I am in the login screen'
DEBUG:parse:format 'I create a passcode number' -> 'I create a passcode number'
DEBUG:parse:format 'I click the Log In button' -> 'I click the Log In button'
DEBUG:parse:format 'I am in the Team URl screen' -> 'I am in the Team URl screen'
DEBUG:parse:format 'I am in the Recovery Key screen' -> 'I am in the Recovery Key screen'
DEBUG:parse:format 'I write the recovery key' -> 'I write the recovery key'
DEBUG:parse:format 'I write the recovery key for bob' -> 'I write the recovery key for bob'
DEBUG:parse:format 'I am in the Welcome Screen' -> 'I am in the Welcome Screen'
DEBUG:parse:format 'I click on the Sign Up button' -> 'I click on the Sign Up button'
DEBUG:parse:format "I see I am on the 'Save Your Recovery Phrase' screen" -> "I see I am on the 'Save Your Recovery Phrase' screen"
DEBUG:parse:format 'I copy the recovery key' -> 'I copy the recovery key'
DEBUG:parse:format 'I click Continue' -> 'I click Continue'
DEBUG:parse:format "I see the 'Are you sure you saved your Recovery Phrase' screen" -> "I see the 'Are you sure you saved your Recovery Phrase' screen"
DEBUG:parse:format "I click on the 'Yes, I saved it' option" -> "I click on the 'Yes, I saved it' option"
DEBUG:parse:format 'I am on the Add/Create team start page' -> 'I am on the Add/Create team start page'
DEBUG:parse:format 'I am in the login screen' -> 'I am in the login screen'
DEBUG:parse:format 'I create a passcode number' -> 'I create a passcode number'
DEBUG:parse:format 'I click the Log In button' -> 'I click the Log In button'
DEBUG:parse:format 'I am in the Team URl screen' -> 'I am in the Team URl screen'
DEBUG:parse:format 'I am in the Recovery Key screen' -> 'I am in the Recovery Key screen'
DEBUG:parse:format 'I write the recovery key' -> 'I write the recovery key'
DEBUG:parse:format 'I write the recovery key for bob' -> 'I write the recovery key for bob'
DEBUG:parse:format 'I am in the Welcome Screen' -> 'I am in the Welcome Screen'
DEBUG:parse:format 'I click on the Sign Up button' -> 'I click on the Sign Up button'
DEBUG:parse:format "I see I am on the 'Save Your Recovery Phrase' screen" -> "I see I am on the 'Save Your Recovery Phrase' screen"
DEBUG:parse:format 'I copy the recovery key' -> 'I copy the recovery key'
DEBUG:parse:format 'I click Continue' -> 'I click Continue'
DEBUG:parse:format "I see the 'Are you sure you saved your Recovery Phrase' screen" -> "I see the 'Are you sure you saved your Recovery Phrase' screen"
DEBUG:parse:format "I click on the 'Yes, I saved it' option" -> "I click on the 'Yes, I saved it' option"
DEBUG:parse:format 'I am on the Add/Create team start page' -> 'I am on the Add/Create team start page'
DEBUG:parse:format 'I am in the login screen' -> 'I am in the login screen'
DEBUG:parse:format 'I create a passcode number' -> 'I create a passcode number'
DEBUG:parse:format 'I click the Log In button' -> 'I click the Log In button'
DEBUG:parse:format 'I am in the Team URl screen' -> 'I am in the Team URl screen'
DEBUG:parse:format 'I am in the Recovery Key screen' -> 'I am in the Recovery Key screen'
DEBUG:parse:format 'I write the recovery key' -> 'I write the recovery key'
DEBUG:parse:format 'I write the recovery key for bob' -> 'I write the recovery key for bob'
DEBUG:parse:format 'I am in the Welcome Screen' -> 'I am in the Welcome Screen'
DEBUG:parse:format 'I click on the Sign Up button' -> 'I click on the Sign Up button'
DEBUG:parse:format "I see I am on the 'Save Your Recovery Phrase' screen" -> "I see I am on the 'Save Your Recovery Phrase' screen"
DEBUG:parse:format 'I copy the recovery key' -> 'I copy the recovery key'
DEBUG:parse:format 'I click Continue' -> 'I click Continue'
DEBUG:parse:format "I see the 'Are you sure you saved your Recovery Phrase' screen" -> "I see the 'Are you sure you saved your Recovery Phrase' screen"
DEBUG:parse:format "I click on the 'Yes, I saved it' option" -> "I click on the 'Yes, I saved it' option"
DEBUG:parse:format 'I am on the Add/Create team start page' -> 'I am on the Add/Create team start page'
DEBUG:parse:format 'I am in the login screen' -> 'I am in the login screen'
DEBUG:parse:format 'I create a passcode number' -> 'I create a passcode number'
DEBUG:parse:format 'I click the Log In button' -> 'I click the Log In button'
DEBUG:parse:format 'I am in the Team URl screen' -> 'I am in the Team URl screen'
DEBUG:parse:format 'I am in the Recovery Key screen' -> 'I am in the Recovery Key screen'
DEBUG:parse:format 'I write the recovery key' -> 'I write the recovery key'
DEBUG:parse:format 'I write the recovery key for bob' -> 'I write the recovery key for bob'
DEBUG:parse:format 'I am in the Welcome Screen' -> 'I am in the Welcome Screen'
DEBUG:parse:format 'I click on the Sign Up button' -> 'I click on the Sign Up button'
DEBUG:parse:format "I see I am on the 'Save Your Recovery Phrase' screen" -> "I see I am on the 'Save Your Recovery Phrase' screen"
DEBUG:parse:format 'I copy the recovery key' -> 'I copy the recovery key'
DEBUG:parse:format 'I click Continue' -> 'I click Continue'
DEBUG:parse:format "I see the 'Are you sure you saved your Recovery Phrase' screen" -> "I see the 'Are you sure you saved your Recovery Phrase' screen"
DEBUG:parse:format "I click on the 'Yes, I saved it' option" -> "I click on the 'Yes, I saved it' option"
DEBUG:parse:format 'I am on the Add/Create team start page' -> 'I am on the Add/Create team start page'
DEBUG:parse:format 'I am in the login screen' -> 'I am in the login screen'
DEBUG:parse:format 'I create a passcode number' -> 'I create a passcode number'
DEBUG:parse:format 'I click the Log In button' -> 'I click the Log In button'
DEBUG:parse:format 'I am in the Team URl screen' -> 'I am in the Team URl screen'
DEBUG:parse:format 'I am in the Recovery Key screen' -> 'I am in the Recovery Key screen'
DEBUG:parse:format 'I write the recovery key' -> 'I write the recovery key'
DEBUG:parse:format 'I write the recovery key for bob' -> 'I write the recovery key for bob'
DEBUG:parse:format 'I am in the Welcome Screen' -> 'I am in the Welcome Screen'
DEBUG:parse:format 'I click on the Sign Up button' -> 'I click on the Sign Up button'
DEBUG:parse:format "I see I am on the 'Save Your Recovery Phrase' screen" -> "I see I am on the 'Save Your Recovery Phrase' screen"
DEBUG:parse:format 'I copy the recovery key' -> 'I copy the recovery key'
DEBUG:parse:format 'I click Continue' -> 'I click Continue'
DEBUG:parse:format "I see the 'Are you sure you saved your Recovery Phrase' screen" -> "I see the 'Are you sure you saved your Recovery Phrase' screen"
DEBUG:parse:format "I click on the 'Yes, I saved it' option" -> "I click on the 'Yes, I saved it' option"
DEBUG:parse:format 'I am on the Add/Create team start page' -> 'I am on the Add/Create team start page'
DEBUG:parse:format 'I am in the login screen' -> 'I am in the login screen'
DEBUG:parse:format 'I create a passcode number' -> 'I create a passcode number'
DEBUG:parse:format 'I click the Log In button' -> 'I click the Log In button'
DEBUG:parse:format 'I am in the Team URl screen' -> 'I am in the Team URl screen'
DEBUG:parse:format 'I am in the Recovery Key screen' -> 'I am in the Recovery Key screen'
DEBUG:parse:format 'I write the recovery key' -> 'I write the recovery key'
DEBUG:parse:format 'I write the recovery key for bob' -> 'I write the recovery key for bob'
DEBUG:parse:format 'I am in the Welcome Screen' -> 'I am in the Welcome Screen'
DEBUG:parse:format 'I click on the Sign Up button' -> 'I click on the Sign Up button'
DEBUG:parse:format "I see I am on the 'Save Your Recovery Phrase' screen" -> "I see I am on the 'Save Your Recovery Phrase' screen"
DEBUG:parse:format 'I copy the recovery key' -> 'I copy the recovery key'
DEBUG:parse:format 'I click Continue' -> 'I click Continue'
DEBUG:parse:format "I see the 'Are you sure you saved your Recovery Phrase' screen" -> "I see the 'Are you sure you saved your Recovery Phrase' screen"
DEBUG:parse:format "I click on the 'Yes, I saved it' option" -> "I click on the 'Yes, I saved it' option"
DEBUG:parse:format 'I am on the Add/Create team start page' -> 'I am on the Add/Create team start page'
DEBUG:parse:format 'I am in the login screen' -> 'I am in the login screen'
DEBUG:parse:format 'I create a passcode number' -> 'I create a passcode number'
DEBUG:parse:format 'I click the Log In button' -> 'I click the Log In button'
DEBUG:parse:format 'I am in the Team URl screen' -> 'I am in the Team URl screen'
DEBUG:parse:format 'I am in the Recovery Key screen' -> 'I am in the Recovery Key screen'
DEBUG:parse:format 'I write the recovery key' -> 'I write the recovery key'
DEBUG:parse:format 'I write the recovery key for bob' -> 'I write the recovery key for bob'
DEBUG:parse:format 'I am in the Welcome Screen' -> 'I am in the Welcome Screen'
DEBUG:parse:format 'I click on the Sign Up button' -> 'I click on the Sign Up button'
DEBUG:parse:format "I see I am on the 'Save Your Recovery Phrase' screen" -> "I see I am on the 'Save Your Recovery Phrase' screen"
DEBUG:parse:format 'I copy the recovery key' -> 'I copy the recovery key'
DEBUG:parse:format 'I click Continue' -> 'I click Continue'
DEBUG:parse:format "I see the 'Are you sure you saved your Recovery Phrase' screen" -> "I see the 'Are you sure you saved your Recovery Phrase' screen"
DEBUG:parse:format "I click on the 'Yes, I saved it' option" -> "I click on the 'Yes, I saved it' option"
DEBUG:parse:format 'I am on the Add/Create team start page' -> 'I am on the Add/Create team start page'
DEBUG:parse:format 'I am in the login screen' -> 'I am in the login screen'
DEBUG:parse:format 'I create a passcode number' -> 'I create a passcode number'
DEBUG:parse:format 'I click the Log In button' -> 'I click the Log In button'
DEBUG:parse:format 'I am in the Team URl screen' -> 'I am in the Team URl screen'
DEBUG:parse:format 'I am in the Recovery Key screen' -> 'I am in the Recovery Key screen'
DEBUG:parse:format 'I write the recovery key' -> 'I write the recovery key'
DEBUG:parse:format 'I write the recovery key for bob' -> 'I write the recovery key for bob'
DEBUG:parse:format 'I am in the Welcome Screen' -> 'I am in the Welcome Screen'
DEBUG:parse:format 'I click on the Sign Up button' -> 'I click on the Sign Up button'
DEBUG:parse:format "I see I am on the 'Save Your Recovery Phrase' screen" -> "I see I am on the 'Save Your Recovery Phrase' screen"
DEBUG:parse:format 'I copy the recovery key' -> 'I copy the recovery key'
DEBUG:parse:format 'I click Continue' -> 'I click Continue'
DEBUG:parse:format "I see the 'Are you sure you saved your Recovery Phrase' screen" -> "I see the 'Are you sure you saved your Recovery Phrase' screen"
DEBUG:parse:format "I click on the 'Yes, I saved it' option" -> "I click on the 'Yes, I saved it' option"
DEBUG:parse:format 'I am on the Add/Create team start page' -> 'I am on the Add/Create team start page'
DEBUG:parse:format 'I am in the login screen' -> 'I am in the login screen'
DEBUG:parse:format 'I create a passcode number' -> 'I create a passcode number'
DEBUG:parse:format 'I click the Log In button' -> 'I click the Log In button'
DEBUG:parse:format 'I am in the Team URl screen' -> 'I am in the Team URl screen'
DEBUG:parse:format 'I am in the Recovery Key screen' -> 'I am in the Recovery Key screen'
DEBUG:parse:format 'I write the recovery key' -> 'I write the recovery key'
DEBUG:parse:format 'I write the recovery key for bob' -> 'I write the recovery key for bob'
DEBUG:parse:format 'I am in the Welcome Screen' -> 'I am in the Welcome Screen'
DEBUG:parse:format 'I click on the Sign Up button' -> 'I click on the Sign Up button'
DEBUG:parse:format "I see I am on the 'Save Your Recovery Phrase' screen" -> "I see I am on the 'Save Your Recovery Phrase' screen"
DEBUG:parse:format 'I copy the recovery key' -> 'I copy the recovery key'
DEBUG:parse:format 'I click Continue' -> 'I click Continue'
DEBUG:parse:format "I see the 'Are you sure you saved your Recovery Phrase' screen" -> "I see the 'Are you sure you saved your Recovery Phrase' screen"
DEBUG:parse:format "I click on the 'Yes, I saved it' option" -> "I click on the 'Yes, I saved it' option"
DEBUG:parse:format 'I am on the Add/Create team start page' -> 'I am on the Add/Create team start page'
DEBUG:parse:format 'I am in the login screen' -> 'I am in the login screen'
DEBUG:parse:format 'I create a passcode number' -> 'I create a passcode number'
DEBUG:parse:format 'I click the Log In button' -> 'I click the Log In button'
DEBUG:parse:format 'I am in the Team URl screen' -> 'I am in the Team URl screen'
DEBUG:parse:format 'I am in the Recovery Key screen' -> 'I am in the Recovery Key screen'
DEBUG:parse:format 'I write the recovery key' -> 'I write the recovery key'
DEBUG:parse:format 'I write the recovery key for bob' -> 'I write the recovery key for bob'
DEBUG:parse:format 'I am in the Welcome Screen' -> 'I am in the Welcome Screen'
DEBUG:parse:format 'I click on the Sign Up button' -> 'I click on the Sign Up button'
DEBUG:parse:format "I see I am on the 'Save Your Recovery Phrase' screen" -> "I see I am on the 'Save Your Recovery Phrase' screen"
DEBUG:parse:format 'I copy the recovery key' -> 'I copy the recovery key'
DEBUG:parse:format 'I click Continue' -> 'I click Continue'
DEBUG:parse:format "I see the 'Are you sure you saved your Recovery Phrase' screen" -> "I see the 'Are you sure you saved your Recovery Phrase' screen"
DEBUG:parse:format "I click on the 'Yes, I saved it' option" -> "I click on the 'Yes, I saved it' option"
DEBUG:parse:format 'I am on the Add/Create team start page' -> 'I am on the Add/Create team start page'
DEBUG:parse:format 'I am in the login screen' -> 'I am in the login screen'
DEBUG:parse:format 'I create a passcode number' -> 'I create a passcode number'
DEBUG:parse:format 'I click the Log In button' -> 'I click the Log In button'
DEBUG:parse:format 'I am in the Team URl screen' -> 'I am in the Team URl screen'
DEBUG:parse:format 'I am in the Recovery Key screen' -> 'I am in the Recovery Key screen'
DEBUG:parse:format 'I write the recovery key' -> 'I write the recovery key'
DEBUG:parse:format 'I write the recovery key for bob' -> 'I write the recovery key for bob'
DEBUG:parse:format 'I am in the Welcome Screen' -> 'I am in the Welcome Screen'
DEBUG:parse:format 'I click on the Sign Up button' -> 'I click on the Sign Up button'
DEBUG:parse:format "I see I am on the 'Save Your Recovery Phrase' screen" -> "I see I am on the 'Save Your Recovery Phrase' screen"
DEBUG:parse:format 'I copy the recovery key' -> 'I copy the recovery key'
DEBUG:parse:format 'I click Continue' -> 'I click Continue'
DEBUG:parse:format "I see the 'Are you sure you saved your Recovery Phrase' screen" -> "I see the 'Are you sure you saved your Recovery Phrase' screen"
DEBUG:parse:format "I click on the 'Yes, I saved it' option" -> "I click on the 'Yes, I saved it' option"
DEBUG:parse:format 'I am on the Add/Create team start page' -> 'I am on the Add/Create team start page'
DEBUG:parse:format 'I am in the login screen' -> 'I am in the login screen'
DEBUG:parse:format 'I create a passcode number' -> 'I create a passcode number'
DEBUG:parse:format 'I click the Log In button' -> 'I click the Log In button'
DEBUG:parse:format 'I am in the Team URl screen' -> 'I am in the Team URl screen'
DEBUG:parse:format 'I am in the Recovery Key screen' -> 'I am in the Recovery Key screen'
DEBUG:parse:format 'I write the recovery key' -> 'I write the recovery key'
DEBUG:parse:format 'I write the recovery key for bob' -> 'I write the recovery key for bob'
DEBUG:parse:format 'I am in the Welcome Screen' -> 'I am in the Welcome Screen'
DEBUG:parse:format 'I click on the Sign Up button' -> 'I click on the Sign Up button'
DEBUG:parse:format "I see I am on the 'Save Your Recovery Phrase' screen" -> "I see I am on the 'Save Your Recovery Phrase' screen"
DEBUG:parse:format 'I copy the recovery key' -> 'I copy the recovery key'
DEBUG:parse:format 'I click Continue' -> 'I click Continue'
DEBUG:parse:format "I see the 'Are you sure you saved your Recovery Phrase' screen" -> "I see the 'Are you sure you saved your Recovery Phrase' screen"
DEBUG:parse:format "I click on the 'Yes, I saved it' option" -> "I click on the 'Yes, I saved it' option"
DEBUG:parse:format 'I am on the Add/Create team start page' -> 'I am on the Add/Create team start page'
DEBUG:parse:format 'I am in the login screen' -> 'I am in the login screen'
DEBUG:parse:format 'I create a passcode number' -> 'I create a passcode number'
DEBUG:parse:format 'I click the Log In button' -> 'I click the Log In button'
DEBUG:parse:format 'I am in the Team URl screen' -> 'I am in the Team URl screen'
DEBUG:parse:format 'I am in the Recovery Key screen' -> 'I am in the Recovery Key screen'
DEBUG:parse:format 'I write the recovery key' -> 'I write the recovery key'
DEBUG:parse:format 'I write the recovery key for bob' -> 'I write the recovery key for bob'
DEBUG:parse:format 'I am in the Welcome Screen' -> 'I am in the Welcome Screen'
DEBUG:parse:format 'I click on the Sign Up button' -> 'I click on the Sign Up button'
DEBUG:parse:format "I see I am on the 'Save Your Recovery Phrase' screen" -> "I see I am on the 'Save Your Recovery Phrase' screen"
DEBUG:parse:format 'I copy the recovery key' -> 'I copy the recovery key'
DEBUG:parse:format 'I click Continue' -> 'I click Continue'
DEBUG:parse:format "I see the 'Are you sure you saved your Recovery Phrase' screen" -> "I see the 'Are you sure you saved your Recovery Phrase' screen"
DEBUG:parse:format "I click on the 'Yes, I saved it' option" -> "I click on the 'Yes, I saved it' option"
DEBUG:parse:format 'I am on the Add/Create team start page' -> 'I am on the Add/Create team start page'
DEBUG:parse:format 'I am in the login screen' -> 'I am in the login screen'
DEBUG:parse:format 'I create a passcode number' -> 'I create a passcode number'
DEBUG:parse:format 'I click the Log In button' -> 'I click the Log In button'
DEBUG:parse:format 'I am in the Team URl screen' -> 'I am in the Team URl screen'
DEBUG:parse:format 'I am in the Recovery Key screen' -> 'I am in the Recovery Key screen'
DEBUG:parse:format 'I write the recovery key' -> 'I write the recovery key'
DEBUG:parse:format 'I write the recovery key for bob' -> 'I write the recovery key for bob'
DEBUG:parse:format 'I am in the Welcome Screen' -> 'I am in the Welcome Screen'
DEBUG:parse:format 'I click on the Sign Up button' -> 'I click on the Sign Up button'
DEBUG:parse:format "I see I am on the 'Save Your Recovery Phrase' screen" -> "I see I am on the 'Save Your Recovery Phrase' screen"
DEBUG:parse:format 'I copy the recovery key' -> 'I copy the recovery key'
DEBUG:parse:format 'I click Continue' -> 'I click Continue'
DEBUG:parse:format "I see the 'Are you sure you saved your Recovery Phrase' screen" -> "I see the 'Are you sure you saved your Recovery Phrase' screen"
DEBUG:parse:format "I click on the 'Yes, I saved it' option" -> "I click on the 'Yes, I saved it' option"
DEBUG:parse:format 'I am on the Add/Create team start page' -> 'I am on the Add/Create team start page'
DEBUG:parse:format 'I am in the login screen' -> 'I am in the login screen'
DEBUG:parse:format 'I create a passcode number' -> 'I create a passcode number'
DEBUG:parse:format 'I click the Log In button' -> 'I click the Log In button'
DEBUG:parse:format 'I am in the Team URl screen' -> 'I am in the Team URl screen'
DEBUG:parse:format 'I am in the Recovery Key screen' -> 'I am in the Recovery Key screen'
DEBUG:parse:format 'I write the recovery key' -> 'I write the recovery key'
DEBUG:parse:format 'I write the recovery key for bob' -> 'I write the recovery key for bob'
DEBUG:parse:format 'I am in the Welcome Screen' -> 'I am in the Welcome Screen'
DEBUG:parse:format 'I click on the Sign Up button' -> 'I click on the Sign Up button'
DEBUG:parse:format "I see I am on the 'Save Your Recovery Phrase' screen" -> "I see I am on the 'Save Your Recovery Phrase' screen"
DEBUG:parse:format 'I copy the recovery key' -> 'I copy the recovery key'
DEBUG:parse:format 'I click Continue' -> 'I click Continue'
DEBUG:parse:format "I see the 'Are you sure you saved your Recovery Phrase' screen" -> "I see the 'Are you sure you saved your Recovery Phrase' screen"
DEBUG:parse:format "I click on the 'Yes, I saved it' option" -> "I click on the 'Yes, I saved it' option"
DEBUG:parse:format 'I am on the Add/Create team start page' -> 'I am on the Add/Create team start page'
DEBUG:parse:format 'I am in the login screen' -> 'I am in the login screen'
DEBUG:parse:format 'I create a passcode number' -> 'I create a passcode number'
DEBUG:parse:format 'I click the Log In button' -> 'I click the Log In button'
DEBUG:parse:format 'I am in the Team URl screen' -> 'I am in the Team URl screen'
DEBUG:parse:format 'I am in the Recovery Key screen' -> 'I am in the Recovery Key screen'
DEBUG:parse:format 'I write the recovery key' -> 'I write the recovery key'
DEBUG:parse:format 'I write the recovery key for bob' -> 'I write the recovery key for bob'
DEBUG:parse:format 'I am in the Welcome Screen' -> 'I am in the Welcome Screen'
DEBUG:parse:format 'I click on the Sign Up button' -> 'I click on the Sign Up button'
DEBUG:parse:format "I see I am on the 'Save Your Recovery Phrase' screen" -> "I see I am on the 'Save Your Recovery Phrase' screen"
DEBUG:parse:format 'I copy the recovery key' -> 'I copy the recovery key'
DEBUG:parse:format 'I click Continue' -> 'I click Continue'
DEBUG:parse:format "I see the 'Are you sure you saved your Recovery Phrase' screen" -> "I see the 'Are you sure you saved your Recovery Phrase' screen"
DEBUG:parse:format "I click on the 'Yes, I saved it' option" -> "I click on the 'Yes, I saved it' option"
DEBUG:parse:format 'I am on the Add/Create team start page' -> 'I am on the Add/Create team start page'
DEBUG:parse:format 'I am in the login screen' -> 'I am in the login screen'
DEBUG:parse:format 'I create a passcode number' -> 'I create a passcode number'
DEBUG:parse:format 'I click the Log In button' -> 'I click the Log In button'
DEBUG:parse:format 'I am in the Team URl screen' -> 'I am in the Team URl screen'
DEBUG:parse:format 'I am in the Recovery Key screen' -> 'I am in the Recovery Key screen'
DEBUG:parse:format 'I write the recovery key' -> 'I write the recovery key'
DEBUG:parse:format 'I write the recovery key for bob' -> 'I write the recovery key for bob'
DEBUG:parse:format 'I am in the Welcome Screen' -> 'I am in the Welcome Screen'
DEBUG:parse:format 'I click on the Sign Up button' -> 'I click on the Sign Up button'
DEBUG:parse:format "I see I am on the 'Save Your Recovery Phrase' screen" -> "I see I am on the 'Save Your Recovery Phrase' screen"
DEBUG:parse:format 'I copy the recovery key' -> 'I copy the recovery key'
DEBUG:parse:format 'I click Continue' -> 'I click Continue'
DEBUG:parse:format "I see the 'Are you sure you saved your Recovery Phrase' screen" -> "I see the 'Are you sure you saved your Recovery Phrase' screen"
DEBUG:parse:format "I click on the 'Yes, I saved it' option" -> "I click on the 'Yes, I saved it' option"
DEBUG:parse:format 'I am on the Add/Create team start page' -> 'I am on the Add/Create team start page'
DEBUG:parse:format 'I am in the login screen' -> 'I am in the login screen'
DEBUG:parse:format 'I create a passcode number' -> 'I create a passcode number'
DEBUG:parse:format 'I click the Log In button' -> 'I click the Log In button'
DEBUG:parse:format 'I am in the Team URl screen' -> 'I am in the Team URl screen'
DEBUG:parse:format 'I am in the Recovery Key screen' -> 'I am in the Recovery Key screen'
DEBUG:parse:format 'I write the recovery key' -> 'I write the recovery key'
DEBUG:parse:format 'I write the recovery key for bob' -> 'I write the recovery key for bob'
DEBUG:parse:format 'I am in the Welcome Screen' -> 'I am in the Welcome Screen'
DEBUG:parse:format 'I click on the Sign Up button' -> 'I click on the Sign Up button'
DEBUG:parse:format "I see I am on the 'Save Your Recovery Phrase' screen" -> "I see I am on the 'Save Your Recovery Phrase' screen"
DEBUG:parse:format 'I copy the recovery key' -> 'I copy the recovery key'
DEBUG:parse:format 'I click Continue' -> 'I click Continue'
DEBUG:parse:format "I see the 'Are you sure you saved your Recovery Phrase' screen" -> "I see the 'Are you sure you saved your Recovery Phrase' screen"
DEBUG:parse:format "I click on the 'Yes, I saved it' option" -> "I click on the 'Yes, I saved it' option"
DEBUG:parse:format 'I am on the Add/Create team start page' -> 'I am on the Add/Create team start page'
DEBUG:parse:format 'I am in the login screen' -> 'I am in the login screen'
DEBUG:parse:format 'I create a passcode number' -> 'I create a passcode number'
DEBUG:parse:format 'I click the Log In button' -> 'I click the Log In button'
DEBUG:parse:format 'I am in the Team URl screen' -> 'I am in the Team URl screen'
DEBUG:parse:format 'I am in the Recovery Key screen' -> 'I am in the Recovery Key screen'
DEBUG:parse:format 'I write the recovery key' -> 'I write the recovery key'
DEBUG:parse:format 'I write the recovery key for bob' -> 'I write the recovery key for bob'
DEBUG:parse:format 'I am in the Welcome Screen' -> 'I am in the Welcome Screen'
DEBUG:parse:format 'I click on the Sign Up button' -> 'I click on the Sign Up button'
DEBUG:parse:format "I see I am on the 'Save Your Recovery Phrase' screen" -> "I see I am on the 'Save Your Recovery Phrase' screen"
DEBUG:parse:format 'I copy the recovery key' -> 'I copy the recovery key'
DEBUG:parse:format 'I click Continue' -> 'I click Continue'
DEBUG:parse:format "I see the 'Are you sure you saved your Recovery Phrase' screen" -> "I see the 'Are you sure you saved your Recovery Phrase' screen"
DEBUG:parse:format "I click on the 'Yes, I saved it' option" -> "I click on the 'Yes, I saved it' option"
DEBUG:parse:format 'I am on the Add/Create team start page' -> 'I am on the Add/Create team start page'
DEBUG:parse:format 'I am in the login screen' -> 'I am in the login screen'
DEBUG:parse:format 'I create a passcode number' -> 'I create a passcode number'
DEBUG:parse:format 'I click the Log In button' -> 'I click the Log In button'
DEBUG:parse:format 'I am in the Team URl screen' -> 'I am in the Team URl screen'
DEBUG:parse:format 'I am in the Recovery Key screen' -> 'I am in the Recovery Key screen'
DEBUG:parse:format 'I write the recovery key' -> 'I write the recovery key'
DEBUG:parse:format 'I write the recovery key for bob' -> 'I write the recovery key for bob'
DEBUG:parse:format 'I am in the Welcome Screen' -> 'I am in the Welcome Screen'
DEBUG:parse:format 'I click on the Sign Up button' -> 'I click on the Sign Up button'
DEBUG:parse:format "I see I am on the 'Save Your Recovery Phrase' screen" -> "I see I am on the 'Save Your Recovery Phrase' screen"
DEBUG:parse:format 'I copy the recovery key' -> 'I copy the recovery key'
DEBUG:parse:format 'I click Continue' -> 'I click Continue'
DEBUG:parse:format "I see the 'Are you sure you saved your Recovery Phrase' screen" -> "I see the 'Are you sure you saved your Recovery Phrase' screen"
DEBUG:parse:format "I click on the 'Yes, I saved it' option" -> "I click on the 'Yes, I saved it' option"
DEBUG:parse:format 'I am on the Add/Create team start page' -> 'I am on the Add/Create team start page'
DEBUG:parse:format 'I am in the login screen' -> 'I am in the login screen'
DEBUG:parse:format 'I create a passcode number' -> 'I create a passcode number'
DEBUG:parse:format 'I click the Log In button' -> 'I click the Log In button'
DEBUG:parse:format 'I am in the Team URl screen' -> 'I am in the Team URl screen'
DEBUG:parse:format 'I am in the Recovery Key screen' -> 'I am in the Recovery Key screen'
DEBUG:parse:format 'I write the recovery key' -> 'I write the recovery key'
DEBUG:parse:format 'I write the recovery key for bob' -> 'I write the recovery key for bob'
DEBUG:parse:format 'I am in the Welcome Screen' -> 'I am in the Welcome Screen'
DEBUG:parse:format 'I click on the Sign Up button' -> 'I click on the Sign Up button'
DEBUG:parse:format "I see I am on the 'Save Your Recovery Phrase' screen" -> "I see I am on the 'Save Your Recovery Phrase' screen"
DEBUG:parse:format 'I copy the recovery key' -> 'I copy the recovery key'
DEBUG:parse:format 'I click Continue' -> 'I click Continue'
DEBUG:parse:format "I see the 'Are you sure you saved your Recovery Phrase' screen" -> "I see the 'Are you sure you saved your Recovery Phrase' screen"
DEBUG:parse:format "I click on the 'Yes, I saved it' option" -> "I click on the 'Yes, I saved it' option"
DEBUG:parse:format 'I am on the Add/Create team start page' -> 'I am on the Add/Create team start page'
DEBUG:parse:format 'I am in the login screen' -> 'I am in the login screen'
DEBUG:parse:format 'I create a passcode number' -> 'I create a passcode number'
DEBUG:parse:format 'I click the Log In button' -> 'I click the Log In button'
DEBUG:parse:format 'I am in the Team URl screen' -> 'I am in the Team URl screen'
DEBUG:parse:format 'I am in the Recovery Key screen' -> 'I am in the Recovery Key screen'
DEBUG:parse:format 'I write the recovery key' -> 'I write the recovery key'
DEBUG:parse:format 'I write the recovery key for bob' -> 'I write the recovery key for bob'
DEBUG:parse:format 'I am in the Welcome Screen' -> 'I am in the Welcome Screen'
DEBUG:parse:format 'I click on the Sign Up button' -> 'I click on the Sign Up button'
DEBUG:parse:format "I see I am on the 'Save Your Recovery Phrase' screen" -> "I see I am on the 'Save Your Recovery Phrase' screen"
DEBUG:parse:format 'I copy the recovery key' -> 'I copy the recovery key'
DEBUG:parse:format 'I click Continue' -> 'I click Continue'
DEBUG:parse:format "I see the 'Are you sure you saved your Recovery Phrase' screen" -> "I see the 'Are you sure you saved your Recovery Phrase' screen"
DEBUG:parse:format "I click on the 'Yes, I saved it' option" -> "I click on the 'Yes, I saved it' option"
DEBUG:parse:format 'I am on the Add/Create team start page' -> 'I am on the Add/Create team start page'
DEBUG:parse:format 'I am in the login screen' -> 'I am in the login screen'
DEBUG:parse:format 'I create a passcode number' -> 'I create a passcode number'
DEBUG:parse:format 'I click the Log In button' -> 'I click the Log In button'
DEBUG:parse:format 'I am in the Team URl screen' -> 'I am in the Team URl screen'
DEBUG:parse:format 'I am in the Recovery Key screen' -> 'I am in the Recovery Key screen'
DEBUG:parse:format 'I write the recovery key' -> 'I write the recovery key'
DEBUG:parse:format 'I write the recovery key for bob' -> 'I write the recovery key for bob'
DEBUG:parse:format 'I am in the Welcome Screen' -> 'I am in the Welcome Screen'
DEBUG:parse:format 'I click on the Sign Up button' -> 'I click on the Sign Up button'
DEBUG:parse:format "I see I am on the 'Save Your Recovery Phrase' screen" -> "I see I am on the 'Save Your Recovery Phrase' screen"
DEBUG:parse:format 'I copy the recovery key' -> 'I copy the recovery key'
DEBUG:parse:format 'I click Continue' -> 'I click Continue'
DEBUG:parse:format "I see the 'Are you sure you saved your Recovery Phrase' screen" -> "I see the 'Are you sure you saved your Recovery Phrase' screen"
DEBUG:parse:format "I click on the 'Yes, I saved it' option" -> "I click on the 'Yes, I saved it' option"
DEBUG:parse:format 'I am on the Add/Create team start page' -> 'I am on the Add/Create team start page'
DEBUG:parse:format 'I am in the login screen' -> 'I am in the login screen'
DEBUG:parse:format 'I create a passcode number' -> 'I create a passcode number'
DEBUG:parse:format 'I click the Log In button' -> 'I click the Log In button'
DEBUG:parse:format 'I am in the Team URl screen' -> 'I am in the Team URl screen'
DEBUG:parse:format 'I am in the Recovery Key screen' -> 'I am in the Recovery Key screen'
DEBUG:parse:format 'I write the recovery key' -> 'I write the recovery key'
DEBUG:parse:format 'I write the recovery key for bob' -> 'I write the recovery key for bob'
DEBUG:parse:format 'I am in the Welcome Screen' -> 'I am in the Welcome Screen'
DEBUG:parse:format 'I click on the Sign Up button' -> 'I click on the Sign Up button'
DEBUG:parse:format "I see I am on the 'Save Your Recovery Phrase' screen" -> "I see I am on the 'Save Your Recovery Phrase' screen"
DEBUG:parse:format 'I copy the recovery key' -> 'I copy the recovery key'
DEBUG:parse:format 'I click Continue' -> 'I click Continue'
DEBUG:parse:format "I see the 'Are you sure you saved your Recovery Phrase' screen" -> "I see the 'Are you sure you saved your Recovery Phrase' screen"
DEBUG:parse:format "I click on the 'Yes, I saved it' option" -> "I click on the 'Yes, I saved it' option"
DEBUG:parse:format 'I am on the Add/Create team start page' -> 'I am on the Add/Create team start page'
DEBUG:parse:format 'I am in the login screen' -> 'I am in the login screen'
DEBUG:parse:format 'I create a passcode number' -> 'I create a passcode number'
DEBUG:parse:format 'I click the Log In button' -> 'I click the Log In button'
DEBUG:parse:format 'I am in the Team URl screen' -> 'I am in the Team URl screen'
DEBUG:parse:format 'I am in the Recovery Key screen' -> 'I am in the Recovery Key screen'
DEBUG:parse:format 'I write the recovery key' -> 'I write the recovery key'
DEBUG:parse:format 'I write the recovery key for bob' -> 'I write the recovery key for bob'
DEBUG:parse:format 'I am in the Welcome Screen' -> 'I am in the Welcome Screen'
DEBUG:parse:format 'I click on the Sign Up button' -> 'I click on the Sign Up button'
DEBUG:parse:format "I see I am on the 'Save Your Recovery Phrase' screen" -> "I see I am on the 'Save Your Recovery Phrase' screen"
DEBUG:parse:format 'I copy the recovery key' -> 'I copy the recovery key'
DEBUG:parse:format 'I click Continue' -> 'I click Continue'
DEBUG:parse:format "I see the 'Are you sure you saved your Recovery Phrase' screen" -> "I see the 'Are you sure you saved your Recovery Phrase' screen"
DEBUG:parse:format "I click on the 'Yes, I saved it' option" -> "I click on the 'Yes, I saved it' option"
DEBUG:parse:format 'I am on the Add/Create team start page' -> 'I am on the Add/Create team start page'
DEBUG:parse:format 'I am in the login screen' -> 'I am in the login screen'
DEBUG:parse:format 'I create a passcode number' -> 'I create a passcode number'
DEBUG:parse:format 'I click the Log In button' -> 'I click the Log In button'
DEBUG:parse:format 'I am in the Team URl screen' -> 'I am in the Team URl screen'
DEBUG:parse:format 'I am in the Recovery Key screen' -> 'I am in the Recovery Key screen'
DEBUG:parse:format 'I write the recovery key' -> 'I write the recovery key'
DEBUG:parse:format 'I write the recovery key for bob' -> 'I write the recovery key for bob'
DEBUG:parse:format 'I am in the Welcome Screen' -> 'I am in the Welcome Screen'
DEBUG:parse:format 'I click on the Sign Up button' -> 'I click on the Sign Up button'
DEBUG:parse:format "I see I am on the 'Save Your Recovery Phrase' screen" -> "I see I am on the 'Save Your Recovery Phrase' screen"
DEBUG:parse:format 'I copy the recovery key' -> 'I copy the recovery key'
DEBUG:parse:format 'I click Continue' -> 'I click Continue'
DEBUG:parse:format "I see the 'Are you sure you saved your Recovery Phrase' screen" -> "I see the 'Are you sure you saved your Recovery Phrase' screen"
DEBUG:parse:format "I click on the 'Yes, I saved it' option" -> "I click on the 'Yes, I saved it' option"
DEBUG:parse:format 'I am on the Add/Create team start page' -> 'I am on the Add/Create team start page'
DEBUG:parse:format 'I am in the login screen' -> 'I am in the login screen'
DEBUG:parse:format 'I create a passcode number' -> 'I create a passcode number'
DEBUG:parse:format 'I click the Log In button' -> 'I click the Log In button'
DEBUG:parse:format 'I am in the Team URl screen' -> 'I am in the Team URl screen'
DEBUG:parse:format 'I am in the Recovery Key screen' -> 'I am in the Recovery Key screen'
DEBUG:parse:format 'I write the recovery key' -> 'I write the recovery key'
DEBUG:parse:format 'I write the recovery key for bob' -> 'I write the recovery key for bob'
DEBUG:parse:format 'I am in the Welcome Screen' -> 'I am in the Welcome Screen'
DEBUG:parse:format 'I click on the Sign Up button' -> 'I click on the Sign Up button'
DEBUG:parse:format "I see I am on the 'Save Your Recovery Phrase' screen" -> "I see I am on the 'Save Your Recovery Phrase' screen"
DEBUG:parse:format 'I copy the recovery key' -> 'I copy the recovery key'
DEBUG:parse:format 'I click Continue' -> 'I click Continue'
DEBUG:parse:format "I see the 'Are you sure you saved your Recovery Phrase' screen" -> "I see the 'Are you sure you saved your Recovery Phrase' screen"
DEBUG:parse:format "I click on the 'Yes, I saved it' option" -> "I click on the 'Yes, I saved it' option"
DEBUG:parse:format 'I am on the Add/Create team start page' -> 'I am on the Add/Create team start page'
DEBUG:parse:format 'I am in the login screen' -> 'I am in the login screen'
DEBUG:parse:format 'I create a passcode number' -> 'I create a passcode number'
DEBUG:parse:format 'I click the Log In button' -> 'I click the Log In button'
DEBUG:parse:format 'I am in the Team URl screen' -> 'I am in the Team URl screen'
DEBUG:parse:format 'I am in the Recovery Key screen' -> 'I am in the Recovery Key screen'
DEBUG:parse:format 'I write the recovery key' -> 'I write the recovery key'
DEBUG:parse:format 'I write the recovery key for bob' -> 'I write the recovery key for bob'
DEBUG:parse:format 'I am in the Welcome Screen' -> 'I am in the Welcome Screen'
DEBUG:parse:format 'I click on the Sign Up button' -> 'I click on the Sign Up button'
DEBUG:parse:format "I see I am on the 'Save Your Recovery Phrase' screen" -> "I see I am on the 'Save Your Recovery Phrase' screen"
DEBUG:parse:format 'I copy the recovery key' -> 'I copy the recovery key'
DEBUG:parse:format 'I click Continue' -> 'I click Continue'
DEBUG:parse:format "I see the 'Are you sure you saved your Recovery Phrase' screen" -> "I see the 'Are you sure you saved your Recovery Phrase' screen"
DEBUG:parse:format "I click on the 'Yes, I saved it' option" -> "I click on the 'Yes, I saved it' option"
DEBUG:parse:format 'I am on the Add/Create team start page' -> 'I am on the Add/Create team start page'
DEBUG:parse:format 'I am in the login screen' -> 'I am in the login screen'
DEBUG:parse:format 'I create a passcode number' -> 'I create a passcode number'
DEBUG:parse:format 'I click the Log In button' -> 'I click the Log In button'
DEBUG:parse:format 'I am in the Team URl screen' -> 'I am in the Team URl screen'
DEBUG:parse:format 'I am in the Recovery Key screen' -> 'I am in the Recovery Key screen'
DEBUG:parse:format 'I write the recovery key' -> 'I write the recovery key'
DEBUG:parse:format 'I write the recovery key for bob' -> 'I write the recovery key for bob'
DEBUG:parse:format 'I am in the Welcome Screen' -> 'I am in the Welcome Screen'
DEBUG:parse:format 'I click on the Sign Up button' -> 'I click on the Sign Up button'
DEBUG:parse:format "I see I am on the 'Save Your Recovery Phrase' screen" -> "I see I am on the 'Save Your Recovery Phrase' screen"
DEBUG:parse:format 'I copy the recovery key' -> 'I copy the recovery key'
DEBUG:parse:format 'I click Continue' -> 'I click Continue'
DEBUG:parse:format "I see the 'Are you sure you saved your Recovery Phrase' screen" -> "I see the 'Are you sure you saved your Recovery Phrase' screen"
DEBUG:parse:format "I click on the 'Yes, I saved it' option" -> "I click on the 'Yes, I saved it' option"
DEBUG:parse:format 'I am on the Add/Create team start page' -> 'I am on the Add/Create team start page'
DEBUG:parse:format 'I am in the login screen' -> 'I am in the login screen'
DEBUG:parse:format 'I create a passcode number' -> 'I create a passcode number'
DEBUG:parse:format 'I click the Log In button' -> 'I click the Log In button'
DEBUG:parse:format 'I am in the Team URl screen' -> 'I am in the Team URl screen'
DEBUG:parse:format 'I am in the Recovery Key screen' -> 'I am in the Recovery Key screen'
DEBUG:parse:format 'I write the recovery key' -> 'I write the recovery key'
DEBUG:parse:format 'I write the recovery key for bob' -> 'I write the recovery key for bob'
DEBUG:parse:format 'I am in the Welcome Screen' -> 'I am in the Welcome Screen'
DEBUG:parse:format 'I am on the Welcome Screen' -> 'I am on the Welcome Screen'
DEBUG:parse:format 'I click on the hamburger dropdown menu' -> 'I click on the hamburger dropdown menu'
DEBUG:parse:format 'I click the Continue button' -> 'I click the Continue button'
DEBUG:parse:format 'I Select the lock icon on top right' -> 'I Select the lock icon on top right'
DEBUG:parse:format 'I Select the lock icon on top right for the space' -> 'I Select the lock icon on top right for the space'
DEBUG:parse:format 'I choose my team' -> 'I choose my team'
DEBUG:parse:format 'I click on the Peoples tab' -> 'I click on the Peoples tab'
DEBUG:parse:format 'Back in the application,I click on the "Close" button' -> 'Back in the application,I click on the "Close" button'
DEBUG:parse:format 'I write the Team URL' -> 'I write the Team URL'
DEBUG:parse:format 'I click the Add Team button' -> 'I click the Add Team button'
DEBUG:parse:format 'I am on the Peoples Tab and the space members list become visible' -> 'I am on the Peoples Tab and the space members list become visible'
DEBUG:parse:format 'I select Bob from the list of people and The member screen appears' -> 'I select Bob from the list of people and The member screen appears'
DEBUG:parse:format 'I click on one of the spaces created' -> 'I click on one of the spaces created'
DEBUG:parse:format 'I Open a files (...) dropdown menu' -> 'I Open a files \\(\\.\\.\\.\\) dropdown menu'
DEBUG:parse:format 'I click on Version History' -> 'I click on Version History'
DEBUG:parse:format 'I Select the back arrow in the top left' -> 'I Select the back arrow in the top left'
DEBUG:parse:format 'I click on Delete File' -> 'I click on Delete File'
DEBUG:parse:format 'The Delete File pop up option becomes visible' -> 'The Delete File pop up option becomes visible'
DEBUG:parse:format 'I select the Cancel option from the pop up' -> 'I select the Cancel option from the pop up'
DEBUG:parse:format 'I am returned to the previous screen, the space view' -> 'I am returned to the previous screen, the space view'
DEBUG:parse:format 'I click on File details' -> 'I click on File details'
DEBUG:parse:format 'I see the uploaded file' -> 'I see the uploaded file'
DEBUG:parse:format 'The "applying changes" spinner briefly appears. When it goes away, you are returned to the user profile and it will display the "Space Administrator" text' -> 'The "applying changes" spinner briefly appears\\. When it goes away, you are returned to the user profile and it will display the "Space Administrator" text'
DEBUG:parse:format 'I Choose settings option' -> 'I Choose settings option'
DEBUG:parse:format 'I choose the team I am an admin of' -> 'I choose the team I am an admin of'
DEBUG:parse:format 'I click on the Sign Up button' -> 'I click on the Sign Up button'
DEBUG:parse:format "I see I am on the 'Save Your Recovery Phrase' screen" -> "I see I am on the 'Save Your Recovery Phrase' screen"
DEBUG:parse:format 'I copy the recovery key' -> 'I copy the recovery key'
DEBUG:parse:format 'I click Continue' -> 'I click Continue'
DEBUG:parse:format "I see the 'Are you sure you saved your Recovery Phrase' screen" -> "I see the 'Are you sure you saved your Recovery Phrase' screen"
DEBUG:parse:format "I click on the 'Yes, I saved it' option" -> "I click on the 'Yes, I saved it' option"
DEBUG:parse:format 'I am on the Add/Create team start page' -> 'I am on the Add/Create team start page'
DEBUG:parse:format 'I am in the login screen' -> 'I am in the login screen'
DEBUG:parse:format 'I create a passcode number' -> 'I create a passcode number'
DEBUG:parse:format 'I click the Log In button' -> 'I click the Log In button'
DEBUG:parse:format 'I am in the Team URl screen' -> 'I am in the Team URl screen'
DEBUG:parse:format 'I am in the Recovery Key screen' -> 'I am in the Recovery Key screen'
DEBUG:parse:format 'I write the recovery key' -> 'I write the recovery key'
DEBUG:parse:format 'I write the recovery key for bob' -> 'I write the recovery key for bob'
DEBUG:parse:format 'I am in the Welcome Screen' -> 'I am in the Welcome Screen'
DEBUG:parse:format 'I am on the Welcome Screen' -> 'I am on the Welcome Screen'
DEBUG:parse:format 'I click on the hamburger dropdown menu' -> 'I click on the hamburger dropdown menu'
DEBUG:parse:format 'I click the Continue button' -> 'I click the Continue button'
DEBUG:parse:format 'I Select the lock icon on top right' -> 'I Select the lock icon on top right'
DEBUG:parse:format 'I Select the lock icon on top right for the space' -> 'I Select the lock icon on top right for the space'
DEBUG:parse:format 'I choose my team' -> 'I choose my team'
DEBUG:parse:format 'I click on the Peoples tab' -> 'I click on the Peoples tab'
DEBUG:parse:format 'Back in the application,I click on the "Close" button' -> 'Back in the application,I click on the "Close" button'
DEBUG:parse:format 'I write the Team URL' -> 'I write the Team URL'
DEBUG:parse:format 'I click the Add Team button' -> 'I click the Add Team button'
DEBUG:parse:format 'I am on the Peoples Tab and the space members list become visible' -> 'I am on the Peoples Tab and the space members list become visible'
DEBUG:parse:format 'I select Bob from the list of people and The member screen appears' -> 'I select Bob from the list of people and The member screen appears'
DEBUG:parse:format 'I click on one of the spaces created' -> 'I click on one of the spaces created'
DEBUG:parse:format 'I Open a files (...) dropdown menu' -> 'I Open a files \\(\\.\\.\\.\\) dropdown menu'
DEBUG:parse:format 'I click on Version History' -> 'I click on Version History'
DEBUG:parse:format 'I Select the back arrow in the top left' -> 'I Select the back arrow in the top left'
DEBUG:parse:format 'I click on Delete File' -> 'I click on Delete File'
DEBUG:parse:format 'The Delete File pop up option becomes visible' -> 'The Delete File pop up option becomes visible'
DEBUG:parse:format 'I select the Cancel option from the pop up' -> 'I select the Cancel option from the pop up'
DEBUG:parse:format 'I am returned to the previous screen, the space view' -> 'I am returned to the previous screen, the space view'
DEBUG:parse:format 'I click on File details' -> 'I click on File details'
DEBUG:parse:format 'I see the uploaded file' -> 'I see the uploaded file'
DEBUG:parse:format 'The "applying changes" spinner briefly appears. When it goes away, you are returned to the user profile and it will display the "Space Administrator" text' -> 'The "applying changes" spinner briefly appears\\. When it goes away, you are returned to the user profile and it will display the "Space Administrator" text'
DEBUG:parse:format 'I Choose settings option' -> 'I Choose settings option'
DEBUG:parse:format 'I choose the team I am an admin of' -> 'I choose the team I am an admin of'
DEBUG:parse:format 'I click on the Sign Up button' -> 'I click on the Sign Up button'
DEBUG:parse:format "I see I am on the 'Save Your Recovery Phrase' screen" -> "I see I am on the 'Save Your Recovery Phrase' screen"
DEBUG:parse:format 'I copy the recovery key' -> 'I copy the recovery key'
DEBUG:parse:format 'I click Continue' -> 'I click Continue'
DEBUG:parse:format "I see the 'Are you sure you saved your Recovery Phrase' screen" -> "I see the 'Are you sure you saved your Recovery Phrase' screen"
DEBUG:parse:format "I click on the 'Yes, I saved it' option" -> "I click on the 'Yes, I saved it' option"
DEBUG:parse:format 'I am on the Add/Create team start page' -> 'I am on the Add/Create team start page'
DEBUG:parse:format 'I am in the login screen' -> 'I am in the login screen'
DEBUG:parse:format 'I create a passcode number' -> 'I create a passcode number'
DEBUG:parse:format 'I click the Log In button' -> 'I click the Log In button'
DEBUG:parse:format 'I am in the Team URl screen' -> 'I am in the Team URl screen'
DEBUG:parse:format 'I am in the Recovery Key screen' -> 'I am in the Recovery Key screen'
DEBUG:parse:format 'I write the recovery key' -> 'I write the recovery key'
DEBUG:parse:format 'I write the recovery key for bob' -> 'I write the recovery key for bob'
DEBUG:parse:format 'I am in the Welcome Screen' -> 'I am in the Welcome Screen'
DEBUG:parse:format 'I am on the Welcome Screen' -> 'I am on the Welcome Screen'
DEBUG:parse:format 'I click on the hamburger dropdown menu' -> 'I click on the hamburger dropdown menu'
DEBUG:parse:format 'I click the Continue button' -> 'I click the Continue button'
DEBUG:parse:format 'I Select the lock icon on top right' -> 'I Select the lock icon on top right'
DEBUG:parse:format 'I Select the lock icon on top right for the space' -> 'I Select the lock icon on top right for the space'
DEBUG:parse:format 'I choose my team' -> 'I choose my team'
DEBUG:parse:format 'I click on the Peoples tab' -> 'I click on the Peoples tab'
DEBUG:parse:format 'Back in the application,I click on the "Close" button' -> 'Back in the application,I click on the "Close" button'
DEBUG:parse:format 'I write the Team URL' -> 'I write the Team URL'
DEBUG:parse:format 'I click the Add Team button' -> 'I click the Add Team button'
DEBUG:parse:format 'I am on the Peoples Tab and the space members list become visible' -> 'I am on the Peoples Tab and the space members list become visible'
DEBUG:parse:format 'I select Bob from the list of people and The member screen appears' -> 'I select Bob from the list of people and The member screen appears'
DEBUG:parse:format 'I click on one of the spaces created' -> 'I click on one of the spaces created'
DEBUG:parse:format 'I Open a files (...) dropdown menu' -> 'I Open a files \\(\\.\\.\\.\\) dropdown menu'
DEBUG:parse:format 'I click on Version History' -> 'I click on Version History'
DEBUG:parse:format 'I Select the back arrow in the top left' -> 'I Select the back arrow in the top left'
DEBUG:parse:format 'I click on Delete File' -> 'I click on Delete File'
DEBUG:parse:format 'The Delete File pop up option becomes visible' -> 'The Delete File pop up option becomes visible'
DEBUG:parse:format 'I select the Cancel option from the pop up' -> 'I select the Cancel option from the pop up'
DEBUG:parse:format 'I am returned to the previous screen, the space view' -> 'I am returned to the previous screen, the space view'
DEBUG:parse:format 'I click on File details' -> 'I click on File details'
DEBUG:parse:format 'I see the uploaded file' -> 'I see the uploaded file'
DEBUG:parse:format 'The "applying changes" spinner briefly appears. When it goes away, you are returned to the user profile and it will display the "Space Administrator" text' -> 'The "applying changes" spinner briefly appears\\. When it goes away, you are returned to the user profile and it will display the "Space Administrator" text'
DEBUG:parse:format 'I Choose settings option' -> 'I Choose settings option'
DEBUG:parse:format 'I choose the team I am an admin of' -> 'I choose the team I am an admin of'
DEBUG:parse:format 'I click on the Sign Up button' -> 'I click on the Sign Up button'
DEBUG:parse:format "I see I am on the 'Save Your Recovery Phrase' screen" -> "I see I am on the 'Save Your Recovery Phrase' screen"
DEBUG:parse:format 'I copy the recovery key' -> 'I copy the recovery key'
DEBUG:parse:format 'I click Continue' -> 'I click Continue'
DEBUG:parse:format "I see the 'Are you sure you saved your Recovery Phrase' screen" -> "I see the 'Are you sure you saved your Recovery Phrase' screen"
DEBUG:parse:format "I click on the 'Yes, I saved it' option" -> "I click on the 'Yes, I saved it' option"
DEBUG:parse:format 'I am on the Add/Create team start page' -> 'I am on the Add/Create team start page'
DEBUG:parse:format 'I am in the login screen' -> 'I am in the login screen'
DEBUG:parse:format 'I create a passcode number' -> 'I create a passcode number'
DEBUG:parse:format 'I click the Log In button' -> 'I click the Log In button'
DEBUG:parse:format 'I am in the Team URl screen' -> 'I am in the Team URl screen'
DEBUG:parse:format 'I am in the Recovery Key screen' -> 'I am in the Recovery Key screen'
DEBUG:parse:format 'I write the recovery key' -> 'I write the recovery key'
DEBUG:parse:format 'I write the recovery key for bob' -> 'I write the recovery key for bob'
DEBUG:parse:format 'I am in the Welcome Screen' -> 'I am in the Welcome Screen'
DEBUG:parse:format 'I am on the Welcome Screen' -> 'I am on the Welcome Screen'
DEBUG:parse:format 'I click on the hamburger dropdown menu' -> 'I click on the hamburger dropdown menu'
DEBUG:parse:format 'I click the Continue button' -> 'I click the Continue button'
DEBUG:parse:format 'I Select the lock icon on top right' -> 'I Select the lock icon on top right'
DEBUG:parse:format 'I Select the lock icon on top right for the space' -> 'I Select the lock icon on top right for the space'
DEBUG:parse:format 'I choose my team' -> 'I choose my team'
DEBUG:parse:format 'I click on the Peoples tab' -> 'I click on the Peoples tab'
DEBUG:parse:format 'Back in the application,I click on the "Close" button' -> 'Back in the application,I click on the "Close" button'
DEBUG:parse:format 'I write the Team URL' -> 'I write the Team URL'
DEBUG:parse:format 'I click the Add Team button' -> 'I click the Add Team button'
DEBUG:parse:format 'I am on the Peoples Tab and the space members list become visible' -> 'I am on the Peoples Tab and the space members list become visible'
DEBUG:parse:format 'I select Bob from the list of people and The member screen appears' -> 'I select Bob from the list of people and The member screen appears'
DEBUG:parse:format 'I click on one of the spaces created' -> 'I click on one of the spaces created'
DEBUG:parse:format 'I Open a files (...) dropdown menu' -> 'I Open a files \\(\\.\\.\\.\\) dropdown menu'
DEBUG:parse:format 'I click on Version History' -> 'I click on Version History'
DEBUG:parse:format 'I Select the back arrow in the top left' -> 'I Select the back arrow in the top left'
DEBUG:parse:format 'I click on Delete File' -> 'I click on Delete File'
DEBUG:parse:format 'The Delete File pop up option becomes visible' -> 'The Delete File pop up option becomes visible'
DEBUG:parse:format 'I select the Cancel option from the pop up' -> 'I select the Cancel option from the pop up'
DEBUG:parse:format 'I am returned to the previous screen, the space view' -> 'I am returned to the previous screen, the space view'
DEBUG:parse:format 'I click on File details' -> 'I click on File details'
DEBUG:parse:format 'I see the uploaded file' -> 'I see the uploaded file'
DEBUG:parse:format 'The "applying changes" spinner briefly appears. When it goes away, you are returned to the user profile and it will display the "Space Administrator" text' -> 'The "applying changes" spinner briefly appears\\. When it goes away, you are returned to the user profile and it will display the "Space Administrator" text'
DEBUG:parse:format 'I Choose settings option' -> 'I Choose settings option'
DEBUG:parse:format 'I choose the team I am an admin of' -> 'I choose the team I am an admin of'
DEBUG:parse:format 'I click on the Sign Up button' -> 'I click on the Sign Up button'
DEBUG:parse:format "I see I am on the 'Save Your Recovery Phrase' screen" -> "I see I am on the 'Save Your Recovery Phrase' screen"
DEBUG:parse:format 'I copy the recovery key' -> 'I copy the recovery key'
DEBUG:parse:format 'I click Continue' -> 'I click Continue'
DEBUG:parse:format "I see the 'Are you sure you saved your Recovery Phrase' screen" -> "I see the 'Are you sure you saved your Recovery Phrase' screen"
DEBUG:parse:format "I click on the 'Yes, I saved it' option" -> "I click on the 'Yes, I saved it' option"
DEBUG:parse:format 'I am on the Add/Create team start page' -> 'I am on the Add/Create team start page'
DEBUG:parse:format 'I am in the login screen' -> 'I am in the login screen'
DEBUG:parse:format 'I create a passcode number' -> 'I create a passcode number'
DEBUG:parse:format 'I click the Log In button' -> 'I click the Log In button'
DEBUG:parse:format 'I am in the Team URl screen' -> 'I am in the Team URl screen'
DEBUG:parse:format 'I am in the Recovery Key screen' -> 'I am in the Recovery Key screen'
DEBUG:parse:format 'I write the recovery key' -> 'I write the recovery key'
DEBUG:parse:format 'I write the recovery key for bob' -> 'I write the recovery key for bob'
DEBUG:parse:format 'I am in the Welcome Screen' -> 'I am in the Welcome Screen'
DEBUG:parse:format 'I am on the Welcome Screen' -> 'I am on the Welcome Screen'
DEBUG:parse:format 'I click on the hamburger dropdown menu' -> 'I click on the hamburger dropdown menu'
DEBUG:parse:format 'I click the Continue button' -> 'I click the Continue button'
DEBUG:parse:format 'I Select the lock icon on top right' -> 'I Select the lock icon on top right'
DEBUG:parse:format 'I Select the lock icon on top right for the space' -> 'I Select the lock icon on top right for the space'
DEBUG:parse:format 'I choose my team' -> 'I choose my team'
DEBUG:parse:format 'I click on the Peoples tab' -> 'I click on the Peoples tab'
DEBUG:parse:format 'Back in the application,I click on the "Close" button' -> 'Back in the application,I click on the "Close" button'
DEBUG:parse:format 'I write the Team URL' -> 'I write the Team URL'
DEBUG:parse:format 'I click the Add Team button' -> 'I click the Add Team button'
DEBUG:parse:format 'I am on the Peoples Tab and the space members list become visible' -> 'I am on the Peoples Tab and the space members list become visible'
DEBUG:parse:format 'I select Bob from the list of people and The member screen appears' -> 'I select Bob from the list of people and The member screen appears'
DEBUG:parse:format 'I click on one of the spaces created' -> 'I click on one of the spaces created'
DEBUG:parse:format 'I Open a files (...) dropdown menu' -> 'I Open a files \\(\\.\\.\\.\\) dropdown menu'
DEBUG:parse:format 'I click on Version History' -> 'I click on Version History'
DEBUG:parse:format 'I Select the back arrow in the top left' -> 'I Select the back arrow in the top left'
DEBUG:parse:format 'I click on Delete File' -> 'I click on Delete File'
DEBUG:parse:format 'The Delete File pop up option becomes visible' -> 'The Delete File pop up option becomes visible'
DEBUG:parse:format 'I select the Cancel option from the pop up' -> 'I select the Cancel option from the pop up'
DEBUG:parse:format 'I am returned to the previous screen, the space view' -> 'I am returned to the previous screen, the space view'
DEBUG:parse:format 'I click on File details' -> 'I click on File details'
DEBUG:parse:format 'I see the uploaded file' -> 'I see the uploaded file'
DEBUG:parse:format 'The "applying changes" spinner briefly appears. When it goes away, you are returned to the user profile and it will display the "Space Administrator" text' -> 'The "applying changes" spinner briefly appears\\. When it goes away, you are returned to the user profile and it will display the "Space Administrator" text'
DEBUG:parse:format 'I Choose settings option' -> 'I Choose settings option'
DEBUG:parse:format 'I choose the team I am an admin of' -> 'I choose the team I am an admin of'
DEBUG:parse:format 'I click on the Sign Up button' -> 'I click on the Sign Up button'
DEBUG:parse:format "I see I am on the 'Save Your Recovery Phrase' screen" -> "I see I am on the 'Save Your Recovery Phrase' screen"
DEBUG:parse:format 'I copy the recovery key' -> 'I copy the recovery key'
DEBUG:parse:format 'I click Continue' -> 'I click Continue'
DEBUG:parse:format "I see the 'Are you sure you saved your Recovery Phrase' screen" -> "I see the 'Are you sure you saved your Recovery Phrase' screen"
DEBUG:parse:format "I click on the 'Yes, I saved it' option" -> "I click on the 'Yes, I saved it' option"
DEBUG:parse:format 'I am on the Add/Create team start page' -> 'I am on the Add/Create team start page'
DEBUG:parse:format 'I am in the login screen' -> 'I am in the login screen'
DEBUG:parse:format 'I create a passcode number' -> 'I create a passcode number'
DEBUG:parse:format 'I click the Log In button' -> 'I click the Log In button'
DEBUG:parse:format 'I am in the Team URl screen' -> 'I am in the Team URl screen'
DEBUG:parse:format 'I am in the Recovery Key screen' -> 'I am in the Recovery Key screen'
DEBUG:parse:format 'I write the recovery key' -> 'I write the recovery key'
DEBUG:parse:format 'I write the recovery key for bob' -> 'I write the recovery key for bob'
DEBUG:parse:format 'I am in the Welcome Screen' -> 'I am in the Welcome Screen'
DEBUG:parse:format 'I am on the Welcome Screen' -> 'I am on the Welcome Screen'
DEBUG:parse:format 'I click on the hamburger dropdown menu' -> 'I click on the hamburger dropdown menu'
DEBUG:parse:format 'I click the Continue button' -> 'I click the Continue button'
DEBUG:parse:format 'I Select the lock icon on top right' -> 'I Select the lock icon on top right'
DEBUG:parse:format 'I Select the lock icon on top right for the space' -> 'I Select the lock icon on top right for the space'
DEBUG:parse:format 'I choose my team' -> 'I choose my team'
DEBUG:parse:format 'I click on the Peoples tab' -> 'I click on the Peoples tab'
DEBUG:parse:format 'Back in the application,I click on the "Close" button' -> 'Back in the application,I click on the "Close" button'
DEBUG:parse:format 'I write the Team URL' -> 'I write the Team URL'
DEBUG:parse:format 'I click the Add Team button' -> 'I click the Add Team button'
DEBUG:parse:format 'I am on the Peoples Tab and the space members list become visible' -> 'I am on the Peoples Tab and the space members list become visible'
DEBUG:parse:format 'I select Bob from the list of people and The member screen appears' -> 'I select Bob from the list of people and The member screen appears'
DEBUG:parse:format 'I click on one of the spaces created' -> 'I click on one of the spaces created'
DEBUG:parse:format 'I Open a files (...) dropdown menu' -> 'I Open a files \\(\\.\\.\\.\\) dropdown menu'
DEBUG:parse:format 'I click on Version History' -> 'I click on Version History'
DEBUG:parse:format 'I Select the back arrow in the top left' -> 'I Select the back arrow in the top left'
DEBUG:parse:format 'I click on Delete File' -> 'I click on Delete File'
DEBUG:parse:format 'The Delete File pop up option becomes visible' -> 'The Delete File pop up option becomes visible'
DEBUG:parse:format 'I select the Cancel option from the pop up' -> 'I select the Cancel option from the pop up'
DEBUG:parse:format 'I am returned to the previous screen, the space view' -> 'I am returned to the previous screen, the space view'
DEBUG:parse:format 'I click on File details' -> 'I click on File details'
DEBUG:parse:format 'I see the uploaded file' -> 'I see the uploaded file'
DEBUG:parse:format 'The "applying changes" spinner briefly appears. When it goes away, you are returned to the user profile and it will display the "Space Administrator" text' -> 'The "applying changes" spinner briefly appears\\. When it goes away, you are returned to the user profile and it will display the "Space Administrator" text'
DEBUG:parse:format 'I Choose settings option' -> 'I Choose settings option'
DEBUG:parse:format 'I choose the team I am an admin of' -> 'I choose the team I am an admin of'
DEBUG:parse:format 'I click on the Sign Up button' -> 'I click on the Sign Up button'
DEBUG:parse:format "I see I am on the 'Save Your Recovery Phrase' screen" -> "I see I am on the 'Save Your Recovery Phrase' screen"
DEBUG:parse:format 'I copy the recovery key' -> 'I copy the recovery key'
DEBUG:parse:format 'I click Continue' -> 'I click Continue'
DEBUG:parse:format "I see the 'Are you sure you saved your Recovery Phrase' screen" -> "I see the 'Are you sure you saved your Recovery Phrase' screen"
DEBUG:parse:format "I click on the 'Yes, I saved it' option" -> "I click on the 'Yes, I saved it' option"
DEBUG:parse:format 'I am on the Add/Create team start page' -> 'I am on the Add/Create team start page'
DEBUG:parse:format 'I am in the login screen' -> 'I am in the login screen'
DEBUG:parse:format 'I create a passcode number' -> 'I create a passcode number'
DEBUG:parse:format 'I click the Log In button' -> 'I click the Log In button'
DEBUG:parse:format 'I am in the Team URl screen' -> 'I am in the Team URl screen'
DEBUG:parse:format 'I am in the Recovery Key screen' -> 'I am in the Recovery Key screen'
DEBUG:parse:format 'I write the recovery key' -> 'I write the recovery key'
DEBUG:parse:format 'I write the recovery key for bob' -> 'I write the recovery key for bob'
DEBUG:parse:format 'I am in the Welcome Screen' -> 'I am in the Welcome Screen'
DEBUG:parse:format 'I am on the Welcome Screen' -> 'I am on the Welcome Screen'
DEBUG:parse:format 'I click on the hamburger dropdown menu' -> 'I click on the hamburger dropdown menu'
DEBUG:parse:format 'I click the Continue button' -> 'I click the Continue button'
DEBUG:parse:format 'I Select the lock icon on top right' -> 'I Select the lock icon on top right'
DEBUG:parse:format 'I Select the lock icon on top right for the space' -> 'I Select the lock icon on top right for the space'
DEBUG:parse:format 'I choose my team' -> 'I choose my team'
DEBUG:parse:format 'I click on the Peoples tab' -> 'I click on the Peoples tab'
DEBUG:parse:format 'Back in the application,I click on the "Close" button' -> 'Back in the application,I click on the "Close" button'
DEBUG:parse:format 'I write the Team URL' -> 'I write the Team URL'
DEBUG:parse:format 'I click the Add Team button' -> 'I click the Add Team button'
DEBUG:parse:format 'I am on the Peoples Tab and the space members list become visible' -> 'I am on the Peoples Tab and the space members list become visible'
DEBUG:parse:format 'I select Bob from the list of people and The member screen appears' -> 'I select Bob from the list of people and The member screen appears'
DEBUG:parse:format 'I click on one of the spaces created' -> 'I click on one of the spaces created'
DEBUG:parse:format 'I Open a files (...) dropdown menu' -> 'I Open a files \\(\\.\\.\\.\\) dropdown menu'
DEBUG:parse:format 'I click on Version History' -> 'I click on Version History'
DEBUG:parse:format 'I Select the back arrow in the top left' -> 'I Select the back arrow in the top left'
DEBUG:parse:format 'I click on Delete File' -> 'I click on Delete File'
DEBUG:parse:format 'The Delete File pop up option becomes visible' -> 'The Delete File pop up option becomes visible'
DEBUG:parse:format 'I select the Cancel option from the pop up' -> 'I select the Cancel option from the pop up'
DEBUG:parse:format 'I am returned to the previous screen, the space view' -> 'I am returned to the previous screen, the space view'
DEBUG:parse:format 'I click on File details' -> 'I click on File details'
DEBUG:parse:format 'I see the uploaded file' -> 'I see the uploaded file'
DEBUG:parse:format 'The "applying changes" spinner briefly appears. When it goes away, you are returned to the user profile and it will display the "Space Administrator" text' -> 'The "applying changes" spinner briefly appears\\. When it goes away, you are returned to the user profile and it will display the "Space Administrator" text'
DEBUG:parse:format 'I Choose settings option' -> 'I Choose settings option'
DEBUG:parse:format 'I choose the team I am an admin of' -> 'I choose the team I am an admin of'
DEBUG:parse:format 'I click on the Sign Up button' -> 'I click on the Sign Up button'
DEBUG:parse:format "I see I am on the 'Save Your Recovery Phrase' screen" -> "I see I am on the 'Save Your Recovery Phrase' screen"
DEBUG:parse:format 'I copy the recovery key' -> 'I copy the recovery key'
DEBUG:parse:format 'I click Continue' -> 'I click Continue'
DEBUG:parse:format "I see the 'Are you sure you saved your Recovery Phrase' screen" -> "I see the 'Are you sure you saved your Recovery Phrase' screen"
DEBUG:parse:format "I click on the 'Yes, I saved it' option" -> "I click on the 'Yes, I saved it' option"
DEBUG:parse:format 'I am on the Add/Create team start page' -> 'I am on the Add/Create team start page'
DEBUG:parse:format 'I am in the login screen' -> 'I am in the login screen'
DEBUG:parse:format 'I create a passcode number' -> 'I create a passcode number'
DEBUG:parse:format 'I click the Log In button' -> 'I click the Log In button'
DEBUG:parse:format 'I am in the Team URl screen' -> 'I am in the Team URl screen'
DEBUG:parse:format 'I am in the Recovery Key screen' -> 'I am in the Recovery Key screen'
DEBUG:parse:format 'I write the recovery key' -> 'I write the recovery key'
DEBUG:parse:format 'I write the recovery key for bob' -> 'I write the recovery key for bob'
DEBUG:parse:format 'I am in the Welcome Screen' -> 'I am in the Welcome Screen'
DEBUG:parse:format 'I am on the Welcome Screen' -> 'I am on the Welcome Screen'
DEBUG:parse:format 'I click on the hamburger dropdown menu' -> 'I click on the hamburger dropdown menu'
DEBUG:parse:format 'I click the Continue button' -> 'I click the Continue button'
DEBUG:parse:format 'I Select the lock icon on top right' -> 'I Select the lock icon on top right'
DEBUG:parse:format 'I Select the lock icon on top right for the space' -> 'I Select the lock icon on top right for the space'
DEBUG:parse:format 'I choose my team' -> 'I choose my team'
DEBUG:parse:format 'I click on the Peoples tab' -> 'I click on the Peoples tab'
DEBUG:parse:format 'Back in the application,I click on the "Close" button' -> 'Back in the application,I click on the "Close" button'
DEBUG:parse:format 'I write the Team URL' -> 'I write the Team URL'
DEBUG:parse:format 'I click the Add Team button' -> 'I click the Add Team button'
DEBUG:parse:format 'I am on the Peoples Tab and the space members list become visible' -> 'I am on the Peoples Tab and the space members list become visible'
DEBUG:parse:format 'I select Bob from the list of people and The member screen appears' -> 'I select Bob from the list of people and The member screen appears'
DEBUG:parse:format 'I click on one of the spaces created' -> 'I click on one of the spaces created'
DEBUG:parse:format 'I Open a files (...) dropdown menu' -> 'I Open a files \\(\\.\\.\\.\\) dropdown menu'
DEBUG:parse:format 'I click on Version History' -> 'I click on Version History'
DEBUG:parse:format 'I Select the back arrow in the top left' -> 'I Select the back arrow in the top left'
DEBUG:parse:format 'I click on Delete File' -> 'I click on Delete File'
DEBUG:parse:format 'The Delete File pop up option becomes visible' -> 'The Delete File pop up option becomes visible'
DEBUG:parse:format 'I select the Cancel option from the pop up' -> 'I select the Cancel option from the pop up'
DEBUG:parse:format 'I am returned to the previous screen, the space view' -> 'I am returned to the previous screen, the space view'
DEBUG:parse:format 'I click on File details' -> 'I click on File details'
DEBUG:parse:format 'I see the uploaded file' -> 'I see the uploaded file'
DEBUG:parse:format 'The "applying changes" spinner briefly appears. When it goes away, you are returned to the user profile and it will display the "Space Administrator" text' -> 'The "applying changes" spinner briefly appears\\. When it goes away, you are returned to the user profile and it will display the "Space Administrator" text'
DEBUG:parse:format 'I Choose settings option' -> 'I Choose settings option'
DEBUG:parse:format 'I choose the team I am an admin of' -> 'I choose the team I am an admin of'
DEBUG:parse:format 'I click on the Sign Up button' -> 'I click on the Sign Up button'
DEBUG:parse:format "I see I am on the 'Save Your Recovery Phrase' screen" -> "I see I am on the 'Save Your Recovery Phrase' screen"
DEBUG:parse:format 'I copy the recovery key' -> 'I copy the recovery key'
DEBUG:parse:format 'I click Continue' -> 'I click Continue'
DEBUG:parse:format "I see the 'Are you sure you saved your Recovery Phrase' screen" -> "I see the 'Are you sure you saved your Recovery Phrase' screen"
DEBUG:parse:format "I click on the 'Yes, I saved it' option" -> "I click on the 'Yes, I saved it' option"
DEBUG:parse:format 'I am on the Add/Create team start page' -> 'I am on the Add/Create team start page'
DEBUG:parse:format 'I am in the login screen' -> 'I am in the login screen'
DEBUG:parse:format 'I create a passcode number' -> 'I create a passcode number'
DEBUG:parse:format 'I click the Log In button' -> 'I click the Log In button'
DEBUG:parse:format 'I am in the Team URl screen' -> 'I am in the Team URl screen'
DEBUG:parse:format 'I am in the Recovery Key screen' -> 'I am in the Recovery Key screen'
DEBUG:parse:format 'I write the recovery key' -> 'I write the recovery key'
DEBUG:parse:format 'I write the recovery key for bob' -> 'I write the recovery key for bob'
DEBUG:parse:format 'I am in the Welcome Screen' -> 'I am in the Welcome Screen'
DEBUG:parse:format 'I am on the Welcome Screen' -> 'I am on the Welcome Screen'
DEBUG:parse:format 'I click on the hamburger dropdown menu' -> 'I click on the hamburger dropdown menu'
DEBUG:parse:format 'I click the Continue button' -> 'I click the Continue button'
DEBUG:parse:format 'I Select the lock icon on top right' -> 'I Select the lock icon on top right'
DEBUG:parse:format 'I Select the lock icon on top right for the space' -> 'I Select the lock icon on top right for the space'
DEBUG:parse:format 'I choose my team' -> 'I choose my team'
DEBUG:parse:format 'I click on the Peoples tab' -> 'I click on the Peoples tab'
DEBUG:parse:format 'Back in the application,I click on the "Close" button' -> 'Back in the application,I click on the "Close" button'
DEBUG:parse:format 'I write the Team URL' -> 'I write the Team URL'
DEBUG:parse:format 'I click the Add Team button' -> 'I click the Add Team button'
DEBUG:parse:format 'I am on the Peoples Tab and the space members list become visible' -> 'I am on the Peoples Tab and the space members list become visible'
DEBUG:parse:format 'I select Bob from the list of people and The member screen appears' -> 'I select Bob from the list of people and The member screen appears'
DEBUG:parse:format 'I click on one of the spaces created' -> 'I click on one of the spaces created'
DEBUG:parse:format 'I Open a files (...) dropdown menu' -> 'I Open a files \\(\\.\\.\\.\\) dropdown menu'
DEBUG:parse:format 'I click on Version History' -> 'I click on Version History'
DEBUG:parse:format 'I Select the back arrow in the top left' -> 'I Select the back arrow in the top left'
DEBUG:parse:format 'I click on Delete File' -> 'I click on Delete File'
DEBUG:parse:format 'The Delete File pop up option becomes visible' -> 'The Delete File pop up option becomes visible'
DEBUG:parse:format 'I select the Cancel option from the pop up' -> 'I select the Cancel option from the pop up'
DEBUG:parse:format 'I am returned to the previous screen, the space view' -> 'I am returned to the previous screen, the space view'
DEBUG:parse:format 'I click on File details' -> 'I click on File details'
DEBUG:parse:format 'I see the uploaded file' -> 'I see the uploaded file'
DEBUG:parse:format 'The "applying changes" spinner briefly appears. When it goes away, you are returned to the user profile and it will display the "Space Administrator" text' -> 'The "applying changes" spinner briefly appears\\. When it goes away, you are returned to the user profile and it will display the "Space Administrator" text'
DEBUG:parse:format 'I Choose settings option' -> 'I Choose settings option'
DEBUG:parse:format 'I choose the team I am an admin of' -> 'I choose the team I am an admin of'
DEBUG:parse:format 'I click on the Sign Up button' -> 'I click on the Sign Up button'
DEBUG:parse:format "I see I am on the 'Save Your Recovery Phrase' screen" -> "I see I am on the 'Save Your Recovery Phrase' screen"
DEBUG:parse:format 'I copy the recovery key' -> 'I copy the recovery key'
DEBUG:parse:format 'I click Continue' -> 'I click Continue'
DEBUG:parse:format "I see the 'Are you sure you saved your Recovery Phrase' screen" -> "I see the 'Are you sure you saved your Recovery Phrase' screen"
DEBUG:parse:format "I click on the 'Yes, I saved it' option" -> "I click on the 'Yes, I saved it' option"
DEBUG:parse:format 'I am on the Add/Create team start page' -> 'I am on the Add/Create team start page'
DEBUG:parse:format 'I am in the login screen' -> 'I am in the login screen'
DEBUG:parse:format 'I create a passcode number' -> 'I create a passcode number'
DEBUG:parse:format 'I click the Log In button' -> 'I click the Log In button'
DEBUG:parse:format 'I am in the Team URl screen' -> 'I am in the Team URl screen'
DEBUG:parse:format 'I am in the Recovery Key screen' -> 'I am in the Recovery Key screen'
DEBUG:parse:format 'I write the recovery key' -> 'I write the recovery key'
DEBUG:parse:format 'I write the recovery key for bob' -> 'I write the recovery key for bob'
DEBUG:parse:format 'I am in the Welcome Screen' -> 'I am in the Welcome Screen'
DEBUG:parse:format 'I am on the Welcome Screen' -> 'I am on the Welcome Screen'
DEBUG:parse:format 'I click on the hamburger dropdown menu' -> 'I click on the hamburger dropdown menu'
DEBUG:parse:format 'I click the Continue button' -> 'I click the Continue button'
DEBUG:parse:format 'I Select the lock icon on top right' -> 'I Select the lock icon on top right'
DEBUG:parse:format 'I Select the lock icon on top right for the space' -> 'I Select the lock icon on top right for the space'
DEBUG:parse:format 'I choose my team' -> 'I choose my team'
DEBUG:parse:format 'I click on the Peoples tab' -> 'I click on the Peoples tab'
DEBUG:parse:format 'Back in the application,I click on the "Close" button' -> 'Back in the application,I click on the "Close" button'
DEBUG:parse:format 'I write the Team URL' -> 'I write the Team URL'
DEBUG:parse:format 'I click the Add Team button' -> 'I click the Add Team button'
DEBUG:parse:format 'I am on the Peoples Tab and the space members list become visible' -> 'I am on the Peoples Tab and the space members list become visible'
DEBUG:parse:format 'I select Bob from the list of people and The member screen appears' -> 'I select Bob from the list of people and The member screen appears'
DEBUG:parse:format 'I click on one of the spaces created' -> 'I click on one of the spaces created'
DEBUG:parse:format 'I Open a files (...) dropdown menu' -> 'I Open a files \\(\\.\\.\\.\\) dropdown menu'
DEBUG:parse:format 'I click on Version History' -> 'I click on Version History'
DEBUG:parse:format 'I Select the back arrow in the top left' -> 'I Select the back arrow in the top left'
DEBUG:parse:format 'I click on Delete File' -> 'I click on Delete File'
DEBUG:parse:format 'The Delete File pop up option becomes visible' -> 'The Delete File pop up option becomes visible'
DEBUG:parse:format 'I select the Cancel option from the pop up' -> 'I select the Cancel option from the pop up'
DEBUG:parse:format 'I am returned to the previous screen, the space view' -> 'I am returned to the previous screen, the space view'
DEBUG:parse:format 'I click on File details' -> 'I click on File details'
DEBUG:parse:format 'I see the uploaded file' -> 'I see the uploaded file'
DEBUG:parse:format 'The "applying changes" spinner briefly appears. When it goes away, you are returned to the user profile and it will display the "Space Administrator" text' -> 'The "applying changes" spinner briefly appears\\. When it goes away, you are returned to the user profile and it will display the "Space Administrator" text'
DEBUG:parse:format 'I Choose settings option' -> 'I Choose settings option'
DEBUG:parse:format 'I choose the team I am an admin of' -> 'I choose the team I am an admin of'
DEBUG:parse:format 'I click on the Sign Up button' -> 'I click on the Sign Up button'
DEBUG:parse:format "I see I am on the 'Save Your Recovery Phrase' screen" -> "I see I am on the 'Save Your Recovery Phrase' screen"
DEBUG:parse:format 'I copy the recovery key' -> 'I copy the recovery key'
DEBUG:parse:format 'I click Continue' -> 'I click Continue'
DEBUG:parse:format "I see the 'Are you sure you saved your Recovery Phrase' screen" -> "I see the 'Are you sure you saved your Recovery Phrase' screen"
DEBUG:parse:format "I click on the 'Yes, I saved it' option" -> "I click on the 'Yes, I saved it' option"
DEBUG:parse:format 'I am on the Add/Create team start page' -> 'I am on the Add/Create team start page'
DEBUG:parse:format 'I am in the login screen' -> 'I am in the login screen'
DEBUG:parse:format 'I create a passcode number' -> 'I create a passcode number'
DEBUG:parse:format 'I click the Log In button' -> 'I click the Log In button'
DEBUG:parse:format 'I am in the Team URl screen' -> 'I am in the Team URl screen'
DEBUG:parse:format 'I am in the Recovery Key screen' -> 'I am in the Recovery Key screen'
DEBUG:parse:format 'I write the recovery key' -> 'I write the recovery key'
DEBUG:parse:format 'I write the recovery key for bob' -> 'I write the recovery key for bob'
DEBUG:parse:format 'I am in the Welcome Screen' -> 'I am in the Welcome Screen'
DEBUG:parse:format 'I am on the Welcome Screen' -> 'I am on the Welcome Screen'
DEBUG:parse:format 'I click on the hamburger dropdown menu' -> 'I click on the hamburger dropdown menu'
DEBUG:parse:format 'I click the Continue button' -> 'I click the Continue button'
DEBUG:parse:format 'I Select the lock icon on top right' -> 'I Select the lock icon on top right'
DEBUG:parse:format 'I Select the lock icon on top right for the space' -> 'I Select the lock icon on top right for the space'
DEBUG:parse:format 'I choose my team' -> 'I choose my team'
DEBUG:parse:format 'I click on the Peoples tab' -> 'I click on the Peoples tab'
DEBUG:parse:format 'Back in the application,I click on the "Close" button' -> 'Back in the application,I click on the "Close" button'
DEBUG:parse:format 'I write the Team URL' -> 'I write the Team URL'
DEBUG:parse:format 'I click the Add Team button' -> 'I click the Add Team button'
DEBUG:parse:format 'I am on the Peoples Tab and the space members list become visible' -> 'I am on the Peoples Tab and the space members list become visible'
DEBUG:parse:format 'I select Bob from the list of people and The member screen appears' -> 'I select Bob from the list of people and The member screen appears'
DEBUG:parse:format 'I click on one of the spaces created' -> 'I click on one of the spaces created'
DEBUG:parse:format 'I Open a files (...) dropdown menu' -> 'I Open a files \\(\\.\\.\\.\\) dropdown menu'
DEBUG:parse:format 'I click on Version History' -> 'I click on Version History'
DEBUG:parse:format 'I Select the back arrow in the top left' -> 'I Select the back arrow in the top left'
DEBUG:parse:format 'I click on Delete File' -> 'I click on Delete File'
DEBUG:parse:format 'The Delete File pop up option becomes visible' -> 'The Delete File pop up option becomes visible'
DEBUG:parse:format 'I select the Cancel option from the pop up' -> 'I select the Cancel option from the pop up'
DEBUG:parse:format 'I am returned to the previous screen, the space view' -> 'I am returned to the previous screen, the space view'
DEBUG:parse:format 'I click on File details' -> 'I click on File details'
DEBUG:parse:format 'I see the uploaded file' -> 'I see the uploaded file'
DEBUG:parse:format 'The "applying changes" spinner briefly appears. When it goes away, you are returned to the user profile and it will display the "Space Administrator" text' -> 'The "applying changes" spinner briefly appears\\. When it goes away, you are returned to the user profile and it will display the "Space Administrator" text'
DEBUG:parse:format 'I Choose settings option' -> 'I Choose settings option'
DEBUG:parse:format 'I choose the team I am an admin of' -> 'I choose the team I am an admin of'
DEBUG:parse:format 'I click on the Sign Up button' -> 'I click on the Sign Up button'
DEBUG:parse:format "I see I am on the 'Save Your Recovery Phrase' screen" -> "I see I am on the 'Save Your Recovery Phrase' screen"
DEBUG:parse:format 'I copy the recovery key' -> 'I copy the recovery key'
DEBUG:parse:format 'I click Continue' -> 'I click Continue'
DEBUG:parse:format "I see the 'Are you sure you saved your Recovery Phrase' screen" -> "I see the 'Are you sure you saved your Recovery Phrase' screen"
DEBUG:parse:format "I click on the 'Yes, I saved it' option" -> "I click on the 'Yes, I saved it' option"
DEBUG:parse:format 'I am on the Add/Create team start page' -> 'I am on the Add/Create team start page'
DEBUG:parse:format 'I am in the login screen' -> 'I am in the login screen'
DEBUG:parse:format 'I create a passcode number' -> 'I create a passcode number'
DEBUG:parse:format 'I click the Log In button' -> 'I click the Log In button'
DEBUG:parse:format 'I am in the Team URl screen' -> 'I am in the Team URl screen'
DEBUG:parse:format 'I am in the Recovery Key screen' -> 'I am in the Recovery Key screen'
DEBUG:parse:format 'I write the recovery key' -> 'I write the recovery key'
DEBUG:parse:format 'I write the recovery key for bob' -> 'I write the recovery key for bob'
DEBUG:parse:format 'I am in the Welcome Screen' -> 'I am in the Welcome Screen'
DEBUG:parse:format 'I am on the Welcome Screen' -> 'I am on the Welcome Screen'
DEBUG:parse:format 'I click on the hamburger dropdown menu' -> 'I click on the hamburger dropdown menu'
DEBUG:parse:format 'I click the Continue button' -> 'I click the Continue button'
DEBUG:parse:format 'I Select the lock icon on top right' -> 'I Select the lock icon on top right'
DEBUG:parse:format 'I Select the lock icon on top right for the space' -> 'I Select the lock icon on top right for the space'
DEBUG:parse:format 'I choose my team' -> 'I choose my team'
DEBUG:parse:format 'I click on the Peoples tab' -> 'I click on the Peoples tab'
DEBUG:parse:format 'Back in the application,I click on the "Close" button' -> 'Back in the application,I click on the "Close" button'
DEBUG:parse:format 'I write the Team URL' -> 'I write the Team URL'
DEBUG:parse:format 'I click the Add Team button' -> 'I click the Add Team button'
DEBUG:parse:format 'I am on the Peoples Tab and the space members list become visible' -> 'I am on the Peoples Tab and the space members list become visible'
DEBUG:parse:format 'I select Bob from the list of people and The member screen appears' -> 'I select Bob from the list of people and The member screen appears'
DEBUG:parse:format 'I click on one of the spaces created' -> 'I click on one of the spaces created'
DEBUG:parse:format 'I Open a files (...) dropdown menu' -> 'I Open a files \\(\\.\\.\\.\\) dropdown menu'
DEBUG:parse:format 'I click on Version History' -> 'I click on Version History'
DEBUG:parse:format 'I Select the back arrow in the top left' -> 'I Select the back arrow in the top left'
DEBUG:parse:format 'I click on Delete File' -> 'I click on Delete File'
DEBUG:parse:format 'The Delete File pop up option becomes visible' -> 'The Delete File pop up option becomes visible'
DEBUG:parse:format 'I select the Cancel option from the pop up' -> 'I select the Cancel option from the pop up'
DEBUG:parse:format 'I am returned to the previous screen, the space view' -> 'I am returned to the previous screen, the space view'
DEBUG:parse:format 'I click on File details' -> 'I click on File details'
DEBUG:parse:format 'I see the uploaded file' -> 'I see the uploaded file'
DEBUG:parse:format 'The "applying changes" spinner briefly appears. When it goes away, you are returned to the user profile and it will display the "Space Administrator" text' -> 'The "applying changes" spinner briefly appears\\. When it goes away, you are returned to the user profile and it will display the "Space Administrator" text'
DEBUG:parse:format 'I Choose settings option' -> 'I Choose settings option'
DEBUG:parse:format 'I choose the team I am an admin of' -> 'I choose the team I am an admin of'
DEBUG:parse:format 'I click on the Sign Up button' -> 'I click on the Sign Up button'
DEBUG:parse:format "I see I am on the 'Save Your Recovery Phrase' screen" -> "I see I am on the 'Save Your Recovery Phrase' screen"
DEBUG:parse:format 'I copy the recovery key' -> 'I copy the recovery key'
DEBUG:parse:format 'I click Continue' -> 'I click Continue'
DEBUG:parse:format "I see the 'Are you sure you saved your Recovery Phrase' screen" -> "I see the 'Are you sure you saved your Recovery Phrase' screen"
DEBUG:parse:format "I click on the 'Yes, I saved it' option" -> "I click on the 'Yes, I saved it' option"
DEBUG:parse:format 'I am on the Add/Create team start page' -> 'I am on the Add/Create team start page'
DEBUG:parse:format 'I am in the login screen' -> 'I am in the login screen'
DEBUG:parse:format 'I create a passcode number' -> 'I create a passcode number'
DEBUG:parse:format 'I click the Log In button' -> 'I click the Log In button'
DEBUG:parse:format 'I am in the Team URl screen' -> 'I am in the Team URl screen'
DEBUG:parse:format 'I am in the Recovery Key screen' -> 'I am in the Recovery Key screen'
DEBUG:parse:format 'I write the recovery key' -> 'I write the recovery key'
DEBUG:parse:format 'I write the recovery key for bob' -> 'I write the recovery key for bob'
DEBUG:parse:format 'I am in the Welcome Screen' -> 'I am in the Welcome Screen'
DEBUG:parse:format 'I am on the Welcome Screen' -> 'I am on the Welcome Screen'
DEBUG:parse:format 'I click on the hamburger dropdown menu' -> 'I click on the hamburger dropdown menu'
DEBUG:parse:format 'I click the Continue button' -> 'I click the Continue button'
DEBUG:parse:format 'I Select the lock icon on top right' -> 'I Select the lock icon on top right'
DEBUG:parse:format 'I Select the lock icon on top right for the space' -> 'I Select the lock icon on top right for the space'
DEBUG:parse:format 'I choose my team' -> 'I choose my team'
DEBUG:parse:format 'I click on the Peoples tab' -> 'I click on the Peoples tab'
DEBUG:parse:format 'Back in the application,I click on the "Close" button' -> 'Back in the application,I click on the "Close" button'
DEBUG:parse:format 'I write the Team URL' -> 'I write the Team URL'
DEBUG:parse:format 'I click the Add Team button' -> 'I click the Add Team button'
DEBUG:parse:format 'I am on the Peoples Tab and the space members list become visible' -> 'I am on the Peoples Tab and the space members list become visible'
DEBUG:parse:format 'I select Bob from the list of people and The member screen appears' -> 'I select Bob from the list of people and The member screen appears'
DEBUG:parse:format 'I click on one of the spaces created' -> 'I click on one of the spaces created'
DEBUG:parse:format 'I Open a files (...) dropdown menu' -> 'I Open a files \\(\\.\\.\\.\\) dropdown menu'
DEBUG:parse:format 'I click on Version History' -> 'I click on Version History'
DEBUG:parse:format 'I Select the back arrow in the top left' -> 'I Select the back arrow in the top left'
DEBUG:parse:format 'I click on Delete File' -> 'I click on Delete File'
DEBUG:parse:format 'The Delete File pop up option becomes visible' -> 'The Delete File pop up option becomes visible'
DEBUG:parse:format 'I select the Cancel option from the pop up' -> 'I select the Cancel option from the pop up'
DEBUG:parse:format 'I am returned to the previous screen, the space view' -> 'I am returned to the previous screen, the space view'
DEBUG:parse:format 'I click on File details' -> 'I click on File details'
DEBUG:parse:format 'I see the uploaded file' -> 'I see the uploaded file'
DEBUG:parse:format 'The "applying changes" spinner briefly appears. When it goes away, you are returned to the user profile and it will display the "Space Administrator" text' -> 'The "applying changes" spinner briefly appears\\. When it goes away, you are returned to the user profile and it will display the "Space Administrator" text'
DEBUG:parse:format 'I Choose settings option' -> 'I Choose settings option'
DEBUG:parse:format 'I choose the team I am an admin of' -> 'I choose the team I am an admin of'
DEBUG:parse:format 'I click on the Sign Up button' -> 'I click on the Sign Up button'
DEBUG:parse:format "I see I am on the 'Save Your Recovery Phrase' screen" -> "I see I am on the 'Save Your Recovery Phrase' screen"
DEBUG:parse:format 'I copy the recovery key' -> 'I copy the recovery key'
DEBUG:parse:format 'I click Continue' -> 'I click Continue'
DEBUG:parse:format "I see the 'Are you sure you saved your Recovery Phrase' screen" -> "I see the 'Are you sure you saved your Recovery Phrase' screen"
DEBUG:parse:format "I click on the 'Yes, I saved it' option" -> "I click on the 'Yes, I saved it' option"
DEBUG:parse:format 'I am on the Add/Create team start page' -> 'I am on the Add/Create team start page'
DEBUG:parse:format 'I am in the login screen' -> 'I am in the login screen'
DEBUG:parse:format 'I create a passcode number' -> 'I create a passcode number'
DEBUG:parse:format 'I click the Log In button' -> 'I click the Log In button'
DEBUG:parse:format 'I am in the Team URl screen' -> 'I am in the Team URl screen'
DEBUG:parse:format 'I am in the Recovery Key screen' -> 'I am in the Recovery Key screen'
DEBUG:parse:format 'I write the recovery key' -> 'I write the recovery key'
DEBUG:parse:format 'I write the recovery key for bob' -> 'I write the recovery key for bob'
DEBUG:parse:format 'I am in the Welcome Screen' -> 'I am in the Welcome Screen'
DEBUG:parse:format 'I am on the Welcome Screen' -> 'I am on the Welcome Screen'
DEBUG:parse:format 'I click on the hamburger dropdown menu' -> 'I click on the hamburger dropdown menu'
DEBUG:parse:format 'I click the Continue button' -> 'I click the Continue button'
DEBUG:parse:format 'I Select the lock icon on top right' -> 'I Select the lock icon on top right'
DEBUG:parse:format 'I Select the lock icon on top right for the space' -> 'I Select the lock icon on top right for the space'
DEBUG:parse:format 'I choose my team' -> 'I choose my team'
DEBUG:parse:format 'I click on the Peoples tab' -> 'I click on the Peoples tab'
DEBUG:parse:format 'Back in the application,I click on the "Close" button' -> 'Back in the application,I click on the "Close" button'
DEBUG:parse:format 'I write the Team URL' -> 'I write the Team URL'
DEBUG:parse:format 'I click the Add Team button' -> 'I click the Add Team button'
DEBUG:parse:format 'I am on the Peoples Tab and the space members list become visible' -> 'I am on the Peoples Tab and the space members list become visible'
DEBUG:parse:format 'I select Bob from the list of people and The member screen appears' -> 'I select Bob from the list of people and The member screen appears'
DEBUG:parse:format 'I click on one of the spaces created' -> 'I click on one of the spaces created'
DEBUG:parse:format 'I Open a files (...) dropdown menu' -> 'I Open a files \\(\\.\\.\\.\\) dropdown menu'
DEBUG:parse:format 'I click on Version History' -> 'I click on Version History'
DEBUG:parse:format 'I Select the back arrow in the top left' -> 'I Select the back arrow in the top left'
DEBUG:parse:format 'I click on Delete File' -> 'I click on Delete File'
DEBUG:parse:format 'The Delete File pop up option becomes visible' -> 'The Delete File pop up option becomes visible'
DEBUG:parse:format 'I select the Cancel option from the pop up' -> 'I select the Cancel option from the pop up'
DEBUG:parse:format 'I am returned to the previous screen, the space view' -> 'I am returned to the previous screen, the space view'
DEBUG:parse:format 'I click on File details' -> 'I click on File details'
DEBUG:parse:format 'I see the uploaded file' -> 'I see the uploaded file'
DEBUG:parse:format 'The "applying changes" spinner briefly appears. When it goes away, you are returned to the user profile and it will display the "Space Administrator" text' -> 'The "applying changes" spinner briefly appears\\. When it goes away, you are returned to the user profile and it will display the "Space Administrator" text'
DEBUG:parse:format 'I Choose settings option' -> 'I Choose settings option'
DEBUG:parse:format 'I choose the team I am an admin of' -> 'I choose the team I am an admin of'
DEBUG:parse:format 'I click on the Sign Up button' -> 'I click on the Sign Up button'
DEBUG:parse:format "I see I am on the 'Save Your Recovery Phrase' screen" -> "I see I am on the 'Save Your Recovery Phrase' screen"
DEBUG:parse:format 'I copy the recovery key' -> 'I copy the recovery key'
DEBUG:parse:format 'I click Continue' -> 'I click Continue'
DEBUG:parse:format "I see the 'Are you sure you saved your Recovery Phrase' screen" -> "I see the 'Are you sure you saved your Recovery Phrase' screen"
DEBUG:parse:format "I click on the 'Yes, I saved it' option" -> "I click on the 'Yes, I saved it' option"
DEBUG:parse:format 'I am on the Add/Create team start page' -> 'I am on the Add/Create team start page'
DEBUG:parse:format 'I am in the login screen' -> 'I am in the login screen'
DEBUG:parse:format 'I create a passcode number' -> 'I create a passcode number'
DEBUG:parse:format 'I click the Log In button' -> 'I click the Log In button'
DEBUG:parse:format 'I am in the Team URl screen' -> 'I am in the Team URl screen'
DEBUG:parse:format 'I am in the Recovery Key screen' -> 'I am in the Recovery Key screen'
DEBUG:parse:format 'I write the recovery key' -> 'I write the recovery key'
DEBUG:parse:format 'I write the recovery key for bob' -> 'I write the recovery key for bob'
DEBUG:parse:format 'I am in the Welcome Screen' -> 'I am in the Welcome Screen'
DEBUG:parse:format 'I am on the Welcome Screen' -> 'I am on the Welcome Screen'
DEBUG:parse:format 'I click on the hamburger dropdown menu' -> 'I click on the hamburger dropdown menu'
DEBUG:parse:format 'I click the Continue button' -> 'I click the Continue button'
DEBUG:parse:format 'I Select the lock icon on top right' -> 'I Select the lock icon on top right'
DEBUG:parse:format 'I Select the lock icon on top right for the space' -> 'I Select the lock icon on top right for the space'
DEBUG:parse:format 'I choose my team' -> 'I choose my team'
DEBUG:parse:format 'I click on the Peoples tab' -> 'I click on the Peoples tab'
DEBUG:parse:format 'Back in the application,I click on the "Close" button' -> 'Back in the application,I click on the "Close" button'
DEBUG:parse:format 'I write the Team URL' -> 'I write the Team URL'
DEBUG:parse:format 'I click the Add Team button' -> 'I click the Add Team button'
DEBUG:parse:format 'I am on the Peoples Tab and the space members list become visible' -> 'I am on the Peoples Tab and the space members list become visible'
DEBUG:parse:format 'I select Bob from the list of people and The member screen appears' -> 'I select Bob from the list of people and The member screen appears'
DEBUG:parse:format 'I click on one of the spaces created' -> 'I click on one of the spaces created'
DEBUG:parse:format 'I Open a files (...) dropdown menu' -> 'I Open a files \\(\\.\\.\\.\\) dropdown menu'
DEBUG:parse:format 'I click on Version History' -> 'I click on Version History'
DEBUG:parse:format 'I Select the back arrow in the top left' -> 'I Select the back arrow in the top left'
DEBUG:parse:format 'I click on Delete File' -> 'I click on Delete File'
DEBUG:parse:format 'The Delete File pop up option becomes visible' -> 'The Delete File pop up option becomes visible'
DEBUG:parse:format 'I select the Cancel option from the pop up' -> 'I select the Cancel option from the pop up'
DEBUG:parse:format 'I am returned to the previous screen, the space view' -> 'I am returned to the previous screen, the space view'
DEBUG:parse:format 'I click on File details' -> 'I click on File details'
DEBUG:parse:format 'I see the uploaded file' -> 'I see the uploaded file'
DEBUG:parse:format 'The "applying changes" spinner briefly appears. When it goes away, you are returned to the user profile and it will display the "Space Administrator" text' -> 'The "applying changes" spinner briefly appears\\. When it goes away, you are returned to the user profile and it will display the "Space Administrator" text'
DEBUG:parse:format 'I Choose settings option' -> 'I Choose settings option'
DEBUG:parse:format 'I choose the team I am an admin of' -> 'I choose the team I am an admin of'
DEBUG:parse:format 'I click on the Sign Up button' -> 'I click on the Sign Up button'
DEBUG:parse:format "I see I am on the 'Save Your Recovery Phrase' screen" -> "I see I am on the 'Save Your Recovery Phrase' screen"
DEBUG:parse:format 'I copy the recovery key' -> 'I copy the recovery key'
DEBUG:parse:format 'I click Continue' -> 'I click Continue'
DEBUG:parse:format "I see the 'Are you sure you saved your Recovery Phrase' screen" -> "I see the 'Are you sure you saved your Recovery Phrase' screen"
DEBUG:parse:format "I click on the 'Yes, I saved it' option" -> "I click on the 'Yes, I saved it' option"
DEBUG:parse:format 'I am on the Add/Create team start page' -> 'I am on the Add/Create team start page'
DEBUG:parse:format 'I am in the login screen' -> 'I am in the login screen'
DEBUG:parse:format 'I create a passcode number' -> 'I create a passcode number'
DEBUG:parse:format 'I click the Log In button' -> 'I click the Log In button'
DEBUG:parse:format 'I am in the Team URl screen' -> 'I am in the Team URl screen'
DEBUG:parse:format 'I am in the Recovery Key screen' -> 'I am in the Recovery Key screen'
DEBUG:parse:format 'I write the recovery key' -> 'I write the recovery key'
DEBUG:parse:format 'I write the recovery key for bob' -> 'I write the recovery key for bob'
DEBUG:parse:format 'I am in the Welcome Screen' -> 'I am in the Welcome Screen'
DEBUG:parse:format 'I am on the Welcome Screen' -> 'I am on the Welcome Screen'
DEBUG:parse:format 'I click on the hamburger dropdown menu' -> 'I click on the hamburger dropdown menu'
DEBUG:parse:format 'I click the Continue button' -> 'I click the Continue button'
DEBUG:parse:format 'I Select the lock icon on top right' -> 'I Select the lock icon on top right'
DEBUG:parse:format 'I Select the lock icon on top right for the space' -> 'I Select the lock icon on top right for the space'
DEBUG:parse:format 'I choose my team' -> 'I choose my team'
DEBUG:parse:format 'I click on the Peoples tab' -> 'I click on the Peoples tab'
DEBUG:parse:format 'Back in the application,I click on the "Close" button' -> 'Back in the application,I click on the "Close" button'
DEBUG:parse:format 'I write the Team URL' -> 'I write the Team URL'
DEBUG:parse:format 'I click the Add Team button' -> 'I click the Add Team button'
DEBUG:parse:format 'I am on the Peoples Tab and the space members list become visible' -> 'I am on the Peoples Tab and the space members list become visible'
DEBUG:parse:format 'I select Bob from the list of people and The member screen appears' -> 'I select Bob from the list of people and The member screen appears'
DEBUG:parse:format 'I click on one of the spaces created' -> 'I click on one of the spaces created'
DEBUG:parse:format 'I Open a files (...) dropdown menu' -> 'I Open a files \\(\\.\\.\\.\\) dropdown menu'
DEBUG:parse:format 'I click on Version History' -> 'I click on Version History'
DEBUG:parse:format 'I Select the back arrow in the top left' -> 'I Select the back arrow in the top left'
DEBUG:parse:format 'I click on Delete File' -> 'I click on Delete File'
DEBUG:parse:format 'The Delete File pop up option becomes visible' -> 'The Delete File pop up option becomes visible'
DEBUG:parse:format 'I select the Cancel option from the pop up' -> 'I select the Cancel option from the pop up'
DEBUG:parse:format 'I am returned to the previous screen, the space view' -> 'I am returned to the previous screen, the space view'
DEBUG:parse:format 'I click on File details' -> 'I click on File details'
DEBUG:parse:format 'I see the uploaded file' -> 'I see the uploaded file'
DEBUG:parse:format 'The "applying changes" spinner briefly appears. When it goes away, you are returned to the user profile and it will display the "Space Administrator" text' -> 'The "applying changes" spinner briefly appears\\. When it goes away, you are returned to the user profile and it will display the "Space Administrator" text'
DEBUG:parse:format 'I Choose settings option' -> 'I Choose settings option'
DEBUG:parse:format 'I choose the team I am an admin of' -> 'I choose the team I am an admin of'
DEBUG:parse:format 'I click on the Sign Up button' -> 'I click on the Sign Up button'
DEBUG:parse:format "I see I am on the 'Save Your Recovery Phrase' screen" -> "I see I am on the 'Save Your Recovery Phrase' screen"
DEBUG:parse:format 'I copy the recovery key' -> 'I copy the recovery key'
DEBUG:parse:format 'I click Continue' -> 'I click Continue'
DEBUG:parse:format "I see the 'Are you sure you saved your Recovery Phrase' screen" -> "I see the 'Are you sure you saved your Recovery Phrase' screen"
DEBUG:parse:format "I click on the 'Yes, I saved it' option" -> "I click on the 'Yes, I saved it' option"
DEBUG:parse:format 'I am on the Add/Create team start page' -> 'I am on the Add/Create team start page'
DEBUG:parse:format 'I am in the login screen' -> 'I am in the login screen'
DEBUG:parse:format 'I create a passcode number' -> 'I create a passcode number'
DEBUG:parse:format 'I click the Log In button' -> 'I click the Log In button'
DEBUG:parse:format 'I am in the Team URl screen' -> 'I am in the Team URl screen'
DEBUG:parse:format 'I am in the Recovery Key screen' -> 'I am in the Recovery Key screen'
DEBUG:parse:format 'I write the recovery key' -> 'I write the recovery key'
DEBUG:parse:format 'I write the recovery key for bob' -> 'I write the recovery key for bob'
DEBUG:parse:format 'I am in the Welcome Screen' -> 'I am in the Welcome Screen'
DEBUG:parse:format 'I am on the Welcome Screen' -> 'I am on the Welcome Screen'
DEBUG:parse:format 'I click on the hamburger dropdown menu' -> 'I click on the hamburger dropdown menu'
DEBUG:parse:format 'I click the Continue button' -> 'I click the Continue button'
DEBUG:parse:format 'I Select the lock icon on top right' -> 'I Select the lock icon on top right'
DEBUG:parse:format 'I Select the lock icon on top right for the space' -> 'I Select the lock icon on top right for the space'
DEBUG:parse:format 'I choose my team' -> 'I choose my team'
DEBUG:parse:format 'I click on the Peoples tab' -> 'I click on the Peoples tab'
DEBUG:parse:format 'Back in the application,I click on the "Close" button' -> 'Back in the application,I click on the "Close" button'
DEBUG:parse:format 'I write the Team URL' -> 'I write the Team URL'
DEBUG:parse:format 'I click the Add Team button' -> 'I click the Add Team button'
DEBUG:parse:format 'I am on the Peoples Tab and the space members list become visible' -> 'I am on the Peoples Tab and the space members list become visible'
DEBUG:parse:format 'I select Bob from the list of people and The member screen appears' -> 'I select Bob from the list of people and The member screen appears'
DEBUG:parse:format 'I click on one of the spaces created' -> 'I click on one of the spaces created'
DEBUG:parse:format 'I Open a files (...) dropdown menu' -> 'I Open a files \\(\\.\\.\\.\\) dropdown menu'
DEBUG:parse:format 'I click on Version History' -> 'I click on Version History'
DEBUG:parse:format 'I Select the back arrow in the top left' -> 'I Select the back arrow in the top left'
DEBUG:parse:format 'I click on Delete File' -> 'I click on Delete File'
DEBUG:parse:format 'The Delete File pop up option becomes visible' -> 'The Delete File pop up option becomes visible'
DEBUG:parse:format 'I select the Cancel option from the pop up' -> 'I select the Cancel option from the pop up'
DEBUG:parse:format 'I am returned to the previous screen, the space view' -> 'I am returned to the previous screen, the space view'
DEBUG:parse:format 'I click on File details' -> 'I click on File details'
DEBUG:parse:format 'I see the uploaded file' -> 'I see the uploaded file'
DEBUG:parse:format 'The "applying changes" spinner briefly appears. When it goes away, you are returned to the user profile and it will display the "Space Administrator" text' -> 'The "applying changes" spinner briefly appears\\. When it goes away, you are returned to the user profile and it will display the "Space Administrator" text'
DEBUG:parse:format 'I Choose settings option' -> 'I Choose settings option'
DEBUG:parse:format 'I choose the team I am an admin of' -> 'I choose the team I am an admin of'
DEBUG:parse:format 'I click on the Sign Up button' -> 'I click on the Sign Up button'
DEBUG:parse:format "I see I am on the 'Save Your Recovery Phrase' screen" -> "I see I am on the 'Save Your Recovery Phrase' screen"
DEBUG:parse:format 'I copy the recovery key' -> 'I copy the recovery key'
DEBUG:parse:format 'I click Continue' -> 'I click Continue'
DEBUG:parse:format "I see the 'Are you sure you saved your Recovery Phrase' screen" -> "I see the 'Are you sure you saved your Recovery Phrase' screen"
DEBUG:parse:format "I click on the 'Yes, I saved it' option" -> "I click on the 'Yes, I saved it' option"
DEBUG:parse:format 'I am on the Add/Create team start page' -> 'I am on the Add/Create team start page'
DEBUG:parse:format 'I am in the login screen' -> 'I am in the login screen'
DEBUG:parse:format 'I create a passcode number' -> 'I create a passcode number'
DEBUG:parse:format 'I click the Log In button' -> 'I click the Log In button'
DEBUG:parse:format 'I am in the Team URl screen' -> 'I am in the Team URl screen'
DEBUG:parse:format 'I am in the Recovery Key screen' -> 'I am in the Recovery Key screen'
DEBUG:parse:format 'I write the recovery key' -> 'I write the recovery key'
DEBUG:parse:format 'I write the recovery key for bob' -> 'I write the recovery key for bob'
DEBUG:parse:format 'I am in the Welcome Screen' -> 'I am in the Welcome Screen'
DEBUG:parse:format 'I am on the Welcome Screen' -> 'I am on the Welcome Screen'
DEBUG:parse:format 'I click on the hamburger dropdown menu' -> 'I click on the hamburger dropdown menu'
DEBUG:parse:format 'I click the Continue button' -> 'I click the Continue button'
DEBUG:parse:format 'I Select the lock icon on top right' -> 'I Select the lock icon on top right'
DEBUG:parse:format 'I Select the lock icon on top right for the space' -> 'I Select the lock icon on top right for the space'
DEBUG:parse:format 'I choose my team' -> 'I choose my team'
DEBUG:parse:format 'I click on the Peoples tab' -> 'I click on the Peoples tab'
DEBUG:parse:format 'Back in the application,I click on the "Close" button' -> 'Back in the application,I click on the "Close" button'
DEBUG:parse:format 'I write the Team URL' -> 'I write the Team URL'
DEBUG:parse:format 'I click the Add Team button' -> 'I click the Add Team button'
DEBUG:parse:format 'I am on the Peoples Tab and the space members list become visible' -> 'I am on the Peoples Tab and the space members list become visible'
DEBUG:parse:format 'I select Bob from the list of people and The member screen appears' -> 'I select Bob from the list of people and The member screen appears'
DEBUG:parse:format 'I click on one of the spaces created' -> 'I click on one of the spaces created'
DEBUG:parse:format 'I Open a files (...) dropdown menu' -> 'I Open a files \\(\\.\\.\\.\\) dropdown menu'
DEBUG:parse:format 'I click on Version History' -> 'I click on Version History'
DEBUG:parse:format 'I Select the back arrow in the top left' -> 'I Select the back arrow in the top left'
DEBUG:parse:format 'I click on Delete File' -> 'I click on Delete File'
DEBUG:parse:format 'The Delete File pop up option becomes visible' -> 'The Delete File pop up option becomes visible'
DEBUG:parse:format 'I select the Cancel option from the pop up' -> 'I select the Cancel option from the pop up'
DEBUG:parse:format 'I am returned to the previous screen, the space view' -> 'I am returned to the previous screen, the space view'
DEBUG:parse:format 'I click on File details' -> 'I click on File details'
DEBUG:parse:format 'I see the uploaded file' -> 'I see the uploaded file'
DEBUG:parse:format 'The "applying changes" spinner briefly appears. When it goes away, you are returned to the user profile and it will display the "Space Administrator" text' -> 'The "applying changes" spinner briefly appears\\. When it goes away, you are returned to the user profile and it will display the "Space Administrator" text'
DEBUG:parse:format 'I Choose settings option' -> 'I Choose settings option'
DEBUG:parse:format 'I choose the team I am an admin of' -> 'I choose the team I am an admin of'
DEBUG:parse:format 'I click on the Sign Up button' -> 'I click on the Sign Up button'
DEBUG:parse:format "I see I am on the 'Save Your Recovery Phrase' screen" -> "I see I am on the 'Save Your Recovery Phrase' screen"
DEBUG:parse:format 'I copy the recovery key' -> 'I copy the recovery key'
DEBUG:parse:format 'I click Continue' -> 'I click Continue'
DEBUG:parse:format "I see the 'Are you sure you saved your Recovery Phrase' screen" -> "I see the 'Are you sure you saved your Recovery Phrase' screen"
DEBUG:parse:format "I click on the 'Yes, I saved it' option" -> "I click on the 'Yes, I saved it' option"
DEBUG:parse:format 'I am on the Add/Create team start page' -> 'I am on the Add/Create team start page'
DEBUG:parse:format 'I am in the login screen' -> 'I am in the login screen'
DEBUG:parse:format 'I create a passcode number' -> 'I create a passcode number'
DEBUG:parse:format 'I click the Log In button' -> 'I click the Log In button'
DEBUG:parse:format 'I am in the Team URl screen' -> 'I am in the Team URl screen'
DEBUG:parse:format 'I am in the Recovery Key screen' -> 'I am in the Recovery Key screen'
DEBUG:parse:format 'I write the recovery key' -> 'I write the recovery key'
DEBUG:parse:format 'I write the recovery key for bob' -> 'I write the recovery key for bob'
DEBUG:parse:format 'I am in the Welcome Screen' -> 'I am in the Welcome Screen'
DEBUG:parse:format 'I am on the Welcome Screen' -> 'I am on the Welcome Screen'
DEBUG:parse:format 'I click on the hamburger dropdown menu' -> 'I click on the hamburger dropdown menu'
DEBUG:parse:format 'I click the Continue button' -> 'I click the Continue button'
DEBUG:parse:format 'I Select the lock icon on top right' -> 'I Select the lock icon on top right'
DEBUG:parse:format 'I Select the lock icon on top right for the space' -> 'I Select the lock icon on top right for the space'
DEBUG:parse:format 'I choose my team' -> 'I choose my team'
DEBUG:parse:format 'I click on the Peoples tab' -> 'I click on the Peoples tab'
DEBUG:parse:format 'Back in the application,I click on the "Close" button' -> 'Back in the application,I click on the "Close" button'
DEBUG:parse:format 'I write the Team URL' -> 'I write the Team URL'
DEBUG:parse:format 'I click the Add Team button' -> 'I click the Add Team button'
DEBUG:parse:format 'I am on the Peoples Tab and the space members list become visible' -> 'I am on the Peoples Tab and the space members list become visible'
DEBUG:parse:format 'I select Bob from the list of people and The member screen appears' -> 'I select Bob from the list of people and The member screen appears'
DEBUG:parse:format 'I click on one of the spaces created' -> 'I click on one of the spaces created'
DEBUG:parse:format 'I Open a files (...) dropdown menu' -> 'I Open a files \\(\\.\\.\\.\\) dropdown menu'
DEBUG:parse:format 'I click on Version History' -> 'I click on Version History'
DEBUG:parse:format 'I Select the back arrow in the top left' -> 'I Select the back arrow in the top left'
DEBUG:parse:format 'I click on Delete File' -> 'I click on Delete File'
DEBUG:parse:format 'The Delete File pop up option becomes visible' -> 'The Delete File pop up option becomes visible'
DEBUG:parse:format 'I select the Cancel option from the pop up' -> 'I select the Cancel option from the pop up'
DEBUG:parse:format 'I am returned to the previous screen, the space view' -> 'I am returned to the previous screen, the space view'
DEBUG:parse:format 'I click on File details' -> 'I click on File details'
DEBUG:parse:format 'I see the uploaded file' -> 'I see the uploaded file'
DEBUG:parse:format 'The "applying changes" spinner briefly appears. When it goes away, you are returned to the user profile and it will display the "Space Administrator" text' -> 'The "applying changes" spinner briefly appears\\. When it goes away, you are returned to the user profile and it will display the "Space Administrator" text'
DEBUG:parse:format 'I Choose settings option' -> 'I Choose settings option'
DEBUG:parse:format 'I choose the team I am an admin of' -> 'I choose the team I am an admin of'
DEBUG:parse:format 'I click on the Sign Up button' -> 'I click on the Sign Up button'
DEBUG:parse:format "I see I am on the 'Save Your Recovery Phrase' screen" -> "I see I am on the 'Save Your Recovery Phrase' screen"
DEBUG:parse:format 'I copy the recovery key' -> 'I copy the recovery key'
DEBUG:parse:format 'I click Continue' -> 'I click Continue'
DEBUG:parse:format "I see the 'Are you sure you saved your Recovery Phrase' screen" -> "I see the 'Are you sure you saved your Recovery Phrase' screen"
DEBUG:parse:format "I click on the 'Yes, I saved it' option" -> "I click on the 'Yes, I saved it' option"
DEBUG:parse:format 'I am on the Add/Create team start page' -> 'I am on the Add/Create team start page'
DEBUG:parse:format 'I am in the login screen' -> 'I am in the login screen'
DEBUG:parse:format 'I create a passcode number' -> 'I create a passcode number'
DEBUG:parse:format 'I click the Log In button' -> 'I click the Log In button'
DEBUG:parse:format 'I am in the Team URl screen' -> 'I am in the Team URl screen'
DEBUG:parse:format 'I am in the Recovery Key screen' -> 'I am in the Recovery Key screen'
DEBUG:parse:format 'I write the recovery key' -> 'I write the recovery key'
DEBUG:parse:format 'I write the recovery key for bob' -> 'I write the recovery key for bob'
DEBUG:parse:format 'I am in the Welcome Screen' -> 'I am in the Welcome Screen'
DEBUG:parse:format 'I am on the Welcome Screen' -> 'I am on the Welcome Screen'
DEBUG:parse:format 'I click on the hamburger dropdown menu' -> 'I click on the hamburger dropdown menu'
DEBUG:parse:format 'I click the Continue button' -> 'I click the Continue button'
DEBUG:parse:format 'I Select the lock icon on top right' -> 'I Select the lock icon on top right'
DEBUG:parse:format 'I Select the lock icon on top right for the space' -> 'I Select the lock icon on top right for the space'
DEBUG:parse:format 'I choose my team' -> 'I choose my team'
DEBUG:parse:format 'I click on the Peoples tab' -> 'I click on the Peoples tab'
DEBUG:parse:format 'Back in the application,I click on the "Close" button' -> 'Back in the application,I click on the "Close" button'
DEBUG:parse:format 'I write the Team URL' -> 'I write the Team URL'
DEBUG:parse:format 'I click the Add Team button' -> 'I click the Add Team button'
DEBUG:parse:format 'I am on the Peoples Tab and the space members list become visible' -> 'I am on the Peoples Tab and the space members list become visible'
DEBUG:parse:format 'I select Bob from the list of people and The member screen appears' -> 'I select Bob from the list of people and The member screen appears'
DEBUG:parse:format 'I click on one of the spaces created' -> 'I click on one of the spaces created'
DEBUG:parse:format 'I Open a files (...) dropdown menu' -> 'I Open a files \\(\\.\\.\\.\\) dropdown menu'
DEBUG:parse:format 'I click on Version History' -> 'I click on Version History'
DEBUG:parse:format 'I Select the back arrow in the top left' -> 'I Select the back arrow in the top left'
DEBUG:parse:format 'I click on Delete File' -> 'I click on Delete File'
DEBUG:parse:format 'The Delete File pop up option becomes visible' -> 'The Delete File pop up option becomes visible'
DEBUG:parse:format 'I select the Cancel option from the pop up' -> 'I select the Cancel option from the pop up'
DEBUG:parse:format 'I am returned to the previous screen, the space view' -> 'I am returned to the previous screen, the space view'
DEBUG:parse:format 'I click on File details' -> 'I click on File details'
DEBUG:parse:format 'I see the uploaded file' -> 'I see the uploaded file'
DEBUG:parse:format 'The "applying changes" spinner briefly appears. When it goes away, you are returned to the user profile and it will display the "Space Administrator" text' -> 'The "applying changes" spinner briefly appears\\. When it goes away, you are returned to the user profile and it will display the "Space Administrator" text'
DEBUG:parse:format 'I Choose settings option' -> 'I Choose settings option'
DEBUG:parse:format 'I choose the team I am an admin of' -> 'I choose the team I am an admin of'
DEBUG:parse:format 'I click on the Sign Up button' -> 'I click on the Sign Up button'
DEBUG:parse:format "I see I am on the 'Save Your Recovery Phrase' screen" -> "I see I am on the 'Save Your Recovery Phrase' screen"
DEBUG:parse:format 'I copy the recovery key' -> 'I copy the recovery key'
DEBUG:parse:format 'I click Continue' -> 'I click Continue'
DEBUG:parse:format "I see the 'Are you sure you saved your Recovery Phrase' screen" -> "I see the 'Are you sure you saved your Recovery Phrase' screen"
DEBUG:parse:format "I click on the 'Yes, I saved it' option" -> "I click on the 'Yes, I saved it' option"
DEBUG:parse:format 'I am on the Add/Create team start page' -> 'I am on the Add/Create team start page'
DEBUG:parse:format 'I am in the login screen' -> 'I am in the login screen'
DEBUG:parse:format 'I create a passcode number' -> 'I create a passcode number'
DEBUG:parse:format 'I click the Log In button' -> 'I click the Log In button'
DEBUG:parse:format 'I am in the Team URl screen' -> 'I am in the Team URl screen'
DEBUG:parse:format 'I am in the Recovery Key screen' -> 'I am in the Recovery Key screen'
DEBUG:parse:format 'I write the recovery key' -> 'I write the recovery key'
DEBUG:parse:format 'I write the recovery key for bob' -> 'I write the recovery key for bob'
DEBUG:parse:format 'I am in the Welcome Screen' -> 'I am in the Welcome Screen'
DEBUG:parse:format 'I am on the Welcome Screen' -> 'I am on the Welcome Screen'
DEBUG:parse:format 'I click on the hamburger dropdown menu' -> 'I click on the hamburger dropdown menu'
DEBUG:parse:format 'I click the Continue button' -> 'I click the Continue button'
DEBUG:parse:format 'I Select the lock icon on top right' -> 'I Select the lock icon on top right'
DEBUG:parse:format 'I Select the lock icon on top right for the space' -> 'I Select the lock icon on top right for the space'
DEBUG:parse:format 'I choose my team' -> 'I choose my team'
DEBUG:parse:format 'I click on the Peoples tab' -> 'I click on the Peoples tab'
DEBUG:parse:format 'Back in the application,I click on the "Close" button' -> 'Back in the application,I click on the "Close" button'
DEBUG:parse:format 'I write the Team URL' -> 'I write the Team URL'
DEBUG:parse:format 'I click the Add Team button' -> 'I click the Add Team button'
DEBUG:parse:format 'I am on the Peoples Tab and the space members list become visible' -> 'I am on the Peoples Tab and the space members list become visible'
DEBUG:parse:format 'I select Bob from the list of people and The member screen appears' -> 'I select Bob from the list of people and The member screen appears'
DEBUG:parse:format 'I click on one of the spaces created' -> 'I click on one of the spaces created'
DEBUG:parse:format 'I Open a files (...) dropdown menu' -> 'I Open a files \\(\\.\\.\\.\\) dropdown menu'
DEBUG:parse:format 'I click on Version History' -> 'I click on Version History'
DEBUG:parse:format 'I Select the back arrow in the top left' -> 'I Select the back arrow in the top left'
DEBUG:parse:format 'I click on Delete File' -> 'I click on Delete File'
DEBUG:parse:format 'The Delete File pop up option becomes visible' -> 'The Delete File pop up option becomes visible'
DEBUG:parse:format 'I select the Cancel option from the pop up' -> 'I select the Cancel option from the pop up'
DEBUG:parse:format 'I am returned to the previous screen, the space view' -> 'I am returned to the previous screen, the space view'
DEBUG:parse:format 'I click on File details' -> 'I click on File details'
DEBUG:parse:format 'I see the uploaded file' -> 'I see the uploaded file'
DEBUG:parse:format 'The "applying changes" spinner briefly appears. When it goes away, you are returned to the user profile and it will display the "Space Administrator" text' -> 'The "applying changes" spinner briefly appears\\. When it goes away, you are returned to the user profile and it will display the "Space Administrator" text'
DEBUG:parse:format 'I Choose settings option' -> 'I Choose settings option'
DEBUG:parse:format 'I choose the team I am an admin of' -> 'I choose the team I am an admin of'
DEBUG:parse:format 'I click on the Sign Up button' -> 'I click on the Sign Up button'
DEBUG:parse:format "I see I am on the 'Save Your Recovery Phrase' screen" -> "I see I am on the 'Save Your Recovery Phrase' screen"
DEBUG:parse:format 'I copy the recovery key' -> 'I copy the recovery key'
DEBUG:parse:format 'I click Continue' -> 'I click Continue'
DEBUG:parse:format "I see the 'Are you sure you saved your Recovery Phrase' screen" -> "I see the 'Are you sure you saved your Recovery Phrase' screen"
DEBUG:parse:format "I click on the 'Yes, I saved it' option" -> "I click on the 'Yes, I saved it' option"
DEBUG:parse:format 'I am on the Add/Create team start page' -> 'I am on the Add/Create team start page'
DEBUG:parse:format 'I am in the login screen' -> 'I am in the login screen'
DEBUG:parse:format 'I create a passcode number' -> 'I create a passcode number'
DEBUG:parse:format 'I click the Log In button' -> 'I click the Log In button'
DEBUG:parse:format 'I am in the Team URl screen' -> 'I am in the Team URl screen'
DEBUG:parse:format 'I am in the Recovery Key screen' -> 'I am in the Recovery Key screen'
DEBUG:parse:format 'I write the recovery key' -> 'I write the recovery key'
DEBUG:parse:format 'I write the recovery key for bob' -> 'I write the recovery key for bob'
DEBUG:parse:format 'I am in the Welcome Screen' -> 'I am in the Welcome Screen'
DEBUG:parse:format 'I am on the Welcome Screen' -> 'I am on the Welcome Screen'
DEBUG:parse:format 'I click on the hamburger dropdown menu' -> 'I click on the hamburger dropdown menu'
DEBUG:parse:format 'I click the Continue button' -> 'I click the Continue button'
DEBUG:parse:format 'I Select the lock icon on top right' -> 'I Select the lock icon on top right'
DEBUG:parse:format 'I Select the lock icon on top right for the space' -> 'I Select the lock icon on top right for the space'
DEBUG:parse:format 'I choose my team' -> 'I choose my team'
DEBUG:parse:format 'I click on the Peoples tab' -> 'I click on the Peoples tab'
DEBUG:parse:format 'Back in the application,I click on the "Close" button' -> 'Back in the application,I click on the "Close" button'
DEBUG:parse:format 'I write the Team URL' -> 'I write the Team URL'
DEBUG:parse:format 'I click the Add Team button' -> 'I click the Add Team button'
DEBUG:parse:format 'I am on the Peoples Tab and the space members list become visible' -> 'I am on the Peoples Tab and the space members list become visible'
DEBUG:parse:format 'I select Bob from the list of people and The member screen appears' -> 'I select Bob from the list of people and The member screen appears'
DEBUG:parse:format 'I click on one of the spaces created' -> 'I click on one of the spaces created'
DEBUG:parse:format 'I Open a files (...) dropdown menu' -> 'I Open a files \\(\\.\\.\\.\\) dropdown menu'
DEBUG:parse:format 'I click on Version History' -> 'I click on Version History'
DEBUG:parse:format 'I Select the back arrow in the top left' -> 'I Select the back arrow in the top left'
DEBUG:parse:format 'I click on Delete File' -> 'I click on Delete File'
DEBUG:parse:format 'The Delete File pop up option becomes visible' -> 'The Delete File pop up option becomes visible'
DEBUG:parse:format 'I select the Cancel option from the pop up' -> 'I select the Cancel option from the pop up'
DEBUG:parse:format 'I am returned to the previous screen, the space view' -> 'I am returned to the previous screen, the space view'
DEBUG:parse:format 'I click on File details' -> 'I click on File details'
DEBUG:parse:format 'I see the uploaded file' -> 'I see the uploaded file'
DEBUG:parse:format 'The "applying changes" spinner briefly appears. When it goes away, you are returned to the user profile and it will display the "Space Administrator" text' -> 'The "applying changes" spinner briefly appears\\. When it goes away, you are returned to the user profile and it will display the "Space Administrator" text'
DEBUG:parse:format 'I Choose settings option' -> 'I Choose settings option'
DEBUG:parse:format 'I choose the team I am an admin of' -> 'I choose the team I am an admin of'
DEBUG:parse:format 'I click on the Sign Up button' -> 'I click on the Sign Up button'
DEBUG:parse:format "I see I am on the 'Save Your Recovery Phrase' screen" -> "I see I am on the 'Save Your Recovery Phrase' screen"
DEBUG:parse:format 'I copy the recovery key' -> 'I copy the recovery key'
DEBUG:parse:format 'I click Continue' -> 'I click Continue'
DEBUG:parse:format "I see the 'Are you sure you saved your Recovery Phrase' screen" -> "I see the 'Are you sure you saved your Recovery Phrase' screen"
DEBUG:parse:format "I click on the 'Yes, I saved it' option" -> "I click on the 'Yes, I saved it' option"
DEBUG:parse:format 'I am on the Add/Create team start page' -> 'I am on the Add/Create team start page'
DEBUG:parse:format 'I am in the login screen' -> 'I am in the login screen'
DEBUG:parse:format 'I create a passcode number' -> 'I create a passcode number'
DEBUG:parse:format 'I click the Log In button' -> 'I click the Log In button'
DEBUG:parse:format 'I am in the Team URl screen' -> 'I am in the Team URl screen'
DEBUG:parse:format 'I am in the Recovery Key screen' -> 'I am in the Recovery Key screen'
DEBUG:parse:format 'I write the recovery key' -> 'I write the recovery key'
DEBUG:parse:format 'I write the recovery key for bob' -> 'I write the recovery key for bob'
DEBUG:parse:format 'I am in the Welcome Screen' -> 'I am in the Welcome Screen'
DEBUG:parse:format 'I am on the Welcome Screen' -> 'I am on the Welcome Screen'
DEBUG:parse:format 'I click on the hamburger dropdown menu' -> 'I click on the hamburger dropdown menu'
DEBUG:parse:format 'I click the Continue button' -> 'I click the Continue button'
DEBUG:parse:format 'I Select the lock icon on top right' -> 'I Select the lock icon on top right'
DEBUG:parse:format 'I Select the lock icon on top right for the space' -> 'I Select the lock icon on top right for the space'
DEBUG:parse:format 'I choose my team' -> 'I choose my team'
DEBUG:parse:format 'I click on the Peoples tab' -> 'I click on the Peoples tab'
DEBUG:parse:format 'Back in the application,I click on the "Close" button' -> 'Back in the application,I click on the "Close" button'
DEBUG:parse:format 'I write the Team URL' -> 'I write the Team URL'
DEBUG:parse:format 'I click the Add Team button' -> 'I click the Add Team button'
DEBUG:parse:format 'I am on the Peoples Tab and the space members list become visible' -> 'I am on the Peoples Tab and the space members list become visible'
DEBUG:parse:format 'I select Bob from the list of people and The member screen appears' -> 'I select Bob from the list of people and The member screen appears'
DEBUG:parse:format 'I click on one of the spaces created' -> 'I click on one of the spaces created'
DEBUG:parse:format 'I Open a files (...) dropdown menu' -> 'I Open a files \\(\\.\\.\\.\\) dropdown menu'
DEBUG:parse:format 'I click on Version History' -> 'I click on Version History'
DEBUG:parse:format 'I Select the back arrow in the top left' -> 'I Select the back arrow in the top left'
DEBUG:parse:format 'I click on Delete File' -> 'I click on Delete File'
DEBUG:parse:format 'The Delete File pop up option becomes visible' -> 'The Delete File pop up option becomes visible'
DEBUG:parse:format 'I select the Cancel option from the pop up' -> 'I select the Cancel option from the pop up'
DEBUG:parse:format 'I am returned to the previous screen, the space view' -> 'I am returned to the previous screen, the space view'
DEBUG:parse:format 'I click on File details' -> 'I click on File details'
DEBUG:parse:format 'I see the uploaded file' -> 'I see the uploaded file'
DEBUG:parse:format 'The "applying changes" spinner briefly appears. When it goes away, you are returned to the user profile and it will display the "Space Administrator" text' -> 'The "applying changes" spinner briefly appears\\. When it goes away, you are returned to the user profile and it will display the "Space Administrator" text'
DEBUG:parse:format 'I Choose settings option' -> 'I Choose settings option'
DEBUG:parse:format 'I choose the team I am an admin of' -> 'I choose the team I am an admin of'
DEBUG:parse:format 'I click on the Sign Up button' -> 'I click on the Sign Up button'
DEBUG:parse:format "I see I am on the 'Save Your Recovery Phrase' screen" -> "I see I am on the 'Save Your Recovery Phrase' screen"
DEBUG:parse:format 'I copy the recovery key' -> 'I copy the recovery key'
DEBUG:parse:format 'I click Continue' -> 'I click Continue'
DEBUG:parse:format "I see the 'Are you sure you saved your Recovery Phrase' screen" -> "I see the 'Are you sure you saved your Recovery Phrase' screen"
DEBUG:parse:format "I click on the 'Yes, I saved it' option" -> "I click on the 'Yes, I saved it' option"
DEBUG:parse:format 'I am on the Add/Create team start page' -> 'I am on the Add/Create team start page'
DEBUG:parse:format 'I am in the login screen' -> 'I am in the login screen'
DEBUG:parse:format 'I create a passcode number' -> 'I create a passcode number'
DEBUG:parse:format 'I click the Log In button' -> 'I click the Log In button'
DEBUG:parse:format 'I am in the Team URl screen' -> 'I am in the Team URl screen'
DEBUG:parse:format 'I am in the Recovery Key screen' -> 'I am in the Recovery Key screen'
DEBUG:parse:format 'I write the recovery key' -> 'I write the recovery key'
DEBUG:parse:format 'I write the recovery key for bob' -> 'I write the recovery key for bob'
DEBUG:parse:format 'I am in the Welcome Screen' -> 'I am in the Welcome Screen'
DEBUG:parse:format 'I am on the Welcome Screen' -> 'I am on the Welcome Screen'
DEBUG:parse:format 'I click on the hamburger dropdown menu' -> 'I click on the hamburger dropdown menu'
DEBUG:parse:format 'I click the Continue button' -> 'I click the Continue button'
DEBUG:parse:format 'I Select the lock icon on top right' -> 'I Select the lock icon on top right'
DEBUG:parse:format 'I Select the lock icon on top right for the space' -> 'I Select the lock icon on top right for the space'
DEBUG:parse:format 'I choose my team' -> 'I choose my team'
DEBUG:parse:format 'I click on the Peoples tab' -> 'I click on the Peoples tab'
DEBUG:parse:format 'Back in the application,I click on the "Close" button' -> 'Back in the application,I click on the "Close" button'
DEBUG:parse:format 'I write the Team URL' -> 'I write the Team URL'
DEBUG:parse:format 'I click the Add Team button' -> 'I click the Add Team button'
DEBUG:parse:format 'I am on the Peoples Tab and the space members list become visible' -> 'I am on the Peoples Tab and the space members list become visible'
DEBUG:parse:format 'I select Bob from the list of people and The member screen appears' -> 'I select Bob from the list of people and The member screen appears'
DEBUG:parse:format 'I click on one of the spaces created' -> 'I click on one of the spaces created'
DEBUG:parse:format 'I Open a files (...) dropdown menu' -> 'I Open a files \\(\\.\\.\\.\\) dropdown menu'
DEBUG:parse:format 'I click on Version History' -> 'I click on Version History'
DEBUG:parse:format 'I Select the back arrow in the top left' -> 'I Select the back arrow in the top left'
DEBUG:parse:format 'I click on Delete File' -> 'I click on Delete File'
DEBUG:parse:format 'The Delete File pop up option becomes visible' -> 'The Delete File pop up option becomes visible'
DEBUG:parse:format 'I select the Cancel option from the pop up' -> 'I select the Cancel option from the pop up'
DEBUG:parse:format 'I am returned to the previous screen, the space view' -> 'I am returned to the previous screen, the space view'
DEBUG:parse:format 'I click on File details' -> 'I click on File details'
DEBUG:parse:format 'I see the uploaded file' -> 'I see the uploaded file'
DEBUG:parse:format 'The "applying changes" spinner briefly appears. When it goes away, you are returned to the user profile and it will display the "Space Administrator" text' -> 'The "applying changes" spinner briefly appears\\. When it goes away, you are returned to the user profile and it will display the "Space Administrator" text'
DEBUG:parse:format 'I Choose settings option' -> 'I Choose settings option'
DEBUG:parse:format 'I choose the team I am an admin of' -> 'I choose the team I am an admin of'
DEBUG:parse:format 'I click on the Sign Up button' -> 'I click on the Sign Up button'
DEBUG:parse:format "I see I am on the 'Save Your Recovery Phrase' screen" -> "I see I am on the 'Save Your Recovery Phrase' screen"
DEBUG:parse:format 'I copy the recovery key' -> 'I copy the recovery key'
DEBUG:parse:format 'I click Continue' -> 'I click Continue'
DEBUG:parse:format "I see the 'Are you sure you saved your Recovery Phrase' screen" -> "I see the 'Are you sure you saved your Recovery Phrase' screen"
DEBUG:parse:format "I click on the 'Yes, I saved it' option" -> "I click on the 'Yes, I saved it' option"
DEBUG:parse:format 'I am on the Add/Create team start page' -> 'I am on the Add/Create team start page'
DEBUG:parse:format 'I am in the login screen' -> 'I am in the login screen'
DEBUG:parse:format 'I create a passcode number' -> 'I create a passcode number'
DEBUG:parse:format 'I click the Log In button' -> 'I click the Log In button'
DEBUG:parse:format 'I am in the Team URl screen' -> 'I am in the Team URl screen'
DEBUG:parse:format 'I am in the Recovery Key screen' -> 'I am in the Recovery Key screen'
DEBUG:parse:format 'I write the recovery key' -> 'I write the recovery key'
DEBUG:parse:format 'I write the recovery key for bob' -> 'I write the recovery key for bob'
DEBUG:parse:format 'I am in the Welcome Screen' -> 'I am in the Welcome Screen'
DEBUG:parse:format 'I am on the Welcome Screen' -> 'I am on the Welcome Screen'
DEBUG:parse:format 'I click on the hamburger dropdown menu' -> 'I click on the hamburger dropdown menu'
DEBUG:parse:format 'I click the Continue button' -> 'I click the Continue button'
DEBUG:parse:format 'I Select the lock icon on top right' -> 'I Select the lock icon on top right'
DEBUG:parse:format 'I Select the lock icon on top right for the space' -> 'I Select the lock icon on top right for the space'
DEBUG:parse:format 'I choose my team' -> 'I choose my team'
DEBUG:parse:format 'I click on the Peoples tab' -> 'I click on the Peoples tab'
DEBUG:parse:format 'Back in the application,I click on the "Close" button' -> 'Back in the application,I click on the "Close" button'
DEBUG:parse:format 'I write the Team URL' -> 'I write the Team URL'
DEBUG:parse:format 'I click the Add Team button' -> 'I click the Add Team button'
DEBUG:parse:format 'I am on the Peoples Tab and the space members list become visible' -> 'I am on the Peoples Tab and the space members list become visible'
DEBUG:parse:format 'I select Bob from the list of people and The member screen appears' -> 'I select Bob from the list of people and The member screen appears'
DEBUG:parse:format 'I click on one of the spaces created' -> 'I click on one of the spaces created'
DEBUG:parse:format 'I Open a files (...) dropdown menu' -> 'I Open a files \\(\\.\\.\\.\\) dropdown menu'
DEBUG:parse:format 'I click on Version History' -> 'I click on Version History'
DEBUG:parse:format 'I Select the back arrow in the top left' -> 'I Select the back arrow in the top left'
DEBUG:parse:format 'I click on Delete File' -> 'I click on Delete File'
DEBUG:parse:format 'The Delete File pop up option becomes visible' -> 'The Delete File pop up option becomes visible'
DEBUG:parse:format 'I select the Cancel option from the pop up' -> 'I select the Cancel option from the pop up'
DEBUG:parse:format 'I am returned to the previous screen, the space view' -> 'I am returned to the previous screen, the space view'
DEBUG:parse:format 'I click on File details' -> 'I click on File details'
DEBUG:parse:format 'I see the uploaded file' -> 'I see the uploaded file'
DEBUG:parse:format 'The "applying changes" spinner briefly appears. When it goes away, you are returned to the user profile and it will display the "Space Administrator" text' -> 'The "applying changes" spinner briefly appears\\. When it goes away, you are returned to the user profile and it will display the "Space Administrator" text'
DEBUG:parse:format 'I Choose settings option' -> 'I Choose settings option'
DEBUG:parse:format 'I choose the team I am an admin of' -> 'I choose the team I am an admin of'
DEBUG:parse:format 'I click on the Sign Up button' -> 'I click on the Sign Up button'
DEBUG:parse:format "I see I am on the 'Save Your Recovery Phrase' screen" -> "I see I am on the 'Save Your Recovery Phrase' screen"
DEBUG:parse:format 'I copy the recovery key' -> 'I copy the recovery key'
DEBUG:parse:format 'I click Continue' -> 'I click Continue'
DEBUG:parse:format "I see the 'Are you sure you saved your Recovery Phrase' screen" -> "I see the 'Are you sure you saved your Recovery Phrase' screen"
DEBUG:parse:format "I click on the 'Yes, I saved it' option" -> "I click on the 'Yes, I saved it' option"
DEBUG:parse:format 'I am on the Add/Create team start page' -> 'I am on the Add/Create team start page'
DEBUG:parse:format 'I am in the login screen' -> 'I am in the login screen'
DEBUG:parse:format 'I create a passcode number' -> 'I create a passcode number'
DEBUG:parse:format 'I click the Log In button' -> 'I click the Log In button'
DEBUG:parse:format 'I am in the Team URl screen' -> 'I am in the Team URl screen'
DEBUG:parse:format 'I am in the Recovery Key screen' -> 'I am in the Recovery Key screen'
DEBUG:parse:format 'I write the recovery key' -> 'I write the recovery key'
DEBUG:parse:format 'I write the recovery key for bob' -> 'I write the recovery key for bob'
DEBUG:parse:format 'I am in the Welcome Screen' -> 'I am in the Welcome Screen'
DEBUG:parse:format 'I am on the Welcome Screen' -> 'I am on the Welcome Screen'
DEBUG:parse:format 'I click on the hamburger dropdown menu' -> 'I click on the hamburger dropdown menu'
DEBUG:parse:format 'I click the Continue button' -> 'I click the Continue button'
DEBUG:parse:format 'I Select the lock icon on top right' -> 'I Select the lock icon on top right'
DEBUG:parse:format 'I Select the lock icon on top right for the space' -> 'I Select the lock icon on top right for the space'
DEBUG:parse:format 'I choose my team' -> 'I choose my team'
DEBUG:parse:format 'I click on the Peoples tab' -> 'I click on the Peoples tab'
DEBUG:parse:format 'Back in the application,I click on the "Close" button' -> 'Back in the application,I click on the "Close" button'
DEBUG:parse:format 'I write the Team URL' -> 'I write the Team URL'
DEBUG:parse:format 'I click the Add Team button' -> 'I click the Add Team button'
DEBUG:parse:format 'I am on the Peoples Tab and the space members list become visible' -> 'I am on the Peoples Tab and the space members list become visible'
DEBUG:parse:format 'I select Bob from the list of people and The member screen appears' -> 'I select Bob from the list of people and The member screen appears'
DEBUG:parse:format 'I click on one of the spaces created' -> 'I click on one of the spaces created'
DEBUG:parse:format 'I Open a files (...) dropdown menu' -> 'I Open a files \\(\\.\\.\\.\\) dropdown menu'
DEBUG:parse:format 'I click on Version History' -> 'I click on Version History'
DEBUG:parse:format 'I Select the back arrow in the top left' -> 'I Select the back arrow in the top left'
DEBUG:parse:format 'I click on Delete File' -> 'I click on Delete File'
DEBUG:parse:format 'The Delete File pop up option becomes visible' -> 'The Delete File pop up option becomes visible'
DEBUG:parse:format 'I select the Cancel option from the pop up' -> 'I select the Cancel option from the pop up'
DEBUG:parse:format 'I am returned to the previous screen, the space view' -> 'I am returned to the previous screen, the space view'
DEBUG:parse:format 'I click on File details' -> 'I click on File details'
DEBUG:parse:format 'I see the uploaded file' -> 'I see the uploaded file'
DEBUG:parse:format 'The "applying changes" spinner briefly appears. When it goes away, you are returned to the user profile and it will display the "Space Administrator" text' -> 'The "applying changes" spinner briefly appears\\. When it goes away, you are returned to the user profile and it will display the "Space Administrator" text'
DEBUG:parse:format 'I Choose settings option' -> 'I Choose settings option'
DEBUG:parse:format 'I choose the team I am an admin of' -> 'I choose the team I am an admin of'
DEBUG:parse:format 'I click on the Sign Up button' -> 'I click on the Sign Up button'
DEBUG:parse:format "I see I am on the 'Save Your Recovery Phrase' screen" -> "I see I am on the 'Save Your Recovery Phrase' screen"
DEBUG:parse:format 'I copy the recovery key' -> 'I copy the recovery key'
DEBUG:parse:format 'I click Continue' -> 'I click Continue'
DEBUG:parse:format "I see the 'Are you sure you saved your Recovery Phrase' screen" -> "I see the 'Are you sure you saved your Recovery Phrase' screen"
DEBUG:parse:format "I click on the 'Yes, I saved it' option" -> "I click on the 'Yes, I saved it' option"
DEBUG:parse:format 'I am on the Add/Create team start page' -> 'I am on the Add/Create team start page'
DEBUG:parse:format 'I am in the login screen' -> 'I am in the login screen'
DEBUG:parse:format 'I create a passcode number' -> 'I create a passcode number'
DEBUG:parse:format 'I click the Log In button' -> 'I click the Log In button'
DEBUG:parse:format 'I am in the Team URl screen' -> 'I am in the Team URl screen'
DEBUG:parse:format 'I am in the Recovery Key screen' -> 'I am in the Recovery Key screen'
DEBUG:parse:format 'I write the recovery key' -> 'I write the recovery key'
DEBUG:parse:format 'I write the recovery key for bob' -> 'I write the recovery key for bob'
DEBUG:parse:format 'I am in the Welcome Screen' -> 'I am in the Welcome Screen'
DEBUG:parse:format 'I am on the Welcome Screen' -> 'I am on the Welcome Screen'
DEBUG:parse:format 'I click on the hamburger dropdown menu' -> 'I click on the hamburger dropdown menu'
DEBUG:parse:format 'I click the Continue button' -> 'I click the Continue button'
DEBUG:parse:format 'I Select the lock icon on top right' -> 'I Select the lock icon on top right'
DEBUG:parse:format 'I Select the lock icon on top right for the space' -> 'I Select the lock icon on top right for the space'
DEBUG:parse:format 'I choose my team' -> 'I choose my team'
DEBUG:parse:format 'I click on the Peoples tab' -> 'I click on the Peoples tab'
DEBUG:parse:format 'Back in the application,I click on the "Close" button' -> 'Back in the application,I click on the "Close" button'
DEBUG:parse:format 'I write the Team URL' -> 'I write the Team URL'
DEBUG:parse:format 'I click the Add Team button' -> 'I click the Add Team button'
DEBUG:parse:format 'I am on the Peoples Tab and the space members list become visible' -> 'I am on the Peoples Tab and the space members list become visible'
DEBUG:parse:format 'I select Bob from the list of people and The member screen appears' -> 'I select Bob from the list of people and The member screen appears'
DEBUG:parse:format 'I click on one of the spaces created' -> 'I click on one of the spaces created'
DEBUG:parse:format 'I Open a files (...) dropdown menu' -> 'I Open a files \\(\\.\\.\\.\\) dropdown menu'
DEBUG:parse:format 'I click on Version History' -> 'I click on Version History'
DEBUG:parse:format 'I Select the back arrow in the top left' -> 'I Select the back arrow in the top left'
DEBUG:parse:format 'I click on Delete File' -> 'I click on Delete File'
DEBUG:parse:format 'The Delete File pop up option becomes visible' -> 'The Delete File pop up option becomes visible'
DEBUG:parse:format 'I select the Cancel option from the pop up' -> 'I select the Cancel option from the pop up'
DEBUG:parse:format 'I am returned to the previous screen, the space view' -> 'I am returned to the previous screen, the space view'
DEBUG:parse:format 'I click on File details' -> 'I click on File details'
DEBUG:parse:format 'I see the uploaded file' -> 'I see the uploaded file'
DEBUG:parse:format 'The "applying changes" spinner briefly appears. When it goes away, you are returned to the user profile and it will display the "Space Administrator" text' -> 'The "applying changes" spinner briefly appears\\. When it goes away, you are returned to the user profile and it will display the "Space Administrator" text'
DEBUG:parse:format 'I Choose settings option' -> 'I Choose settings option'
DEBUG:parse:format 'I choose the team I am an admin of' -> 'I choose the team I am an admin of'
DEBUG:parse:format 'I click on the Sign Up button' -> 'I click on the Sign Up button'
DEBUG:parse:format "I see I am on the 'Save Your Recovery Phrase' screen" -> "I see I am on the 'Save Your Recovery Phrase' screen"
DEBUG:parse:format 'I copy the recovery key' -> 'I copy the recovery key'
DEBUG:parse:format 'I click Continue' -> 'I click Continue'
DEBUG:parse:format "I see the 'Are you sure you saved your Recovery Phrase' screen" -> "I see the 'Are you sure you saved your Recovery Phrase' screen"
DEBUG:parse:format "I click on the 'Yes, I saved it' option" -> "I click on the 'Yes, I saved it' option"
DEBUG:parse:format 'I am on the Add/Create team start page' -> 'I am on the Add/Create team start page'
DEBUG:parse:format 'I am in the login screen' -> 'I am in the login screen'
DEBUG:parse:format 'I create a passcode number' -> 'I create a passcode number'
DEBUG:parse:format 'I click the Log In button' -> 'I click the Log In button'
DEBUG:parse:format 'I am in the Team URl screen' -> 'I am in the Team URl screen'
DEBUG:parse:format 'I am in the Recovery Key screen' -> 'I am in the Recovery Key screen'
DEBUG:parse:format 'I write the recovery key' -> 'I write the recovery key'
DEBUG:parse:format 'I write the recovery key for bob' -> 'I write the recovery key for bob'
DEBUG:parse:format 'I am in the Welcome Screen' -> 'I am in the Welcome Screen'
DEBUG:parse:format 'I am on the Welcome Screen' -> 'I am on the Welcome Screen'
DEBUG:parse:format 'I click on the hamburger dropdown menu' -> 'I click on the hamburger dropdown menu'
DEBUG:parse:format 'I click the Continue button' -> 'I click the Continue button'
DEBUG:parse:format 'I Select the lock icon on top right' -> 'I Select the lock icon on top right'
DEBUG:parse:format 'I Select the lock icon on top right for the space' -> 'I Select the lock icon on top right for the space'
DEBUG:parse:format 'I choose my team' -> 'I choose my team'
DEBUG:parse:format 'I click on the Peoples tab' -> 'I click on the Peoples tab'
DEBUG:parse:format 'Back in the application,I click on the "Close" button' -> 'Back in the application,I click on the "Close" button'
DEBUG:parse:format 'I write the Team URL' -> 'I write the Team URL'
DEBUG:parse:format 'I click the Add Team button' -> 'I click the Add Team button'
DEBUG:parse:format 'I am on the Peoples Tab and the space members list become visible' -> 'I am on the Peoples Tab and the space members list become visible'
DEBUG:parse:format 'I select Bob from the list of people and The member screen appears' -> 'I select Bob from the list of people and The member screen appears'
DEBUG:parse:format 'I click on one of the spaces created' -> 'I click on one of the spaces created'
DEBUG:parse:format 'I Open a files (...) dropdown menu' -> 'I Open a files \\(\\.\\.\\.\\) dropdown menu'
DEBUG:parse:format 'I click on Version History' -> 'I click on Version History'
DEBUG:parse:format 'I Select the back arrow in the top left' -> 'I Select the back arrow in the top left'
DEBUG:parse:format 'I click on Delete File' -> 'I click on Delete File'
DEBUG:parse:format 'The Delete File pop up option becomes visible' -> 'The Delete File pop up option becomes visible'
DEBUG:parse:format 'I select the Cancel option from the pop up' -> 'I select the Cancel option from the pop up'
DEBUG:parse:format 'I am returned to the previous screen, the space view' -> 'I am returned to the previous screen, the space view'
DEBUG:parse:format 'I click on File details' -> 'I click on File details'
DEBUG:parse:format 'I see the uploaded file' -> 'I see the uploaded file'
DEBUG:parse:format 'The "applying changes" spinner briefly appears. When it goes away, you are returned to the user profile and it will display the "Space Administrator" text' -> 'The "applying changes" spinner briefly appears\\. When it goes away, you are returned to the user profile and it will display the "Space Administrator" text'
DEBUG:parse:format 'I Choose settings option' -> 'I Choose settings option'
DEBUG:parse:format 'I choose the team I am an admin of' -> 'I choose the team I am an admin of'
DEBUG:parse:format 'I click on the Sign Up button' -> 'I click on the Sign Up button'
DEBUG:parse:format "I see I am on the 'Save Your Recovery Phrase' screen" -> "I see I am on the 'Save Your Recovery Phrase' screen"
DEBUG:parse:format 'I copy the recovery key' -> 'I copy the recovery key'
DEBUG:parse:format 'I click Continue' -> 'I click Continue'
DEBUG:parse:format "I see the 'Are you sure you saved your Recovery Phrase' screen" -> "I see the 'Are you sure you saved your Recovery Phrase' screen"
DEBUG:parse:format "I click on the 'Yes, I saved it' option" -> "I click on the 'Yes, I saved it' option"
DEBUG:parse:format 'I am on the Add/Create team start page' -> 'I am on the Add/Create team start page'
DEBUG:parse:format 'I am in the login screen' -> 'I am in the login screen'
DEBUG:parse:format 'I create a passcode number' -> 'I create a passcode number'
DEBUG:parse:format 'I click the Log In button' -> 'I click the Log In button'
DEBUG:parse:format 'I am in the Team URl screen' -> 'I am in the Team URl screen'
DEBUG:parse:format 'I am in the Recovery Key screen' -> 'I am in the Recovery Key screen'
DEBUG:parse:format 'I write the recovery key' -> 'I write the recovery key'
DEBUG:parse:format 'I write the recovery key for bob' -> 'I write the recovery key for bob'
DEBUG:parse:format 'I am in the Welcome Screen' -> 'I am in the Welcome Screen'
DEBUG:parse:format 'I am on the Welcome Screen' -> 'I am on the Welcome Screen'
DEBUG:parse:format 'I click on the hamburger dropdown menu' -> 'I click on the hamburger dropdown menu'
DEBUG:parse:format 'I click the Continue button' -> 'I click the Continue button'
DEBUG:parse:format 'I Select the lock icon on top right' -> 'I Select the lock icon on top right'
DEBUG:parse:format 'I Select the lock icon on top right for the space' -> 'I Select the lock icon on top right for the space'
DEBUG:parse:format 'I choose my team' -> 'I choose my team'
DEBUG:parse:format 'I click on the Peoples tab' -> 'I click on the Peoples tab'
DEBUG:parse:format 'Back in the application,I click on the "Close" button' -> 'Back in the application,I click on the "Close" button'
DEBUG:parse:format 'I write the Team URL' -> 'I write the Team URL'
DEBUG:parse:format 'I click the Add Team button' -> 'I click the Add Team button'
DEBUG:parse:format 'I am on the Peoples Tab and the space members list become visible' -> 'I am on the Peoples Tab and the space members list become visible'
DEBUG:parse:format 'I select Bob from the list of people and The member screen appears' -> 'I select Bob from the list of people and The member screen appears'
DEBUG:parse:format 'I click on one of the spaces created' -> 'I click on one of the spaces created'
DEBUG:parse:format 'I Open a files (...) dropdown menu' -> 'I Open a files \\(\\.\\.\\.\\) dropdown menu'
DEBUG:parse:format 'I click on Version History' -> 'I click on Version History'
DEBUG:parse:format 'I Select the back arrow in the top left' -> 'I Select the back arrow in the top left'
DEBUG:parse:format 'I click on Delete File' -> 'I click on Delete File'
DEBUG:parse:format 'The Delete File pop up option becomes visible' -> 'The Delete File pop up option becomes visible'
DEBUG:parse:format 'I select the Cancel option from the pop up' -> 'I select the Cancel option from the pop up'
DEBUG:parse:format 'I am returned to the previous screen, the space view' -> 'I am returned to the previous screen, the space view'
DEBUG:parse:format 'I click on File details' -> 'I click on File details'
DEBUG:parse:format 'I see the uploaded file' -> 'I see the uploaded file'
DEBUG:parse:format 'The "applying changes" spinner briefly appears. When it goes away, you are returned to the user profile and it will display the "Space Administrator" text' -> 'The "applying changes" spinner briefly appears\\. When it goes away, you are returned to the user profile and it will display the "Space Administrator" text'
DEBUG:parse:format 'I Choose settings option' -> 'I Choose settings option'
DEBUG:parse:format 'I choose the team I am an admin of' -> 'I choose the team I am an admin of'
DEBUG:parse:format 'I click on the Sign Up button' -> 'I click on the Sign Up button'
DEBUG:parse:format "I see I am on the 'Save Your Recovery Phrase' screen" -> "I see I am on the 'Save Your Recovery Phrase' screen"
DEBUG:parse:format 'I copy the recovery key' -> 'I copy the recovery key'
DEBUG:parse:format 'I click Continue' -> 'I click Continue'
DEBUG:parse:format "I see the 'Are you sure you saved your Recovery Phrase' screen" -> "I see the 'Are you sure you saved your Recovery Phrase' screen"
DEBUG:parse:format "I click on the 'Yes, I saved it' option" -> "I click on the 'Yes, I saved it' option"
DEBUG:parse:format 'I am on the Add/Create team start page' -> 'I am on the Add/Create team start page'
DEBUG:parse:format 'I am in the login screen' -> 'I am in the login screen'
DEBUG:parse:format 'I create a passcode number' -> 'I create a passcode number'
DEBUG:parse:format 'I click the Log In button' -> 'I click the Log In button'
DEBUG:parse:format 'I am in the Team URl screen' -> 'I am in the Team URl screen'
DEBUG:parse:format 'I am in the Recovery Key screen' -> 'I am in the Recovery Key screen'
DEBUG:parse:format 'I write the recovery key' -> 'I write the recovery key'
DEBUG:parse:format 'I write the recovery key for bob' -> 'I write the recovery key for bob'
DEBUG:parse:format 'I am in the Welcome Screen' -> 'I am in the Welcome Screen'
DEBUG:parse:format 'I am on the Welcome Screen' -> 'I am on the Welcome Screen'
DEBUG:parse:format 'I click on the hamburger dropdown menu' -> 'I click on the hamburger dropdown menu'
DEBUG:parse:format 'I click the Continue button' -> 'I click the Continue button'
DEBUG:parse:format 'I Select the lock icon on top right' -> 'I Select the lock icon on top right'
DEBUG:parse:format 'I Select the lock icon on top right for the space' -> 'I Select the lock icon on top right for the space'
DEBUG:parse:format 'I choose my team' -> 'I choose my team'
DEBUG:parse:format 'I click on the Peoples tab' -> 'I click on the Peoples tab'
DEBUG:parse:format 'Back in the application,I click on the "Close" button' -> 'Back in the application,I click on the "Close" button'
DEBUG:parse:format 'I write the Team URL' -> 'I write the Team URL'
DEBUG:parse:format 'I click the Add Team button' -> 'I click the Add Team button'
DEBUG:parse:format 'I am on the Peoples Tab and the space members list become visible' -> 'I am on the Peoples Tab and the space members list become visible'
DEBUG:parse:format 'I select Bob from the list of people and The member screen appears' -> 'I select Bob from the list of people and The member screen appears'
DEBUG:parse:format 'I click on one of the spaces created' -> 'I click on one of the spaces created'
DEBUG:parse:format 'I Open a files (...) dropdown menu' -> 'I Open a files \\(\\.\\.\\.\\) dropdown menu'
DEBUG:parse:format 'I click on Version History' -> 'I click on Version History'
DEBUG:parse:format 'I Select the back arrow in the top left' -> 'I Select the back arrow in the top left'
DEBUG:parse:format 'I click on Delete File' -> 'I click on Delete File'
DEBUG:parse:format 'The Delete File pop up option becomes visible' -> 'The Delete File pop up option becomes visible'
DEBUG:parse:format 'I select the Cancel option from the pop up' -> 'I select the Cancel option from the pop up'
DEBUG:parse:format 'I am returned to the previous screen, the space view' -> 'I am returned to the previous screen, the space view'
DEBUG:parse:format 'I click on File details' -> 'I click on File details'
DEBUG:parse:format 'I see the uploaded file' -> 'I see the uploaded file'
DEBUG:parse:format 'The "applying changes" spinner briefly appears. When it goes away, you are returned to the user profile and it will display the "Space Administrator" text' -> 'The "applying changes" spinner briefly appears\\. When it goes away, you are returned to the user profile and it will display the "Space Administrator" text'
DEBUG:parse:format 'I Choose settings option' -> 'I Choose settings option'
DEBUG:parse:format 'I choose the team I am an admin of' -> 'I choose the team I am an admin of'
DEBUG:parse:format 'I click on the Sign Up button' -> 'I click on the Sign Up button'
DEBUG:parse:format "I see I am on the 'Save Your Recovery Phrase' screen" -> "I see I am on the 'Save Your Recovery Phrase' screen"
DEBUG:parse:format 'I copy the recovery key' -> 'I copy the recovery key'
DEBUG:parse:format 'I click Continue' -> 'I click Continue'
DEBUG:parse:format "I see the 'Are you sure you saved your Recovery Phrase' screen" -> "I see the 'Are you sure you saved your Recovery Phrase' screen"
DEBUG:parse:format "I click on the 'Yes, I saved it' option" -> "I click on the 'Yes, I saved it' option"
DEBUG:parse:format 'I am on the Add/Create team start page' -> 'I am on the Add/Create team start page'
DEBUG:parse:format 'I am in the login screen' -> 'I am in the login screen'
DEBUG:parse:format 'I create a passcode number' -> 'I create a passcode number'
DEBUG:parse:format 'I click the Log In button' -> 'I click the Log In button'
DEBUG:parse:format 'I am in the Team URl screen' -> 'I am in the Team URl screen'
DEBUG:parse:format 'I am in the Recovery Key screen' -> 'I am in the Recovery Key screen'
DEBUG:parse:format 'I write the recovery key' -> 'I write the recovery key'
DEBUG:parse:format 'I write the recovery key for bob' -> 'I write the recovery key for bob'
DEBUG:parse:format 'I am in the Welcome Screen' -> 'I am in the Welcome Screen'
DEBUG:parse:format 'I am on the Welcome Screen' -> 'I am on the Welcome Screen'
DEBUG:parse:format 'I click on the hamburger dropdown menu' -> 'I click on the hamburger dropdown menu'
DEBUG:parse:format 'I click the Continue button' -> 'I click the Continue button'
DEBUG:parse:format 'I Select the lock icon on top right' -> 'I Select the lock icon on top right'
DEBUG:parse:format 'I Select the lock icon on top right for the space' -> 'I Select the lock icon on top right for the space'
DEBUG:parse:format 'I choose my team' -> 'I choose my team'
DEBUG:parse:format 'I click on the Peoples tab' -> 'I click on the Peoples tab'
DEBUG:parse:format 'Back in the application,I click on the "Close" button' -> 'Back in the application,I click on the "Close" button'
DEBUG:parse:format 'I write the Team URL' -> 'I write the Team URL'
DEBUG:parse:format 'I click the Add Team button' -> 'I click the Add Team button'
DEBUG:parse:format 'I am on the Peoples Tab and the space members list become visible' -> 'I am on the Peoples Tab and the space members list become visible'
DEBUG:parse:format 'I select Bob from the list of people and The member screen appears' -> 'I select Bob from the list of people and The member screen appears'
DEBUG:parse:format 'I click on one of the spaces created' -> 'I click on one of the spaces created'
DEBUG:parse:format 'I Open a files (...) dropdown menu' -> 'I Open a files \\(\\.\\.\\.\\) dropdown menu'
DEBUG:parse:format 'I click on Version History' -> 'I click on Version History'
DEBUG:parse:format 'I Select the back arrow in the top left' -> 'I Select the back arrow in the top left'
DEBUG:parse:format 'I click on Delete File' -> 'I click on Delete File'
DEBUG:parse:format 'The Delete File pop up option becomes visible' -> 'The Delete File pop up option becomes visible'
DEBUG:parse:format 'I select the Cancel option from the pop up' -> 'I select the Cancel option from the pop up'
DEBUG:parse:format 'I am returned to the previous screen, the space view' -> 'I am returned to the previous screen, the space view'
DEBUG:parse:format 'I click on File details' -> 'I click on File details'
DEBUG:parse:format 'I see the uploaded file' -> 'I see the uploaded file'
DEBUG:parse:format 'The "applying changes" spinner briefly appears. When it goes away, you are returned to the user profile and it will display the "Space Administrator" text' -> 'The "applying changes" spinner briefly appears\\. When it goes away, you are returned to the user profile and it will display the "Space Administrator" text'
DEBUG:parse:format 'I Choose settings option' -> 'I Choose settings option'
DEBUG:parse:format 'I choose the team I am an admin of' -> 'I choose the team I am an admin of'
DEBUG:parse:format 'I click on the Sign Up button' -> 'I click on the Sign Up button'
DEBUG:parse:format "I see I am on the 'Save Your Recovery Phrase' screen" -> "I see I am on the 'Save Your Recovery Phrase' screen"
DEBUG:parse:format 'I copy the recovery key' -> 'I copy the recovery key'
DEBUG:parse:format 'I click Continue' -> 'I click Continue'
DEBUG:parse:format "I see the 'Are you sure you saved your Recovery Phrase' screen" -> "I see the 'Are you sure you saved your Recovery Phrase' screen"
DEBUG:parse:format "I click on the 'Yes, I saved it' option" -> "I click on the 'Yes, I saved it' option"
DEBUG:parse:format 'I am on the Add/Create team start page' -> 'I am on the Add/Create team start page'
DEBUG:parse:format 'I am in the login screen' -> 'I am in the login screen'
DEBUG:parse:format 'I create a passcode number' -> 'I create a passcode number'
DEBUG:parse:format 'I click the Log In button' -> 'I click the Log In button'
DEBUG:parse:format 'I am in the Team URl screen' -> 'I am in the Team URl screen'
DEBUG:parse:format 'I am in the Recovery Key screen' -> 'I am in the Recovery Key screen'
DEBUG:parse:format 'I write the recovery key' -> 'I write the recovery key'
DEBUG:parse:format 'I write the recovery key for bob' -> 'I write the recovery key for bob'
DEBUG:parse:format 'I am in the Welcome Screen' -> 'I am in the Welcome Screen'
DEBUG:parse:format 'I am on the Welcome Screen' -> 'I am on the Welcome Screen'
DEBUG:parse:format 'I click on the hamburger dropdown menu' -> 'I click on the hamburger dropdown menu'
DEBUG:parse:format 'I click the Continue button' -> 'I click the Continue button'
DEBUG:parse:format 'I Select the lock icon on top right' -> 'I Select the lock icon on top right'
DEBUG:parse:format 'I Select the lock icon on top right for the space' -> 'I Select the lock icon on top right for the space'
DEBUG:parse:format 'I choose my team' -> 'I choose my team'
DEBUG:parse:format 'I click on the Peoples tab' -> 'I click on the Peoples tab'
DEBUG:parse:format 'Back in the application,I click on the "Close" button' -> 'Back in the application,I click on the "Close" button'
DEBUG:parse:format 'I write the Team URL' -> 'I write the Team URL'
DEBUG:parse:format 'I click the Add Team button' -> 'I click the Add Team button'
DEBUG:parse:format 'I am on the Peoples Tab and the space members list become visible' -> 'I am on the Peoples Tab and the space members list become visible'
DEBUG:parse:format 'I select Bob from the list of people and The member screen appears' -> 'I select Bob from the list of people and The member screen appears'
DEBUG:parse:format 'I click on one of the spaces created' -> 'I click on one of the spaces created'
DEBUG:parse:format 'I Open a files (...) dropdown menu' -> 'I Open a files \\(\\.\\.\\.\\) dropdown menu'
DEBUG:parse:format 'I click on Version History' -> 'I click on Version History'
DEBUG:parse:format 'I Select the back arrow in the top left' -> 'I Select the back arrow in the top left'
DEBUG:parse:format 'I click on Delete File' -> 'I click on Delete File'
DEBUG:parse:format 'The Delete File pop up option becomes visible' -> 'The Delete File pop up option becomes visible'
DEBUG:parse:format 'I select the Cancel option from the pop up' -> 'I select the Cancel option from the pop up'
DEBUG:parse:format 'I am returned to the previous screen, the space view' -> 'I am returned to the previous screen, the space view'
DEBUG:parse:format 'I click on File details' -> 'I click on File details'
DEBUG:parse:format 'I see the uploaded file' -> 'I see the uploaded file'
DEBUG:parse:format 'The "applying changes" spinner briefly appears. When it goes away, you are returned to the user profile and it will display the "Space Administrator" text' -> 'The "applying changes" spinner briefly appears\\. When it goes away, you are returned to the user profile and it will display the "Space Administrator" text'
DEBUG:parse:format 'I Choose settings option' -> 'I Choose settings option'
DEBUG:parse:format 'I choose the team I am an admin of' -> 'I choose the team I am an admin of'
DEBUG:parse:format 'I click on the Sign Up button' -> 'I click on the Sign Up button'
DEBUG:parse:format "I see I am on the 'Save Your Recovery Phrase' screen" -> "I see I am on the 'Save Your Recovery Phrase' screen"
DEBUG:parse:format 'I copy the recovery key' -> 'I copy the recovery key'
DEBUG:parse:format 'I click Continue' -> 'I click Continue'
DEBUG:parse:format "I see the 'Are you sure you saved your Recovery Phrase' screen" -> "I see the 'Are you sure you saved your Recovery Phrase' screen"
DEBUG:parse:format "I click on the 'Yes, I saved it' option" -> "I click on the 'Yes, I saved it' option"
DEBUG:parse:format 'I am on the Add/Create team start page' -> 'I am on the Add/Create team start page'
DEBUG:parse:format 'I am in the login screen' -> 'I am in the login screen'
DEBUG:parse:format 'I create a passcode number' -> 'I create a passcode number'
DEBUG:parse:format 'I click the Log In button' -> 'I click the Log In button'
DEBUG:parse:format 'I am in the Team URl screen' -> 'I am in the Team URl screen'
DEBUG:parse:format 'I am in the Recovery Key screen' -> 'I am in the Recovery Key screen'
DEBUG:parse:format 'I write the recovery key' -> 'I write the recovery key'
DEBUG:parse:format 'I write the recovery key for bob' -> 'I write the recovery key for bob'
DEBUG:parse:format 'I am in the Welcome Screen' -> 'I am in the Welcome Screen'
DEBUG:parse:format 'I am on the Welcome Screen' -> 'I am on the Welcome Screen'
DEBUG:parse:format 'I click on the hamburger dropdown menu' -> 'I click on the hamburger dropdown menu'
DEBUG:parse:format 'I click the Continue button' -> 'I click the Continue button'
DEBUG:parse:format 'I Select the lock icon on top right' -> 'I Select the lock icon on top right'
DEBUG:parse:format 'I Select the lock icon on top right for the space' -> 'I Select the lock icon on top right for the space'
DEBUG:parse:format 'I choose my team' -> 'I choose my team'
DEBUG:parse:format 'I click on the Peoples tab' -> 'I click on the Peoples tab'
DEBUG:parse:format 'Back in the application,I click on the "Close" button' -> 'Back in the application,I click on the "Close" button'
DEBUG:parse:format 'I write the Team URL' -> 'I write the Team URL'
DEBUG:parse:format 'I click the Add Team button' -> 'I click the Add Team button'
DEBUG:parse:format 'I am on the Peoples Tab and the space members list become visible' -> 'I am on the Peoples Tab and the space members list become visible'
DEBUG:parse:format 'I select Bob from the list of people and The member screen appears' -> 'I select Bob from the list of people and The member screen appears'
DEBUG:parse:format 'I click on one of the spaces created' -> 'I click on one of the spaces created'
DEBUG:parse:format 'I Open a files (...) dropdown menu' -> 'I Open a files \\(\\.\\.\\.\\) dropdown menu'
DEBUG:parse:format 'I click on Version History' -> 'I click on Version History'
DEBUG:parse:format 'I Select the back arrow in the top left' -> 'I Select the back arrow in the top left'
DEBUG:parse:format 'I click on Delete File' -> 'I click on Delete File'
DEBUG:parse:format 'The Delete File pop up option becomes visible' -> 'The Delete File pop up option becomes visible'
DEBUG:parse:format 'I select the Cancel option from the pop up' -> 'I select the Cancel option from the pop up'
DEBUG:parse:format 'I am returned to the previous screen, the space view' -> 'I am returned to the previous screen, the space view'
DEBUG:parse:format 'I click on File details' -> 'I click on File details'
DEBUG:parse:format 'I see the uploaded file' -> 'I see the uploaded file'
DEBUG:parse:format 'The "applying changes" spinner briefly appears. When it goes away, you are returned to the user profile and it will display the "Space Administrator" text' -> 'The "applying changes" spinner briefly appears\\. When it goes away, you are returned to the user profile and it will display the "Space Administrator" text'
DEBUG:parse:format 'I Choose settings option' -> 'I Choose settings option'
DEBUG:parse:format 'I choose the team I am an admin of' -> 'I choose the team I am an admin of'
DEBUG:parse:format 'I click on the Sign Up button' -> 'I click on the Sign Up button'
DEBUG:parse:format "I see I am on the 'Save Your Recovery Phrase' screen" -> "I see I am on the 'Save Your Recovery Phrase' screen"
DEBUG:parse:format 'I copy the recovery key' -> 'I copy the recovery key'
DEBUG:parse:format 'I click Continue' -> 'I click Continue'
DEBUG:parse:format "I see the 'Are you sure you saved your Recovery Phrase' screen" -> "I see the 'Are you sure you saved your Recovery Phrase' screen"
DEBUG:parse:format "I click on the 'Yes, I saved it' option" -> "I click on the 'Yes, I saved it' option"
DEBUG:parse:format 'I am on the Add/Create team start page' -> 'I am on the Add/Create team start page'
DEBUG:parse:format 'I am in the login screen' -> 'I am in the login screen'
DEBUG:parse:format 'I create a passcode number' -> 'I create a passcode number'
DEBUG:parse:format 'I click the Log In button' -> 'I click the Log In button'
DEBUG:parse:format 'I am in the Team URl screen' -> 'I am in the Team URl screen'
DEBUG:parse:format 'I am in the Recovery Key screen' -> 'I am in the Recovery Key screen'
DEBUG:parse:format 'I write the recovery key' -> 'I write the recovery key'
DEBUG:parse:format 'I write the recovery key for bob' -> 'I write the recovery key for bob'
DEBUG:parse:format 'I am in the Welcome Screen' -> 'I am in the Welcome Screen'
DEBUG:parse:format 'I am on the Welcome Screen' -> 'I am on the Welcome Screen'
DEBUG:parse:format 'I click on the hamburger dropdown menu' -> 'I click on the hamburger dropdown menu'
DEBUG:parse:format 'I click the Continue button' -> 'I click the Continue button'
DEBUG:parse:format 'I Select the lock icon on top right' -> 'I Select the lock icon on top right'
DEBUG:parse:format 'I Select the lock icon on top right for the space' -> 'I Select the lock icon on top right for the space'
DEBUG:parse:format 'I choose my team' -> 'I choose my team'
DEBUG:parse:format 'I click on the Peoples tab' -> 'I click on the Peoples tab'
DEBUG:parse:format 'Back in the application,I click on the "Close" button' -> 'Back in the application,I click on the "Close" button'
DEBUG:parse:format 'I write the Team URL' -> 'I write the Team URL'
DEBUG:parse:format 'I click the Add Team button' -> 'I click the Add Team button'
DEBUG:parse:format 'I am on the Peoples Tab and the space members list become visible' -> 'I am on the Peoples Tab and the space members list become visible'
DEBUG:parse:format 'I select Bob from the list of people and The member screen appears' -> 'I select Bob from the list of people and The member screen appears'
DEBUG:parse:format 'I click on one of the spaces created' -> 'I click on one of the spaces created'
DEBUG:parse:format 'I Open a files (...) dropdown menu' -> 'I Open a files \\(\\.\\.\\.\\) dropdown menu'
DEBUG:parse:format 'I click on Version History' -> 'I click on Version History'
DEBUG:parse:format 'I Select the back arrow in the top left' -> 'I Select the back arrow in the top left'
DEBUG:parse:format 'I click on Delete File' -> 'I click on Delete File'
DEBUG:parse:format 'The Delete File pop up option becomes visible' -> 'The Delete File pop up option becomes visible'
DEBUG:parse:format 'I select the Cancel option from the pop up' -> 'I select the Cancel option from the pop up'
DEBUG:parse:format 'I am returned to the previous screen, the space view' -> 'I am returned to the previous screen, the space view'
DEBUG:parse:format 'I click on File details' -> 'I click on File details'
DEBUG:parse:format 'I see the uploaded file' -> 'I see the uploaded file'
DEBUG:parse:format 'The "applying changes" spinner briefly appears. When it goes away, you are returned to the user profile and it will display the "Space Administrator" text' -> 'The "applying changes" spinner briefly appears\\. When it goes away, you are returned to the user profile and it will display the "Space Administrator" text'
DEBUG:parse:format 'I Choose settings option' -> 'I Choose settings option'
DEBUG:parse:format 'I choose the team I am an admin of' -> 'I choose the team I am an admin of'
DEBUG:parse:format 'I click on the Sign Up button' -> 'I click on the Sign Up button'
DEBUG:parse:format "I see I am on the 'Save Your Recovery Phrase' screen" -> "I see I am on the 'Save Your Recovery Phrase' screen"
DEBUG:parse:format 'I copy the recovery key' -> 'I copy the recovery key'
DEBUG:parse:format 'I click Continue' -> 'I click Continue'
DEBUG:parse:format "I see the 'Are you sure you saved your Recovery Phrase' screen" -> "I see the 'Are you sure you saved your Recovery Phrase' screen"
DEBUG:parse:format "I click on the 'Yes, I saved it' option" -> "I click on the 'Yes, I saved it' option"
DEBUG:parse:format 'I am on the Add/Create team start page' -> 'I am on the Add/Create team start page'
DEBUG:parse:format 'I am in the login screen' -> 'I am in the login screen'
DEBUG:parse:format 'I create a passcode number' -> 'I create a passcode number'
DEBUG:parse:format 'I click the Log In button' -> 'I click the Log In button'
DEBUG:parse:format 'I am in the Team URl screen' -> 'I am in the Team URl screen'
DEBUG:parse:format 'I am in the Recovery Key screen' -> 'I am in the Recovery Key screen'
DEBUG:parse:format 'I write the recovery key' -> 'I write the recovery key'
DEBUG:parse:format 'I write the recovery key for bob' -> 'I write the recovery key for bob'
DEBUG:parse:format 'I am in the Welcome Screen' -> 'I am in the Welcome Screen'
DEBUG:parse:format 'I am on the Welcome Screen' -> 'I am on the Welcome Screen'
DEBUG:parse:format 'I click on the hamburger dropdown menu' -> 'I click on the hamburger dropdown menu'
DEBUG:parse:format 'I click the Continue button' -> 'I click the Continue button'
DEBUG:parse:format 'I Select the lock icon on top right' -> 'I Select the lock icon on top right'
DEBUG:parse:format 'I Select the lock icon on top right for the space' -> 'I Select the lock icon on top right for the space'
DEBUG:parse:format 'I choose my team' -> 'I choose my team'
DEBUG:parse:format 'I click on the Peoples tab' -> 'I click on the Peoples tab'
DEBUG:parse:format 'Back in the application,I click on the "Close" button' -> 'Back in the application,I click on the "Close" button'
DEBUG:parse:format 'I write the Team URL' -> 'I write the Team URL'
DEBUG:parse:format 'I click the Add Team button' -> 'I click the Add Team button'
DEBUG:parse:format 'I am on the Peoples Tab and the space members list become visible' -> 'I am on the Peoples Tab and the space members list become visible'
DEBUG:parse:format 'I select Bob from the list of people and The member screen appears' -> 'I select Bob from the list of people and The member screen appears'
DEBUG:parse:format 'I click on one of the spaces created' -> 'I click on one of the spaces created'
DEBUG:parse:format 'I Open a files (...) dropdown menu' -> 'I Open a files \\(\\.\\.\\.\\) dropdown menu'
DEBUG:parse:format 'I click on Version History' -> 'I click on Version History'
DEBUG:parse:format 'I Select the back arrow in the top left' -> 'I Select the back arrow in the top left'
DEBUG:parse:format 'I click on Delete File' -> 'I click on Delete File'
DEBUG:parse:format 'The Delete File pop up option becomes visible' -> 'The Delete File pop up option becomes visible'
DEBUG:parse:format 'I select the Cancel option from the pop up' -> 'I select the Cancel option from the pop up'
DEBUG:parse:format 'I am returned to the previous screen, the space view' -> 'I am returned to the previous screen, the space view'
DEBUG:parse:format 'I click on File details' -> 'I click on File details'
DEBUG:parse:format 'I see the uploaded file' -> 'I see the uploaded file'
DEBUG:parse:format 'The "applying changes" spinner briefly appears. When it goes away, you are returned to the user profile and it will display the "Space Administrator" text' -> 'The "applying changes" spinner briefly appears\\. When it goes away, you are returned to the user profile and it will display the "Space Administrator" text'
DEBUG:parse:format 'I Choose settings option' -> 'I Choose settings option'
DEBUG:parse:format 'I choose the team I am an admin of' -> 'I choose the team I am an admin of'
DEBUG:parse:format 'I click on the Sign Up button' -> 'I click on the Sign Up button'
DEBUG:parse:format "I see I am on the 'Save Your Recovery Phrase' screen" -> "I see I am on the 'Save Your Recovery Phrase' screen"
DEBUG:parse:format 'I copy the recovery key' -> 'I copy the recovery key'
DEBUG:parse:format 'I click Continue' -> 'I click Continue'
DEBUG:parse:format "I see the 'Are you sure you saved your Recovery Phrase' screen" -> "I see the 'Are you sure you saved your Recovery Phrase' screen"
DEBUG:parse:format "I click on the 'Yes, I saved it' option" -> "I click on the 'Yes, I saved it' option"
DEBUG:parse:format 'I am on the Add/Create team start page' -> 'I am on the Add/Create team start page'
DEBUG:parse:format 'I am in the login screen' -> 'I am in the login screen'
DEBUG:parse:format 'I create a passcode number' -> 'I create a passcode number'
DEBUG:parse:format 'I click the Log In button' -> 'I click the Log In button'
DEBUG:parse:format 'I am in the Team URl screen' -> 'I am in the Team URl screen'
DEBUG:parse:format 'I am in the Recovery Key screen' -> 'I am in the Recovery Key screen'
DEBUG:parse:format 'I write the recovery key' -> 'I write the recovery key'
DEBUG:parse:format 'I write the recovery key for bob' -> 'I write the recovery key for bob'
DEBUG:parse:format 'I am in the Welcome Screen' -> 'I am in the Welcome Screen'
DEBUG:parse:format 'I am on the Welcome Screen' -> 'I am on the Welcome Screen'
DEBUG:parse:format 'I click on the hamburger dropdown menu' -> 'I click on the hamburger dropdown menu'
DEBUG:parse:format 'I click the Continue button' -> 'I click the Continue button'
DEBUG:parse:format 'I Select the lock icon on top right' -> 'I Select the lock icon on top right'
DEBUG:parse:format 'I Select the lock icon on top right for the space' -> 'I Select the lock icon on top right for the space'
DEBUG:parse:format 'I choose my team' -> 'I choose my team'
DEBUG:parse:format 'I click on the Peoples tab' -> 'I click on the Peoples tab'
DEBUG:parse:format 'Back in the application,I click on the "Close" button' -> 'Back in the application,I click on the "Close" button'
DEBUG:parse:format 'I write the Team URL' -> 'I write the Team URL'
DEBUG:parse:format 'I click the Add Team button' -> 'I click the Add Team button'
DEBUG:parse:format 'I am on the Peoples Tab and the space members list become visible' -> 'I am on the Peoples Tab and the space members list become visible'
DEBUG:parse:format 'I select Bob from the list of people and The member screen appears' -> 'I select Bob from the list of people and The member screen appears'
DEBUG:parse:format 'I click on one of the spaces created' -> 'I click on one of the spaces created'
DEBUG:parse:format 'I Open a files (...) dropdown menu' -> 'I Open a files \\(\\.\\.\\.\\) dropdown menu'
DEBUG:parse:format 'I click on Version History' -> 'I click on Version History'
DEBUG:parse:format 'I Select the back arrow in the top left' -> 'I Select the back arrow in the top left'
DEBUG:parse:format 'I click on Delete File' -> 'I click on Delete File'
DEBUG:parse:format 'The Delete File pop up option becomes visible' -> 'The Delete File pop up option becomes visible'
DEBUG:parse:format 'I select the Cancel option from the pop up' -> 'I select the Cancel option from the pop up'
DEBUG:parse:format 'I am returned to the previous screen, the space view' -> 'I am returned to the previous screen, the space view'
DEBUG:parse:format 'I click on File details' -> 'I click on File details'
DEBUG:parse:format 'I see the uploaded file' -> 'I see the uploaded file'
DEBUG:parse:format 'The "applying changes" spinner briefly appears. When it goes away, you are returned to the user profile and it will display the "Space Administrator" text' -> 'The "applying changes" spinner briefly appears\\. When it goes away, you are returned to the user profile and it will display the "Space Administrator" text'
DEBUG:parse:format 'I Choose settings option' -> 'I Choose settings option'
DEBUG:parse:format 'I choose the team I am an admin of' -> 'I choose the team I am an admin of'
DEBUG:parse:format 'I click on the Sign Up button' -> 'I click on the Sign Up button'
DEBUG:parse:format "I see I am on the 'Save Your Recovery Phrase' screen" -> "I see I am on the 'Save Your Recovery Phrase' screen"
DEBUG:parse:format 'I copy the recovery key' -> 'I copy the recovery key'
DEBUG:parse:format 'I click Continue' -> 'I click Continue'
DEBUG:parse:format "I see the 'Are you sure you saved your Recovery Phrase' screen" -> "I see the 'Are you sure you saved your Recovery Phrase' screen"
DEBUG:parse:format "I click on the 'Yes, I saved it' option" -> "I click on the 'Yes, I saved it' option"
DEBUG:parse:format 'I am on the Add/Create team start page' -> 'I am on the Add/Create team start page'
DEBUG:parse:format 'I am in the login screen' -> 'I am in the login screen'
DEBUG:parse:format 'I create a passcode number' -> 'I create a passcode number'
DEBUG:parse:format 'I click the Log In button' -> 'I click the Log In button'
DEBUG:parse:format 'I am in the Team URl screen' -> 'I am in the Team URl screen'
DEBUG:parse:format 'I am in the Recovery Key screen' -> 'I am in the Recovery Key screen'
DEBUG:parse:format 'I write the recovery key' -> 'I write the recovery key'
DEBUG:parse:format 'I write the recovery key for bob' -> 'I write the recovery key for bob'
DEBUG:parse:format 'I am in the Welcome Screen' -> 'I am in the Welcome Screen'
DEBUG:parse:format 'I am on the Welcome Screen' -> 'I am on the Welcome Screen'
DEBUG:parse:format 'I click on the hamburger dropdown menu' -> 'I click on the hamburger dropdown menu'
DEBUG:parse:format 'I click the Continue button' -> 'I click the Continue button'
DEBUG:parse:format 'I Select the lock icon on top right' -> 'I Select the lock icon on top right'
DEBUG:parse:format 'I Select the lock icon on top right for the space' -> 'I Select the lock icon on top right for the space'
DEBUG:parse:format 'I choose my team' -> 'I choose my team'
DEBUG:parse:format 'I click on the Peoples tab' -> 'I click on the Peoples tab'
DEBUG:parse:format 'Back in the application,I click on the "Close" button' -> 'Back in the application,I click on the "Close" button'
DEBUG:parse:format 'I write the Team URL' -> 'I write the Team URL'
DEBUG:parse:format 'I click the Add Team button' -> 'I click the Add Team button'
DEBUG:parse:format 'I am on the Peoples Tab and the space members list become visible' -> 'I am on the Peoples Tab and the space members list become visible'
DEBUG:parse:format 'I select Bob from the list of people and The member screen appears' -> 'I select Bob from the list of people and The member screen appears'
DEBUG:parse:format 'I click on one of the spaces created' -> 'I click on one of the spaces created'
DEBUG:parse:format 'I Open a files (...) dropdown menu' -> 'I Open a files \\(\\.\\.\\.\\) dropdown menu'
DEBUG:parse:format 'I click on Version History' -> 'I click on Version History'
DEBUG:parse:format 'I Select the back arrow in the top left' -> 'I Select the back arrow in the top left'
DEBUG:parse:format 'I click on Delete File' -> 'I click on Delete File'
DEBUG:parse:format 'The Delete File pop up option becomes visible' -> 'The Delete File pop up option becomes visible'
DEBUG:parse:format 'I select the Cancel option from the pop up' -> 'I select the Cancel option from the pop up'
DEBUG:parse:format 'I am returned to the previous screen, the space view' -> 'I am returned to the previous screen, the space view'
DEBUG:parse:format 'I click on File details' -> 'I click on File details'
DEBUG:parse:format 'I see the uploaded file' -> 'I see the uploaded file'
DEBUG:parse:format 'The "applying changes" spinner briefly appears. When it goes away, you are returned to the user profile and it will display the "Space Administrator" text' -> 'The "applying changes" spinner briefly appears\\. When it goes away, you are returned to the user profile and it will display the "Space Administrator" text'
DEBUG:parse:format 'I Choose settings option' -> 'I Choose settings option'
DEBUG:parse:format 'I choose the team I am an admin of' -> 'I choose the team I am an admin of'
DEBUG:parse:format 'I click on the Sign Up button' -> 'I click on the Sign Up button'
DEBUG:parse:format "I see I am on the 'Save Your Recovery Phrase' screen" -> "I see I am on the 'Save Your Recovery Phrase' screen"
DEBUG:parse:format 'I copy the recovery key' -> 'I copy the recovery key'
DEBUG:parse:format 'I click Continue' -> 'I click Continue'
DEBUG:parse:format "I see the 'Are you sure you saved your Recovery Phrase' screen" -> "I see the 'Are you sure you saved your Recovery Phrase' screen"
DEBUG:parse:format "I click on the 'Yes, I saved it' option" -> "I click on the 'Yes, I saved it' option"
DEBUG:parse:format 'I am on the Add/Create team start page' -> 'I am on the Add/Create team start page'
DEBUG:parse:format 'I am in the login screen' -> 'I am in the login screen'
DEBUG:parse:format 'I create a passcode number' -> 'I create a passcode number'
DEBUG:parse:format 'I click the Log In button' -> 'I click the Log In button'
DEBUG:parse:format 'I am in the Team URl screen' -> 'I am in the Team URl screen'
DEBUG:parse:format 'I am in the Recovery Key screen' -> 'I am in the Recovery Key screen'
DEBUG:parse:format 'I write the recovery key' -> 'I write the recovery key'
DEBUG:parse:format 'I write the recovery key for bob' -> 'I write the recovery key for bob'
DEBUG:parse:format 'I am in the Welcome Screen' -> 'I am in the Welcome Screen'
DEBUG:parse:format 'I am on the Welcome Screen' -> 'I am on the Welcome Screen'
DEBUG:parse:format 'I click on the hamburger dropdown menu' -> 'I click on the hamburger dropdown menu'
DEBUG:parse:format 'I click the Continue button' -> 'I click the Continue button'
DEBUG:parse:format 'I Select the lock icon on top right' -> 'I Select the lock icon on top right'
DEBUG:parse:format 'I Select the lock icon on top right for the space' -> 'I Select the lock icon on top right for the space'
DEBUG:parse:format 'I choose my team' -> 'I choose my team'
DEBUG:parse:format 'I click on the Peoples tab' -> 'I click on the Peoples tab'
DEBUG:parse:format 'Back in the application,I click on the "Close" button' -> 'Back in the application,I click on the "Close" button'
DEBUG:parse:format 'I write the Team URL' -> 'I write the Team URL'
DEBUG:parse:format 'I click the Add Team button' -> 'I click the Add Team button'
DEBUG:parse:format 'I am on the Peoples Tab and the space members list become visible' -> 'I am on the Peoples Tab and the space members list become visible'
DEBUG:parse:format 'I select Bob from the list of people and The member screen appears' -> 'I select Bob from the list of people and The member screen appears'
DEBUG:parse:format 'I click on one of the spaces created' -> 'I click on one of the spaces created'
DEBUG:parse:format 'I Open a files (...) dropdown menu' -> 'I Open a files \\(\\.\\.\\.\\) dropdown menu'
DEBUG:parse:format 'I click on Version History' -> 'I click on Version History'
DEBUG:parse:format 'I Select the back arrow in the top left' -> 'I Select the back arrow in the top left'
DEBUG:parse:format 'I click on Delete File' -> 'I click on Delete File'
DEBUG:parse:format 'The Delete File pop up option becomes visible' -> 'The Delete File pop up option becomes visible'
DEBUG:parse:format 'I select the Cancel option from the pop up' -> 'I select the Cancel option from the pop up'
DEBUG:parse:format 'I am returned to the previous screen, the space view' -> 'I am returned to the previous screen, the space view'
DEBUG:parse:format 'I click on File details' -> 'I click on File details'
DEBUG:parse:format 'I see the uploaded file' -> 'I see the uploaded file'
DEBUG:parse:format 'The "applying changes" spinner briefly appears. When it goes away, you are returned to the user profile and it will display the "Space Administrator" text' -> 'The "applying changes" spinner briefly appears\\. When it goes away, you are returned to the user profile and it will display the "Space Administrator" text'
DEBUG:parse:format 'I Choose settings option' -> 'I Choose settings option'
DEBUG:parse:format 'I choose the team I am an admin of' -> 'I choose the team I am an admin of'
DEBUG:parse:format 'I click on the Sign Up button' -> 'I click on the Sign Up button'
DEBUG:parse:format "I see I am on the 'Save Your Recovery Phrase' screen" -> "I see I am on the 'Save Your Recovery Phrase' screen"
DEBUG:parse:format 'I copy the recovery key' -> 'I copy the recovery key'
DEBUG:parse:format 'I click Continue' -> 'I click Continue'
DEBUG:parse:format "I see the 'Are you sure you saved your Recovery Phrase' screen" -> "I see the 'Are you sure you saved your Recovery Phrase' screen"
DEBUG:parse:format "I click on the 'Yes, I saved it' option" -> "I click on the 'Yes, I saved it' option"
DEBUG:parse:format 'I am on the Add/Create team start page' -> 'I am on the Add/Create team start page'
DEBUG:parse:format 'I am in the login screen' -> 'I am in the login screen'
DEBUG:parse:format 'I create a passcode number' -> 'I create a passcode number'
DEBUG:parse:format 'I click the Log In button' -> 'I click the Log In button'
DEBUG:parse:format 'I am in the Team URl screen' -> 'I am in the Team URl screen'
DEBUG:parse:format 'I am in the Recovery Key screen' -> 'I am in the Recovery Key screen'
DEBUG:parse:format 'I write the recovery key' -> 'I write the recovery key'
DEBUG:parse:format 'I write the recovery key for bob' -> 'I write the recovery key for bob'
DEBUG:parse:format 'I am in the Welcome Screen' -> 'I am in the Welcome Screen'
DEBUG:parse:format 'I am on the Welcome Screen' -> 'I am on the Welcome Screen'
DEBUG:parse:format 'I click on the hamburger dropdown menu' -> 'I click on the hamburger dropdown menu'
DEBUG:parse:format 'I click the Continue button' -> 'I click the Continue button'
DEBUG:parse:format 'I Select the lock icon on top right' -> 'I Select the lock icon on top right'
DEBUG:parse:format 'I Select the lock icon on top right for the space' -> 'I Select the lock icon on top right for the space'
DEBUG:parse:format 'I choose my team' -> 'I choose my team'
DEBUG:parse:format 'I click on the Peoples tab' -> 'I click on the Peoples tab'
DEBUG:parse:format 'Back in the application,I click on the "Close" button' -> 'Back in the application,I click on the "Close" button'
DEBUG:parse:format 'I write the Team URL' -> 'I write the Team URL'
DEBUG:parse:format 'I click the Add Team button' -> 'I click the Add Team button'
DEBUG:parse:format 'I am on the Peoples Tab and the space members list become visible' -> 'I am on the Peoples Tab and the space members list become visible'
DEBUG:parse:format 'I select Bob from the list of people and The member screen appears' -> 'I select Bob from the list of people and The member screen appears'
DEBUG:parse:format 'I click on one of the spaces created' -> 'I click on one of the spaces created'
DEBUG:parse:format 'I Open a files (...) dropdown menu' -> 'I Open a files \\(\\.\\.\\.\\) dropdown menu'
DEBUG:parse:format 'I click on Version History' -> 'I click on Version History'
DEBUG:parse:format 'I Select the back arrow in the top left' -> 'I Select the back arrow in the top left'
DEBUG:parse:format 'I click on Delete File' -> 'I click on Delete File'
DEBUG:parse:format 'The Delete File pop up option becomes visible' -> 'The Delete File pop up option becomes visible'
DEBUG:parse:format 'I select the Cancel option from the pop up' -> 'I select the Cancel option from the pop up'
DEBUG:parse:format 'I am returned to the previous screen, the space view' -> 'I am returned to the previous screen, the space view'
DEBUG:parse:format 'I click on File details' -> 'I click on File details'
DEBUG:parse:format 'I see the uploaded file' -> 'I see the uploaded file'
DEBUG:parse:format 'The "applying changes" spinner briefly appears. When it goes away, you are returned to the user profile and it will display the "Space Administrator" text' -> 'The "applying changes" spinner briefly appears\\. When it goes away, you are returned to the user profile and it will display the "Space Administrator" text'
DEBUG:parse:format 'I Choose settings option' -> 'I Choose settings option'
DEBUG:parse:format 'I choose the team I am an admin of' -> 'I choose the team I am an admin of'
DEBUG:parse:format 'I click on the Sign Up button' -> 'I click on the Sign Up button'
DEBUG:parse:format "I see I am on the 'Save Your Recovery Phrase' screen" -> "I see I am on the 'Save Your Recovery Phrase' screen"
DEBUG:parse:format 'I copy the recovery key' -> 'I copy the recovery key'
DEBUG:parse:format 'I click Continue' -> 'I click Continue'
DEBUG:parse:format "I see the 'Are you sure you saved your Recovery Phrase' screen" -> "I see the 'Are you sure you saved your Recovery Phrase' screen"
DEBUG:parse:format "I click on the 'Yes, I saved it' option" -> "I click on the 'Yes, I saved it' option"
DEBUG:parse:format 'I am on the Add/Create team start page' -> 'I am on the Add/Create team start page'
DEBUG:parse:format 'I am in the login screen' -> 'I am in the login screen'
DEBUG:parse:format 'I create a passcode number' -> 'I create a passcode number'
DEBUG:parse:format 'I click the Log In button' -> 'I click the Log In button'
DEBUG:parse:format 'I am in the Team URl screen' -> 'I am in the Team URl screen'
DEBUG:parse:format 'I am in the Recovery Key screen' -> 'I am in the Recovery Key screen'
DEBUG:parse:format 'I write the recovery key' -> 'I write the recovery key'
DEBUG:parse:format 'I write the recovery key for bob' -> 'I write the recovery key for bob'
DEBUG:parse:format 'I am in the Welcome Screen' -> 'I am in the Welcome Screen'
DEBUG:parse:format 'I am on the Welcome Screen' -> 'I am on the Welcome Screen'
DEBUG:parse:format 'I click on the hamburger dropdown menu' -> 'I click on the hamburger dropdown menu'
DEBUG:parse:format 'I click the Continue button' -> 'I click the Continue button'
DEBUG:parse:format 'I Select the lock icon on top right' -> 'I Select the lock icon on top right'
DEBUG:parse:format 'I Select the lock icon on top right for the space' -> 'I Select the lock icon on top right for the space'
DEBUG:parse:format 'I choose my team' -> 'I choose my team'
DEBUG:parse:format 'I click on the Peoples tab' -> 'I click on the Peoples tab'
DEBUG:parse:format 'Back in the application,I click on the "Close" button' -> 'Back in the application,I click on the "Close" button'
DEBUG:parse:format 'I write the Team URL' -> 'I write the Team URL'
DEBUG:parse:format 'I click the Add Team button' -> 'I click the Add Team button'
DEBUG:parse:format 'I am on the Peoples Tab and the space members list become visible' -> 'I am on the Peoples Tab and the space members list become visible'
DEBUG:parse:format 'I select Bob from the list of people and The member screen appears' -> 'I select Bob from the list of people and The member screen appears'
DEBUG:parse:format 'I click on one of the spaces created' -> 'I click on one of the spaces created'
DEBUG:parse:format 'I Open a files (...) dropdown menu' -> 'I Open a files \\(\\.\\.\\.\\) dropdown menu'
DEBUG:parse:format 'I click on Version History' -> 'I click on Version History'
DEBUG:parse:format 'I Select the back arrow in the top left' -> 'I Select the back arrow in the top left'
DEBUG:parse:format 'I click on Delete File' -> 'I click on Delete File'
DEBUG:parse:format 'The Delete File pop up option becomes visible' -> 'The Delete File pop up option becomes visible'
DEBUG:parse:format 'I select the Cancel option from the pop up' -> 'I select the Cancel option from the pop up'
DEBUG:parse:format 'I am returned to the previous screen, the space view' -> 'I am returned to the previous screen, the space view'
DEBUG:parse:format 'I click on File details' -> 'I click on File details'
DEBUG:parse:format 'I see the uploaded file' -> 'I see the uploaded file'
DEBUG:parse:format 'The "applying changes" spinner briefly appears. When it goes away, you are returned to the user profile and it will display the "Space Administrator" text' -> 'The "applying changes" spinner briefly appears\\. When it goes away, you are returned to the user profile and it will display the "Space Administrator" text'
DEBUG:parse:format 'I Choose settings option' -> 'I Choose settings option'
DEBUG:parse:format 'I choose the team I am an admin of' -> 'I choose the team I am an admin of'
DEBUG:parse:format 'I click on the Sign Up button' -> 'I click on the Sign Up button'
DEBUG:parse:format "I see I am on the 'Save Your Recovery Phrase' screen" -> "I see I am on the 'Save Your Recovery Phrase' screen"
DEBUG:parse:format 'I copy the recovery key' -> 'I copy the recovery key'
DEBUG:parse:format 'I click Continue' -> 'I click Continue'
DEBUG:parse:format "I see the 'Are you sure you saved your Recovery Phrase' screen" -> "I see the 'Are you sure you saved your Recovery Phrase' screen"
DEBUG:parse:format "I click on the 'Yes, I saved it' option" -> "I click on the 'Yes, I saved it' option"
DEBUG:parse:format 'I am on the Add/Create team start page' -> 'I am on the Add/Create team start page'
DEBUG:parse:format 'I am in the login screen' -> 'I am in the login screen'
DEBUG:parse:format 'I create a passcode number' -> 'I create a passcode number'
DEBUG:parse:format 'I click the Log In button' -> 'I click the Log In button'
DEBUG:parse:format 'I am in the Team URl screen' -> 'I am in the Team URl screen'
DEBUG:parse:format 'I am in the Recovery Key screen' -> 'I am in the Recovery Key screen'
DEBUG:parse:format 'I write the recovery key' -> 'I write the recovery key'
DEBUG:parse:format 'I write the recovery key for bob' -> 'I write the recovery key for bob'
DEBUG:parse:format 'I am in the Welcome Screen' -> 'I am in the Welcome Screen'
DEBUG:parse:format 'I am on the Welcome Screen' -> 'I am on the Welcome Screen'
DEBUG:parse:format 'I click on the hamburger dropdown menu' -> 'I click on the hamburger dropdown menu'
DEBUG:parse:format 'I click the Continue button' -> 'I click the Continue button'
DEBUG:parse:format 'I Select the lock icon on top right' -> 'I Select the lock icon on top right'
DEBUG:parse:format 'I Select the lock icon on top right for the space' -> 'I Select the lock icon on top right for the space'
DEBUG:parse:format 'I choose my team' -> 'I choose my team'
DEBUG:parse:format 'I click on the Peoples tab' -> 'I click on the Peoples tab'
DEBUG:parse:format 'Back in the application,I click on the "Close" button' -> 'Back in the application,I click on the "Close" button'
DEBUG:parse:format 'I write the Team URL' -> 'I write the Team URL'
DEBUG:parse:format 'I click the Add Team button' -> 'I click the Add Team button'
DEBUG:parse:format 'I am on the Peoples Tab and the space members list become visible' -> 'I am on the Peoples Tab and the space members list become visible'
DEBUG:parse:format 'I select Bob from the list of people and The member screen appears' -> 'I select Bob from the list of people and The member screen appears'
DEBUG:parse:format 'I click on one of the spaces created' -> 'I click on one of the spaces created'
DEBUG:parse:format 'I Open a files (...) dropdown menu' -> 'I Open a files \\(\\.\\.\\.\\) dropdown menu'
DEBUG:parse:format 'I click on Version History' -> 'I click on Version History'
DEBUG:parse:format 'I Select the back arrow in the top left' -> 'I Select the back arrow in the top left'
DEBUG:parse:format 'I click on Delete File' -> 'I click on Delete File'
DEBUG:parse:format 'The Delete File pop up option becomes visible' -> 'The Delete File pop up option becomes visible'
DEBUG:parse:format 'I select the Cancel option from the pop up' -> 'I select the Cancel option from the pop up'
DEBUG:parse:format 'I am returned to the previous screen, the space view' -> 'I am returned to the previous screen, the space view'
DEBUG:parse:format 'I click on File details' -> 'I click on File details'
DEBUG:parse:format 'I see the uploaded file' -> 'I see the uploaded file'
DEBUG:parse:format 'The "applying changes" spinner briefly appears. When it goes away, you are returned to the user profile and it will display the "Space Administrator" text' -> 'The "applying changes" spinner briefly appears\\. When it goes away, you are returned to the user profile and it will display the "Space Administrator" text'
DEBUG:parse:format 'I Choose settings option' -> 'I Choose settings option'
DEBUG:parse:format 'I choose the team I am an admin of' -> 'I choose the team I am an admin of'
DEBUG:parse:format 'I click on the Sign Up button' -> 'I click on the Sign Up button'
DEBUG:parse:format "I see I am on the 'Save Your Recovery Phrase' screen" -> "I see I am on the 'Save Your Recovery Phrase' screen"
DEBUG:parse:format 'I copy the recovery key' -> 'I copy the recovery key'
DEBUG:parse:format 'I click Continue' -> 'I click Continue'
DEBUG:parse:format "I see the 'Are you sure you saved your Recovery Phrase' screen" -> "I see the 'Are you sure you saved your Recovery Phrase' screen"
DEBUG:parse:format "I click on the 'Yes, I saved it' option" -> "I click on the 'Yes, I saved it' option"
DEBUG:parse:format 'I am on the Add/Create team start page' -> 'I am on the Add/Create team start page'
DEBUG:parse:format 'I am in the login screen' -> 'I am in the login screen'
DEBUG:parse:format 'I create a passcode number' -> 'I create a passcode number'
DEBUG:parse:format 'I click the Log In button' -> 'I click the Log In button'
DEBUG:parse:format 'I am in the Team URl screen' -> 'I am in the Team URl screen'
DEBUG:parse:format 'I am in the Recovery Key screen' -> 'I am in the Recovery Key screen'
DEBUG:parse:format 'I write the recovery key' -> 'I write the recovery key'
DEBUG:parse:format 'I write the recovery key for bob' -> 'I write the recovery key for bob'
DEBUG:parse:format 'I am in the Welcome Screen' -> 'I am in the Welcome Screen'
DEBUG:parse:format 'I am on the Welcome Screen' -> 'I am on the Welcome Screen'
DEBUG:parse:format 'I click on the hamburger dropdown menu' -> 'I click on the hamburger dropdown menu'
DEBUG:parse:format 'I click the Continue button' -> 'I click the Continue button'
DEBUG:parse:format 'I Select the lock icon on top right' -> 'I Select the lock icon on top right'
DEBUG:parse:format 'I Select the lock icon on top right for the space' -> 'I Select the lock icon on top right for the space'
DEBUG:parse:format 'I choose my team' -> 'I choose my team'
DEBUG:parse:format 'I click on the Peoples tab' -> 'I click on the Peoples tab'
DEBUG:parse:format 'Back in the application,I click on the "Close" button' -> 'Back in the application,I click on the "Close" button'
DEBUG:parse:format 'I write the Team URL' -> 'I write the Team URL'
DEBUG:parse:format 'I click the Add Team button' -> 'I click the Add Team button'
DEBUG:parse:format 'I am on the Peoples Tab and the space members list become visible' -> 'I am on the Peoples Tab and the space members list become visible'
DEBUG:parse:format 'I select Bob from the list of people and The member screen appears' -> 'I select Bob from the list of people and The member screen appears'
DEBUG:parse:format 'I click on one of the spaces created' -> 'I click on one of the spaces created'
DEBUG:parse:format 'I Open a files (...) dropdown menu' -> 'I Open a files \\(\\.\\.\\.\\) dropdown menu'
DEBUG:parse:format 'I click on Version History' -> 'I click on Version History'
DEBUG:parse:format 'I Select the back arrow in the top left' -> 'I Select the back arrow in the top left'
DEBUG:parse:format 'I click on Delete File' -> 'I click on Delete File'
DEBUG:parse:format 'The Delete File pop up option becomes visible' -> 'The Delete File pop up option becomes visible'
DEBUG:parse:format 'I select the Cancel option from the pop up' -> 'I select the Cancel option from the pop up'
DEBUG:parse:format 'I am returned to the previous screen, the space view' -> 'I am returned to the previous screen, the space view'
DEBUG:parse:format 'I click on File details' -> 'I click on File details'
DEBUG:parse:format 'I see the uploaded file' -> 'I see the uploaded file'
DEBUG:parse:format 'The "applying changes" spinner briefly appears. When it goes away, you are returned to the user profile and it will display the "Space Administrator" text' -> 'The "applying changes" spinner briefly appears\\. When it goes away, you are returned to the user profile and it will display the "Space Administrator" text'
DEBUG:parse:format 'I Choose settings option' -> 'I Choose settings option'
DEBUG:parse:format 'I choose the team I am an admin of' -> 'I choose the team I am an admin of'
DEBUG:parse:format 'I click on the Sign Up button' -> 'I click on the Sign Up button'
DEBUG:parse:format "I see I am on the 'Save Your Recovery Phrase' screen" -> "I see I am on the 'Save Your Recovery Phrase' screen"
DEBUG:parse:format 'I copy the recovery key' -> 'I copy the recovery key'
DEBUG:parse:format 'I click Continue' -> 'I click Continue'
DEBUG:parse:format "I see the 'Are you sure you saved your Recovery Phrase' screen" -> "I see the 'Are you sure you saved your Recovery Phrase' screen"
DEBUG:parse:format "I click on the 'Yes, I saved it' option" -> "I click on the 'Yes, I saved it' option"
DEBUG:parse:format 'I am on the Add/Create team start page' -> 'I am on the Add/Create team start page'
DEBUG:parse:format 'I am in the login screen' -> 'I am in the login screen'
DEBUG:parse:format 'I create a passcode number' -> 'I create a passcode number'
DEBUG:parse:format 'I click the Log In button' -> 'I click the Log In button'
DEBUG:parse:format 'I am in the Team URl screen' -> 'I am in the Team URl screen'
DEBUG:parse:format 'I am in the Recovery Key screen' -> 'I am in the Recovery Key screen'
DEBUG:parse:format 'I write the recovery key' -> 'I write the recovery key'
DEBUG:parse:format 'I write the recovery key for bob' -> 'I write the recovery key for bob'
DEBUG:parse:format 'I am in the Welcome Screen' -> 'I am in the Welcome Screen'
DEBUG:parse:format 'I am on the Welcome Screen' -> 'I am on the Welcome Screen'
DEBUG:parse:format 'I click on the hamburger dropdown menu' -> 'I click on the hamburger dropdown menu'
DEBUG:parse:format 'I click the Continue button' -> 'I click the Continue button'
DEBUG:parse:format 'I Select the lock icon on top right' -> 'I Select the lock icon on top right'
DEBUG:parse:format 'I Select the lock icon on top right for the space' -> 'I Select the lock icon on top right for the space'
DEBUG:parse:format 'I choose my team' -> 'I choose my team'
DEBUG:parse:format 'I click on the Peoples tab' -> 'I click on the Peoples tab'
DEBUG:parse:format 'Back in the application,I click on the "Close" button' -> 'Back in the application,I click on the "Close" button'
DEBUG:parse:format 'I write the Team URL' -> 'I write the Team URL'
DEBUG:parse:format 'I click the Add Team button' -> 'I click the Add Team button'
DEBUG:parse:format 'I am on the Peoples Tab and the space members list become visible' -> 'I am on the Peoples Tab and the space members list become visible'
DEBUG:parse:format 'I select Bob from the list of people and The member screen appears' -> 'I select Bob from the list of people and The member screen appears'
DEBUG:parse:format 'I click on one of the spaces created' -> 'I click on one of the spaces created'
DEBUG:parse:format 'I Open a files (...) dropdown menu' -> 'I Open a files \\(\\.\\.\\.\\) dropdown menu'
DEBUG:parse:format 'I click on Version History' -> 'I click on Version History'
DEBUG:parse:format 'I Select the back arrow in the top left' -> 'I Select the back arrow in the top left'
DEBUG:parse:format 'I click on Delete File' -> 'I click on Delete File'
DEBUG:parse:format 'The Delete File pop up option becomes visible' -> 'The Delete File pop up option becomes visible'
DEBUG:parse:format 'I select the Cancel option from the pop up' -> 'I select the Cancel option from the pop up'
DEBUG:parse:format 'I am returned to the previous screen, the space view' -> 'I am returned to the previous screen, the space view'
DEBUG:parse:format 'I click on File details' -> 'I click on File details'
DEBUG:parse:format 'I see the uploaded file' -> 'I see the uploaded file'
DEBUG:parse:format 'The "applying changes" spinner briefly appears. When it goes away, you are returned to the user profile and it will display the "Space Administrator" text' -> 'The "applying changes" spinner briefly appears\\. When it goes away, you are returned to the user profile and it will display the "Space Administrator" text'
DEBUG:parse:format 'I Choose settings option' -> 'I Choose settings option'
DEBUG:parse:format 'I choose the team I am an admin of' -> 'I choose the team I am an admin of'
DEBUG:parse:format 'I click on the Sign Up button' -> 'I click on the Sign Up button'
DEBUG:parse:format "I see I am on the 'Save Your Recovery Phrase' screen" -> "I see I am on the 'Save Your Recovery Phrase' screen"
DEBUG:parse:format 'I copy the recovery key' -> 'I copy the recovery key'
DEBUG:parse:format 'I click Continue' -> 'I click Continue'
DEBUG:parse:format "I see the 'Are you sure you saved your Recovery Phrase' screen" -> "I see the 'Are you sure you saved your Recovery Phrase' screen"
DEBUG:parse:format "I click on the 'Yes, I saved it' option" -> "I click on the 'Yes, I saved it' option"
DEBUG:parse:format 'I am on the Add/Create team start page' -> 'I am on the Add/Create team start page'
DEBUG:parse:format 'I am in the login screen' -> 'I am in the login screen'
DEBUG:parse:format 'I create a passcode number' -> 'I create a passcode number'
DEBUG:parse:format 'I click the Log In button' -> 'I click the Log In button'
DEBUG:parse:format 'I am in the Team URl screen' -> 'I am in the Team URl screen'
DEBUG:parse:format 'I am in the Recovery Key screen' -> 'I am in the Recovery Key screen'
DEBUG:parse:format 'I write the recovery key' -> 'I write the recovery key'
DEBUG:parse:format 'I write the recovery key for bob' -> 'I write the recovery key for bob'
DEBUG:parse:format 'I am in the Welcome Screen' -> 'I am in the Welcome Screen'
DEBUG:parse:format 'I am on the Welcome Screen' -> 'I am on the Welcome Screen'
DEBUG:parse:format 'I click on the hamburger dropdown menu' -> 'I click on the hamburger dropdown menu'
DEBUG:parse:format 'I click the Continue button' -> 'I click the Continue button'
DEBUG:parse:format 'I Select the lock icon on top right' -> 'I Select the lock icon on top right'
DEBUG:parse:format 'I Select the lock icon on top right for the space' -> 'I Select the lock icon on top right for the space'
DEBUG:parse:format 'I choose my team' -> 'I choose my team'
DEBUG:parse:format 'I click on the Peoples tab' -> 'I click on the Peoples tab'
DEBUG:parse:format 'Back in the application,I click on the "Close" button' -> 'Back in the application,I click on the "Close" button'
DEBUG:parse:format 'I write the Team URL' -> 'I write the Team URL'
DEBUG:parse:format 'I click the Add Team button' -> 'I click the Add Team button'
DEBUG:parse:format 'I am on the Peoples Tab and the space members list become visible' -> 'I am on the Peoples Tab and the space members list become visible'
DEBUG:parse:format 'I select Bob from the list of people and The member screen appears' -> 'I select Bob from the list of people and The member screen appears'
DEBUG:parse:format 'I click on one of the spaces created' -> 'I click on one of the spaces created'
DEBUG:parse:format 'I Open a files (...) dropdown menu' -> 'I Open a files \\(\\.\\.\\.\\) dropdown menu'
DEBUG:parse:format 'I click on Version History' -> 'I click on Version History'
DEBUG:parse:format 'I Select the back arrow in the top left' -> 'I Select the back arrow in the top left'
DEBUG:parse:format 'I click on Delete File' -> 'I click on Delete File'
DEBUG:parse:format 'The Delete File pop up option becomes visible' -> 'The Delete File pop up option becomes visible'
DEBUG:parse:format 'I select the Cancel option from the pop up' -> 'I select the Cancel option from the pop up'
DEBUG:parse:format 'I am returned to the previous screen, the space view' -> 'I am returned to the previous screen, the space view'
DEBUG:parse:format 'I click on File details' -> 'I click on File details'
DEBUG:parse:format 'I see the uploaded file' -> 'I see the uploaded file'
DEBUG:parse:format 'The "applying changes" spinner briefly appears. When it goes away, you are returned to the user profile and it will display the "Space Administrator" text' -> 'The "applying changes" spinner briefly appears\\. When it goes away, you are returned to the user profile and it will display the "Space Administrator" text'
DEBUG:parse:format 'I Choose settings option' -> 'I Choose settings option'
DEBUG:parse:format 'I choose the team I am an admin of' -> 'I choose the team I am an admin of'
DEBUG:parse:format 'I click on the Sign Up button' -> 'I click on the Sign Up button'
DEBUG:parse:format "I see I am on the 'Save Your Recovery Phrase' screen" -> "I see I am on the 'Save Your Recovery Phrase' screen"
DEBUG:parse:format 'I copy the recovery key' -> 'I copy the recovery key'
DEBUG:parse:format 'I click Continue' -> 'I click Continue'
DEBUG:parse:format "I see the 'Are you sure you saved your Recovery Phrase' screen" -> "I see the 'Are you sure you saved your Recovery Phrase' screen"
DEBUG:parse:format "I click on the 'Yes, I saved it' option" -> "I click on the 'Yes, I saved it' option"
DEBUG:parse:format 'I am on the Add/Create team start page' -> 'I am on the Add/Create team start page'
DEBUG:parse:format 'I am in the login screen' -> 'I am in the login screen'
DEBUG:parse:format 'I create a passcode number' -> 'I create a passcode number'
DEBUG:parse:format 'I click the Log In button' -> 'I click the Log In button'
DEBUG:parse:format 'I am in the Team URl screen' -> 'I am in the Team URl screen'
DEBUG:parse:format 'I am in the Recovery Key screen' -> 'I am in the Recovery Key screen'
DEBUG:parse:format 'I write the recovery key' -> 'I write the recovery key'
DEBUG:parse:format 'I write the recovery key for bob' -> 'I write the recovery key for bob'
DEBUG:parse:format 'I am in the Welcome Screen' -> 'I am in the Welcome Screen'
DEBUG:parse:format 'I am on the Welcome Screen' -> 'I am on the Welcome Screen'
DEBUG:parse:format 'I click on the hamburger dropdown menu' -> 'I click on the hamburger dropdown menu'
DEBUG:parse:format 'I click the Continue button' -> 'I click the Continue button'
DEBUG:parse:format 'I Select the lock icon on top right' -> 'I Select the lock icon on top right'
DEBUG:parse:format 'I Select the lock icon on top right for the space' -> 'I Select the lock icon on top right for the space'
DEBUG:parse:format 'I choose my team' -> 'I choose my team'
DEBUG:parse:format 'I click on the Peoples tab' -> 'I click on the Peoples tab'
DEBUG:parse:format 'Back in the application,I click on the "Close" button' -> 'Back in the application,I click on the "Close" button'
DEBUG:parse:format 'I write the Team URL' -> 'I write the Team URL'
DEBUG:parse:format 'I click the Add Team button' -> 'I click the Add Team button'
DEBUG:parse:format 'I am on the Peoples Tab and the space members list become visible' -> 'I am on the Peoples Tab and the space members list become visible'
DEBUG:parse:format 'I select Bob from the list of people and The member screen appears' -> 'I select Bob from the list of people and The member screen appears'
DEBUG:parse:format 'I click on one of the spaces created' -> 'I click on one of the spaces created'
DEBUG:parse:format 'I Open a files (...) dropdown menu' -> 'I Open a files \\(\\.\\.\\.\\) dropdown menu'
DEBUG:parse:format 'I click on Version History' -> 'I click on Version History'
DEBUG:parse:format 'I Select the back arrow in the top left' -> 'I Select the back arrow in the top left'
DEBUG:parse:format 'I click on Delete File' -> 'I click on Delete File'
DEBUG:parse:format 'The Delete File pop up option becomes visible' -> 'The Delete File pop up option becomes visible'
DEBUG:parse:format 'I select the Cancel option from the pop up' -> 'I select the Cancel option from the pop up'
DEBUG:parse:format 'I am returned to the previous screen, the space view' -> 'I am returned to the previous screen, the space view'
DEBUG:parse:format 'I click on File details' -> 'I click on File details'
DEBUG:parse:format 'I see the uploaded file' -> 'I see the uploaded file'
DEBUG:parse:format 'The "applying changes" spinner briefly appears. When it goes away, you are returned to the user profile and it will display the "Space Administrator" text' -> 'The "applying changes" spinner briefly appears\\. When it goes away, you are returned to the user profile and it will display the "Space Administrator" text'
DEBUG:parse:format 'I Choose settings option' -> 'I Choose settings option'
DEBUG:parse:format 'I choose the team I am an admin of' -> 'I choose the team I am an admin of'
DEBUG:parse:format 'I click on the Sign Up button' -> 'I click on the Sign Up button'
DEBUG:parse:format "I see I am on the 'Save Your Recovery Phrase' screen" -> "I see I am on the 'Save Your Recovery Phrase' screen"
DEBUG:parse:format 'I copy the recovery key' -> 'I copy the recovery key'
DEBUG:parse:format 'I click Continue' -> 'I click Continue'
DEBUG:parse:format "I see the 'Are you sure you saved your Recovery Phrase' screen" -> "I see the 'Are you sure you saved your Recovery Phrase' screen"
DEBUG:parse:format "I click on the 'Yes, I saved it' option" -> "I click on the 'Yes, I saved it' option"
DEBUG:parse:format 'I am on the Add/Create team start page' -> 'I am on the Add/Create team start page'
DEBUG:parse:format 'I am in the login screen' -> 'I am in the login screen'
DEBUG:parse:format 'I create a passcode number' -> 'I create a passcode number'
DEBUG:parse:format 'I click the Log In button' -> 'I click the Log In button'
DEBUG:parse:format 'I am in the Team URl screen' -> 'I am in the Team URl screen'
DEBUG:parse:format 'I am in the Recovery Key screen' -> 'I am in the Recovery Key screen'
DEBUG:parse:format 'I write the recovery key' -> 'I write the recovery key'
DEBUG:parse:format 'I write the recovery key for bob' -> 'I write the recovery key for bob'
DEBUG:parse:format 'I am in the Welcome Screen' -> 'I am in the Welcome Screen'
DEBUG:parse:format 'I am on the Welcome Screen' -> 'I am on the Welcome Screen'
DEBUG:parse:format 'I click on the hamburger dropdown menu' -> 'I click on the hamburger dropdown menu'
DEBUG:parse:format 'I click the Continue button' -> 'I click the Continue button'
DEBUG:parse:format 'I Select the lock icon on top right' -> 'I Select the lock icon on top right'
DEBUG:parse:format 'I Select the lock icon on top right for the space' -> 'I Select the lock icon on top right for the space'
DEBUG:parse:format 'I choose my team' -> 'I choose my team'
DEBUG:parse:format 'I click on the Peoples tab' -> 'I click on the Peoples tab'
DEBUG:parse:format 'Back in the application,I click on the "Close" button' -> 'Back in the application,I click on the "Close" button'
DEBUG:parse:format 'I write the Team URL' -> 'I write the Team URL'
DEBUG:parse:format 'I click the Add Team button' -> 'I click the Add Team button'
DEBUG:parse:format 'I am on the Peoples Tab and the space members list become visible' -> 'I am on the Peoples Tab and the space members list become visible'
DEBUG:parse:format 'I select Bob from the list of people and The member screen appears' -> 'I select Bob from the list of people and The member screen appears'
DEBUG:parse:format 'I click on one of the spaces created' -> 'I click on one of the spaces created'
DEBUG:parse:format 'I Open a files (...) dropdown menu' -> 'I Open a files \\(\\.\\.\\.\\) dropdown menu'
DEBUG:parse:format 'I click on Version History' -> 'I click on Version History'
DEBUG:parse:format 'I Select the back arrow in the top left' -> 'I Select the back arrow in the top left'
DEBUG:parse:format 'I click on Delete File' -> 'I click on Delete File'
DEBUG:parse:format 'The Delete File pop up option becomes visible' -> 'The Delete File pop up option becomes visible'
DEBUG:parse:format 'I select the Cancel option from the pop up' -> 'I select the Cancel option from the pop up'
DEBUG:parse:format 'I am returned to the previous screen, the space view' -> 'I am returned to the previous screen, the space view'
DEBUG:parse:format 'I click on File details' -> 'I click on File details'
DEBUG:parse:format 'I see the uploaded file' -> 'I see the uploaded file'
DEBUG:parse:format 'The "applying changes" spinner briefly appears. When it goes away, you are returned to the user profile and it will display the "Space Administrator" text' -> 'The "applying changes" spinner briefly appears\\. When it goes away, you are returned to the user profile and it will display the "Space Administrator" text'
DEBUG:parse:format 'I Choose settings option' -> 'I Choose settings option'
DEBUG:parse:format 'I choose the team I am an admin of' -> 'I choose the team I am an admin of'
DEBUG:parse:format 'I click on the Sign Up button' -> 'I click on the Sign Up button'
DEBUG:parse:format "I see I am on the 'Save Your Recovery Phrase' screen" -> "I see I am on the 'Save Your Recovery Phrase' screen"
DEBUG:parse:format 'I copy the recovery key' -> 'I copy the recovery key'
DEBUG:parse:format 'I click Continue' -> 'I click Continue'
DEBUG:parse:format "I see the 'Are you sure you saved your Recovery Phrase' screen" -> "I see the 'Are you sure you saved your Recovery Phrase' screen"
DEBUG:parse:format "I click on the 'Yes, I saved it' option" -> "I click on the 'Yes, I saved it' option"
DEBUG:parse:format 'I am on the Add/Create team start page' -> 'I am on the Add/Create team start page'
DEBUG:parse:format 'I am in the login screen' -> 'I am in the login screen'
DEBUG:parse:format 'I create a passcode number' -> 'I create a passcode number'
DEBUG:parse:format 'I click the Log In button' -> 'I click the Log In button'
DEBUG:parse:format 'I am in the Team URl screen' -> 'I am in the Team URl screen'
DEBUG:parse:format 'I am in the Recovery Key screen' -> 'I am in the Recovery Key screen'
DEBUG:parse:format 'I write the recovery key' -> 'I write the recovery key'
DEBUG:parse:format 'I write the recovery key for bob' -> 'I write the recovery key for bob'
DEBUG:parse:format 'I am in the Welcome Screen' -> 'I am in the Welcome Screen'
DEBUG:parse:format 'I am on the Welcome Screen' -> 'I am on the Welcome Screen'
DEBUG:parse:format 'I click on the hamburger dropdown menu' -> 'I click on the hamburger dropdown menu'
DEBUG:parse:format 'I click the Continue button' -> 'I click the Continue button'
DEBUG:parse:format 'I Select the lock icon on top right' -> 'I Select the lock icon on top right'
DEBUG:parse:format 'I Select the lock icon on top right for the space' -> 'I Select the lock icon on top right for the space'
DEBUG:parse:format 'I choose my team' -> 'I choose my team'
DEBUG:parse:format 'I click on the Peoples tab' -> 'I click on the Peoples tab'
DEBUG:parse:format 'Back in the application,I click on the "Close" button' -> 'Back in the application,I click on the "Close" button'
DEBUG:parse:format 'I write the Team URL' -> 'I write the Team URL'
DEBUG:parse:format 'I click the Add Team button' -> 'I click the Add Team button'
DEBUG:parse:format 'I am on the Peoples Tab and the space members list become visible' -> 'I am on the Peoples Tab and the space members list become visible'
DEBUG:parse:format 'I select Bob from the list of people and The member screen appears' -> 'I select Bob from the list of people and The member screen appears'
DEBUG:parse:format 'I click on one of the spaces created' -> 'I click on one of the spaces created'
DEBUG:parse:format 'I Open a files (...) dropdown menu' -> 'I Open a files \\(\\.\\.\\.\\) dropdown menu'
DEBUG:parse:format 'I click on Version History' -> 'I click on Version History'
DEBUG:parse:format 'I Select the back arrow in the top left' -> 'I Select the back arrow in the top left'
DEBUG:parse:format 'I click on Delete File' -> 'I click on Delete File'
DEBUG:parse:format 'The Delete File pop up option becomes visible' -> 'The Delete File pop up option becomes visible'
DEBUG:parse:format 'I select the Cancel option from the pop up' -> 'I select the Cancel option from the pop up'
DEBUG:parse:format 'I am returned to the previous screen, the space view' -> 'I am returned to the previous screen, the space view'
DEBUG:parse:format 'I click on File details' -> 'I click on File details'
DEBUG:parse:format 'I see the uploaded file' -> 'I see the uploaded file'
DEBUG:parse:format 'The "applying changes" spinner briefly appears. When it goes away, you are returned to the user profile and it will display the "Space Administrator" text' -> 'The "applying changes" spinner briefly appears\\. When it goes away, you are returned to the user profile and it will display the "Space Administrator" text'
DEBUG:parse:format 'I Choose settings option' -> 'I Choose settings option'
DEBUG:parse:format 'I choose the team I am an admin of' -> 'I choose the team I am an admin of'
DEBUG:parse:format 'I click on the Sign Up button' -> 'I click on the Sign Up button'
DEBUG:parse:format "I see I am on the 'Save Your Recovery Phrase' screen" -> "I see I am on the 'Save Your Recovery Phrase' screen"
DEBUG:parse:format 'I copy the recovery key' -> 'I copy the recovery key'
DEBUG:parse:format 'I click Continue' -> 'I click Continue'
DEBUG:parse:format "I see the 'Are you sure you saved your Recovery Phrase' screen" -> "I see the 'Are you sure you saved your Recovery Phrase' screen"
DEBUG:parse:format "I click on the 'Yes, I saved it' option" -> "I click on the 'Yes, I saved it' option"
DEBUG:parse:format 'I am on the Add/Create team start page' -> 'I am on the Add/Create team start page'
DEBUG:parse:format 'I get the hash of the original file' -> 'I get the hash of the original file'
DEBUG:parse:format 'I modify the file' -> 'I modify the file'
DEBUG:parse:format 'I click the plus button' -> 'I click the plus button'
DEBUG:parse:format 'I get the hash of the modified file, and assert it is not the same' -> 'I get the hash of the modified file, and assert it is not the same'
DEBUG:parse:format 'I click on the revert icon' -> 'I click on the revert icon'
DEBUG:parse:format 'I confirm I am on the revert file modal' -> 'I confirm I am on the revert file modal'
DEBUG:parse:format "I click on the 'No, go back' option" -> "I click on the 'No, go back' option"
DEBUG:parse:format "I click on the 'Revert File' option" -> "I click on the 'Revert File' option"
DEBUG:parse:format 'I get the hash of the reverted file' -> 'I get the hash of the reverted file'
DEBUG:parse:format 'I confirm the reverted file hash is the same as the original file' -> 'I confirm the reverted file hash is the same as the original file'
DEBUG:parse:format 'I am in the login screen' -> 'I am in the login screen'
DEBUG:parse:format 'I create a passcode number' -> 'I create a passcode number'
DEBUG:parse:format 'I click the Log In button' -> 'I click the Log In button'
DEBUG:parse:format 'I am in the Team URl screen' -> 'I am in the Team URl screen'
DEBUG:parse:format 'I am in the Recovery Key screen' -> 'I am in the Recovery Key screen'
DEBUG:parse:format 'I write the recovery key' -> 'I write the recovery key'
DEBUG:parse:format 'I write the recovery key for bob' -> 'I write the recovery key for bob'
DEBUG:parse:format 'I am in the Welcome Screen' -> 'I am in the Welcome Screen'
DEBUG:parse:format 'I am on the Welcome Screen' -> 'I am on the Welcome Screen'
DEBUG:parse:format 'I click on the hamburger dropdown menu' -> 'I click on the hamburger dropdown menu'
DEBUG:parse:format 'I click the Continue button' -> 'I click the Continue button'
DEBUG:parse:format 'I Select the lock icon on top right' -> 'I Select the lock icon on top right'
DEBUG:parse:format 'I Select the lock icon on top right for the space' -> 'I Select the lock icon on top right for the space'
DEBUG:parse:format 'I choose my team' -> 'I choose my team'
DEBUG:parse:format 'I click on the Peoples tab' -> 'I click on the Peoples tab'
DEBUG:parse:format 'Back in the application,I click on the "Close" button' -> 'Back in the application,I click on the "Close" button'
DEBUG:parse:format 'I write the Team URL' -> 'I write the Team URL'
DEBUG:parse:format 'I click the Add Team button' -> 'I click the Add Team button'
DEBUG:parse:format 'I am on the Peoples Tab and the space members list become visible' -> 'I am on the Peoples Tab and the space members list become visible'
DEBUG:parse:format 'I select Bob from the list of people and The member screen appears' -> 'I select Bob from the list of people and The member screen appears'
DEBUG:parse:format 'I click on one of the spaces created' -> 'I click on one of the spaces created'
DEBUG:parse:format 'I Open a files (...) dropdown menu' -> 'I Open a files \\(\\.\\.\\.\\) dropdown menu'
DEBUG:parse:format 'I click on Version History' -> 'I click on Version History'
DEBUG:parse:format 'I Select the back arrow in the top left' -> 'I Select the back arrow in the top left'
DEBUG:parse:format 'I click on Delete File' -> 'I click on Delete File'
DEBUG:parse:format 'The Delete File pop up option becomes visible' -> 'The Delete File pop up option becomes visible'
DEBUG:parse:format 'I select the Cancel option from the pop up' -> 'I select the Cancel option from the pop up'
DEBUG:parse:format 'I am returned to the previous screen, the space view' -> 'I am returned to the previous screen, the space view'
DEBUG:parse:format 'I click on File details' -> 'I click on File details'
DEBUG:parse:format 'I see the uploaded file' -> 'I see the uploaded file'
DEBUG:parse:format 'The "applying changes" spinner briefly appears. When it goes away, you are returned to the user profile and it will display the "Space Administrator" text' -> 'The "applying changes" spinner briefly appears\\. When it goes away, you are returned to the user profile and it will display the "Space Administrator" text'
DEBUG:parse:format 'I Choose settings option' -> 'I Choose settings option'
DEBUG:parse:format 'I choose the team I am an admin of' -> 'I choose the team I am an admin of'
DEBUG:parse:format 'I click on the Sign Up button' -> 'I click on the Sign Up button'
DEBUG:parse:format "I see I am on the 'Save Your Recovery Phrase' screen" -> "I see I am on the 'Save Your Recovery Phrase' screen"
DEBUG:parse:format 'I copy the recovery key' -> 'I copy the recovery key'
DEBUG:parse:format 'I click Continue' -> 'I click Continue'
DEBUG:parse:format "I see the 'Are you sure you saved your Recovery Phrase' screen" -> "I see the 'Are you sure you saved your Recovery Phrase' screen"
DEBUG:parse:format "I click on the 'Yes, I saved it' option" -> "I click on the 'Yes, I saved it' option"
DEBUG:parse:format 'I am on the Add/Create team start page' -> 'I am on the Add/Create team start page'
DEBUG:parse:format 'I get the hash of the original file' -> 'I get the hash of the original file'
DEBUG:parse:format 'I modify the file' -> 'I modify the file'
DEBUG:parse:format 'I click the plus button' -> 'I click the plus button'
DEBUG:parse:format 'I get the hash of the modified file, and assert it is not the same' -> 'I get the hash of the modified file, and assert it is not the same'
DEBUG:parse:format 'I click on the revert icon' -> 'I click on the revert icon'
DEBUG:parse:format 'I confirm I am on the revert file modal' -> 'I confirm I am on the revert file modal'
DEBUG:parse:format "I click on the 'No, go back' option" -> "I click on the 'No, go back' option"
DEBUG:parse:format "I click on the 'Revert File' option" -> "I click on the 'Revert File' option"
DEBUG:parse:format 'I get the hash of the reverted file' -> 'I get the hash of the reverted file'
DEBUG:parse:format 'I confirm the reverted file hash is the same as the original file' -> 'I confirm the reverted file hash is the same as the original file'
DEBUG:parse:format 'I am in the login screen' -> 'I am in the login screen'
DEBUG:parse:format 'I create a passcode number' -> 'I create a passcode number'
DEBUG:parse:format 'I click the Log In button' -> 'I click the Log In button'
DEBUG:parse:format 'I am in the Team URl screen' -> 'I am in the Team URl screen'
DEBUG:parse:format 'I am in the Recovery Key screen' -> 'I am in the Recovery Key screen'
DEBUG:parse:format 'I write the recovery key' -> 'I write the recovery key'
DEBUG:parse:format 'I write the recovery key for bob' -> 'I write the recovery key for bob'
DEBUG:parse:format 'I am in the Welcome Screen' -> 'I am in the Welcome Screen'
INFO:selenium.webdriver.remote.remote_connection:Could not connect to port 4723 on host 127.0.0.1
INFO:selenium.webdriver.remote.remote_connection:Could not get IP address for host: 127.0.0.1
WARNING:urllib3.connectionpool:Retrying (Retry(total=2, connect=None, read=None, redirect=None, status=None)) after connection broken by 'NewConnectionError('<urllib3.connection.HTTPConnection object at 0x10ed8c340>: Failed to establish a new connection: [Errno 61] Connection refused')': /wd/hub/session
WARNING:urllib3.connectionpool:Retrying (Retry(total=1, connect=None, read=None, redirect=None, status=None)) after connection broken by 'NewConnectionError('<urllib3.connection.HTTPConnection object at 0x10ed8c640>: Failed to establish a new connection: [Errno 61] Connection refused')': /wd/hub/session
WARNING:urllib3.connectionpool:Retrying (Retry(total=0, connect=None, read=None, redirect=None, status=None)) after connection broken by 'NewConnectionError('<urllib3.connection.HTTPConnection object at 0x10ed8c7c0>: Failed to establish a new connection: [Errno 61] Connection refused')': /wd/hub/session
INFO:selenium.webdriver.remote.remote_connection:Could not connect to port 4723 on host 127.0.0.1
INFO:selenium.webdriver.remote.remote_connection:Could not get IP address for host: 127.0.0.1
WARNING:urllib3.connectionpool:Retrying (Retry(total=2, connect=None, read=None, redirect=None, status=None)) after connection broken by 'NewConnectionError('<urllib3.connection.HTTPConnection object at 0x10eda6070>: Failed to establish a new connection: [Errno 61] Connection refused')': /wd/hub/session
WARNING:urllib3.connectionpool:Retrying (Retry(total=1, connect=None, read=None, redirect=None, status=None)) after connection broken by 'NewConnectionError('<urllib3.connection.HTTPConnection object at 0x10eda61f0>: Failed to establish a new connection: [Errno 61] Connection refused')': /wd/hub/session
WARNING:urllib3.connectionpool:Retrying (Retry(total=0, connect=None, read=None, redirect=None, status=None)) after connection broken by 'NewConnectionError('<urllib3.connection.HTTPConnection object at 0x10eda6340>: Failed to establish a new connection: [Errno 61] Connection refused')': /wd/hub/session
DEBUG:parse:format 'I am on the Welcome Screen' -> 'I am on the Welcome Screen'
DEBUG:parse:format 'I click on the hamburger dropdown menu' -> 'I click on the hamburger dropdown menu'
DEBUG:parse:format 'I click the Continue button' -> 'I click the Continue button'
DEBUG:parse:format 'I Select the lock icon on top right' -> 'I Select the lock icon on top right'
DEBUG:parse:format 'I Select the lock icon on top right for the space' -> 'I Select the lock icon on top right for the space'
DEBUG:parse:format 'I choose my team' -> 'I choose my team'
DEBUG:parse:format 'I click on the Peoples tab' -> 'I click on the Peoples tab'
DEBUG:parse:format 'Back in the application,I click on the "Close" button' -> 'Back in the application,I click on the "Close" button'
DEBUG:parse:format 'I write the Team URL' -> 'I write the Team URL'
DEBUG:parse:format 'I click the Add Team button' -> 'I click the Add Team button'
DEBUG:parse:format 'I am on the Peoples Tab and the space members list become visible' -> 'I am on the Peoples Tab and the space members list become visible'
DEBUG:parse:format 'I select Bob from the list of people and The member screen appears' -> 'I select Bob from the list of people and The member screen appears'
DEBUG:parse:format 'I click on one of the spaces created' -> 'I click on one of the spaces created'
DEBUG:parse:format 'I Open a files (...) dropdown menu' -> 'I Open a files \\(\\.\\.\\.\\) dropdown menu'
DEBUG:parse:format 'I click on Version History' -> 'I click on Version History'
DEBUG:parse:format 'I Select the back arrow in the top left' -> 'I Select the back arrow in the top left'
DEBUG:parse:format 'I click on Delete File' -> 'I click on Delete File'
DEBUG:parse:format 'The Delete File pop up option becomes visible' -> 'The Delete File pop up option becomes visible'
DEBUG:parse:format 'I select the Cancel option from the pop up' -> 'I select the Cancel option from the pop up'
DEBUG:parse:format 'I am returned to the previous screen, the space view' -> 'I am returned to the previous screen, the space view'
DEBUG:parse:format 'I click on File details' -> 'I click on File details'
DEBUG:parse:format 'I see the uploaded file' -> 'I see the uploaded file'
DEBUG:parse:format 'The "applying changes" spinner briefly appears. When it goes away, you are returned to the user profile and it will display the "Space Administrator" text' -> 'The "applying changes" spinner briefly appears\\. When it goes away, you are returned to the user profile and it will display the "Space Administrator" text'
DEBUG:parse:format 'I Choose settings option' -> 'I Choose settings option'
DEBUG:parse:format 'I choose the team I am an admin of' -> 'I choose the team I am an admin of'
DEBUG:parse:format 'I click on the Sign Up button' -> 'I click on the Sign Up button'
DEBUG:parse:format "I see I am on the 'Save Your Recovery Phrase' screen" -> "I see I am on the 'Save Your Recovery Phrase' screen"
DEBUG:parse:format 'I copy the recovery key' -> 'I copy the recovery key'
DEBUG:parse:format 'I click Continue' -> 'I click Continue'
DEBUG:parse:format "I see the 'Are you sure you saved your Recovery Phrase' screen" -> "I see the 'Are you sure you saved your Recovery Phrase' screen"
DEBUG:parse:format "I click on the 'Yes, I saved it' option" -> "I click on the 'Yes, I saved it' option"
DEBUG:parse:format 'I am on the Add/Create team start page' -> 'I am on the Add/Create team start page'
DEBUG:parse:format 'I get the hash of the original file' -> 'I get the hash of the original file'
DEBUG:parse:format 'I modify the file' -> 'I modify the file'
DEBUG:parse:format 'I click the plus button' -> 'I click the plus button'
DEBUG:parse:format 'I get the hash of the modified file, and assert it is not the same' -> 'I get the hash of the modified file, and assert it is not the same'
DEBUG:parse:format 'I click on the revert icon' -> 'I click on the revert icon'
DEBUG:parse:format 'I confirm I am on the revert file modal' -> 'I confirm I am on the revert file modal'
DEBUG:parse:format "I click on the 'No, go back' option" -> "I click on the 'No, go back' option"
DEBUG:parse:format "I click on the 'Revert File' option" -> "I click on the 'Revert File' option"
DEBUG:parse:format 'I get the hash of the reverted file' -> 'I get the hash of the reverted file'
DEBUG:parse:format 'I confirm the reverted file hash is the same as the original file' -> 'I confirm the reverted file hash is the same as the original file'
DEBUG:parse:format 'I am in the login screen' -> 'I am in the login screen'
DEBUG:parse:format 'I create a passcode number' -> 'I create a passcode number'
DEBUG:parse:format 'I click the Log In button' -> 'I click the Log In button'
DEBUG:parse:format 'I am in the Team URl screen' -> 'I am in the Team URl screen'
DEBUG:parse:format 'I am in the Recovery Key screen' -> 'I am in the Recovery Key screen'
DEBUG:parse:format 'I write the recovery key' -> 'I write the recovery key'
DEBUG:parse:format 'I write the recovery key for bob' -> 'I write the recovery key for bob'
DEBUG:parse:format 'I am in the Welcome Screen' -> 'I am in the Welcome Screen'
DEBUG:parse:format 'I am on the Welcome Screen' -> 'I am on the Welcome Screen'
DEBUG:parse:format 'I click on the hamburger dropdown menu' -> 'I click on the hamburger dropdown menu'
DEBUG:parse:format 'I click the Continue button' -> 'I click the Continue button'
DEBUG:parse:format 'I Select the lock icon on top right' -> 'I Select the lock icon on top right'
DEBUG:parse:format 'I Select the lock icon on top right for the space' -> 'I Select the lock icon on top right for the space'
DEBUG:parse:format 'I choose my team' -> 'I choose my team'
DEBUG:parse:format 'I click on the Peoples tab' -> 'I click on the Peoples tab'
DEBUG:parse:format 'Back in the application,I click on the "Close" button' -> 'Back in the application,I click on the "Close" button'
DEBUG:parse:format 'I write the Team URL' -> 'I write the Team URL'
DEBUG:parse:format 'I click the Add Team button' -> 'I click the Add Team button'
DEBUG:parse:format 'I am on the Peoples Tab and the space members list become visible' -> 'I am on the Peoples Tab and the space members list become visible'
DEBUG:parse:format 'I select Bob from the list of people and The member screen appears' -> 'I select Bob from the list of people and The member screen appears'
DEBUG:parse:format 'I click on one of the spaces created' -> 'I click on one of the spaces created'
DEBUG:parse:format 'I Open a files (...) dropdown menu' -> 'I Open a files \\(\\.\\.\\.\\) dropdown menu'
DEBUG:parse:format 'I click on Version History' -> 'I click on Version History'
DEBUG:parse:format 'I Select the back arrow in the top left' -> 'I Select the back arrow in the top left'
DEBUG:parse:format 'I click on Delete File' -> 'I click on Delete File'
DEBUG:parse:format 'The Delete File pop up option becomes visible' -> 'The Delete File pop up option becomes visible'
DEBUG:parse:format 'I select the Cancel option from the pop up' -> 'I select the Cancel option from the pop up'
DEBUG:parse:format 'I am returned to the previous screen, the space view' -> 'I am returned to the previous screen, the space view'
DEBUG:parse:format 'I click on File details' -> 'I click on File details'
DEBUG:parse:format 'I see the uploaded file' -> 'I see the uploaded file'
DEBUG:parse:format 'The "applying changes" spinner briefly appears. When it goes away, you are returned to the user profile and it will display the "Space Administrator" text' -> 'The "applying changes" spinner briefly appears\\. When it goes away, you are returned to the user profile and it will display the "Space Administrator" text'
DEBUG:parse:format 'I Choose settings option' -> 'I Choose settings option'
DEBUG:parse:format 'I choose the team I am an admin of' -> 'I choose the team I am an admin of'
DEBUG:parse:format 'I click on the Sign Up button' -> 'I click on the Sign Up button'
DEBUG:parse:format "I see I am on the 'Save Your Recovery Phrase' screen" -> "I see I am on the 'Save Your Recovery Phrase' screen"
DEBUG:parse:format 'I copy the recovery key' -> 'I copy the recovery key'
DEBUG:parse:format 'I click Continue' -> 'I click Continue'
DEBUG:parse:format "I see the 'Are you sure you saved your Recovery Phrase' screen" -> "I see the 'Are you sure you saved your Recovery Phrase' screen"
DEBUG:parse:format "I click on the 'Yes, I saved it' option" -> "I click on the 'Yes, I saved it' option"
DEBUG:parse:format 'I am on the Add/Create team start page' -> 'I am on the Add/Create team start page'
DEBUG:parse:format 'I get the hash of the original file' -> 'I get the hash of the original file'
DEBUG:parse:format 'I modify the file' -> 'I modify the file'
DEBUG:parse:format 'I click the plus button' -> 'I click the plus button'
DEBUG:parse:format 'I get the hash of the modified file, and assert it is not the same' -> 'I get the hash of the modified file, and assert it is not the same'
DEBUG:parse:format 'I click on the revert icon' -> 'I click on the revert icon'
DEBUG:parse:format 'I confirm I am on the revert file modal' -> 'I confirm I am on the revert file modal'
DEBUG:parse:format "I click on the 'No, go back' option" -> "I click on the 'No, go back' option"
DEBUG:parse:format "I click on the 'Revert File' option" -> "I click on the 'Revert File' option"
DEBUG:parse:format 'I get the hash of the reverted file' -> 'I get the hash of the reverted file'
DEBUG:parse:format 'I confirm the reverted file hash is the same as the original file' -> 'I confirm the reverted file hash is the same as the original file'
DEBUG:parse:format 'I am in the login screen' -> 'I am in the login screen'
DEBUG:parse:format 'I create a passcode number' -> 'I create a passcode number'
DEBUG:parse:format 'I click the Log In button' -> 'I click the Log In button'
DEBUG:parse:format 'I am in the Team URl screen' -> 'I am in the Team URl screen'
DEBUG:parse:format 'I am in the Recovery Key screen' -> 'I am in the Recovery Key screen'
DEBUG:parse:format 'I write the recovery key' -> 'I write the recovery key'
DEBUG:parse:format 'I write the recovery key for bob' -> 'I write the recovery key for bob'
DEBUG:parse:format 'I am in the Welcome Screen' -> 'I am in the Welcome Screen'
DEBUG:parse:format 'I am on the Welcome Screen' -> 'I am on the Welcome Screen'
DEBUG:parse:format 'I click on the hamburger dropdown menu' -> 'I click on the hamburger dropdown menu'
DEBUG:parse:format 'I click the Continue button' -> 'I click the Continue button'
DEBUG:parse:format 'I Select the lock icon on top right' -> 'I Select the lock icon on top right'
DEBUG:parse:format 'I Select the lock icon on top right for the space' -> 'I Select the lock icon on top right for the space'
DEBUG:parse:format 'I choose my team' -> 'I choose my team'
DEBUG:parse:format 'I click on the Peoples tab' -> 'I click on the Peoples tab'
DEBUG:parse:format 'Back in the application,I click on the "Close" button' -> 'Back in the application,I click on the "Close" button'
DEBUG:parse:format 'I write the Team URL' -> 'I write the Team URL'
DEBUG:parse:format 'I click the Add Team button' -> 'I click the Add Team button'
DEBUG:parse:format 'I am on the Peoples Tab and the space members list become visible' -> 'I am on the Peoples Tab and the space members list become visible'
DEBUG:parse:format 'I select Bob from the list of people and The member screen appears' -> 'I select Bob from the list of people and The member screen appears'
DEBUG:parse:format 'I click on one of the spaces created' -> 'I click on one of the spaces created'
DEBUG:parse:format 'I Open a files (...) dropdown menu' -> 'I Open a files \\(\\.\\.\\.\\) dropdown menu'
DEBUG:parse:format 'I click on Version History' -> 'I click on Version History'
DEBUG:parse:format 'I Select the back arrow in the top left' -> 'I Select the back arrow in the top left'
DEBUG:parse:format 'I click on Delete File' -> 'I click on Delete File'
DEBUG:parse:format 'The Delete File pop up option becomes visible' -> 'The Delete File pop up option becomes visible'
DEBUG:parse:format 'I select the Cancel option from the pop up' -> 'I select the Cancel option from the pop up'
DEBUG:parse:format 'I am returned to the previous screen, the space view' -> 'I am returned to the previous screen, the space view'
DEBUG:parse:format 'I click on File details' -> 'I click on File details'
DEBUG:parse:format 'I see the uploaded file' -> 'I see the uploaded file'
DEBUG:parse:format 'The "applying changes" spinner briefly appears. When it goes away, you are returned to the user profile and it will display the "Space Administrator" text' -> 'The "applying changes" spinner briefly appears\\. When it goes away, you are returned to the user profile and it will display the "Space Administrator" text'
DEBUG:parse:format 'I Choose settings option' -> 'I Choose settings option'
DEBUG:parse:format 'I choose the team I am an admin of' -> 'I choose the team I am an admin of'
DEBUG:parse:format 'I click on the Sign Up button' -> 'I click on the Sign Up button'
DEBUG:parse:format "I see I am on the 'Save Your Recovery Phrase' screen" -> "I see I am on the 'Save Your Recovery Phrase' screen"
DEBUG:parse:format 'I copy the recovery key' -> 'I copy the recovery key'
DEBUG:parse:format 'I click Continue' -> 'I click Continue'
DEBUG:parse:format "I see the 'Are you sure you saved your Recovery Phrase' screen" -> "I see the 'Are you sure you saved your Recovery Phrase' screen"
DEBUG:parse:format "I click on the 'Yes, I saved it' option" -> "I click on the 'Yes, I saved it' option"
DEBUG:parse:format 'I am on the Add/Create team start page' -> 'I am on the Add/Create team start page'
DEBUG:parse:format 'I get the hash of the original file' -> 'I get the hash of the original file'
DEBUG:parse:format 'I modify the file' -> 'I modify the file'
DEBUG:parse:format 'I click the plus button' -> 'I click the plus button'
DEBUG:parse:format 'I get the hash of the modified file, and assert it is not the same' -> 'I get the hash of the modified file, and assert it is not the same'
DEBUG:parse:format 'I click on the revert icon' -> 'I click on the revert icon'
DEBUG:parse:format 'I confirm I am on the revert file modal' -> 'I confirm I am on the revert file modal'
DEBUG:parse:format "I click on the 'No, go back' option" -> "I click on the 'No, go back' option"
DEBUG:parse:format "I click on the 'Revert File' option" -> "I click on the 'Revert File' option"
DEBUG:parse:format 'I get the hash of the reverted file' -> 'I get the hash of the reverted file'
DEBUG:parse:format 'I confirm the reverted file hash is the same as the original file' -> 'I confirm the reverted file hash is the same as the original file'
DEBUG:parse:format 'I am in the login screen' -> 'I am in the login screen'
DEBUG:parse:format 'I create a passcode number' -> 'I create a passcode number'
DEBUG:parse:format 'I click the Log In button' -> 'I click the Log In button'
DEBUG:parse:format 'I am in the Team URl screen' -> 'I am in the Team URl screen'
DEBUG:parse:format 'I am in the Recovery Key screen' -> 'I am in the Recovery Key screen'
DEBUG:parse:format 'I write the recovery key' -> 'I write the recovery key'
DEBUG:parse:format 'I write the recovery key for bob' -> 'I write the recovery key for bob'
DEBUG:parse:format 'I am in the Welcome Screen' -> 'I am in the Welcome Screen'
DEBUG:parse:format 'I am on the Welcome Screen' -> 'I am on the Welcome Screen'
DEBUG:parse:format 'I click on the hamburger dropdown menu' -> 'I click on the hamburger dropdown menu'
DEBUG:parse:format 'I click the Continue button' -> 'I click the Continue button'
DEBUG:parse:format 'I Select the lock icon on top right' -> 'I Select the lock icon on top right'
DEBUG:parse:format 'I Select the lock icon on top right for the space' -> 'I Select the lock icon on top right for the space'
DEBUG:parse:format 'I choose my team' -> 'I choose my team'
DEBUG:parse:format 'I click on the Peoples tab' -> 'I click on the Peoples tab'
DEBUG:parse:format 'Back in the application,I click on the "Close" button' -> 'Back in the application,I click on the "Close" button'
DEBUG:parse:format 'I write the Team URL' -> 'I write the Team URL'
DEBUG:parse:format 'I click the Add Team button' -> 'I click the Add Team button'
DEBUG:parse:format 'I am on the Peoples Tab and the space members list become visible' -> 'I am on the Peoples Tab and the space members list become visible'
DEBUG:parse:format 'I select Bob from the list of people and The member screen appears' -> 'I select Bob from the list of people and The member screen appears'
DEBUG:parse:format 'I click on one of the spaces created' -> 'I click on one of the spaces created'
DEBUG:parse:format 'I Open a files (...) dropdown menu' -> 'I Open a files \\(\\.\\.\\.\\) dropdown menu'
DEBUG:parse:format 'I click on Version History' -> 'I click on Version History'
DEBUG:parse:format 'I Select the back arrow in the top left' -> 'I Select the back arrow in the top left'
DEBUG:parse:format 'I click on Delete File' -> 'I click on Delete File'
DEBUG:parse:format 'The Delete File pop up option becomes visible' -> 'The Delete File pop up option becomes visible'
DEBUG:parse:format 'I select the Cancel option from the pop up' -> 'I select the Cancel option from the pop up'
DEBUG:parse:format 'I am returned to the previous screen, the space view' -> 'I am returned to the previous screen, the space view'
DEBUG:parse:format 'I click on File details' -> 'I click on File details'
DEBUG:parse:format 'I see the uploaded file' -> 'I see the uploaded file'
DEBUG:parse:format 'The "applying changes" spinner briefly appears. When it goes away, you are returned to the user profile and it will display the "Space Administrator" text' -> 'The "applying changes" spinner briefly appears\\. When it goes away, you are returned to the user profile and it will display the "Space Administrator" text'
DEBUG:parse:format 'I Choose settings option' -> 'I Choose settings option'
DEBUG:parse:format 'I choose the team I am an admin of' -> 'I choose the team I am an admin of'
DEBUG:parse:format 'I click on the Sign Up button' -> 'I click on the Sign Up button'
DEBUG:parse:format "I see I am on the 'Save Your Recovery Phrase' screen" -> "I see I am on the 'Save Your Recovery Phrase' screen"
DEBUG:parse:format 'I copy the recovery key' -> 'I copy the recovery key'
DEBUG:parse:format 'I click Continue' -> 'I click Continue'
DEBUG:parse:format "I see the 'Are you sure you saved your Recovery Phrase' screen" -> "I see the 'Are you sure you saved your Recovery Phrase' screen"
DEBUG:parse:format "I click on the 'Yes, I saved it' option" -> "I click on the 'Yes, I saved it' option"
DEBUG:parse:format 'I am on the Add/Create team start page' -> 'I am on the Add/Create team start page'
DEBUG:parse:format 'I get the hash of the original file' -> 'I get the hash of the original file'
DEBUG:parse:format 'I modify the file' -> 'I modify the file'
DEBUG:parse:format 'I click the plus button' -> 'I click the plus button'
DEBUG:parse:format 'I get the hash of the modified file, and assert it is not the same' -> 'I get the hash of the modified file, and assert it is not the same'
DEBUG:parse:format 'I click on the revert icon' -> 'I click on the revert icon'
DEBUG:parse:format 'I confirm I am on the revert file modal' -> 'I confirm I am on the revert file modal'
DEBUG:parse:format "I click on the 'No, go back' option" -> "I click on the 'No, go back' option"
DEBUG:parse:format "I click on the 'Revert File' option" -> "I click on the 'Revert File' option"
DEBUG:parse:format 'I get the hash of the reverted file' -> 'I get the hash of the reverted file'
DEBUG:parse:format 'I confirm the reverted file hash is the same as the original file' -> 'I confirm the reverted file hash is the same as the original file'
DEBUG:parse:format 'I am in the login screen' -> 'I am in the login screen'
DEBUG:parse:format 'I create a passcode number' -> 'I create a passcode number'
DEBUG:parse:format 'I click the Log In button' -> 'I click the Log In button'
DEBUG:parse:format 'I am in the Team URl screen' -> 'I am in the Team URl screen'
DEBUG:parse:format 'I am in the Recovery Key screen' -> 'I am in the Recovery Key screen'
DEBUG:parse:format 'I write the recovery key' -> 'I write the recovery key'
DEBUG:parse:format 'I write the recovery key for bob' -> 'I write the recovery key for bob'
DEBUG:parse:format 'I am in the Welcome Screen' -> 'I am in the Welcome Screen'
DEBUG:parse:format 'I am on the Welcome Screen' -> 'I am on the Welcome Screen'
DEBUG:parse:format 'I click on the hamburger dropdown menu' -> 'I click on the hamburger dropdown menu'
DEBUG:parse:format 'I click the Continue button' -> 'I click the Continue button'
DEBUG:parse:format 'I Select the lock icon on top right' -> 'I Select the lock icon on top right'
DEBUG:parse:format 'I Select the lock icon on top right for the space' -> 'I Select the lock icon on top right for the space'
DEBUG:parse:format 'I choose my team' -> 'I choose my team'
DEBUG:parse:format 'I click on the Peoples tab' -> 'I click on the Peoples tab'
DEBUG:parse:format 'Back in the application,I click on the "Close" button' -> 'Back in the application,I click on the "Close" button'
DEBUG:parse:format 'I write the Team URL' -> 'I write the Team URL'
DEBUG:parse:format 'I click the Add Team button' -> 'I click the Add Team button'
DEBUG:parse:format 'I am on the Peoples Tab and the space members list become visible' -> 'I am on the Peoples Tab and the space members list become visible'
DEBUG:parse:format 'I select Bob from the list of people and The member screen appears' -> 'I select Bob from the list of people and The member screen appears'
DEBUG:parse:format 'I click on one of the spaces created' -> 'I click on one of the spaces created'
DEBUG:parse:format 'I Open a files (...) dropdown menu' -> 'I Open a files \\(\\.\\.\\.\\) dropdown menu'
DEBUG:parse:format 'I click on Version History' -> 'I click on Version History'
DEBUG:parse:format 'I Select the back arrow in the top left' -> 'I Select the back arrow in the top left'
DEBUG:parse:format 'I click on Delete File' -> 'I click on Delete File'
DEBUG:parse:format 'The Delete File pop up option becomes visible' -> 'The Delete File pop up option becomes visible'
DEBUG:parse:format 'I select the Cancel option from the pop up' -> 'I select the Cancel option from the pop up'
DEBUG:parse:format 'I am returned to the previous screen, the space view' -> 'I am returned to the previous screen, the space view'
DEBUG:parse:format 'I click on File details' -> 'I click on File details'
DEBUG:parse:format 'I see the uploaded file' -> 'I see the uploaded file'
DEBUG:parse:format 'The "applying changes" spinner briefly appears. When it goes away, you are returned to the user profile and it will display the "Space Administrator" text' -> 'The "applying changes" spinner briefly appears\\. When it goes away, you are returned to the user profile and it will display the "Space Administrator" text'
DEBUG:parse:format 'I Choose settings option' -> 'I Choose settings option'
DEBUG:parse:format 'I choose the team I am an admin of' -> 'I choose the team I am an admin of'
DEBUG:parse:format 'I click on the Sign Up button' -> 'I click on the Sign Up button'
DEBUG:parse:format "I see I am on the 'Save Your Recovery Phrase' screen" -> "I see I am on the 'Save Your Recovery Phrase' screen"
DEBUG:parse:format 'I copy the recovery key' -> 'I copy the recovery key'
DEBUG:parse:format 'I click Continue' -> 'I click Continue'
DEBUG:parse:format "I see the 'Are you sure you saved your Recovery Phrase' screen" -> "I see the 'Are you sure you saved your Recovery Phrase' screen"
DEBUG:parse:format "I click on the 'Yes, I saved it' option" -> "I click on the 'Yes, I saved it' option"
DEBUG:parse:format 'I am on the Add/Create team start page' -> 'I am on the Add/Create team start page'
DEBUG:parse:format 'I get the hash of the original file' -> 'I get the hash of the original file'
DEBUG:parse:format 'I modify the file' -> 'I modify the file'
DEBUG:parse:format 'I click the plus button' -> 'I click the plus button'
DEBUG:parse:format 'I get the hash of the modified file, and assert it is not the same' -> 'I get the hash of the modified file, and assert it is not the same'
DEBUG:parse:format 'I click on the revert icon' -> 'I click on the revert icon'
DEBUG:parse:format 'I confirm I am on the revert file modal' -> 'I confirm I am on the revert file modal'
DEBUG:parse:format "I click on the 'No, go back' option" -> "I click on the 'No, go back' option"
DEBUG:parse:format "I click on the 'Revert File' option" -> "I click on the 'Revert File' option"
DEBUG:parse:format 'I get the hash of the reverted file' -> 'I get the hash of the reverted file'
DEBUG:parse:format 'I confirm the reverted file hash is the same as the original file' -> 'I confirm the reverted file hash is the same as the original file'
DEBUG:parse:format 'I am in the login screen' -> 'I am in the login screen'
DEBUG:parse:format 'I create a passcode number' -> 'I create a passcode number'
DEBUG:parse:format 'I click the Log In button' -> 'I click the Log In button'
DEBUG:parse:format 'I am in the Team URl screen' -> 'I am in the Team URl screen'
DEBUG:parse:format 'I am in the Recovery Key screen' -> 'I am in the Recovery Key screen'
DEBUG:parse:format 'I write the recovery key' -> 'I write the recovery key'
DEBUG:parse:format 'I write the recovery key for bob' -> 'I write the recovery key for bob'
DEBUG:parse:format 'I am in the Welcome Screen' -> 'I am in the Welcome Screen'
DEBUG:parse:format 'I am on the Welcome Screen' -> 'I am on the Welcome Screen'
DEBUG:parse:format 'I click on the hamburger dropdown menu' -> 'I click on the hamburger dropdown menu'
DEBUG:parse:format 'I click the Continue button' -> 'I click the Continue button'
DEBUG:parse:format 'I Select the lock icon on top right' -> 'I Select the lock icon on top right'
DEBUG:parse:format 'I Select the lock icon on top right for the space' -> 'I Select the lock icon on top right for the space'
DEBUG:parse:format 'I choose my team' -> 'I choose my team'
DEBUG:parse:format 'I click on the Peoples tab' -> 'I click on the Peoples tab'
DEBUG:parse:format 'Back in the application,I click on the "Close" button' -> 'Back in the application,I click on the "Close" button'
DEBUG:parse:format 'I write the Team URL' -> 'I write the Team URL'
DEBUG:parse:format 'I click the Add Team button' -> 'I click the Add Team button'
DEBUG:parse:format 'I am on the Peoples Tab and the space members list become visible' -> 'I am on the Peoples Tab and the space members list become visible'
DEBUG:parse:format 'I select Bob from the list of people and The member screen appears' -> 'I select Bob from the list of people and The member screen appears'
DEBUG:parse:format 'I click on one of the spaces created' -> 'I click on one of the spaces created'
DEBUG:parse:format 'I Open a files (...) dropdown menu' -> 'I Open a files \\(\\.\\.\\.\\) dropdown menu'
DEBUG:parse:format 'I click on Version History' -> 'I click on Version History'
DEBUG:parse:format 'I Select the back arrow in the top left' -> 'I Select the back arrow in the top left'
DEBUG:parse:format 'I click on Delete File' -> 'I click on Delete File'
DEBUG:parse:format 'The Delete File pop up option becomes visible' -> 'The Delete File pop up option becomes visible'
DEBUG:parse:format 'I select the Cancel option from the pop up' -> 'I select the Cancel option from the pop up'
DEBUG:parse:format 'I am returned to the previous screen, the space view' -> 'I am returned to the previous screen, the space view'
DEBUG:parse:format 'I click on File details' -> 'I click on File details'
DEBUG:parse:format 'I see the uploaded file' -> 'I see the uploaded file'
DEBUG:parse:format 'The "applying changes" spinner briefly appears. When it goes away, you are returned to the user profile and it will display the "Space Administrator" text' -> 'The "applying changes" spinner briefly appears\\. When it goes away, you are returned to the user profile and it will display the "Space Administrator" text'
DEBUG:parse:format 'I Choose settings option' -> 'I Choose settings option'
DEBUG:parse:format 'I choose the team I am an admin of' -> 'I choose the team I am an admin of'
DEBUG:parse:format 'I click on the Sign Up button' -> 'I click on the Sign Up button'
DEBUG:parse:format "I see I am on the 'Save Your Recovery Phrase' screen" -> "I see I am on the 'Save Your Recovery Phrase' screen"
DEBUG:parse:format 'I copy the recovery key' -> 'I copy the recovery key'
DEBUG:parse:format 'I click Continue' -> 'I click Continue'
DEBUG:parse:format "I see the 'Are you sure you saved your Recovery Phrase' screen" -> "I see the 'Are you sure you saved your Recovery Phrase' screen"
DEBUG:parse:format "I click on the 'Yes, I saved it' option" -> "I click on the 'Yes, I saved it' option"
DEBUG:parse:format 'I am on the Add/Create team start page' -> 'I am on the Add/Create team start page'
DEBUG:parse:format 'I get the hash of the original file' -> 'I get the hash of the original file'
DEBUG:parse:format 'I modify the file' -> 'I modify the file'
DEBUG:parse:format 'I click the plus button' -> 'I click the plus button'
DEBUG:parse:format 'I get the hash of the modified file, and assert it is not the same' -> 'I get the hash of the modified file, and assert it is not the same'
DEBUG:parse:format 'I click on the revert icon' -> 'I click on the revert icon'
DEBUG:parse:format 'I confirm I am on the revert file modal' -> 'I confirm I am on the revert file modal'
DEBUG:parse:format "I click on the 'No, go back' option" -> "I click on the 'No, go back' option"
DEBUG:parse:format "I click on the 'Revert File' option" -> "I click on the 'Revert File' option"
DEBUG:parse:format 'I get the hash of the reverted file' -> 'I get the hash of the reverted file'
DEBUG:parse:format 'I confirm the reverted file hash is the same as the original file' -> 'I confirm the reverted file hash is the same as the original file'
DEBUG:parse:format 'I am in the login screen' -> 'I am in the login screen'
DEBUG:parse:format 'I create a passcode number' -> 'I create a passcode number'
DEBUG:parse:format 'I click the Log In button' -> 'I click the Log In button'
DEBUG:parse:format 'I am in the Team URl screen' -> 'I am in the Team URl screen'
DEBUG:parse:format 'I am in the Recovery Key screen' -> 'I am in the Recovery Key screen'
DEBUG:parse:format 'I write the recovery key' -> 'I write the recovery key'
DEBUG:parse:format 'I write the recovery key for bob' -> 'I write the recovery key for bob'
DEBUG:parse:format 'I am in the Welcome Screen' -> 'I am in the Welcome Screen'
DEBUG:parse:format 'I am on the Welcome Screen' -> 'I am on the Welcome Screen'
DEBUG:parse:format 'I click on the hamburger dropdown menu' -> 'I click on the hamburger dropdown menu'
DEBUG:parse:format 'I click the Continue button' -> 'I click the Continue button'
DEBUG:parse:format 'I Select the lock icon on top right' -> 'I Select the lock icon on top right'
DEBUG:parse:format 'I Select the lock icon on top right for the space' -> 'I Select the lock icon on top right for the space'
DEBUG:parse:format 'I choose my team' -> 'I choose my team'
DEBUG:parse:format 'I click on the Peoples tab' -> 'I click on the Peoples tab'
DEBUG:parse:format 'Back in the application,I click on the "Close" button' -> 'Back in the application,I click on the "Close" button'
DEBUG:parse:format 'I write the Team URL' -> 'I write the Team URL'
DEBUG:parse:format 'I click the Add Team button' -> 'I click the Add Team button'
DEBUG:parse:format 'I am on the Peoples Tab and the space members list become visible' -> 'I am on the Peoples Tab and the space members list become visible'
DEBUG:parse:format 'I select Bob from the list of people and The member screen appears' -> 'I select Bob from the list of people and The member screen appears'
DEBUG:parse:format 'I click on one of the spaces created' -> 'I click on one of the spaces created'
DEBUG:parse:format 'I Open a files (...) dropdown menu' -> 'I Open a files \\(\\.\\.\\.\\) dropdown menu'
DEBUG:parse:format 'I click on Version History' -> 'I click on Version History'
DEBUG:parse:format 'I Select the back arrow in the top left' -> 'I Select the back arrow in the top left'
DEBUG:parse:format 'I click on Delete File' -> 'I click on Delete File'
DEBUG:parse:format 'The Delete File pop up option becomes visible' -> 'The Delete File pop up option becomes visible'
DEBUG:parse:format 'I select the Cancel option from the pop up' -> 'I select the Cancel option from the pop up'
DEBUG:parse:format 'I am returned to the previous screen, the space view' -> 'I am returned to the previous screen, the space view'
DEBUG:parse:format 'I click on File details' -> 'I click on File details'
DEBUG:parse:format 'I see the uploaded file' -> 'I see the uploaded file'
DEBUG:parse:format 'The "applying changes" spinner briefly appears. When it goes away, you are returned to the user profile and it will display the "Space Administrator" text' -> 'The "applying changes" spinner briefly appears\\. When it goes away, you are returned to the user profile and it will display the "Space Administrator" text'
DEBUG:parse:format 'I Choose settings option' -> 'I Choose settings option'
DEBUG:parse:format 'I choose the team I am an admin of' -> 'I choose the team I am an admin of'
DEBUG:parse:format 'I click on the Sign Up button' -> 'I click on the Sign Up button'
DEBUG:parse:format "I see I am on the 'Save Your Recovery Phrase' screen" -> "I see I am on the 'Save Your Recovery Phrase' screen"
DEBUG:parse:format 'I copy the recovery key' -> 'I copy the recovery key'
DEBUG:parse:format 'I click Continue' -> 'I click Continue'
DEBUG:parse:format "I see the 'Are you sure you saved your Recovery Phrase' screen" -> "I see the 'Are you sure you saved your Recovery Phrase' screen"
DEBUG:parse:format "I click on the 'Yes, I saved it' option" -> "I click on the 'Yes, I saved it' option"
DEBUG:parse:format 'I am on the Add/Create team start page' -> 'I am on the Add/Create team start page'
DEBUG:parse:format 'I get the hash of the original file' -> 'I get the hash of the original file'
DEBUG:parse:format 'I modify the file' -> 'I modify the file'
DEBUG:parse:format 'I click the plus button' -> 'I click the plus button'
DEBUG:parse:format 'I get the hash of the modified file, and assert it is not the same' -> 'I get the hash of the modified file, and assert it is not the same'
DEBUG:parse:format 'I click on the revert icon' -> 'I click on the revert icon'
DEBUG:parse:format 'I confirm I am on the revert file modal' -> 'I confirm I am on the revert file modal'
DEBUG:parse:format "I click on the 'No, go back' option" -> "I click on the 'No, go back' option"
DEBUG:parse:format "I click on the 'Revert File' option" -> "I click on the 'Revert File' option"
DEBUG:parse:format 'I get the hash of the reverted file' -> 'I get the hash of the reverted file'
DEBUG:parse:format 'I confirm the reverted file hash is the same as the original file' -> 'I confirm the reverted file hash is the same as the original file'
DEBUG:parse:format 'I am in the login screen' -> 'I am in the login screen'
DEBUG:parse:format 'I create a passcode number' -> 'I create a passcode number'
DEBUG:parse:format 'I click the Log In button' -> 'I click the Log In button'
DEBUG:parse:format 'I am in the Team URl screen' -> 'I am in the Team URl screen'
DEBUG:parse:format 'I am in the Recovery Key screen' -> 'I am in the Recovery Key screen'
DEBUG:parse:format 'I write the recovery key' -> 'I write the recovery key'
DEBUG:parse:format 'I write the recovery key for bob' -> 'I write the recovery key for bob'
DEBUG:parse:format 'I am in the Welcome Screen' -> 'I am in the Welcome Screen'
DEBUG:parse:format 'I am on the Welcome Screen' -> 'I am on the Welcome Screen'
DEBUG:parse:format 'I click on the hamburger dropdown menu' -> 'I click on the hamburger dropdown menu'
DEBUG:parse:format 'I click the Continue button' -> 'I click the Continue button'
DEBUG:parse:format 'I Select the lock icon on top right' -> 'I Select the lock icon on top right'
DEBUG:parse:format 'I Select the lock icon on top right for the space' -> 'I Select the lock icon on top right for the space'
DEBUG:parse:format 'I choose my team' -> 'I choose my team'
DEBUG:parse:format 'I click on the Peoples tab' -> 'I click on the Peoples tab'
DEBUG:parse:format 'Back in the application,I click on the "Close" button' -> 'Back in the application,I click on the "Close" button'
DEBUG:parse:format 'I write the Team URL' -> 'I write the Team URL'
DEBUG:parse:format 'I click the Add Team button' -> 'I click the Add Team button'
DEBUG:parse:format 'I am on the Peoples Tab and the space members list become visible' -> 'I am on the Peoples Tab and the space members list become visible'
DEBUG:parse:format 'I select Bob from the list of people and The member screen appears' -> 'I select Bob from the list of people and The member screen appears'
DEBUG:parse:format 'I click on one of the spaces created' -> 'I click on one of the spaces created'
DEBUG:parse:format 'I Open a files (...) dropdown menu' -> 'I Open a files \\(\\.\\.\\.\\) dropdown menu'
DEBUG:parse:format 'I click on Version History' -> 'I click on Version History'
DEBUG:parse:format 'I Select the back arrow in the top left' -> 'I Select the back arrow in the top left'
DEBUG:parse:format 'I click on Delete File' -> 'I click on Delete File'
DEBUG:parse:format 'The Delete File pop up option becomes visible' -> 'The Delete File pop up option becomes visible'
DEBUG:parse:format 'I select the Cancel option from the pop up' -> 'I select the Cancel option from the pop up'
DEBUG:parse:format 'I am returned to the previous screen, the space view' -> 'I am returned to the previous screen, the space view'
DEBUG:parse:format 'I click on File details' -> 'I click on File details'
DEBUG:parse:format 'I see the uploaded file' -> 'I see the uploaded file'
DEBUG:parse:format 'The "applying changes" spinner briefly appears. When it goes away, you are returned to the user profile and it will display the "Space Administrator" text' -> 'The "applying changes" spinner briefly appears\\. When it goes away, you are returned to the user profile and it will display the "Space Administrator" text'
DEBUG:parse:format 'I Choose settings option' -> 'I Choose settings option'
DEBUG:parse:format 'I choose the team I am an admin of' -> 'I choose the team I am an admin of'
DEBUG:parse:format 'I click on the Sign Up button' -> 'I click on the Sign Up button'
DEBUG:parse:format "I see I am on the 'Save Your Recovery Phrase' screen" -> "I see I am on the 'Save Your Recovery Phrase' screen"
DEBUG:parse:format 'I copy the recovery key' -> 'I copy the recovery key'
DEBUG:parse:format 'I click Continue' -> 'I click Continue'
DEBUG:parse:format "I see the 'Are you sure you saved your Recovery Phrase' screen" -> "I see the 'Are you sure you saved your Recovery Phrase' screen"
DEBUG:parse:format "I click on the 'Yes, I saved it' option" -> "I click on the 'Yes, I saved it' option"
DEBUG:parse:format 'I am on the Add/Create team start page' -> 'I am on the Add/Create team start page'
DEBUG:parse:format 'I get the hash of the original file' -> 'I get the hash of the original file'
DEBUG:parse:format 'I modify the file' -> 'I modify the file'
DEBUG:parse:format 'I click the plus button' -> 'I click the plus button'
DEBUG:parse:format 'I get the hash of the modified file, and assert it is not the same' -> 'I get the hash of the modified file, and assert it is not the same'
DEBUG:parse:format 'I click on the revert icon' -> 'I click on the revert icon'
DEBUG:parse:format 'I confirm I am on the revert file modal' -> 'I confirm I am on the revert file modal'
DEBUG:parse:format "I click on the 'No, go back' option" -> "I click on the 'No, go back' option"
DEBUG:parse:format "I click on the 'Revert File' option" -> "I click on the 'Revert File' option"
DEBUG:parse:format 'I get the hash of the reverted file' -> 'I get the hash of the reverted file'
DEBUG:parse:format 'I confirm the reverted file hash is the same as the original file' -> 'I confirm the reverted file hash is the same as the original file'
DEBUG:parse:format 'I am in the login screen' -> 'I am in the login screen'
DEBUG:parse:format 'I create a passcode number' -> 'I create a passcode number'
DEBUG:parse:format 'I click the Log In button' -> 'I click the Log In button'
DEBUG:parse:format 'I am in the Team URl screen' -> 'I am in the Team URl screen'
DEBUG:parse:format 'I am in the Recovery Key screen' -> 'I am in the Recovery Key screen'
DEBUG:parse:format 'I write the recovery key' -> 'I write the recovery key'
DEBUG:parse:format 'I write the recovery key for bob' -> 'I write the recovery key for bob'
DEBUG:parse:format 'I am in the Welcome Screen' -> 'I am in the Welcome Screen'
DEBUG:parse:format 'I am on the Welcome Screen' -> 'I am on the Welcome Screen'
DEBUG:parse:format 'I click on the hamburger dropdown menu' -> 'I click on the hamburger dropdown menu'
DEBUG:parse:format 'I click the Continue button' -> 'I click the Continue button'
DEBUG:parse:format 'I Select the lock icon on top right' -> 'I Select the lock icon on top right'
DEBUG:parse:format 'I Select the lock icon on top right for the space' -> 'I Select the lock icon on top right for the space'
DEBUG:parse:format 'I choose my team' -> 'I choose my team'
DEBUG:parse:format 'I click on the Peoples tab' -> 'I click on the Peoples tab'
DEBUG:parse:format 'Back in the application,I click on the "Close" button' -> 'Back in the application,I click on the "Close" button'
DEBUG:parse:format 'I write the Team URL' -> 'I write the Team URL'
DEBUG:parse:format 'I click the Add Team button' -> 'I click the Add Team button'
DEBUG:parse:format 'I am on the Peoples Tab and the space members list become visible' -> 'I am on the Peoples Tab and the space members list become visible'
DEBUG:parse:format 'I select Bob from the list of people and The member screen appears' -> 'I select Bob from the list of people and The member screen appears'
DEBUG:parse:format 'I click on one of the spaces created' -> 'I click on one of the spaces created'
DEBUG:parse:format 'I Open a files (...) dropdown menu' -> 'I Open a files \\(\\.\\.\\.\\) dropdown menu'
DEBUG:parse:format 'I click on Version History' -> 'I click on Version History'
DEBUG:parse:format 'I Select the back arrow in the top left' -> 'I Select the back arrow in the top left'
DEBUG:parse:format 'I click on Delete File' -> 'I click on Delete File'
DEBUG:parse:format 'The Delete File pop up option becomes visible' -> 'The Delete File pop up option becomes visible'
DEBUG:parse:format 'I select the Cancel option from the pop up' -> 'I select the Cancel option from the pop up'
DEBUG:parse:format 'I am returned to the previous screen, the space view' -> 'I am returned to the previous screen, the space view'
DEBUG:parse:format 'I click on File details' -> 'I click on File details'
DEBUG:parse:format 'I see the uploaded file' -> 'I see the uploaded file'
DEBUG:parse:format 'The "applying changes" spinner briefly appears. When it goes away, you are returned to the user profile and it will display the "Space Administrator" text' -> 'The "applying changes" spinner briefly appears\\. When it goes away, you are returned to the user profile and it will display the "Space Administrator" text'
DEBUG:parse:format 'I Choose settings option' -> 'I Choose settings option'
DEBUG:parse:format 'I choose the team I am an admin of' -> 'I choose the team I am an admin of'
DEBUG:parse:format 'I click on the Sign Up button' -> 'I click on the Sign Up button'
DEBUG:parse:format "I see I am on the 'Save Your Recovery Phrase' screen" -> "I see I am on the 'Save Your Recovery Phrase' screen"
DEBUG:parse:format 'I copy the recovery key' -> 'I copy the recovery key'
DEBUG:parse:format 'I click Continue' -> 'I click Continue'
DEBUG:parse:format "I see the 'Are you sure you saved your Recovery Phrase' screen" -> "I see the 'Are you sure you saved your Recovery Phrase' screen"
DEBUG:parse:format "I click on the 'Yes, I saved it' option" -> "I click on the 'Yes, I saved it' option"
DEBUG:parse:format 'I am on the Add/Create team start page' -> 'I am on the Add/Create team start page'
DEBUG:parse:format 'I get the hash of the original file' -> 'I get the hash of the original file'
DEBUG:parse:format 'I modify the file' -> 'I modify the file'
DEBUG:parse:format 'I click the plus button' -> 'I click the plus button'
DEBUG:parse:format 'I get the hash of the modified file, and assert it is not the same' -> 'I get the hash of the modified file, and assert it is not the same'
DEBUG:parse:format 'I click on the revert icon' -> 'I click on the revert icon'
DEBUG:parse:format 'I confirm I am on the revert file modal' -> 'I confirm I am on the revert file modal'
DEBUG:parse:format "I click on the 'No, go back' option" -> "I click on the 'No, go back' option"
DEBUG:parse:format "I click on the 'Revert File' option" -> "I click on the 'Revert File' option"
DEBUG:parse:format 'I get the hash of the reverted file' -> 'I get the hash of the reverted file'
DEBUG:parse:format 'I confirm the reverted file hash is the same as the original file' -> 'I confirm the reverted file hash is the same as the original file'
DEBUG:parse:format 'I am in the login screen' -> 'I am in the login screen'
DEBUG:parse:format 'I create a passcode number' -> 'I create a passcode number'
DEBUG:parse:format 'I click the Log In button' -> 'I click the Log In button'
DEBUG:parse:format 'I am in the Team URl screen' -> 'I am in the Team URl screen'
DEBUG:parse:format 'I am in the Recovery Key screen' -> 'I am in the Recovery Key screen'
DEBUG:parse:format 'I write the recovery key' -> 'I write the recovery key'
DEBUG:parse:format 'I write the recovery key for bob' -> 'I write the recovery key for bob'
DEBUG:parse:format 'I am in the Welcome Screen' -> 'I am in the Welcome Screen'
DEBUG:parse:format 'I am on the Welcome Screen' -> 'I am on the Welcome Screen'
DEBUG:parse:format 'I click on the hamburger dropdown menu' -> 'I click on the hamburger dropdown menu'
DEBUG:parse:format 'I click the Continue button' -> 'I click the Continue button'
DEBUG:parse:format 'I Select the lock icon on top right' -> 'I Select the lock icon on top right'
DEBUG:parse:format 'I Select the lock icon on top right for the space' -> 'I Select the lock icon on top right for the space'
DEBUG:parse:format 'I choose my team' -> 'I choose my team'
DEBUG:parse:format 'I click on the Peoples tab' -> 'I click on the Peoples tab'
DEBUG:parse:format 'Back in the application,I click on the "Close" button' -> 'Back in the application,I click on the "Close" button'
DEBUG:parse:format 'I write the Team URL' -> 'I write the Team URL'
DEBUG:parse:format 'I click the Add Team button' -> 'I click the Add Team button'
DEBUG:parse:format 'I am on the Peoples Tab and the space members list become visible' -> 'I am on the Peoples Tab and the space members list become visible'
DEBUG:parse:format 'I select Bob from the list of people and The member screen appears' -> 'I select Bob from the list of people and The member screen appears'
DEBUG:parse:format 'I click on one of the spaces created' -> 'I click on one of the spaces created'
DEBUG:parse:format 'I Open a files (...) dropdown menu' -> 'I Open a files \\(\\.\\.\\.\\) dropdown menu'
DEBUG:parse:format 'I click on Version History' -> 'I click on Version History'
DEBUG:parse:format 'I Select the back arrow in the top left' -> 'I Select the back arrow in the top left'
DEBUG:parse:format 'I click on Delete File' -> 'I click on Delete File'
DEBUG:parse:format 'The Delete File pop up option becomes visible' -> 'The Delete File pop up option becomes visible'
DEBUG:parse:format 'I select the Cancel option from the pop up' -> 'I select the Cancel option from the pop up'
DEBUG:parse:format 'I am returned to the previous screen, the space view' -> 'I am returned to the previous screen, the space view'
DEBUG:parse:format 'I click on File details' -> 'I click on File details'
DEBUG:parse:format 'I see the uploaded file' -> 'I see the uploaded file'
DEBUG:parse:format 'The "applying changes" spinner briefly appears. When it goes away, you are returned to the user profile and it will display the "Space Administrator" text' -> 'The "applying changes" spinner briefly appears\\. When it goes away, you are returned to the user profile and it will display the "Space Administrator" text'
DEBUG:parse:format 'I Choose settings option' -> 'I Choose settings option'
DEBUG:parse:format 'I choose the team I am an admin of' -> 'I choose the team I am an admin of'
DEBUG:parse:format 'I click on the Sign Up button' -> 'I click on the Sign Up button'
DEBUG:parse:format "I see I am on the 'Save Your Recovery Phrase' screen" -> "I see I am on the 'Save Your Recovery Phrase' screen"
DEBUG:parse:format 'I copy the recovery key' -> 'I copy the recovery key'
DEBUG:parse:format 'I click Continue' -> 'I click Continue'
DEBUG:parse:format "I see the 'Are you sure you saved your Recovery Phrase' screen" -> "I see the 'Are you sure you saved your Recovery Phrase' screen"
DEBUG:parse:format "I click on the 'Yes, I saved it' option" -> "I click on the 'Yes, I saved it' option"
DEBUG:parse:format 'I am on the Add/Create team start page' -> 'I am on the Add/Create team start page'
DEBUG:parse:format 'I get the hash of the original file' -> 'I get the hash of the original file'
DEBUG:parse:format 'I modify the file' -> 'I modify the file'
DEBUG:parse:format 'I click the plus button' -> 'I click the plus button'
DEBUG:parse:format 'I get the hash of the modified file, and assert it is not the same' -> 'I get the hash of the modified file, and assert it is not the same'
DEBUG:parse:format 'I click on the revert icon' -> 'I click on the revert icon'
DEBUG:parse:format 'I confirm I am on the revert file modal' -> 'I confirm I am on the revert file modal'
DEBUG:parse:format "I click on the 'No, go back' option" -> "I click on the 'No, go back' option"
DEBUG:parse:format "I click on the 'Revert File' option" -> "I click on the 'Revert File' option"
DEBUG:parse:format 'I get the hash of the reverted file' -> 'I get the hash of the reverted file'
DEBUG:parse:format 'I confirm the reverted file hash is the same as the original file' -> 'I confirm the reverted file hash is the same as the original file'
DEBUG:parse:format 'I am in the login screen' -> 'I am in the login screen'
DEBUG:parse:format 'I create a passcode number' -> 'I create a passcode number'
DEBUG:parse:format 'I click the Log In button' -> 'I click the Log In button'
DEBUG:parse:format 'I am in the Team URl screen' -> 'I am in the Team URl screen'
DEBUG:parse:format 'I am in the Recovery Key screen' -> 'I am in the Recovery Key screen'
DEBUG:parse:format 'I write the recovery key' -> 'I write the recovery key'
DEBUG:parse:format 'I write the recovery key for bob' -> 'I write the recovery key for bob'
DEBUG:parse:format 'I am in the Welcome Screen' -> 'I am in the Welcome Screen'
INFO:selenium.webdriver.remote.remote_connection:Could not connect to port 4723 on host 127.0.0.1
INFO:selenium.webdriver.remote.remote_connection:Could not get IP address for host: 127.0.0.1
WARNING:urllib3.connectionpool:Retrying (Retry(total=2, connect=None, read=None, redirect=None, status=None)) after connection broken by 'NewConnectionError('<urllib3.connection.HTTPConnection object at 0x104e08eb0>: Failed to establish a new connection: [Errno 61] Connection refused')': /wd/hub/session
WARNING:urllib3.connectionpool:Retrying (Retry(total=1, connect=None, read=None, redirect=None, status=None)) after connection broken by 'NewConnectionError('<urllib3.connection.HTTPConnection object at 0x104e141f0>: Failed to establish a new connection: [Errno 61] Connection refused')': /wd/hub/session
WARNING:urllib3.connectionpool:Retrying (Retry(total=0, connect=None, read=None, redirect=None, status=None)) after connection broken by 'NewConnectionError('<urllib3.connection.HTTPConnection object at 0x104e14370>: Failed to establish a new connection: [Errno 61] Connection refused')': /wd/hub/session
INFO:selenium.webdriver.remote.remote_connection:Could not connect to port 4723 on host 127.0.0.1
INFO:selenium.webdriver.remote.remote_connection:Could not get IP address for host: 127.0.0.1
WARNING:urllib3.connectionpool:Retrying (Retry(total=2, connect=None, read=None, redirect=None, status=None)) after connection broken by 'NewConnectionError('<urllib3.connection.HTTPConnection object at 0x104e14c40>: Failed to establish a new connection: [Errno 61] Connection refused')': /wd/hub/session
WARNING:urllib3.connectionpool:Retrying (Retry(total=1, connect=None, read=None, redirect=None, status=None)) after connection broken by 'NewConnectionError('<urllib3.connection.HTTPConnection object at 0x104e14dc0>: Failed to establish a new connection: [Errno 61] Connection refused')': /wd/hub/session
WARNING:urllib3.connectionpool:Retrying (Retry(total=0, connect=None, read=None, redirect=None, status=None)) after connection broken by 'NewConnectionError('<urllib3.connection.HTTPConnection object at 0x104e14f10>: Failed to establish a new connection: [Errno 61] Connection refused')': /wd/hub/session
DEBUG:parse:format 'I am on the Welcome Screen' -> 'I am on the Welcome Screen'
DEBUG:parse:format 'I click on the hamburger dropdown menu' -> 'I click on the hamburger dropdown menu'
DEBUG:parse:format 'I click the Continue button' -> 'I click the Continue button'
DEBUG:parse:format 'I Select the lock icon on top right' -> 'I Select the lock icon on top right'
DEBUG:parse:format 'I Select the lock icon on top right for the space' -> 'I Select the lock icon on top right for the space'
DEBUG:parse:format 'I choose my team' -> 'I choose my team'
DEBUG:parse:format 'I click on the Peoples tab' -> 'I click on the Peoples tab'
DEBUG:parse:format 'Back in the application,I click on the "Close" button' -> 'Back in the application,I click on the "Close" button'
DEBUG:parse:format 'I write the Team URL' -> 'I write the Team URL'
DEBUG:parse:format 'I click the Add Team button' -> 'I click the Add Team button'
DEBUG:parse:format 'I am on the Peoples Tab and the space members list become visible' -> 'I am on the Peoples Tab and the space members list become visible'
DEBUG:parse:format 'I select Bob from the list of people and The member screen appears' -> 'I select Bob from the list of people and The member screen appears'
DEBUG:parse:format 'I click on one of the spaces created' -> 'I click on one of the spaces created'
DEBUG:parse:format 'I Open a files (...) dropdown menu' -> 'I Open a files \\(\\.\\.\\.\\) dropdown menu'
DEBUG:parse:format 'I click on Version History' -> 'I click on Version History'
DEBUG:parse:format 'I Select the back arrow in the top left' -> 'I Select the back arrow in the top left'
DEBUG:parse:format 'I click on Delete File' -> 'I click on Delete File'
DEBUG:parse:format 'The Delete File pop up option becomes visible' -> 'The Delete File pop up option becomes visible'
DEBUG:parse:format 'I select the Cancel option from the pop up' -> 'I select the Cancel option from the pop up'
DEBUG:parse:format 'I am returned to the previous screen, the space view' -> 'I am returned to the previous screen, the space view'
DEBUG:parse:format 'I click on File details' -> 'I click on File details'
DEBUG:parse:format 'I see the uploaded file' -> 'I see the uploaded file'
DEBUG:parse:format 'The "applying changes" spinner briefly appears. When it goes away, you are returned to the user profile and it will display the "Space Administrator" text' -> 'The "applying changes" spinner briefly appears\\. When it goes away, you are returned to the user profile and it will display the "Space Administrator" text'
DEBUG:parse:format 'I Choose settings option' -> 'I Choose settings option'
DEBUG:parse:format 'I choose the team I am an admin of' -> 'I choose the team I am an admin of'
DEBUG:parse:format 'I click on the Sign Up button' -> 'I click on the Sign Up button'
DEBUG:parse:format "I see I am on the 'Save Your Recovery Phrase' screen" -> "I see I am on the 'Save Your Recovery Phrase' screen"
DEBUG:parse:format 'I copy the recovery key' -> 'I copy the recovery key'
DEBUG:parse:format 'I click Continue' -> 'I click Continue'
DEBUG:parse:format "I see the 'Are you sure you saved your Recovery Phrase' screen" -> "I see the 'Are you sure you saved your Recovery Phrase' screen"
DEBUG:parse:format "I click on the 'Yes, I saved it' option" -> "I click on the 'Yes, I saved it' option"
DEBUG:parse:format 'I am on the Add/Create team start page' -> 'I am on the Add/Create team start page'
DEBUG:parse:format 'I get the hash of the original file' -> 'I get the hash of the original file'
DEBUG:parse:format 'I modify the file' -> 'I modify the file'
DEBUG:parse:format 'I click the plus button' -> 'I click the plus button'
DEBUG:parse:format 'I get the hash of the modified file, and assert it is not the same' -> 'I get the hash of the modified file, and assert it is not the same'
DEBUG:parse:format 'I click on the revert icon' -> 'I click on the revert icon'
DEBUG:parse:format 'I confirm I am on the revert file modal' -> 'I confirm I am on the revert file modal'
DEBUG:parse:format "I click on the 'No, go back' option" -> "I click on the 'No, go back' option"
DEBUG:parse:format "I click on the 'Revert File' option" -> "I click on the 'Revert File' option"
DEBUG:parse:format 'I get the hash of the reverted file' -> 'I get the hash of the reverted file'
DEBUG:parse:format 'I confirm the reverted file hash is the same as the original file' -> 'I confirm the reverted file hash is the same as the original file'
DEBUG:parse:format 'I am in the login screen' -> 'I am in the login screen'
DEBUG:parse:format 'I create a passcode number' -> 'I create a passcode number'
DEBUG:parse:format 'I click the Log In button' -> 'I click the Log In button'
DEBUG:parse:format 'I am in the Team URl screen' -> 'I am in the Team URl screen'
DEBUG:parse:format 'I am in the Recovery Key screen' -> 'I am in the Recovery Key screen'
DEBUG:parse:format 'I write the recovery key' -> 'I write the recovery key'
DEBUG:parse:format 'I write the recovery key for bob' -> 'I write the recovery key for bob'
DEBUG:parse:format 'I am in the Welcome Screen' -> 'I am in the Welcome Screen'
DEBUG:parse:format 'I am on the Welcome Screen' -> 'I am on the Welcome Screen'
DEBUG:parse:format 'I click on the hamburger dropdown menu' -> 'I click on the hamburger dropdown menu'
DEBUG:parse:format 'I click the Continue button' -> 'I click the Continue button'
DEBUG:parse:format 'I Select the lock icon on top right' -> 'I Select the lock icon on top right'
DEBUG:parse:format 'I Select the lock icon on top right for the space' -> 'I Select the lock icon on top right for the space'
DEBUG:parse:format 'I choose my team' -> 'I choose my team'
DEBUG:parse:format 'I click on the Peoples tab' -> 'I click on the Peoples tab'
DEBUG:parse:format 'Back in the application,I click on the "Close" button' -> 'Back in the application,I click on the "Close" button'
DEBUG:parse:format 'I write the Team URL' -> 'I write the Team URL'
DEBUG:parse:format 'I click the Add Team button' -> 'I click the Add Team button'
DEBUG:parse:format 'I am on the Peoples Tab and the space members list become visible' -> 'I am on the Peoples Tab and the space members list become visible'
DEBUG:parse:format 'I select Bob from the list of people and The member screen appears' -> 'I select Bob from the list of people and The member screen appears'
DEBUG:parse:format 'I click on one of the spaces created' -> 'I click on one of the spaces created'
DEBUG:parse:format 'I Open a files (...) dropdown menu' -> 'I Open a files \\(\\.\\.\\.\\) dropdown menu'
DEBUG:parse:format 'I click on Version History' -> 'I click on Version History'
DEBUG:parse:format 'I Select the back arrow in the top left' -> 'I Select the back arrow in the top left'
DEBUG:parse:format 'I click on Delete File' -> 'I click on Delete File'
DEBUG:parse:format 'The Delete File pop up option becomes visible' -> 'The Delete File pop up option becomes visible'
DEBUG:parse:format 'I select the Cancel option from the pop up' -> 'I select the Cancel option from the pop up'
DEBUG:parse:format 'I am returned to the previous screen, the space view' -> 'I am returned to the previous screen, the space view'
DEBUG:parse:format 'I click on File details' -> 'I click on File details'
DEBUG:parse:format 'I see the uploaded file' -> 'I see the uploaded file'
DEBUG:parse:format 'The "applying changes" spinner briefly appears. When it goes away, you are returned to the user profile and it will display the "Space Administrator" text' -> 'The "applying changes" spinner briefly appears\\. When it goes away, you are returned to the user profile and it will display the "Space Administrator" text'
DEBUG:parse:format 'I Choose settings option' -> 'I Choose settings option'
DEBUG:parse:format 'I choose the team I am an admin of' -> 'I choose the team I am an admin of'
DEBUG:parse:format 'I click on the Sign Up button' -> 'I click on the Sign Up button'
DEBUG:parse:format "I see I am on the 'Save Your Recovery Phrase' screen" -> "I see I am on the 'Save Your Recovery Phrase' screen"
DEBUG:parse:format 'I copy the recovery key' -> 'I copy the recovery key'
DEBUG:parse:format 'I click Continue' -> 'I click Continue'
DEBUG:parse:format "I see the 'Are you sure you saved your Recovery Phrase' screen" -> "I see the 'Are you sure you saved your Recovery Phrase' screen"
DEBUG:parse:format "I click on the 'Yes, I saved it' option" -> "I click on the 'Yes, I saved it' option"
DEBUG:parse:format 'I am on the Add/Create team start page' -> 'I am on the Add/Create team start page'
DEBUG:parse:format 'I enter the License Key' -> 'I enter the License Key'
DEBUG:parse:format 'I click the Create Team button' -> 'I click the Create Team button'
DEBUG:parse:format 'I enter the valid team name and check the continue button becomes active' -> 'I enter the valid team name and check the continue button becomes active'
DEBUG:parse:format 'I enter the name for the user and check the Continue button becomes active' -> 'I enter the name for the user and check the Continue button becomes active'
DEBUG:parse:format 'I see the team name in the Team Selector' -> 'I see the team name in the Team Selector'
DEBUG:parse:format 'I get the hash of the original file' -> 'I get the hash of the original file'
DEBUG:parse:format 'I modify the file' -> 'I modify the file'
DEBUG:parse:format 'I click the plus button' -> 'I click the plus button'
DEBUG:parse:format 'I get the hash of the modified file, and assert it is not the same' -> 'I get the hash of the modified file, and assert it is not the same'
DEBUG:parse:format 'I click on the revert icon' -> 'I click on the revert icon'
DEBUG:parse:format 'I confirm I am on the revert file modal' -> 'I confirm I am on the revert file modal'
DEBUG:parse:format "I click on the 'No, go back' option" -> "I click on the 'No, go back' option"
DEBUG:parse:format "I click on the 'Revert File' option" -> "I click on the 'Revert File' option"
DEBUG:parse:format 'I get the hash of the reverted file' -> 'I get the hash of the reverted file'
DEBUG:parse:format 'I confirm the reverted file hash is the same as the original file' -> 'I confirm the reverted file hash is the same as the original file'
DEBUG:parse:format 'I am in the login screen' -> 'I am in the login screen'
DEBUG:parse:format 'I create a passcode number' -> 'I create a passcode number'
DEBUG:parse:format 'I click the Log In button' -> 'I click the Log In button'
DEBUG:parse:format 'I am in the Team URl screen' -> 'I am in the Team URl screen'
DEBUG:parse:format 'I am in the Recovery Key screen' -> 'I am in the Recovery Key screen'
DEBUG:parse:format 'I write the recovery key' -> 'I write the recovery key'
DEBUG:parse:format 'I write the recovery key for bob' -> 'I write the recovery key for bob'
DEBUG:parse:format 'I am in the Welcome Screen' -> 'I am in the Welcome Screen'
DEBUG:parse:format 'I am on the Welcome Screen' -> 'I am on the Welcome Screen'
DEBUG:parse:format 'I click on the hamburger dropdown menu' -> 'I click on the hamburger dropdown menu'
DEBUG:parse:format 'I click the Continue button' -> 'I click the Continue button'
DEBUG:parse:format 'I Select the lock icon on top right' -> 'I Select the lock icon on top right'
DEBUG:parse:format 'I Select the lock icon on top right for the space' -> 'I Select the lock icon on top right for the space'
DEBUG:parse:format 'I choose my team' -> 'I choose my team'
DEBUG:parse:format 'I click on the Peoples tab' -> 'I click on the Peoples tab'
DEBUG:parse:format 'Back in the application,I click on the "Close" button' -> 'Back in the application,I click on the "Close" button'
DEBUG:parse:format 'I write the Team URL' -> 'I write the Team URL'
DEBUG:parse:format 'I click the Add Team button' -> 'I click the Add Team button'
DEBUG:parse:format 'I am on the Peoples Tab and the space members list become visible' -> 'I am on the Peoples Tab and the space members list become visible'
DEBUG:parse:format 'I select Bob from the list of people and The member screen appears' -> 'I select Bob from the list of people and The member screen appears'
DEBUG:parse:format 'I click on one of the spaces created' -> 'I click on one of the spaces created'
DEBUG:parse:format 'I Open a files (...) dropdown menu' -> 'I Open a files \\(\\.\\.\\.\\) dropdown menu'
DEBUG:parse:format 'I click on Version History' -> 'I click on Version History'
DEBUG:parse:format 'I Select the back arrow in the top left' -> 'I Select the back arrow in the top left'
DEBUG:parse:format 'I click on Delete File' -> 'I click on Delete File'
DEBUG:parse:format 'The Delete File pop up option becomes visible' -> 'The Delete File pop up option becomes visible'
DEBUG:parse:format 'I select the Cancel option from the pop up' -> 'I select the Cancel option from the pop up'
DEBUG:parse:format 'I am returned to the previous screen, the space view' -> 'I am returned to the previous screen, the space view'
DEBUG:parse:format 'I click on File details' -> 'I click on File details'
DEBUG:parse:format 'I see the uploaded file' -> 'I see the uploaded file'
DEBUG:parse:format 'The "applying changes" spinner briefly appears. When it goes away, you are returned to the user profile and it will display the "Space Administrator" text' -> 'The "applying changes" spinner briefly appears\\. When it goes away, you are returned to the user profile and it will display the "Space Administrator" text'
DEBUG:parse:format 'I Choose settings option' -> 'I Choose settings option'
DEBUG:parse:format 'I choose the team I am an admin of' -> 'I choose the team I am an admin of'
DEBUG:parse:format 'I click on the Sign Up button' -> 'I click on the Sign Up button'
DEBUG:parse:format "I see I am on the 'Save Your Recovery Phrase' screen" -> "I see I am on the 'Save Your Recovery Phrase' screen"
DEBUG:parse:format 'I copy the recovery key' -> 'I copy the recovery key'
DEBUG:parse:format 'I click Continue' -> 'I click Continue'
DEBUG:parse:format "I see the 'Are you sure you saved your Recovery Phrase' screen" -> "I see the 'Are you sure you saved your Recovery Phrase' screen"
DEBUG:parse:format "I click on the 'Yes, I saved it' option" -> "I click on the 'Yes, I saved it' option"
DEBUG:parse:format 'I am on the Add/Create team start page' -> 'I am on the Add/Create team start page'
DEBUG:parse:format 'I enter the License Key' -> 'I enter the License Key'
DEBUG:parse:format 'I click the Create Team button' -> 'I click the Create Team button'
DEBUG:parse:format 'I enter the valid team name and check the continue button becomes active' -> 'I enter the valid team name and check the continue button becomes active'
DEBUG:parse:format 'I enter the name for the user and check the Continue button becomes active' -> 'I enter the name for the user and check the Continue button becomes active'
DEBUG:parse:format 'I see the team name in the Team Selector' -> 'I see the team name in the Team Selector'
DEBUG:parse:format 'I get the hash of the original file' -> 'I get the hash of the original file'
DEBUG:parse:format 'I modify the file' -> 'I modify the file'
DEBUG:parse:format 'I click the plus button' -> 'I click the plus button'
DEBUG:parse:format 'I get the hash of the modified file, and assert it is not the same' -> 'I get the hash of the modified file, and assert it is not the same'
DEBUG:parse:format 'I click on the revert icon' -> 'I click on the revert icon'
DEBUG:parse:format 'I confirm I am on the revert file modal' -> 'I confirm I am on the revert file modal'
DEBUG:parse:format "I click on the 'No, go back' option" -> "I click on the 'No, go back' option"
DEBUG:parse:format "I click on the 'Revert File' option" -> "I click on the 'Revert File' option"
DEBUG:parse:format 'I get the hash of the reverted file' -> 'I get the hash of the reverted file'
DEBUG:parse:format 'I confirm the reverted file hash is the same as the original file' -> 'I confirm the reverted file hash is the same as the original file'
DEBUG:parse:format 'I am in the login screen' -> 'I am in the login screen'
DEBUG:parse:format 'I create a passcode number' -> 'I create a passcode number'
DEBUG:parse:format 'I click the Log In button' -> 'I click the Log In button'
DEBUG:parse:format 'I am in the Team URl screen' -> 'I am in the Team URl screen'
DEBUG:parse:format 'I am in the Recovery Key screen' -> 'I am in the Recovery Key screen'
DEBUG:parse:format 'I write the recovery key' -> 'I write the recovery key'
DEBUG:parse:format 'I write the recovery key for bob' -> 'I write the recovery key for bob'
DEBUG:parse:format 'I am in the Welcome Screen' -> 'I am in the Welcome Screen'
DEBUG:parse:format 'I am on the Welcome Screen' -> 'I am on the Welcome Screen'
DEBUG:parse:format 'I click on the hamburger dropdown menu' -> 'I click on the hamburger dropdown menu'
DEBUG:parse:format 'I click the Continue button' -> 'I click the Continue button'
DEBUG:parse:format 'I Select the lock icon on top right' -> 'I Select the lock icon on top right'
DEBUG:parse:format 'I Select the lock icon on top right for the space' -> 'I Select the lock icon on top right for the space'
DEBUG:parse:format 'I choose my team' -> 'I choose my team'
DEBUG:parse:format 'I click on the Peoples tab' -> 'I click on the Peoples tab'
DEBUG:parse:format 'Back in the application,I click on the "Close" button' -> 'Back in the application,I click on the "Close" button'
DEBUG:parse:format 'I write the Team URL' -> 'I write the Team URL'
DEBUG:parse:format 'I click the Add Team button' -> 'I click the Add Team button'
DEBUG:parse:format 'I am on the Peoples Tab and the space members list become visible' -> 'I am on the Peoples Tab and the space members list become visible'
DEBUG:parse:format 'I select Bob from the list of people and The member screen appears' -> 'I select Bob from the list of people and The member screen appears'
DEBUG:parse:format 'I click on one of the spaces created' -> 'I click on one of the spaces created'
DEBUG:parse:format 'I Open a files (...) dropdown menu' -> 'I Open a files \\(\\.\\.\\.\\) dropdown menu'
DEBUG:parse:format 'I click on Version History' -> 'I click on Version History'
DEBUG:parse:format 'I Select the back arrow in the top left' -> 'I Select the back arrow in the top left'
DEBUG:parse:format 'I click on Delete File' -> 'I click on Delete File'
DEBUG:parse:format 'The Delete File pop up option becomes visible' -> 'The Delete File pop up option becomes visible'
DEBUG:parse:format 'I select the Cancel option from the pop up' -> 'I select the Cancel option from the pop up'
DEBUG:parse:format 'I am returned to the previous screen, the space view' -> 'I am returned to the previous screen, the space view'
DEBUG:parse:format 'I click on File details' -> 'I click on File details'
DEBUG:parse:format 'I see the uploaded file' -> 'I see the uploaded file'
DEBUG:parse:format 'The "applying changes" spinner briefly appears. When it goes away, you are returned to the user profile and it will display the "Space Administrator" text' -> 'The "applying changes" spinner briefly appears\\. When it goes away, you are returned to the user profile and it will display the "Space Administrator" text'
DEBUG:parse:format 'I Choose settings option' -> 'I Choose settings option'
DEBUG:parse:format 'I choose the team I am an admin of' -> 'I choose the team I am an admin of'
DEBUG:parse:format 'I click on the Sign Up button' -> 'I click on the Sign Up button'
DEBUG:parse:format "I see I am on the 'Save Your Recovery Phrase' screen" -> "I see I am on the 'Save Your Recovery Phrase' screen"
DEBUG:parse:format 'I copy the recovery key' -> 'I copy the recovery key'
DEBUG:parse:format 'I click Continue' -> 'I click Continue'
DEBUG:parse:format "I see the 'Are you sure you saved your Recovery Phrase' screen" -> "I see the 'Are you sure you saved your Recovery Phrase' screen"
DEBUG:parse:format "I click on the 'Yes, I saved it' option" -> "I click on the 'Yes, I saved it' option"
DEBUG:parse:format 'I am on the Add/Create team start page' -> 'I am on the Add/Create team start page'
DEBUG:parse:format 'I enter the License Key' -> 'I enter the License Key'
DEBUG:parse:format 'I click the Create Team button' -> 'I click the Create Team button'
DEBUG:parse:format 'I enter the valid team name and check the continue button becomes active' -> 'I enter the valid team name and check the continue button becomes active'
DEBUG:parse:format 'I enter the name for the user and check the Continue button becomes active' -> 'I enter the name for the user and check the Continue button becomes active'
DEBUG:parse:format 'I see the team name in the Team Selector' -> 'I see the team name in the Team Selector'
DEBUG:parse:format 'I get the hash of the original file' -> 'I get the hash of the original file'
DEBUG:parse:format 'I modify the file' -> 'I modify the file'
DEBUG:parse:format 'I click the plus button' -> 'I click the plus button'
DEBUG:parse:format 'I get the hash of the modified file, and assert it is not the same' -> 'I get the hash of the modified file, and assert it is not the same'
DEBUG:parse:format 'I click on the revert icon' -> 'I click on the revert icon'
DEBUG:parse:format 'I confirm I am on the revert file modal' -> 'I confirm I am on the revert file modal'
DEBUG:parse:format "I click on the 'No, go back' option" -> "I click on the 'No, go back' option"
DEBUG:parse:format "I click on the 'Revert File' option" -> "I click on the 'Revert File' option"
DEBUG:parse:format 'I get the hash of the reverted file' -> 'I get the hash of the reverted file'
DEBUG:parse:format 'I confirm the reverted file hash is the same as the original file' -> 'I confirm the reverted file hash is the same as the original file'
DEBUG:parse:format 'I am in the login screen' -> 'I am in the login screen'
DEBUG:parse:format 'I create a passcode number' -> 'I create a passcode number'
DEBUG:parse:format 'I click the Log In button' -> 'I click the Log In button'
DEBUG:parse:format 'I am in the Team URl screen' -> 'I am in the Team URl screen'
DEBUG:parse:format 'I am in the Recovery Key screen' -> 'I am in the Recovery Key screen'
DEBUG:parse:format 'I write the recovery key' -> 'I write the recovery key'
DEBUG:parse:format 'I write the recovery key for bob' -> 'I write the recovery key for bob'
DEBUG:parse:format 'I am in the Welcome Screen' -> 'I am in the Welcome Screen'
INFO:selenium.webdriver.remote.remote_connection:Could not connect to port 4723 on host 127.0.0.1
INFO:selenium.webdriver.remote.remote_connection:Could not get IP address for host: 127.0.0.1
WARNING:urllib3.connectionpool:Retrying (Retry(total=2, connect=None, read=None, redirect=None, status=None)) after connection broken by 'NewConnectionError('<urllib3.connection.HTTPConnection object at 0x10e7099a0>: Failed to establish a new connection: [Errno 61] Connection refused')': /wd/hub/session
WARNING:urllib3.connectionpool:Retrying (Retry(total=1, connect=None, read=None, redirect=None, status=None)) after connection broken by 'NewConnectionError('<urllib3.connection.HTTPConnection object at 0x10e709ca0>: Failed to establish a new connection: [Errno 61] Connection refused')': /wd/hub/session
WARNING:urllib3.connectionpool:Retrying (Retry(total=0, connect=None, read=None, redirect=None, status=None)) after connection broken by 'NewConnectionError('<urllib3.connection.HTTPConnection object at 0x10e709e20>: Failed to establish a new connection: [Errno 61] Connection refused')': /wd/hub/session
INFO:selenium.webdriver.remote.remote_connection:Could not connect to port 4723 on host 127.0.0.1
INFO:selenium.webdriver.remote.remote_connection:Could not get IP address for host: 127.0.0.1
WARNING:urllib3.connectionpool:Retrying (Retry(total=2, connect=None, read=None, redirect=None, status=None)) after connection broken by 'NewConnectionError('<urllib3.connection.HTTPConnection object at 0x10e720760>: Failed to establish a new connection: [Errno 61] Connection refused')': /wd/hub/session
WARNING:urllib3.connectionpool:Retrying (Retry(total=1, connect=None, read=None, redirect=None, status=None)) after connection broken by 'NewConnectionError('<urllib3.connection.HTTPConnection object at 0x10e7208e0>: Failed to establish a new connection: [Errno 61] Connection refused')': /wd/hub/session
WARNING:urllib3.connectionpool:Retrying (Retry(total=0, connect=None, read=None, redirect=None, status=None)) after connection broken by 'NewConnectionError('<urllib3.connection.HTTPConnection object at 0x10e720a30>: Failed to establish a new connection: [Errno 61] Connection refused')': /wd/hub/session
INFO:selenium.webdriver.remote.remote_connection:Could not connect to port 4723 on host 127.0.0.1
INFO:selenium.webdriver.remote.remote_connection:Could not get IP address for host: 127.0.0.1
WARNING:urllib3.connectionpool:Retrying (Retry(total=2, connect=None, read=None, redirect=None, status=None)) after connection broken by 'NewConnectionError('<urllib3.connection.HTTPConnection object at 0x10e738970>: Failed to establish a new connection: [Errno 61] Connection refused')': /wd/hub/session
WARNING:urllib3.connectionpool:Retrying (Retry(total=1, connect=None, read=None, redirect=None, status=None)) after connection broken by 'NewConnectionError('<urllib3.connection.HTTPConnection object at 0x10e738a30>: Failed to establish a new connection: [Errno 61] Connection refused')': /wd/hub/session
WARNING:urllib3.connectionpool:Retrying (Retry(total=0, connect=None, read=None, redirect=None, status=None)) after connection broken by 'NewConnectionError('<urllib3.connection.HTTPConnection object at 0x10e738b80>: Failed to establish a new connection: [Errno 61] Connection refused')': /wd/hub/session
DEBUG:parse:format 'I am on the Welcome Screen' -> 'I am on the Welcome Screen'
DEBUG:parse:format 'I click on the hamburger dropdown menu' -> 'I click on the hamburger dropdown menu'
DEBUG:parse:format 'I click the Continue button' -> 'I click the Continue button'
DEBUG:parse:format 'I Select the lock icon on top right' -> 'I Select the lock icon on top right'
DEBUG:parse:format 'I Select the lock icon on top right for the space' -> 'I Select the lock icon on top right for the space'
DEBUG:parse:format 'I choose my team' -> 'I choose my team'
DEBUG:parse:format 'I click on the Peoples tab' -> 'I click on the Peoples tab'
DEBUG:parse:format 'Back in the application,I click on the "Close" button' -> 'Back in the application,I click on the "Close" button'
DEBUG:parse:format 'I write the Team URL' -> 'I write the Team URL'
DEBUG:parse:format 'I click the Add Team button' -> 'I click the Add Team button'
DEBUG:parse:format 'I am on the Peoples Tab and the space members list become visible' -> 'I am on the Peoples Tab and the space members list become visible'
DEBUG:parse:format 'I select Bob from the list of people and The member screen appears' -> 'I select Bob from the list of people and The member screen appears'
DEBUG:parse:format 'I click on one of the spaces created' -> 'I click on one of the spaces created'
DEBUG:parse:format 'I Open a files (...) dropdown menu' -> 'I Open a files \\(\\.\\.\\.\\) dropdown menu'
DEBUG:parse:format 'I click on Version History' -> 'I click on Version History'
DEBUG:parse:format 'I Select the back arrow in the top left' -> 'I Select the back arrow in the top left'
DEBUG:parse:format 'I click on Delete File' -> 'I click on Delete File'
DEBUG:parse:format 'The Delete File pop up option becomes visible' -> 'The Delete File pop up option becomes visible'
DEBUG:parse:format 'I select the Cancel option from the pop up' -> 'I select the Cancel option from the pop up'
DEBUG:parse:format 'I am returned to the previous screen, the space view' -> 'I am returned to the previous screen, the space view'
DEBUG:parse:format 'I click on File details' -> 'I click on File details'
DEBUG:parse:format 'I see the uploaded file' -> 'I see the uploaded file'
DEBUG:parse:format 'The "applying changes" spinner briefly appears. When it goes away, you are returned to the user profile and it will display the "Space Administrator" text' -> 'The "applying changes" spinner briefly appears\\. When it goes away, you are returned to the user profile and it will display the "Space Administrator" text'
DEBUG:parse:format 'I Choose settings option' -> 'I Choose settings option'
DEBUG:parse:format 'I choose the team I am an admin of' -> 'I choose the team I am an admin of'
DEBUG:parse:format 'I click on the Sign Up button' -> 'I click on the Sign Up button'
DEBUG:parse:format "I see I am on the 'Save Your Recovery Phrase' screen" -> "I see I am on the 'Save Your Recovery Phrase' screen"
DEBUG:parse:format 'I copy the recovery key' -> 'I copy the recovery key'
DEBUG:parse:format 'I click Continue' -> 'I click Continue'
DEBUG:parse:format "I see the 'Are you sure you saved your Recovery Phrase' screen" -> "I see the 'Are you sure you saved your Recovery Phrase' screen"
DEBUG:parse:format "I click on the 'Yes, I saved it' option" -> "I click on the 'Yes, I saved it' option"
DEBUG:parse:format 'I am on the Add/Create team start page' -> 'I am on the Add/Create team start page'
DEBUG:parse:format 'I enter the License Key' -> 'I enter the License Key'
DEBUG:parse:format 'I click the Create Team button' -> 'I click the Create Team button'
DEBUG:parse:format 'I enter the valid team name and check the continue button becomes active' -> 'I enter the valid team name and check the continue button becomes active'
DEBUG:parse:format 'I enter the name for the user and check the Continue button becomes active' -> 'I enter the name for the user and check the Continue button becomes active'
DEBUG:parse:format 'I see the team name in the Team Selector' -> 'I see the team name in the Team Selector'
DEBUG:parse:format 'I get the hash of the original file' -> 'I get the hash of the original file'
DEBUG:parse:format 'I modify the file' -> 'I modify the file'
DEBUG:parse:format 'I click the plus button' -> 'I click the plus button'
DEBUG:parse:format 'I get the hash of the modified file, and assert it is not the same' -> 'I get the hash of the modified file, and assert it is not the same'
DEBUG:parse:format 'I click on the revert icon' -> 'I click on the revert icon'
DEBUG:parse:format 'I confirm I am on the revert file modal' -> 'I confirm I am on the revert file modal'
DEBUG:parse:format "I click on the 'No, go back' option" -> "I click on the 'No, go back' option"
DEBUG:parse:format "I click on the 'Revert File' option" -> "I click on the 'Revert File' option"
DEBUG:parse:format 'I get the hash of the reverted file' -> 'I get the hash of the reverted file'
DEBUG:parse:format 'I confirm the reverted file hash is the same as the original file' -> 'I confirm the reverted file hash is the same as the original file'
DEBUG:parse:format 'I am in the login screen' -> 'I am in the login screen'
DEBUG:parse:format 'I create a passcode number' -> 'I create a passcode number'
DEBUG:parse:format 'I click the Log In button' -> 'I click the Log In button'
DEBUG:parse:format 'I am in the Team URl screen' -> 'I am in the Team URl screen'
DEBUG:parse:format 'I am in the Recovery Key screen' -> 'I am in the Recovery Key screen'
DEBUG:parse:format 'I write the recovery key' -> 'I write the recovery key'
DEBUG:parse:format 'I write the recovery key for bob' -> 'I write the recovery key for bob'
DEBUG:parse:format 'I am in the Welcome Screen' -> 'I am in the Welcome Screen'
DEBUG:parse:format 'I am on the Welcome Screen' -> 'I am on the Welcome Screen'
DEBUG:parse:format 'I click on the hamburger dropdown menu' -> 'I click on the hamburger dropdown menu'
DEBUG:parse:format 'I click the Continue button' -> 'I click the Continue button'
DEBUG:parse:format 'I Select the lock icon on top right' -> 'I Select the lock icon on top right'
DEBUG:parse:format 'I Select the lock icon on top right for the space' -> 'I Select the lock icon on top right for the space'
DEBUG:parse:format 'I choose my team' -> 'I choose my team'
DEBUG:parse:format 'I click on the Peoples tab' -> 'I click on the Peoples tab'
DEBUG:parse:format 'Back in the application,I click on the "Close" button' -> 'Back in the application,I click on the "Close" button'
DEBUG:parse:format 'I write the Team URL' -> 'I write the Team URL'
DEBUG:parse:format 'I click the Add Team button' -> 'I click the Add Team button'
DEBUG:parse:format 'I am on the Peoples Tab and the space members list become visible' -> 'I am on the Peoples Tab and the space members list become visible'
DEBUG:parse:format 'I select Bob from the list of people and The member screen appears' -> 'I select Bob from the list of people and The member screen appears'
DEBUG:parse:format 'I click on one of the spaces created' -> 'I click on one of the spaces created'
DEBUG:parse:format 'I Open a files (...) dropdown menu' -> 'I Open a files \\(\\.\\.\\.\\) dropdown menu'
DEBUG:parse:format 'I click on Version History' -> 'I click on Version History'
DEBUG:parse:format 'I Select the back arrow in the top left' -> 'I Select the back arrow in the top left'
DEBUG:parse:format 'I click on Delete File' -> 'I click on Delete File'
DEBUG:parse:format 'The Delete File pop up option becomes visible' -> 'The Delete File pop up option becomes visible'
DEBUG:parse:format 'I select the Cancel option from the pop up' -> 'I select the Cancel option from the pop up'
DEBUG:parse:format 'I am returned to the previous screen, the space view' -> 'I am returned to the previous screen, the space view'
DEBUG:parse:format 'I click on File details' -> 'I click on File details'
DEBUG:parse:format 'I see the uploaded file' -> 'I see the uploaded file'
DEBUG:parse:format 'The "applying changes" spinner briefly appears. When it goes away, you are returned to the user profile and it will display the "Space Administrator" text' -> 'The "applying changes" spinner briefly appears\\. When it goes away, you are returned to the user profile and it will display the "Space Administrator" text'
DEBUG:parse:format 'I Choose settings option' -> 'I Choose settings option'
DEBUG:parse:format 'I choose the team I am an admin of' -> 'I choose the team I am an admin of'
DEBUG:parse:format 'I click on the Sign Up button' -> 'I click on the Sign Up button'
DEBUG:parse:format "I see I am on the 'Save Your Recovery Phrase' screen" -> "I see I am on the 'Save Your Recovery Phrase' screen"
DEBUG:parse:format 'I copy the recovery key' -> 'I copy the recovery key'
DEBUG:parse:format 'I click Continue' -> 'I click Continue'
DEBUG:parse:format "I see the 'Are you sure you saved your Recovery Phrase' screen" -> "I see the 'Are you sure you saved your Recovery Phrase' screen"
DEBUG:parse:format "I click on the 'Yes, I saved it' option" -> "I click on the 'Yes, I saved it' option"
DEBUG:parse:format 'I am on the Add/Create team start page' -> 'I am on the Add/Create team start page'
DEBUG:parse:format 'I enter the License Key' -> 'I enter the License Key'
DEBUG:parse:format 'I click the Create Team button' -> 'I click the Create Team button'
DEBUG:parse:format 'I enter the valid team name and check the continue button becomes active' -> 'I enter the valid team name and check the continue button becomes active'
DEBUG:parse:format 'I enter the name for the user and check the Continue button becomes active' -> 'I enter the name for the user and check the Continue button becomes active'
DEBUG:parse:format 'I see the team name in the Team Selector' -> 'I see the team name in the Team Selector'
DEBUG:parse:format 'I get the hash of the original file' -> 'I get the hash of the original file'
DEBUG:parse:format 'I modify the file' -> 'I modify the file'
DEBUG:parse:format 'I click the plus button' -> 'I click the plus button'
DEBUG:parse:format 'I get the hash of the modified file, and assert it is not the same' -> 'I get the hash of the modified file, and assert it is not the same'
DEBUG:parse:format 'I click on the revert icon' -> 'I click on the revert icon'
DEBUG:parse:format 'I confirm I am on the revert file modal' -> 'I confirm I am on the revert file modal'
DEBUG:parse:format "I click on the 'No, go back' option" -> "I click on the 'No, go back' option"
DEBUG:parse:format "I click on the 'Revert File' option" -> "I click on the 'Revert File' option"
DEBUG:parse:format 'I get the hash of the reverted file' -> 'I get the hash of the reverted file'
DEBUG:parse:format 'I confirm the reverted file hash is the same as the original file' -> 'I confirm the reverted file hash is the same as the original file'
DEBUG:parse:format 'I am in the login screen' -> 'I am in the login screen'
DEBUG:parse:format 'I create a passcode number' -> 'I create a passcode number'
DEBUG:parse:format 'I click the Log In button' -> 'I click the Log In button'
DEBUG:parse:format 'I am in the Team URl screen' -> 'I am in the Team URl screen'
DEBUG:parse:format 'I am in the Recovery Key screen' -> 'I am in the Recovery Key screen'
DEBUG:parse:format 'I write the recovery key' -> 'I write the recovery key'
DEBUG:parse:format 'I write the recovery key for bob' -> 'I write the recovery key for bob'
DEBUG:parse:format 'I am in the Welcome Screen' -> 'I am in the Welcome Screen'
DEBUG:parse:format 'I am on the Welcome Screen' -> 'I am on the Welcome Screen'
DEBUG:parse:format 'I click on the hamburger dropdown menu' -> 'I click on the hamburger dropdown menu'
DEBUG:parse:format 'I click the Continue button' -> 'I click the Continue button'
DEBUG:parse:format 'I Select the lock icon on top right' -> 'I Select the lock icon on top right'
DEBUG:parse:format 'I Select the lock icon on top right for the space' -> 'I Select the lock icon on top right for the space'
DEBUG:parse:format 'I choose my team' -> 'I choose my team'
DEBUG:parse:format 'I click on the Peoples tab' -> 'I click on the Peoples tab'
DEBUG:parse:format 'Back in the application,I click on the "Close" button' -> 'Back in the application,I click on the "Close" button'
DEBUG:parse:format 'I write the Team URL' -> 'I write the Team URL'
DEBUG:parse:format 'I click the Add Team button' -> 'I click the Add Team button'
DEBUG:parse:format 'I am on the Peoples Tab and the space members list become visible' -> 'I am on the Peoples Tab and the space members list become visible'
DEBUG:parse:format 'I select Bob from the list of people and The member screen appears' -> 'I select Bob from the list of people and The member screen appears'
DEBUG:parse:format 'I click on one of the spaces created' -> 'I click on one of the spaces created'
DEBUG:parse:format 'I Open a files (...) dropdown menu' -> 'I Open a files \\(\\.\\.\\.\\) dropdown menu'
DEBUG:parse:format 'I click on Version History' -> 'I click on Version History'
DEBUG:parse:format 'I Select the back arrow in the top left' -> 'I Select the back arrow in the top left'
DEBUG:parse:format 'I click on Delete File' -> 'I click on Delete File'
DEBUG:parse:format 'The Delete File pop up option becomes visible' -> 'The Delete File pop up option becomes visible'
DEBUG:parse:format 'I select the Cancel option from the pop up' -> 'I select the Cancel option from the pop up'
DEBUG:parse:format 'I am returned to the previous screen, the space view' -> 'I am returned to the previous screen, the space view'
DEBUG:parse:format 'I click on File details' -> 'I click on File details'
DEBUG:parse:format 'I see the uploaded file' -> 'I see the uploaded file'
DEBUG:parse:format 'The "applying changes" spinner briefly appears. When it goes away, you are returned to the user profile and it will display the "Space Administrator" text' -> 'The "applying changes" spinner briefly appears\\. When it goes away, you are returned to the user profile and it will display the "Space Administrator" text'
DEBUG:parse:format 'I Choose settings option' -> 'I Choose settings option'
DEBUG:parse:format 'I choose the team I am an admin of' -> 'I choose the team I am an admin of'
DEBUG:parse:format 'I click on the Sign Up button' -> 'I click on the Sign Up button'
DEBUG:parse:format "I see I am on the 'Save Your Recovery Phrase' screen" -> "I see I am on the 'Save Your Recovery Phrase' screen"
DEBUG:parse:format 'I copy the recovery key' -> 'I copy the recovery key'
DEBUG:parse:format 'I click Continue' -> 'I click Continue'
DEBUG:parse:format "I see the 'Are you sure you saved your Recovery Phrase' screen" -> "I see the 'Are you sure you saved your Recovery Phrase' screen"
DEBUG:parse:format "I click on the 'Yes, I saved it' option" -> "I click on the 'Yes, I saved it' option"
DEBUG:parse:format 'I am on the Add/Create team start page' -> 'I am on the Add/Create team start page'
DEBUG:parse:format 'I enter the License Key' -> 'I enter the License Key'
DEBUG:parse:format 'I click the Create Team button' -> 'I click the Create Team button'
DEBUG:parse:format 'I enter the valid team name and check the continue button becomes active' -> 'I enter the valid team name and check the continue button becomes active'
DEBUG:parse:format 'I enter the name for the user and check the Continue button becomes active' -> 'I enter the name for the user and check the Continue button becomes active'
DEBUG:parse:format 'I see the team name in the Team Selector' -> 'I see the team name in the Team Selector'
DEBUG:parse:format 'I get the hash of the original file' -> 'I get the hash of the original file'
DEBUG:parse:format 'I modify the file' -> 'I modify the file'
DEBUG:parse:format 'I click the plus button' -> 'I click the plus button'
DEBUG:parse:format 'I get the hash of the modified file, and assert it is not the same' -> 'I get the hash of the modified file, and assert it is not the same'
DEBUG:parse:format 'I click on the revert icon' -> 'I click on the revert icon'
DEBUG:parse:format 'I confirm I am on the revert file modal' -> 'I confirm I am on the revert file modal'
DEBUG:parse:format "I click on the 'No, go back' option" -> "I click on the 'No, go back' option"
DEBUG:parse:format "I click on the 'Revert File' option" -> "I click on the 'Revert File' option"
DEBUG:parse:format 'I get the hash of the reverted file' -> 'I get the hash of the reverted file'
DEBUG:parse:format 'I confirm the reverted file hash is the same as the original file' -> 'I confirm the reverted file hash is the same as the original file'
DEBUG:parse:format 'I am in the login screen' -> 'I am in the login screen'
DEBUG:parse:format 'I create a passcode number' -> 'I create a passcode number'
DEBUG:parse:format 'I click the Log In button' -> 'I click the Log In button'
DEBUG:parse:format 'I am in the Team URl screen' -> 'I am in the Team URl screen'
DEBUG:parse:format 'I am in the Recovery Key screen' -> 'I am in the Recovery Key screen'
DEBUG:parse:format 'I write the recovery key' -> 'I write the recovery key'
DEBUG:parse:format 'I write the recovery key for bob' -> 'I write the recovery key for bob'
DEBUG:parse:format 'I am in the Welcome Screen' -> 'I am in the Welcome Screen'
DEBUG:parse:format 'I am on the Welcome Screen' -> 'I am on the Welcome Screen'
DEBUG:parse:format 'I click on the hamburger dropdown menu' -> 'I click on the hamburger dropdown menu'
DEBUG:parse:format 'I click the Continue button' -> 'I click the Continue button'
DEBUG:parse:format 'I Select the lock icon on top right' -> 'I Select the lock icon on top right'
DEBUG:parse:format 'I Select the lock icon on top right for the space' -> 'I Select the lock icon on top right for the space'
DEBUG:parse:format 'I choose my team' -> 'I choose my team'
DEBUG:parse:format 'I click on the Peoples tab' -> 'I click on the Peoples tab'
DEBUG:parse:format 'Back in the application,I click on the "Close" button' -> 'Back in the application,I click on the "Close" button'
DEBUG:parse:format 'I write the Team URL' -> 'I write the Team URL'
DEBUG:parse:format 'I click the Add Team button' -> 'I click the Add Team button'
DEBUG:parse:format 'I am on the Peoples Tab and the space members list become visible' -> 'I am on the Peoples Tab and the space members list become visible'
DEBUG:parse:format 'I select Bob from the list of people and The member screen appears' -> 'I select Bob from the list of people and The member screen appears'
DEBUG:parse:format 'I click on one of the spaces created' -> 'I click on one of the spaces created'
DEBUG:parse:format 'I Open a files (...) dropdown menu' -> 'I Open a files \\(\\.\\.\\.\\) dropdown menu'
DEBUG:parse:format 'I click on Version History' -> 'I click on Version History'
DEBUG:parse:format 'I Select the back arrow in the top left' -> 'I Select the back arrow in the top left'
DEBUG:parse:format 'I click on Delete File' -> 'I click on Delete File'
DEBUG:parse:format 'The Delete File pop up option becomes visible' -> 'The Delete File pop up option becomes visible'
DEBUG:parse:format 'I select the Cancel option from the pop up' -> 'I select the Cancel option from the pop up'
DEBUG:parse:format 'I am returned to the previous screen, the space view' -> 'I am returned to the previous screen, the space view'
DEBUG:parse:format 'I click on File details' -> 'I click on File details'
DEBUG:parse:format 'I see the uploaded file' -> 'I see the uploaded file'
DEBUG:parse:format 'The "applying changes" spinner briefly appears. When it goes away, you are returned to the user profile and it will display the "Space Administrator" text' -> 'The "applying changes" spinner briefly appears\\. When it goes away, you are returned to the user profile and it will display the "Space Administrator" text'
DEBUG:parse:format 'I Choose settings option' -> 'I Choose settings option'
DEBUG:parse:format 'I choose the team I am an admin of' -> 'I choose the team I am an admin of'
DEBUG:parse:format 'I click on the Sign Up button' -> 'I click on the Sign Up button'
DEBUG:parse:format "I see I am on the 'Save Your Recovery Phrase' screen" -> "I see I am on the 'Save Your Recovery Phrase' screen"
DEBUG:parse:format 'I copy the recovery key' -> 'I copy the recovery key'
DEBUG:parse:format 'I click Continue' -> 'I click Continue'
DEBUG:parse:format "I see the 'Are you sure you saved your Recovery Phrase' screen" -> "I see the 'Are you sure you saved your Recovery Phrase' screen"
DEBUG:parse:format "I click on the 'Yes, I saved it' option" -> "I click on the 'Yes, I saved it' option"
DEBUG:parse:format 'I am on the Add/Create team start page' -> 'I am on the Add/Create team start page'
DEBUG:parse:format 'I enter the License Key' -> 'I enter the License Key'
DEBUG:parse:format 'I click the Create Team button' -> 'I click the Create Team button'
DEBUG:parse:format 'I enter the valid team name and check the continue button becomes active' -> 'I enter the valid team name and check the continue button becomes active'
DEBUG:parse:format 'I enter the name for the user and check the Continue button becomes active' -> 'I enter the name for the user and check the Continue button becomes active'
DEBUG:parse:format 'I see the team name in the Team Selector' -> 'I see the team name in the Team Selector'
DEBUG:parse:format 'I get the hash of the original file' -> 'I get the hash of the original file'
DEBUG:parse:format 'I modify the file' -> 'I modify the file'
DEBUG:parse:format 'I click the plus button' -> 'I click the plus button'
DEBUG:parse:format 'I get the hash of the modified file, and assert it is not the same' -> 'I get the hash of the modified file, and assert it is not the same'
DEBUG:parse:format 'I click on the revert icon' -> 'I click on the revert icon'
DEBUG:parse:format 'I confirm I am on the revert file modal' -> 'I confirm I am on the revert file modal'
DEBUG:parse:format "I click on the 'No, go back' option" -> "I click on the 'No, go back' option"
DEBUG:parse:format "I click on the 'Revert File' option" -> "I click on the 'Revert File' option"
DEBUG:parse:format 'I get the hash of the reverted file' -> 'I get the hash of the reverted file'
DEBUG:parse:format 'I confirm the reverted file hash is the same as the original file' -> 'I confirm the reverted file hash is the same as the original file'
DEBUG:parse:format 'I am in the login screen' -> 'I am in the login screen'
DEBUG:parse:format 'I create a passcode number' -> 'I create a passcode number'
DEBUG:parse:format 'I click the Log In button' -> 'I click the Log In button'
DEBUG:parse:format 'I am in the Team URl screen' -> 'I am in the Team URl screen'
DEBUG:parse:format 'I am in the Recovery Key screen' -> 'I am in the Recovery Key screen'
DEBUG:parse:format 'I write the recovery key' -> 'I write the recovery key'
DEBUG:parse:format 'I write the recovery key for bob' -> 'I write the recovery key for bob'
DEBUG:parse:format 'I am in the Welcome Screen' -> 'I am in the Welcome Screen'
DEBUG:parse:format 'I am on the Welcome Screen' -> 'I am on the Welcome Screen'
DEBUG:parse:format 'I click on the hamburger dropdown menu' -> 'I click on the hamburger dropdown menu'
DEBUG:parse:format 'I click the Continue button' -> 'I click the Continue button'
DEBUG:parse:format 'I Select the lock icon on top right' -> 'I Select the lock icon on top right'
DEBUG:parse:format 'I Select the lock icon on top right for the space' -> 'I Select the lock icon on top right for the space'
DEBUG:parse:format 'I choose my team' -> 'I choose my team'
DEBUG:parse:format 'I click on the Peoples tab' -> 'I click on the Peoples tab'
DEBUG:parse:format 'Back in the application,I click on the "Close" button' -> 'Back in the application,I click on the "Close" button'
DEBUG:parse:format 'I write the Team URL' -> 'I write the Team URL'
DEBUG:parse:format 'I click the Add Team button' -> 'I click the Add Team button'
DEBUG:parse:format 'I am on the Peoples Tab and the space members list become visible' -> 'I am on the Peoples Tab and the space members list become visible'
DEBUG:parse:format 'I select Bob from the list of people and The member screen appears' -> 'I select Bob from the list of people and The member screen appears'
DEBUG:parse:format 'I click on one of the spaces created' -> 'I click on one of the spaces created'
DEBUG:parse:format 'I Open a files (...) dropdown menu' -> 'I Open a files \\(\\.\\.\\.\\) dropdown menu'
DEBUG:parse:format 'I click on Version History' -> 'I click on Version History'
DEBUG:parse:format 'I Select the back arrow in the top left' -> 'I Select the back arrow in the top left'
DEBUG:parse:format 'I click on Delete File' -> 'I click on Delete File'
DEBUG:parse:format 'The Delete File pop up option becomes visible' -> 'The Delete File pop up option becomes visible'
DEBUG:parse:format 'I select the Cancel option from the pop up' -> 'I select the Cancel option from the pop up'
DEBUG:parse:format 'I am returned to the previous screen, the space view' -> 'I am returned to the previous screen, the space view'
DEBUG:parse:format 'I click on File details' -> 'I click on File details'
DEBUG:parse:format 'I see the uploaded file' -> 'I see the uploaded file'
DEBUG:parse:format 'The "applying changes" spinner briefly appears. When it goes away, you are returned to the user profile and it will display the "Space Administrator" text' -> 'The "applying changes" spinner briefly appears\\. When it goes away, you are returned to the user profile and it will display the "Space Administrator" text'
DEBUG:parse:format 'I Choose settings option' -> 'I Choose settings option'
DEBUG:parse:format 'I choose the team I am an admin of' -> 'I choose the team I am an admin of'
DEBUG:parse:format 'I click on the Sign Up button' -> 'I click on the Sign Up button'
DEBUG:parse:format "I see I am on the 'Save Your Recovery Phrase' screen" -> "I see I am on the 'Save Your Recovery Phrase' screen"
DEBUG:parse:format 'I copy the recovery key' -> 'I copy the recovery key'
DEBUG:parse:format 'I click Continue' -> 'I click Continue'
DEBUG:parse:format "I see the 'Are you sure you saved your Recovery Phrase' screen" -> "I see the 'Are you sure you saved your Recovery Phrase' screen"
DEBUG:parse:format "I click on the 'Yes, I saved it' option" -> "I click on the 'Yes, I saved it' option"
DEBUG:parse:format 'I am on the Add/Create team start page' -> 'I am on the Add/Create team start page'
DEBUG:parse:format 'I enter the License Key' -> 'I enter the License Key'
DEBUG:parse:format 'I click the Create Team button' -> 'I click the Create Team button'
DEBUG:parse:format 'I enter the valid team name and check the continue button becomes active' -> 'I enter the valid team name and check the continue button becomes active'
DEBUG:parse:format 'I enter the name for the user and check the Continue button becomes active' -> 'I enter the name for the user and check the Continue button becomes active'
DEBUG:parse:format 'I see the team name in the Team Selector' -> 'I see the team name in the Team Selector'
DEBUG:parse:format 'I get the hash of the original file' -> 'I get the hash of the original file'
DEBUG:parse:format 'I modify the file' -> 'I modify the file'
DEBUG:parse:format 'I click the plus button' -> 'I click the plus button'
DEBUG:parse:format 'I get the hash of the modified file, and assert it is not the same' -> 'I get the hash of the modified file, and assert it is not the same'
DEBUG:parse:format 'I click on the revert icon' -> 'I click on the revert icon'
DEBUG:parse:format 'I confirm I am on the revert file modal' -> 'I confirm I am on the revert file modal'
DEBUG:parse:format "I click on the 'No, go back' option" -> "I click on the 'No, go back' option"
DEBUG:parse:format "I click on the 'Revert File' option" -> "I click on the 'Revert File' option"
DEBUG:parse:format 'I get the hash of the reverted file' -> 'I get the hash of the reverted file'
DEBUG:parse:format 'I confirm the reverted file hash is the same as the original file' -> 'I confirm the reverted file hash is the same as the original file'
DEBUG:parse:format 'I am in the login screen' -> 'I am in the login screen'
DEBUG:parse:format 'I create a passcode number' -> 'I create a passcode number'
DEBUG:parse:format 'I click the Log In button' -> 'I click the Log In button'
DEBUG:parse:format 'I am in the Team URl screen' -> 'I am in the Team URl screen'
DEBUG:parse:format 'I am in the Recovery Key screen' -> 'I am in the Recovery Key screen'
DEBUG:parse:format 'I write the recovery key' -> 'I write the recovery key'
DEBUG:parse:format 'I write the recovery key for bob' -> 'I write the recovery key for bob'
DEBUG:parse:format 'I am in the Welcome Screen' -> 'I am in the Welcome Screen'
DEBUG:parse:format 'I am on the Welcome Screen' -> 'I am on the Welcome Screen'
DEBUG:parse:format 'I click on the hamburger dropdown menu' -> 'I click on the hamburger dropdown menu'
DEBUG:parse:format 'I click the Continue button' -> 'I click the Continue button'
DEBUG:parse:format 'I Select the lock icon on top right' -> 'I Select the lock icon on top right'
DEBUG:parse:format 'I Select the lock icon on top right for the space' -> 'I Select the lock icon on top right for the space'
DEBUG:parse:format 'I choose my team' -> 'I choose my team'
DEBUG:parse:format 'I click on the Peoples tab' -> 'I click on the Peoples tab'
DEBUG:parse:format 'Back in the application,I click on the "Close" button' -> 'Back in the application,I click on the "Close" button'
DEBUG:parse:format 'I write the Team URL' -> 'I write the Team URL'
DEBUG:parse:format 'I click the Add Team button' -> 'I click the Add Team button'
DEBUG:parse:format 'I am on the Peoples Tab and the space members list become visible' -> 'I am on the Peoples Tab and the space members list become visible'
DEBUG:parse:format 'I select Bob from the list of people and The member screen appears' -> 'I select Bob from the list of people and The member screen appears'
DEBUG:parse:format 'I click on one of the spaces created' -> 'I click on one of the spaces created'
DEBUG:parse:format 'I Open a files (...) dropdown menu' -> 'I Open a files \\(\\.\\.\\.\\) dropdown menu'
DEBUG:parse:format 'I click on Version History' -> 'I click on Version History'
DEBUG:parse:format 'I Select the back arrow in the top left' -> 'I Select the back arrow in the top left'
DEBUG:parse:format 'I click on Delete File' -> 'I click on Delete File'
DEBUG:parse:format 'The Delete File pop up option becomes visible' -> 'The Delete File pop up option becomes visible'
DEBUG:parse:format 'I select the Cancel option from the pop up' -> 'I select the Cancel option from the pop up'
DEBUG:parse:format 'I am returned to the previous screen, the space view' -> 'I am returned to the previous screen, the space view'
DEBUG:parse:format 'I click on File details' -> 'I click on File details'
DEBUG:parse:format 'I see the uploaded file' -> 'I see the uploaded file'
DEBUG:parse:format 'The "applying changes" spinner briefly appears. When it goes away, you are returned to the user profile and it will display the "Space Administrator" text' -> 'The "applying changes" spinner briefly appears\\. When it goes away, you are returned to the user profile and it will display the "Space Administrator" text'
DEBUG:parse:format 'I Choose settings option' -> 'I Choose settings option'
DEBUG:parse:format 'I choose the team I am an admin of' -> 'I choose the team I am an admin of'
DEBUG:parse:format 'I click on the Sign Up button' -> 'I click on the Sign Up button'
DEBUG:parse:format "I see I am on the 'Save Your Recovery Phrase' screen" -> "I see I am on the 'Save Your Recovery Phrase' screen"
DEBUG:parse:format 'I copy the recovery key' -> 'I copy the recovery key'
DEBUG:parse:format 'I click Continue' -> 'I click Continue'
DEBUG:parse:format "I see the 'Are you sure you saved your Recovery Phrase' screen" -> "I see the 'Are you sure you saved your Recovery Phrase' screen"
DEBUG:parse:format "I click on the 'Yes, I saved it' option" -> "I click on the 'Yes, I saved it' option"
DEBUG:parse:format 'I am on the Add/Create team start page' -> 'I am on the Add/Create team start page'
DEBUG:parse:format 'I enter the License Key' -> 'I enter the License Key'
DEBUG:parse:format 'I click the Create Team button' -> 'I click the Create Team button'
DEBUG:parse:format 'I enter the valid team name and check the continue button becomes active' -> 'I enter the valid team name and check the continue button becomes active'
DEBUG:parse:format 'I enter the name for the user and check the Continue button becomes active' -> 'I enter the name for the user and check the Continue button becomes active'
DEBUG:parse:format 'I see the team name in the Team Selector' -> 'I see the team name in the Team Selector'
DEBUG:parse:format 'I get the hash of the original file' -> 'I get the hash of the original file'
DEBUG:parse:format 'I modify the file' -> 'I modify the file'
DEBUG:parse:format 'I click the plus button' -> 'I click the plus button'
DEBUG:parse:format 'I get the hash of the modified file, and assert it is not the same' -> 'I get the hash of the modified file, and assert it is not the same'
DEBUG:parse:format 'I click on the revert icon' -> 'I click on the revert icon'
DEBUG:parse:format 'I confirm I am on the revert file modal' -> 'I confirm I am on the revert file modal'
DEBUG:parse:format "I click on the 'No, go back' option" -> "I click on the 'No, go back' option"
DEBUG:parse:format "I click on the 'Revert File' option" -> "I click on the 'Revert File' option"
DEBUG:parse:format 'I get the hash of the reverted file' -> 'I get the hash of the reverted file'
DEBUG:parse:format 'I confirm the reverted file hash is the same as the original file' -> 'I confirm the reverted file hash is the same as the original file'
DEBUG:parse:format 'I am in the login screen' -> 'I am in the login screen'
DEBUG:parse:format 'I create a passcode number' -> 'I create a passcode number'
DEBUG:parse:format 'I click the Log In button' -> 'I click the Log In button'
DEBUG:parse:format 'I am in the Team URl screen' -> 'I am in the Team URl screen'
DEBUG:parse:format 'I am in the Recovery Key screen' -> 'I am in the Recovery Key screen'
DEBUG:parse:format 'I write the recovery key' -> 'I write the recovery key'
DEBUG:parse:format 'I write the recovery key for bob' -> 'I write the recovery key for bob'
DEBUG:parse:format 'I am in the Welcome Screen' -> 'I am in the Welcome Screen'
DEBUG:parse:format 'I am on the Welcome Screen' -> 'I am on the Welcome Screen'
DEBUG:parse:format 'I click on the hamburger dropdown menu' -> 'I click on the hamburger dropdown menu'
DEBUG:parse:format 'I click the Continue button' -> 'I click the Continue button'
DEBUG:parse:format 'I Select the lock icon on top right' -> 'I Select the lock icon on top right'
DEBUG:parse:format 'I Select the lock icon on top right for the space' -> 'I Select the lock icon on top right for the space'
DEBUG:parse:format 'I choose my team' -> 'I choose my team'
DEBUG:parse:format 'I click on the Peoples tab' -> 'I click on the Peoples tab'
DEBUG:parse:format 'Back in the application,I click on the "Close" button' -> 'Back in the application,I click on the "Close" button'
DEBUG:parse:format 'I write the Team URL' -> 'I write the Team URL'
DEBUG:parse:format 'I click the Add Team button' -> 'I click the Add Team button'
DEBUG:parse:format 'I am on the Peoples Tab and the space members list become visible' -> 'I am on the Peoples Tab and the space members list become visible'
DEBUG:parse:format 'I select Bob from the list of people and The member screen appears' -> 'I select Bob from the list of people and The member screen appears'
DEBUG:parse:format 'I click on one of the spaces created' -> 'I click on one of the spaces created'
DEBUG:parse:format 'I Open a files (...) dropdown menu' -> 'I Open a files \\(\\.\\.\\.\\) dropdown menu'
DEBUG:parse:format 'I click on Version History' -> 'I click on Version History'
DEBUG:parse:format 'I Select the back arrow in the top left' -> 'I Select the back arrow in the top left'
DEBUG:parse:format 'I click on Delete File' -> 'I click on Delete File'
DEBUG:parse:format 'The Delete File pop up option becomes visible' -> 'The Delete File pop up option becomes visible'
DEBUG:parse:format 'I select the Cancel option from the pop up' -> 'I select the Cancel option from the pop up'
DEBUG:parse:format 'I am returned to the previous screen, the space view' -> 'I am returned to the previous screen, the space view'
DEBUG:parse:format 'I click on File details' -> 'I click on File details'
DEBUG:parse:format 'I see the uploaded file' -> 'I see the uploaded file'
DEBUG:parse:format 'The "applying changes" spinner briefly appears. When it goes away, you are returned to the user profile and it will display the "Space Administrator" text' -> 'The "applying changes" spinner briefly appears\\. When it goes away, you are returned to the user profile and it will display the "Space Administrator" text'
DEBUG:parse:format 'I Choose settings option' -> 'I Choose settings option'
DEBUG:parse:format 'I choose the team I am an admin of' -> 'I choose the team I am an admin of'
DEBUG:parse:format 'I click on the Sign Up button' -> 'I click on the Sign Up button'
DEBUG:parse:format "I see I am on the 'Save Your Recovery Phrase' screen" -> "I see I am on the 'Save Your Recovery Phrase' screen"
DEBUG:parse:format 'I copy the recovery key' -> 'I copy the recovery key'
DEBUG:parse:format 'I click Continue' -> 'I click Continue'
DEBUG:parse:format "I see the 'Are you sure you saved your Recovery Phrase' screen" -> "I see the 'Are you sure you saved your Recovery Phrase' screen"
DEBUG:parse:format "I click on the 'Yes, I saved it' option" -> "I click on the 'Yes, I saved it' option"
DEBUG:parse:format 'I am on the Add/Create team start page' -> 'I am on the Add/Create team start page'
DEBUG:parse:format 'I enter the License Key' -> 'I enter the License Key'
DEBUG:parse:format 'I click the Create Team button' -> 'I click the Create Team button'
DEBUG:parse:format 'I enter the valid team name and check the continue button becomes active' -> 'I enter the valid team name and check the continue button becomes active'
DEBUG:parse:format 'I enter the name for the user and check the Continue button becomes active' -> 'I enter the name for the user and check the Continue button becomes active'
DEBUG:parse:format 'I see the team name in the Team Selector' -> 'I see the team name in the Team Selector'
DEBUG:parse:format 'I get the hash of the original file' -> 'I get the hash of the original file'
DEBUG:parse:format 'I modify the file' -> 'I modify the file'
DEBUG:parse:format 'I click the plus button' -> 'I click the plus button'
DEBUG:parse:format 'I get the hash of the modified file, and assert it is not the same' -> 'I get the hash of the modified file, and assert it is not the same'
DEBUG:parse:format 'I click on the revert icon' -> 'I click on the revert icon'
DEBUG:parse:format 'I confirm I am on the revert file modal' -> 'I confirm I am on the revert file modal'
DEBUG:parse:format "I click on the 'No, go back' option" -> "I click on the 'No, go back' option"
DEBUG:parse:format "I click on the 'Revert File' option" -> "I click on the 'Revert File' option"
DEBUG:parse:format 'I get the hash of the reverted file' -> 'I get the hash of the reverted file'
DEBUG:parse:format 'I confirm the reverted file hash is the same as the original file' -> 'I confirm the reverted file hash is the same as the original file'
DEBUG:parse:format 'I am in the login screen' -> 'I am in the login screen'
DEBUG:parse:format 'I create a passcode number' -> 'I create a passcode number'
DEBUG:parse:format 'I click the Log In button' -> 'I click the Log In button'
DEBUG:parse:format 'I am in the Team URl screen' -> 'I am in the Team URl screen'
DEBUG:parse:format 'I am in the Recovery Key screen' -> 'I am in the Recovery Key screen'
DEBUG:parse:format 'I write the recovery key' -> 'I write the recovery key'
DEBUG:parse:format 'I write the recovery key for bob' -> 'I write the recovery key for bob'
DEBUG:parse:format 'I am in the Welcome Screen' -> 'I am in the Welcome Screen'
DEBUG:parse:format 'I am on the Welcome Screen' -> 'I am on the Welcome Screen'
DEBUG:parse:format 'I click on the hamburger dropdown menu' -> 'I click on the hamburger dropdown menu'
DEBUG:parse:format 'I click the Continue button' -> 'I click the Continue button'
DEBUG:parse:format 'I Select the lock icon on top right' -> 'I Select the lock icon on top right'
DEBUG:parse:format 'I Select the lock icon on top right for the space' -> 'I Select the lock icon on top right for the space'
DEBUG:parse:format 'I choose my team' -> 'I choose my team'
DEBUG:parse:format 'I click on the Peoples tab' -> 'I click on the Peoples tab'
DEBUG:parse:format 'Back in the application,I click on the "Close" button' -> 'Back in the application,I click on the "Close" button'
DEBUG:parse:format 'I write the Team URL' -> 'I write the Team URL'
DEBUG:parse:format 'I click the Add Team button' -> 'I click the Add Team button'
DEBUG:parse:format 'I am on the Peoples Tab and the space members list become visible' -> 'I am on the Peoples Tab and the space members list become visible'
DEBUG:parse:format 'I select Bob from the list of people and The member screen appears' -> 'I select Bob from the list of people and The member screen appears'
DEBUG:parse:format 'I click on one of the spaces created' -> 'I click on one of the spaces created'
DEBUG:parse:format 'I Open a files (...) dropdown menu' -> 'I Open a files \\(\\.\\.\\.\\) dropdown menu'
DEBUG:parse:format 'I click on Version History' -> 'I click on Version History'
DEBUG:parse:format 'I Select the back arrow in the top left' -> 'I Select the back arrow in the top left'
DEBUG:parse:format 'I click on Delete File' -> 'I click on Delete File'
DEBUG:parse:format 'The Delete File pop up option becomes visible' -> 'The Delete File pop up option becomes visible'
DEBUG:parse:format 'I select the Cancel option from the pop up' -> 'I select the Cancel option from the pop up'
DEBUG:parse:format 'I am returned to the previous screen, the space view' -> 'I am returned to the previous screen, the space view'
DEBUG:parse:format 'I click on File details' -> 'I click on File details'
DEBUG:parse:format 'I see the uploaded file' -> 'I see the uploaded file'
DEBUG:parse:format 'The "applying changes" spinner briefly appears. When it goes away, you are returned to the user profile and it will display the "Space Administrator" text' -> 'The "applying changes" spinner briefly appears\\. When it goes away, you are returned to the user profile and it will display the "Space Administrator" text'
DEBUG:parse:format 'I Choose settings option' -> 'I Choose settings option'
DEBUG:parse:format 'I choose the team I am an admin of' -> 'I choose the team I am an admin of'
DEBUG:parse:format 'I click on the Sign Up button' -> 'I click on the Sign Up button'
DEBUG:parse:format "I see I am on the 'Save Your Recovery Phrase' screen" -> "I see I am on the 'Save Your Recovery Phrase' screen"
DEBUG:parse:format 'I copy the recovery key' -> 'I copy the recovery key'
DEBUG:parse:format 'I click Continue' -> 'I click Continue'
DEBUG:parse:format "I see the 'Are you sure you saved your Recovery Phrase' screen" -> "I see the 'Are you sure you saved your Recovery Phrase' screen"
DEBUG:parse:format "I click on the 'Yes, I saved it' option" -> "I click on the 'Yes, I saved it' option"
DEBUG:parse:format 'I am on the Add/Create team start page' -> 'I am on the Add/Create team start page'
DEBUG:parse:format 'I enter the License Key' -> 'I enter the License Key'
DEBUG:parse:format 'I click the Create Team button' -> 'I click the Create Team button'
DEBUG:parse:format 'I enter the valid team name and check the continue button becomes active' -> 'I enter the valid team name and check the continue button becomes active'
DEBUG:parse:format 'I enter the name for the user and check the Continue button becomes active' -> 'I enter the name for the user and check the Continue button becomes active'
DEBUG:parse:format 'I see the team name in the Team Selector' -> 'I see the team name in the Team Selector'
DEBUG:parse:format 'I get the hash of the original file' -> 'I get the hash of the original file'
DEBUG:parse:format 'I modify the file' -> 'I modify the file'
DEBUG:parse:format 'I click the plus button' -> 'I click the plus button'
DEBUG:parse:format 'I get the hash of the modified file, and assert it is not the same' -> 'I get the hash of the modified file, and assert it is not the same'
DEBUG:parse:format 'I click on the revert icon' -> 'I click on the revert icon'
DEBUG:parse:format 'I confirm I am on the revert file modal' -> 'I confirm I am on the revert file modal'
DEBUG:parse:format "I click on the 'No, go back' option" -> "I click on the 'No, go back' option"
DEBUG:parse:format "I click on the 'Revert File' option" -> "I click on the 'Revert File' option"
DEBUG:parse:format 'I get the hash of the reverted file' -> 'I get the hash of the reverted file'
DEBUG:parse:format 'I confirm the reverted file hash is the same as the original file' -> 'I confirm the reverted file hash is the same as the original file'
DEBUG:parse:format 'I am in the login screen' -> 'I am in the login screen'
DEBUG:parse:format 'I create a passcode number' -> 'I create a passcode number'
DEBUG:parse:format 'I click the Log In button' -> 'I click the Log In button'
DEBUG:parse:format 'I am in the Team URl screen' -> 'I am in the Team URl screen'
DEBUG:parse:format 'I am in the Recovery Key screen' -> 'I am in the Recovery Key screen'
DEBUG:parse:format 'I write the recovery key' -> 'I write the recovery key'
DEBUG:parse:format 'I write the recovery key for bob' -> 'I write the recovery key for bob'
DEBUG:parse:format 'I am in the Welcome Screen' -> 'I am in the Welcome Screen'
DEBUG:parse:format 'I am on the Welcome Screen' -> 'I am on the Welcome Screen'
DEBUG:parse:format 'I click on the hamburger dropdown menu' -> 'I click on the hamburger dropdown menu'
DEBUG:parse:format 'I click the Continue button' -> 'I click the Continue button'
DEBUG:parse:format 'I Select the lock icon on top right' -> 'I Select the lock icon on top right'
DEBUG:parse:format 'I Select the lock icon on top right for the space' -> 'I Select the lock icon on top right for the space'
DEBUG:parse:format 'I choose my team' -> 'I choose my team'
DEBUG:parse:format 'I click on the Peoples tab' -> 'I click on the Peoples tab'
DEBUG:parse:format 'Back in the application,I click on the "Close" button' -> 'Back in the application,I click on the "Close" button'
DEBUG:parse:format 'I write the Team URL' -> 'I write the Team URL'
DEBUG:parse:format 'I click the Add Team button' -> 'I click the Add Team button'
DEBUG:parse:format 'I am on the Peoples Tab and the space members list become visible' -> 'I am on the Peoples Tab and the space members list become visible'
DEBUG:parse:format 'I select Bob from the list of people and The member screen appears' -> 'I select Bob from the list of people and The member screen appears'
DEBUG:parse:format 'I click on one of the spaces created' -> 'I click on one of the spaces created'
DEBUG:parse:format 'I Open a files (...) dropdown menu' -> 'I Open a files \\(\\.\\.\\.\\) dropdown menu'
DEBUG:parse:format 'I click on Version History' -> 'I click on Version History'
DEBUG:parse:format 'I Select the back arrow in the top left' -> 'I Select the back arrow in the top left'
DEBUG:parse:format 'I click on Delete File' -> 'I click on Delete File'
DEBUG:parse:format 'The Delete File pop up option becomes visible' -> 'The Delete File pop up option becomes visible'
DEBUG:parse:format 'I select the Cancel option from the pop up' -> 'I select the Cancel option from the pop up'
DEBUG:parse:format 'I am returned to the previous screen, the space view' -> 'I am returned to the previous screen, the space view'
DEBUG:parse:format 'I click on File details' -> 'I click on File details'
DEBUG:parse:format 'I see the uploaded file' -> 'I see the uploaded file'
DEBUG:parse:format 'The "applying changes" spinner briefly appears. When it goes away, you are returned to the user profile and it will display the "Space Administrator" text' -> 'The "applying changes" spinner briefly appears\\. When it goes away, you are returned to the user profile and it will display the "Space Administrator" text'
DEBUG:parse:format 'I Choose settings option' -> 'I Choose settings option'
DEBUG:parse:format 'I choose the team I am an admin of' -> 'I choose the team I am an admin of'
DEBUG:parse:format 'I click on the Sign Up button' -> 'I click on the Sign Up button'
DEBUG:parse:format "I see I am on the 'Save Your Recovery Phrase' screen" -> "I see I am on the 'Save Your Recovery Phrase' screen"
DEBUG:parse:format 'I copy the recovery key' -> 'I copy the recovery key'
DEBUG:parse:format 'I click Continue' -> 'I click Continue'
DEBUG:parse:format "I see the 'Are you sure you saved your Recovery Phrase' screen" -> "I see the 'Are you sure you saved your Recovery Phrase' screen"
DEBUG:parse:format "I click on the 'Yes, I saved it' option" -> "I click on the 'Yes, I saved it' option"
DEBUG:parse:format 'I am on the Add/Create team start page' -> 'I am on the Add/Create team start page'
DEBUG:parse:format 'I enter the License Key' -> 'I enter the License Key'
DEBUG:parse:format 'I click the Create Team button' -> 'I click the Create Team button'
DEBUG:parse:format 'I enter the valid team name and check the continue button becomes active' -> 'I enter the valid team name and check the continue button becomes active'
DEBUG:parse:format 'I enter the name for the user and check the Continue button becomes active' -> 'I enter the name for the user and check the Continue button becomes active'
DEBUG:parse:format 'I see the team name in the Team Selector' -> 'I see the team name in the Team Selector'
DEBUG:parse:format 'I get the hash of the original file' -> 'I get the hash of the original file'
DEBUG:parse:format 'I modify the file' -> 'I modify the file'
DEBUG:parse:format 'I click the plus button' -> 'I click the plus button'
DEBUG:parse:format 'I get the hash of the modified file, and assert it is not the same' -> 'I get the hash of the modified file, and assert it is not the same'
DEBUG:parse:format 'I click on the revert icon' -> 'I click on the revert icon'
DEBUG:parse:format 'I confirm I am on the revert file modal' -> 'I confirm I am on the revert file modal'
DEBUG:parse:format "I click on the 'No, go back' option" -> "I click on the 'No, go back' option"
DEBUG:parse:format "I click on the 'Revert File' option" -> "I click on the 'Revert File' option"
DEBUG:parse:format 'I get the hash of the reverted file' -> 'I get the hash of the reverted file'
DEBUG:parse:format 'I confirm the reverted file hash is the same as the original file' -> 'I confirm the reverted file hash is the same as the original file'
DEBUG:parse:format 'I am in the login screen' -> 'I am in the login screen'
DEBUG:parse:format 'I create a passcode number' -> 'I create a passcode number'
DEBUG:parse:format 'I click the Log In button' -> 'I click the Log In button'
DEBUG:parse:format 'I am in the Team URl screen' -> 'I am in the Team URl screen'
DEBUG:parse:format 'I am in the Recovery Key screen' -> 'I am in the Recovery Key screen'
DEBUG:parse:format 'I write the recovery key' -> 'I write the recovery key'
DEBUG:parse:format 'I write the recovery key for bob' -> 'I write the recovery key for bob'
DEBUG:parse:format 'I am in the Welcome Screen' -> 'I am in the Welcome Screen'
DEBUG:parse:format 'I am on the Welcome Screen' -> 'I am on the Welcome Screen'
DEBUG:parse:format 'I click on the hamburger dropdown menu' -> 'I click on the hamburger dropdown menu'
DEBUG:parse:format 'I click the Continue button' -> 'I click the Continue button'
DEBUG:parse:format 'I Select the lock icon on top right' -> 'I Select the lock icon on top right'
DEBUG:parse:format 'I Select the lock icon on top right for the space' -> 'I Select the lock icon on top right for the space'
DEBUG:parse:format 'I choose my team' -> 'I choose my team'
DEBUG:parse:format 'I click on the Peoples tab' -> 'I click on the Peoples tab'
DEBUG:parse:format 'Back in the application,I click on the "Close" button' -> 'Back in the application,I click on the "Close" button'
DEBUG:parse:format 'I write the Team URL' -> 'I write the Team URL'
DEBUG:parse:format 'I click the Add Team button' -> 'I click the Add Team button'
DEBUG:parse:format 'I am on the Peoples Tab and the space members list become visible' -> 'I am on the Peoples Tab and the space members list become visible'
DEBUG:parse:format 'I select Bob from the list of people and The member screen appears' -> 'I select Bob from the list of people and The member screen appears'
DEBUG:parse:format 'I click on one of the spaces created' -> 'I click on one of the spaces created'
DEBUG:parse:format 'I Open a files (...) dropdown menu' -> 'I Open a files \\(\\.\\.\\.\\) dropdown menu'
DEBUG:parse:format 'I click on Version History' -> 'I click on Version History'
DEBUG:parse:format 'I Select the back arrow in the top left' -> 'I Select the back arrow in the top left'
DEBUG:parse:format 'I click on Delete File' -> 'I click on Delete File'
DEBUG:parse:format 'The Delete File pop up option becomes visible' -> 'The Delete File pop up option becomes visible'
DEBUG:parse:format 'I select the Cancel option from the pop up' -> 'I select the Cancel option from the pop up'
DEBUG:parse:format 'I am returned to the previous screen, the space view' -> 'I am returned to the previous screen, the space view'
DEBUG:parse:format 'I click on File details' -> 'I click on File details'
DEBUG:parse:format 'I see the uploaded file' -> 'I see the uploaded file'
DEBUG:parse:format 'The "applying changes" spinner briefly appears. When it goes away, you are returned to the user profile and it will display the "Space Administrator" text' -> 'The "applying changes" spinner briefly appears\\. When it goes away, you are returned to the user profile and it will display the "Space Administrator" text'
DEBUG:parse:format 'I Choose settings option' -> 'I Choose settings option'
DEBUG:parse:format 'I choose the team I am an admin of' -> 'I choose the team I am an admin of'
DEBUG:parse:format 'I click on the Sign Up button' -> 'I click on the Sign Up button'
DEBUG:parse:format "I see I am on the 'Save Your Recovery Phrase' screen" -> "I see I am on the 'Save Your Recovery Phrase' screen"
DEBUG:parse:format 'I copy the recovery key' -> 'I copy the recovery key'
DEBUG:parse:format 'I click Continue' -> 'I click Continue'
DEBUG:parse:format "I see the 'Are you sure you saved your Recovery Phrase' screen" -> "I see the 'Are you sure you saved your Recovery Phrase' screen"
DEBUG:parse:format "I click on the 'Yes, I saved it' option" -> "I click on the 'Yes, I saved it' option"
DEBUG:parse:format 'I am on the Add/Create team start page' -> 'I am on the Add/Create team start page'
DEBUG:parse:format 'I enter the License Key' -> 'I enter the License Key'
DEBUG:parse:format 'I click the Create Team button' -> 'I click the Create Team button'
DEBUG:parse:format 'I enter the valid team name and check the continue button becomes active' -> 'I enter the valid team name and check the continue button becomes active'
DEBUG:parse:format 'I enter the name for the user and check the Continue button becomes active' -> 'I enter the name for the user and check the Continue button becomes active'
DEBUG:parse:format 'I see the team name in the Team Selector' -> 'I see the team name in the Team Selector'
DEBUG:parse:format 'I get the hash of the original file' -> 'I get the hash of the original file'
DEBUG:parse:format 'I modify the file' -> 'I modify the file'
DEBUG:parse:format 'I click the plus button' -> 'I click the plus button'
DEBUG:parse:format 'I get the hash of the modified file, and assert it is not the same' -> 'I get the hash of the modified file, and assert it is not the same'
DEBUG:parse:format 'I click on the revert icon' -> 'I click on the revert icon'
DEBUG:parse:format 'I confirm I am on the revert file modal' -> 'I confirm I am on the revert file modal'
DEBUG:parse:format "I click on the 'No, go back' option" -> "I click on the 'No, go back' option"
DEBUG:parse:format "I click on the 'Revert File' option" -> "I click on the 'Revert File' option"
DEBUG:parse:format 'I get the hash of the reverted file' -> 'I get the hash of the reverted file'
DEBUG:parse:format 'I confirm the reverted file hash is the same as the original file' -> 'I confirm the reverted file hash is the same as the original file'
DEBUG:parse:format 'I am in the login screen' -> 'I am in the login screen'
DEBUG:parse:format 'I create a passcode number' -> 'I create a passcode number'
DEBUG:parse:format 'I click the Log In button' -> 'I click the Log In button'
DEBUG:parse:format 'I am in the Team URl screen' -> 'I am in the Team URl screen'
DEBUG:parse:format 'I am in the Recovery Key screen' -> 'I am in the Recovery Key screen'
DEBUG:parse:format 'I write the recovery key' -> 'I write the recovery key'
DEBUG:parse:format 'I write the recovery key for bob' -> 'I write the recovery key for bob'
DEBUG:parse:format 'I am in the Welcome Screen' -> 'I am in the Welcome Screen'
DEBUG:parse:format 'I am on the Welcome Screen' -> 'I am on the Welcome Screen'
DEBUG:parse:format 'I click on the hamburger dropdown menu' -> 'I click on the hamburger dropdown menu'
DEBUG:parse:format 'I click the Continue button' -> 'I click the Continue button'
DEBUG:parse:format 'I Select the lock icon on top right' -> 'I Select the lock icon on top right'
DEBUG:parse:format 'I Select the lock icon on top right for the space' -> 'I Select the lock icon on top right for the space'
DEBUG:parse:format 'I choose my team' -> 'I choose my team'
DEBUG:parse:format 'I click on the Peoples tab' -> 'I click on the Peoples tab'
DEBUG:parse:format 'Back in the application,I click on the "Close" button' -> 'Back in the application,I click on the "Close" button'
DEBUG:parse:format 'I write the Team URL' -> 'I write the Team URL'
DEBUG:parse:format 'I click the Add Team button' -> 'I click the Add Team button'
DEBUG:parse:format 'I am on the Peoples Tab and the space members list become visible' -> 'I am on the Peoples Tab and the space members list become visible'
DEBUG:parse:format 'I select Bob from the list of people and The member screen appears' -> 'I select Bob from the list of people and The member screen appears'
DEBUG:parse:format 'I click on one of the spaces created' -> 'I click on one of the spaces created'
DEBUG:parse:format 'I Open a files (...) dropdown menu' -> 'I Open a files \\(\\.\\.\\.\\) dropdown menu'
DEBUG:parse:format 'I click on Version History' -> 'I click on Version History'
DEBUG:parse:format 'I Select the back arrow in the top left' -> 'I Select the back arrow in the top left'
DEBUG:parse:format 'I click on Delete File' -> 'I click on Delete File'
DEBUG:parse:format 'The Delete File pop up option becomes visible' -> 'The Delete File pop up option becomes visible'
DEBUG:parse:format 'I select the Cancel option from the pop up' -> 'I select the Cancel option from the pop up'
DEBUG:parse:format 'I am returned to the previous screen, the space view' -> 'I am returned to the previous screen, the space view'
DEBUG:parse:format 'I click on File details' -> 'I click on File details'
DEBUG:parse:format 'I see the uploaded file' -> 'I see the uploaded file'
DEBUG:parse:format 'The "applying changes" spinner briefly appears. When it goes away, you are returned to the user profile and it will display the "Space Administrator" text' -> 'The "applying changes" spinner briefly appears\\. When it goes away, you are returned to the user profile and it will display the "Space Administrator" text'
DEBUG:parse:format 'I Choose settings option' -> 'I Choose settings option'
DEBUG:parse:format 'I choose the team I am an admin of' -> 'I choose the team I am an admin of'
DEBUG:parse:format 'I click on the Sign Up button' -> 'I click on the Sign Up button'
DEBUG:parse:format "I see I am on the 'Save Your Recovery Phrase' screen" -> "I see I am on the 'Save Your Recovery Phrase' screen"
DEBUG:parse:format 'I copy the recovery key' -> 'I copy the recovery key'
DEBUG:parse:format 'I click Continue' -> 'I click Continue'
DEBUG:parse:format "I see the 'Are you sure you saved your Recovery Phrase' screen" -> "I see the 'Are you sure you saved your Recovery Phrase' screen"
DEBUG:parse:format "I click on the 'Yes, I saved it' option" -> "I click on the 'Yes, I saved it' option"
DEBUG:parse:format 'I am on the Add/Create team start page' -> 'I am on the Add/Create team start page'
DEBUG:parse:format 'I enter the License Key' -> 'I enter the License Key'
DEBUG:parse:format 'I click the Create Team button' -> 'I click the Create Team button'
DEBUG:parse:format 'I enter the valid team name and check the continue button becomes active' -> 'I enter the valid team name and check the continue button becomes active'
DEBUG:parse:format 'I enter the name for the user and check the Continue button becomes active' -> 'I enter the name for the user and check the Continue button becomes active'
DEBUG:parse:format 'I see the team name in the Team Selector' -> 'I see the team name in the Team Selector'
DEBUG:parse:format 'I get the hash of the original file' -> 'I get the hash of the original file'
DEBUG:parse:format 'I modify the file' -> 'I modify the file'
DEBUG:parse:format 'I click the plus button' -> 'I click the plus button'
DEBUG:parse:format 'I get the hash of the modified file, and assert it is not the same' -> 'I get the hash of the modified file, and assert it is not the same'
DEBUG:parse:format 'I click on the revert icon' -> 'I click on the revert icon'
DEBUG:parse:format 'I confirm I am on the revert file modal' -> 'I confirm I am on the revert file modal'
DEBUG:parse:format "I click on the 'No, go back' option" -> "I click on the 'No, go back' option"
DEBUG:parse:format "I click on the 'Revert File' option" -> "I click on the 'Revert File' option"
DEBUG:parse:format 'I get the hash of the reverted file' -> 'I get the hash of the reverted file'
DEBUG:parse:format 'I confirm the reverted file hash is the same as the original file' -> 'I confirm the reverted file hash is the same as the original file'
DEBUG:parse:format 'I am in the login screen' -> 'I am in the login screen'
DEBUG:parse:format 'I create a passcode number' -> 'I create a passcode number'
DEBUG:parse:format 'I click the Log In button' -> 'I click the Log In button'
DEBUG:parse:format 'I am in the Team URl screen' -> 'I am in the Team URl screen'
DEBUG:parse:format 'I am in the Recovery Key screen' -> 'I am in the Recovery Key screen'
DEBUG:parse:format 'I write the recovery key' -> 'I write the recovery key'
DEBUG:parse:format 'I write the recovery key for bob' -> 'I write the recovery key for bob'
DEBUG:parse:format 'I am in the Welcome Screen' -> 'I am in the Welcome Screen'
DEBUG:parse:format 'I am on the Welcome Screen' -> 'I am on the Welcome Screen'
DEBUG:parse:format 'I click on the hamburger dropdown menu' -> 'I click on the hamburger dropdown menu'
DEBUG:parse:format 'I click the Continue button' -> 'I click the Continue button'
DEBUG:parse:format 'I Select the lock icon on top right' -> 'I Select the lock icon on top right'
DEBUG:parse:format 'I Select the lock icon on top right for the space' -> 'I Select the lock icon on top right for the space'
DEBUG:parse:format 'I choose my team' -> 'I choose my team'
DEBUG:parse:format 'I click on the Peoples tab' -> 'I click on the Peoples tab'
DEBUG:parse:format 'Back in the application,I click on the "Close" button' -> 'Back in the application,I click on the "Close" button'
DEBUG:parse:format 'I write the Team URL' -> 'I write the Team URL'
DEBUG:parse:format 'I click the Add Team button' -> 'I click the Add Team button'
DEBUG:parse:format 'I am on the Peoples Tab and the space members list become visible' -> 'I am on the Peoples Tab and the space members list become visible'
DEBUG:parse:format 'I select Bob from the list of people and The member screen appears' -> 'I select Bob from the list of people and The member screen appears'
DEBUG:parse:format 'I click on one of the spaces created' -> 'I click on one of the spaces created'
DEBUG:parse:format 'I Open a files (...) dropdown menu' -> 'I Open a files \\(\\.\\.\\.\\) dropdown menu'
DEBUG:parse:format 'I click on Version History' -> 'I click on Version History'
DEBUG:parse:format 'I Select the back arrow in the top left' -> 'I Select the back arrow in the top left'
DEBUG:parse:format 'I click on Delete File' -> 'I click on Delete File'
DEBUG:parse:format 'The Delete File pop up option becomes visible' -> 'The Delete File pop up option becomes visible'
DEBUG:parse:format 'I select the Cancel option from the pop up' -> 'I select the Cancel option from the pop up'
DEBUG:parse:format 'I am returned to the previous screen, the space view' -> 'I am returned to the previous screen, the space view'
DEBUG:parse:format 'I click on File details' -> 'I click on File details'
DEBUG:parse:format 'I see the uploaded file' -> 'I see the uploaded file'
DEBUG:parse:format 'The "applying changes" spinner briefly appears. When it goes away, you are returned to the user profile and it will display the "Space Administrator" text' -> 'The "applying changes" spinner briefly appears\\. When it goes away, you are returned to the user profile and it will display the "Space Administrator" text'
DEBUG:parse:format 'I Choose settings option' -> 'I Choose settings option'
DEBUG:parse:format 'I choose the team I am an admin of' -> 'I choose the team I am an admin of'
DEBUG:parse:format 'I click on the Sign Up button' -> 'I click on the Sign Up button'
DEBUG:parse:format "I see I am on the 'Save Your Recovery Phrase' screen" -> "I see I am on the 'Save Your Recovery Phrase' screen"
DEBUG:parse:format 'I copy the recovery key' -> 'I copy the recovery key'
DEBUG:parse:format 'I click Continue' -> 'I click Continue'
DEBUG:parse:format "I see the 'Are you sure you saved your Recovery Phrase' screen" -> "I see the 'Are you sure you saved your Recovery Phrase' screen"
DEBUG:parse:format "I click on the 'Yes, I saved it' option" -> "I click on the 'Yes, I saved it' option"
DEBUG:parse:format 'I am on the Add/Create team start page' -> 'I am on the Add/Create team start page'
DEBUG:parse:format 'I enter the License Key' -> 'I enter the License Key'
DEBUG:parse:format 'I click the Create Team button' -> 'I click the Create Team button'
DEBUG:parse:format 'I enter the valid team name and check the continue button becomes active' -> 'I enter the valid team name and check the continue button becomes active'
DEBUG:parse:format 'I enter the name for the user and check the Continue button becomes active' -> 'I enter the name for the user and check the Continue button becomes active'
DEBUG:parse:format 'I see the team name in the Team Selector' -> 'I see the team name in the Team Selector'
DEBUG:parse:format 'I get the hash of the original file' -> 'I get the hash of the original file'
DEBUG:parse:format 'I modify the file' -> 'I modify the file'
DEBUG:parse:format 'I click the plus button' -> 'I click the plus button'
DEBUG:parse:format 'I get the hash of the modified file, and assert it is not the same' -> 'I get the hash of the modified file, and assert it is not the same'
DEBUG:parse:format 'I click on the revert icon' -> 'I click on the revert icon'
DEBUG:parse:format 'I confirm I am on the revert file modal' -> 'I confirm I am on the revert file modal'
DEBUG:parse:format "I click on the 'No, go back' option" -> "I click on the 'No, go back' option"
DEBUG:parse:format "I click on the 'Revert File' option" -> "I click on the 'Revert File' option"
DEBUG:parse:format 'I get the hash of the reverted file' -> 'I get the hash of the reverted file'
DEBUG:parse:format 'I confirm the reverted file hash is the same as the original file' -> 'I confirm the reverted file hash is the same as the original file'
DEBUG:parse:format 'I am in the login screen' -> 'I am in the login screen'
DEBUG:parse:format 'I create a passcode number' -> 'I create a passcode number'
DEBUG:parse:format 'I click the Log In button' -> 'I click the Log In button'
DEBUG:parse:format 'I am in the Team URl screen' -> 'I am in the Team URl screen'
DEBUG:parse:format 'I am in the Recovery Key screen' -> 'I am in the Recovery Key screen'
DEBUG:parse:format 'I write the recovery key' -> 'I write the recovery key'
DEBUG:parse:format 'I write the recovery key for bob' -> 'I write the recovery key for bob'
DEBUG:parse:format 'I am in the Welcome Screen' -> 'I am in the Welcome Screen'
INFO:selenium.webdriver.remote.remote_connection:Could not connect to port 4723 on host 127.0.0.1
INFO:selenium.webdriver.remote.remote_connection:Could not get IP address for host: 127.0.0.1
WARNING:urllib3.connectionpool:Retrying (Retry(total=2, connect=None, read=None, redirect=None, status=None)) after connection broken by 'NewConnectionError('<urllib3.connection.HTTPConnection object at 0x10c76b040>: Failed to establish a new connection: [Errno 61] Connection refused')': /wd/hub/session
WARNING:urllib3.connectionpool:Retrying (Retry(total=1, connect=None, read=None, redirect=None, status=None)) after connection broken by 'NewConnectionError('<urllib3.connection.HTTPConnection object at 0x10c856310>: Failed to establish a new connection: [Errno 61] Connection refused')': /wd/hub/session
WARNING:urllib3.connectionpool:Retrying (Retry(total=0, connect=None, read=None, redirect=None, status=None)) after connection broken by 'NewConnectionError('<urllib3.connection.HTTPConnection object at 0x10c856490>: Failed to establish a new connection: [Errno 61] Connection refused')': /wd/hub/session
INFO:selenium.webdriver.remote.remote_connection:Could not connect to port 4723 on host 127.0.0.1
INFO:selenium.webdriver.remote.remote_connection:Could not get IP address for host: 127.0.0.1
WARNING:urllib3.connectionpool:Retrying (Retry(total=2, connect=None, read=None, redirect=None, status=None)) after connection broken by 'NewConnectionError('<urllib3.connection.HTTPConnection object at 0x10c856d00>: Failed to establish a new connection: [Errno 61] Connection refused')': /wd/hub/session
WARNING:urllib3.connectionpool:Retrying (Retry(total=1, connect=None, read=None, redirect=None, status=None)) after connection broken by 'NewConnectionError('<urllib3.connection.HTTPConnection object at 0x10c856e80>: Failed to establish a new connection: [Errno 61] Connection refused')': /wd/hub/session
WARNING:urllib3.connectionpool:Retrying (Retry(total=0, connect=None, read=None, redirect=None, status=None)) after connection broken by 'NewConnectionError('<urllib3.connection.HTTPConnection object at 0x10c856fd0>: Failed to establish a new connection: [Errno 61] Connection refused')': /wd/hub/session
INFO:selenium.webdriver.remote.remote_connection:Could not connect to port 4723 on host 127.0.0.1
INFO:selenium.webdriver.remote.remote_connection:Could not get IP address for host: 127.0.0.1
WARNING:urllib3.connectionpool:Retrying (Retry(total=2, connect=None, read=None, redirect=None, status=None)) after connection broken by 'NewConnectionError('<urllib3.connection.HTTPConnection object at 0x10c873f10>: Failed to establish a new connection: [Errno 61] Connection refused')': /wd/hub/session
WARNING:urllib3.connectionpool:Retrying (Retry(total=1, connect=None, read=None, redirect=None, status=None)) after connection broken by 'NewConnectionError('<urllib3.connection.HTTPConnection object at 0x10c873fd0>: Failed to establish a new connection: [Errno 61] Connection refused')': /wd/hub/session
WARNING:urllib3.connectionpool:Retrying (Retry(total=0, connect=None, read=None, redirect=None, status=None)) after connection broken by 'NewConnectionError('<urllib3.connection.HTTPConnection object at 0x10c8a1160>: Failed to establish a new connection: [Errno 61] Connection refused')': /wd/hub/session
DEBUG:parse:format 'I am on the Welcome Screen' -> 'I am on the Welcome Screen'
DEBUG:parse:format 'I click on the hamburger dropdown menu' -> 'I click on the hamburger dropdown menu'
DEBUG:parse:format 'I click the Continue button' -> 'I click the Continue button'
DEBUG:parse:format 'I Select the lock icon on top right' -> 'I Select the lock icon on top right'
DEBUG:parse:format 'I Select the lock icon on top right for the space' -> 'I Select the lock icon on top right for the space'
DEBUG:parse:format 'I choose my team' -> 'I choose my team'
DEBUG:parse:format 'I click on the Peoples tab' -> 'I click on the Peoples tab'
DEBUG:parse:format 'Back in the application,I click on the "Close" button' -> 'Back in the application,I click on the "Close" button'
DEBUG:parse:format 'I write the Team URL' -> 'I write the Team URL'
DEBUG:parse:format 'I click the Add Team button' -> 'I click the Add Team button'
DEBUG:parse:format 'I am on the Peoples Tab and the space members list become visible' -> 'I am on the Peoples Tab and the space members list become visible'
DEBUG:parse:format 'I select Bob from the list of people and The member screen appears' -> 'I select Bob from the list of people and The member screen appears'
DEBUG:parse:format 'I click on one of the spaces created' -> 'I click on one of the spaces created'
DEBUG:parse:format 'I Open a files (...) dropdown menu' -> 'I Open a files \\(\\.\\.\\.\\) dropdown menu'
DEBUG:parse:format 'I click on Version History' -> 'I click on Version History'
DEBUG:parse:format 'I Select the back arrow in the top left' -> 'I Select the back arrow in the top left'
DEBUG:parse:format 'I click on Delete File' -> 'I click on Delete File'
DEBUG:parse:format 'The Delete File pop up option becomes visible' -> 'The Delete File pop up option becomes visible'
DEBUG:parse:format 'I select the Cancel option from the pop up' -> 'I select the Cancel option from the pop up'
DEBUG:parse:format 'I am returned to the previous screen, the space view' -> 'I am returned to the previous screen, the space view'
DEBUG:parse:format 'I click on File details' -> 'I click on File details'
DEBUG:parse:format 'I see the uploaded file' -> 'I see the uploaded file'
DEBUG:parse:format 'The "applying changes" spinner briefly appears. When it goes away, you are returned to the user profile and it will display the "Space Administrator" text' -> 'The "applying changes" spinner briefly appears\\. When it goes away, you are returned to the user profile and it will display the "Space Administrator" text'
DEBUG:parse:format 'I Choose settings option' -> 'I Choose settings option'
DEBUG:parse:format 'I choose the team I am an admin of' -> 'I choose the team I am an admin of'
DEBUG:parse:format 'I click on the Sign Up button' -> 'I click on the Sign Up button'
DEBUG:parse:format "I see I am on the 'Save Your Recovery Phrase' screen" -> "I see I am on the 'Save Your Recovery Phrase' screen"
DEBUG:parse:format 'I copy the recovery key' -> 'I copy the recovery key'
DEBUG:parse:format 'I click Continue' -> 'I click Continue'
DEBUG:parse:format "I see the 'Are you sure you saved your Recovery Phrase' screen" -> "I see the 'Are you sure you saved your Recovery Phrase' screen"
DEBUG:parse:format "I click on the 'Yes, I saved it' option" -> "I click on the 'Yes, I saved it' option"
DEBUG:parse:format 'I am on the Add/Create team start page' -> 'I am on the Add/Create team start page'
DEBUG:parse:format 'I enter the License Key' -> 'I enter the License Key'
DEBUG:parse:format 'I click the Create Team button' -> 'I click the Create Team button'
DEBUG:parse:format 'I enter the valid team name and check the continue button becomes active' -> 'I enter the valid team name and check the continue button becomes active'
DEBUG:parse:format 'I enter the name for the user and check the Continue button becomes active' -> 'I enter the name for the user and check the Continue button becomes active'
DEBUG:parse:format 'I see the team name in the Team Selector' -> 'I see the team name in the Team Selector'
DEBUG:parse:format 'I get the hash of the original file' -> 'I get the hash of the original file'
DEBUG:parse:format 'I modify the file' -> 'I modify the file'
DEBUG:parse:format 'I click the plus button' -> 'I click the plus button'
DEBUG:parse:format 'I get the hash of the modified file, and assert it is not the same' -> 'I get the hash of the modified file, and assert it is not the same'
DEBUG:parse:format 'I click on the revert icon' -> 'I click on the revert icon'
DEBUG:parse:format 'I confirm I am on the revert file modal' -> 'I confirm I am on the revert file modal'
DEBUG:parse:format "I click on the 'No, go back' option" -> "I click on the 'No, go back' option"
DEBUG:parse:format "I click on the 'Revert File' option" -> "I click on the 'Revert File' option"
DEBUG:parse:format 'I get the hash of the reverted file' -> 'I get the hash of the reverted file'
DEBUG:parse:format 'I confirm the reverted file hash is the same as the original file' -> 'I confirm the reverted file hash is the same as the original file'
DEBUG:parse:format 'I am in the login screen' -> 'I am in the login screen'
DEBUG:parse:format 'I create a passcode number' -> 'I create a passcode number'
DEBUG:parse:format 'I click the Log In button' -> 'I click the Log In button'
DEBUG:parse:format 'I am in the Team URl screen' -> 'I am in the Team URl screen'
DEBUG:parse:format 'I am in the Recovery Key screen' -> 'I am in the Recovery Key screen'
DEBUG:parse:format 'I write the recovery key' -> 'I write the recovery key'
DEBUG:parse:format 'I write the recovery key for bob' -> 'I write the recovery key for bob'
DEBUG:parse:format 'I am in the Welcome Screen' -> 'I am in the Welcome Screen'
DEBUG:parse:format 'I am on the Welcome Screen' -> 'I am on the Welcome Screen'
DEBUG:parse:format 'I click on the hamburger dropdown menu' -> 'I click on the hamburger dropdown menu'
DEBUG:parse:format 'I click the Continue button' -> 'I click the Continue button'
DEBUG:parse:format 'I Select the lock icon on top right' -> 'I Select the lock icon on top right'
DEBUG:parse:format 'I Select the lock icon on top right for the space' -> 'I Select the lock icon on top right for the space'
DEBUG:parse:format 'I choose my team' -> 'I choose my team'
DEBUG:parse:format 'I click on the Peoples tab' -> 'I click on the Peoples tab'
DEBUG:parse:format 'Back in the application,I click on the "Close" button' -> 'Back in the application,I click on the "Close" button'
DEBUG:parse:format 'I write the Team URL' -> 'I write the Team URL'
DEBUG:parse:format 'I click the Add Team button' -> 'I click the Add Team button'
DEBUG:parse:format 'I am on the Peoples Tab and the space members list become visible' -> 'I am on the Peoples Tab and the space members list become visible'
DEBUG:parse:format 'I select Bob from the list of people and The member screen appears' -> 'I select Bob from the list of people and The member screen appears'
DEBUG:parse:format 'I click on one of the spaces created' -> 'I click on one of the spaces created'
DEBUG:parse:format 'I Open a files (...) dropdown menu' -> 'I Open a files \\(\\.\\.\\.\\) dropdown menu'
DEBUG:parse:format 'I click on Version History' -> 'I click on Version History'
DEBUG:parse:format 'I Select the back arrow in the top left' -> 'I Select the back arrow in the top left'
DEBUG:parse:format 'I click on Delete File' -> 'I click on Delete File'
DEBUG:parse:format 'The Delete File pop up option becomes visible' -> 'The Delete File pop up option becomes visible'
DEBUG:parse:format 'I select the Cancel option from the pop up' -> 'I select the Cancel option from the pop up'
DEBUG:parse:format 'I am returned to the previous screen, the space view' -> 'I am returned to the previous screen, the space view'
DEBUG:parse:format 'I click on File details' -> 'I click on File details'
DEBUG:parse:format 'I see the uploaded file' -> 'I see the uploaded file'
DEBUG:parse:format 'The "applying changes" spinner briefly appears. When it goes away, you are returned to the user profile and it will display the "Space Administrator" text' -> 'The "applying changes" spinner briefly appears\\. When it goes away, you are returned to the user profile and it will display the "Space Administrator" text'
DEBUG:parse:format 'I Choose settings option' -> 'I Choose settings option'
DEBUG:parse:format 'I choose the team I am an admin of' -> 'I choose the team I am an admin of'
DEBUG:parse:format 'I click on the Sign Up button' -> 'I click on the Sign Up button'
DEBUG:parse:format "I see I am on the 'Save Your Recovery Phrase' screen" -> "I see I am on the 'Save Your Recovery Phrase' screen"
DEBUG:parse:format 'I copy the recovery key' -> 'I copy the recovery key'
DEBUG:parse:format 'I click Continue' -> 'I click Continue'
DEBUG:parse:format "I see the 'Are you sure you saved your Recovery Phrase' screen" -> "I see the 'Are you sure you saved your Recovery Phrase' screen"
DEBUG:parse:format "I click on the 'Yes, I saved it' option" -> "I click on the 'Yes, I saved it' option"
DEBUG:parse:format 'I am on the Add/Create team start page' -> 'I am on the Add/Create team start page'
DEBUG:parse:format 'I enter the License Key' -> 'I enter the License Key'
DEBUG:parse:format 'I click the Create Team button' -> 'I click the Create Team button'
DEBUG:parse:format 'I enter the valid team name and check the continue button becomes active' -> 'I enter the valid team name and check the continue button becomes active'
DEBUG:parse:format 'I enter the name for the user and check the Continue button becomes active' -> 'I enter the name for the user and check the Continue button becomes active'
DEBUG:parse:format 'I see the team name in the Team Selector' -> 'I see the team name in the Team Selector'
DEBUG:parse:format 'I get the hash of the original file' -> 'I get the hash of the original file'
DEBUG:parse:format 'I modify the file' -> 'I modify the file'
DEBUG:parse:format 'I click the plus button' -> 'I click the plus button'
DEBUG:parse:format 'I get the hash of the modified file, and assert it is not the same' -> 'I get the hash of the modified file, and assert it is not the same'
DEBUG:parse:format 'I click on the revert icon' -> 'I click on the revert icon'
DEBUG:parse:format 'I confirm I am on the revert file modal' -> 'I confirm I am on the revert file modal'
DEBUG:parse:format "I click on the 'No, go back' option" -> "I click on the 'No, go back' option"
DEBUG:parse:format "I click on the 'Revert File' option" -> "I click on the 'Revert File' option"
DEBUG:parse:format 'I get the hash of the reverted file' -> 'I get the hash of the reverted file'
DEBUG:parse:format 'I confirm the reverted file hash is the same as the original file' -> 'I confirm the reverted file hash is the same as the original file'
DEBUG:parse:format 'I am in the login screen' -> 'I am in the login screen'
DEBUG:parse:format 'I create a passcode number' -> 'I create a passcode number'
DEBUG:parse:format 'I click the Log In button' -> 'I click the Log In button'
DEBUG:parse:format 'I am in the Team URl screen' -> 'I am in the Team URl screen'
DEBUG:parse:format 'I am in the Recovery Key screen' -> 'I am in the Recovery Key screen'
DEBUG:parse:format 'I write the recovery key' -> 'I write the recovery key'
DEBUG:parse:format 'I write the recovery key for bob' -> 'I write the recovery key for bob'
DEBUG:parse:format 'I am in the Welcome Screen' -> 'I am in the Welcome Screen'
DEBUG:parse:format 'I am on the Welcome Screen' -> 'I am on the Welcome Screen'
DEBUG:parse:format 'I click on the hamburger dropdown menu' -> 'I click on the hamburger dropdown menu'
DEBUG:parse:format 'I click the Continue button' -> 'I click the Continue button'
DEBUG:parse:format 'I Select the lock icon on top right' -> 'I Select the lock icon on top right'
DEBUG:parse:format 'I Select the lock icon on top right for the space' -> 'I Select the lock icon on top right for the space'
DEBUG:parse:format 'I choose my team' -> 'I choose my team'
DEBUG:parse:format 'I click on the Peoples tab' -> 'I click on the Peoples tab'
DEBUG:parse:format 'Back in the application,I click on the "Close" button' -> 'Back in the application,I click on the "Close" button'
DEBUG:parse:format 'I write the Team URL' -> 'I write the Team URL'
DEBUG:parse:format 'I click the Add Team button' -> 'I click the Add Team button'
DEBUG:parse:format 'I am on the Peoples Tab and the space members list become visible' -> 'I am on the Peoples Tab and the space members list become visible'
DEBUG:parse:format 'I select Bob from the list of people and The member screen appears' -> 'I select Bob from the list of people and The member screen appears'
DEBUG:parse:format 'I click on one of the spaces created' -> 'I click on one of the spaces created'
DEBUG:parse:format 'I Open a files (...) dropdown menu' -> 'I Open a files \\(\\.\\.\\.\\) dropdown menu'
DEBUG:parse:format 'I click on Version History' -> 'I click on Version History'
DEBUG:parse:format 'I Select the back arrow in the top left' -> 'I Select the back arrow in the top left'
DEBUG:parse:format 'I click on Delete File' -> 'I click on Delete File'
DEBUG:parse:format 'The Delete File pop up option becomes visible' -> 'The Delete File pop up option becomes visible'
DEBUG:parse:format 'I select the Cancel option from the pop up' -> 'I select the Cancel option from the pop up'
DEBUG:parse:format 'I am returned to the previous screen, the space view' -> 'I am returned to the previous screen, the space view'
DEBUG:parse:format 'I click on File details' -> 'I click on File details'
DEBUG:parse:format 'I see the uploaded file' -> 'I see the uploaded file'
DEBUG:parse:format 'The "applying changes" spinner briefly appears. When it goes away, you are returned to the user profile and it will display the "Space Administrator" text' -> 'The "applying changes" spinner briefly appears\\. When it goes away, you are returned to the user profile and it will display the "Space Administrator" text'
DEBUG:parse:format 'I Choose settings option' -> 'I Choose settings option'
DEBUG:parse:format 'I choose the team I am an admin of' -> 'I choose the team I am an admin of'
DEBUG:parse:format 'I click on the Sign Up button' -> 'I click on the Sign Up button'
DEBUG:parse:format "I see I am on the 'Save Your Recovery Phrase' screen" -> "I see I am on the 'Save Your Recovery Phrase' screen"
DEBUG:parse:format 'I copy the recovery key' -> 'I copy the recovery key'
DEBUG:parse:format 'I click Continue' -> 'I click Continue'
DEBUG:parse:format "I see the 'Are you sure you saved your Recovery Phrase' screen" -> "I see the 'Are you sure you saved your Recovery Phrase' screen"
DEBUG:parse:format "I click on the 'Yes, I saved it' option" -> "I click on the 'Yes, I saved it' option"
DEBUG:parse:format 'I am on the Add/Create team start page' -> 'I am on the Add/Create team start page'
DEBUG:parse:format 'I enter the License Key' -> 'I enter the License Key'
DEBUG:parse:format 'I click the Create Team button' -> 'I click the Create Team button'
DEBUG:parse:format 'I enter the valid team name and check the continue button becomes active' -> 'I enter the valid team name and check the continue button becomes active'
DEBUG:parse:format 'I enter the name for the user and check the Continue button becomes active' -> 'I enter the name for the user and check the Continue button becomes active'
DEBUG:parse:format 'I see the team name in the Team Selector' -> 'I see the team name in the Team Selector'
DEBUG:parse:format 'I get the hash of the original file' -> 'I get the hash of the original file'
DEBUG:parse:format 'I modify the file' -> 'I modify the file'
DEBUG:parse:format 'I click the plus button' -> 'I click the plus button'
DEBUG:parse:format 'I get the hash of the modified file, and assert it is not the same' -> 'I get the hash of the modified file, and assert it is not the same'
DEBUG:parse:format 'I click on the revert icon' -> 'I click on the revert icon'
DEBUG:parse:format 'I confirm I am on the revert file modal' -> 'I confirm I am on the revert file modal'
DEBUG:parse:format "I click on the 'No, go back' option" -> "I click on the 'No, go back' option"
DEBUG:parse:format "I click on the 'Revert File' option" -> "I click on the 'Revert File' option"
DEBUG:parse:format 'I get the hash of the reverted file' -> 'I get the hash of the reverted file'
DEBUG:parse:format 'I confirm the reverted file hash is the same as the original file' -> 'I confirm the reverted file hash is the same as the original file'
DEBUG:parse:format 'I am in the login screen' -> 'I am in the login screen'
DEBUG:parse:format 'I create a passcode number' -> 'I create a passcode number'
DEBUG:parse:format 'I click the Log In button' -> 'I click the Log In button'
DEBUG:parse:format 'I am in the Team URl screen' -> 'I am in the Team URl screen'
DEBUG:parse:format 'I am in the Recovery Key screen' -> 'I am in the Recovery Key screen'
DEBUG:parse:format 'I write the recovery key' -> 'I write the recovery key'
DEBUG:parse:format 'I write the recovery key for bob' -> 'I write the recovery key for bob'
DEBUG:parse:format 'I am in the Welcome Screen' -> 'I am in the Welcome Screen'
DEBUG:parse:format 'I am on the Welcome Screen' -> 'I am on the Welcome Screen'
DEBUG:parse:format 'I click on the hamburger dropdown menu' -> 'I click on the hamburger dropdown menu'
DEBUG:parse:format 'I click the Continue button' -> 'I click the Continue button'
DEBUG:parse:format 'I Select the lock icon on top right' -> 'I Select the lock icon on top right'
DEBUG:parse:format 'I Select the lock icon on top right for the space' -> 'I Select the lock icon on top right for the space'
DEBUG:parse:format 'I choose my team' -> 'I choose my team'
DEBUG:parse:format 'I click on the Peoples tab' -> 'I click on the Peoples tab'
DEBUG:parse:format 'Back in the application,I click on the "Close" button' -> 'Back in the application,I click on the "Close" button'
DEBUG:parse:format 'I write the Team URL' -> 'I write the Team URL'
DEBUG:parse:format 'I click the Add Team button' -> 'I click the Add Team button'
DEBUG:parse:format 'I am on the Peoples Tab and the space members list become visible' -> 'I am on the Peoples Tab and the space members list become visible'
DEBUG:parse:format 'I select Bob from the list of people and The member screen appears' -> 'I select Bob from the list of people and The member screen appears'
DEBUG:parse:format 'I click on one of the spaces created' -> 'I click on one of the spaces created'
DEBUG:parse:format 'I Open a files (...) dropdown menu' -> 'I Open a files \\(\\.\\.\\.\\) dropdown menu'
DEBUG:parse:format 'I click on Version History' -> 'I click on Version History'
DEBUG:parse:format 'I Select the back arrow in the top left' -> 'I Select the back arrow in the top left'
DEBUG:parse:format 'I click on Delete File' -> 'I click on Delete File'
DEBUG:parse:format 'The Delete File pop up option becomes visible' -> 'The Delete File pop up option becomes visible'
DEBUG:parse:format 'I select the Cancel option from the pop up' -> 'I select the Cancel option from the pop up'
DEBUG:parse:format 'I am returned to the previous screen, the space view' -> 'I am returned to the previous screen, the space view'
DEBUG:parse:format 'I click on File details' -> 'I click on File details'
DEBUG:parse:format 'I see the uploaded file' -> 'I see the uploaded file'
DEBUG:parse:format 'The "applying changes" spinner briefly appears. When it goes away, you are returned to the user profile and it will display the "Space Administrator" text' -> 'The "applying changes" spinner briefly appears\\. When it goes away, you are returned to the user profile and it will display the "Space Administrator" text'
DEBUG:parse:format 'I Choose settings option' -> 'I Choose settings option'
DEBUG:parse:format 'I choose the team I am an admin of' -> 'I choose the team I am an admin of'
DEBUG:parse:format 'I click on the Sign Up button' -> 'I click on the Sign Up button'
DEBUG:parse:format "I see I am on the 'Save Your Recovery Phrase' screen" -> "I see I am on the 'Save Your Recovery Phrase' screen"
DEBUG:parse:format 'I copy the recovery key' -> 'I copy the recovery key'
DEBUG:parse:format 'I click Continue' -> 'I click Continue'
DEBUG:parse:format "I see the 'Are you sure you saved your Recovery Phrase' screen" -> "I see the 'Are you sure you saved your Recovery Phrase' screen"
DEBUG:parse:format "I click on the 'Yes, I saved it' option" -> "I click on the 'Yes, I saved it' option"
DEBUG:parse:format 'I am on the Add/Create team start page' -> 'I am on the Add/Create team start page'
DEBUG:parse:format 'I enter the License Key' -> 'I enter the License Key'
DEBUG:parse:format 'I click the Create Team button' -> 'I click the Create Team button'
DEBUG:parse:format 'I enter the valid team name and check the continue button becomes active' -> 'I enter the valid team name and check the continue button becomes active'
DEBUG:parse:format 'I enter the name for the user and check the Continue button becomes active' -> 'I enter the name for the user and check the Continue button becomes active'
DEBUG:parse:format 'I see the team name in the Team Selector' -> 'I see the team name in the Team Selector'
DEBUG:parse:format 'I get the hash of the original file' -> 'I get the hash of the original file'
DEBUG:parse:format 'I modify the file' -> 'I modify the file'
DEBUG:parse:format 'I click the plus button' -> 'I click the plus button'
DEBUG:parse:format 'I get the hash of the modified file, and assert it is not the same' -> 'I get the hash of the modified file, and assert it is not the same'
DEBUG:parse:format 'I click on the revert icon' -> 'I click on the revert icon'
DEBUG:parse:format 'I confirm I am on the revert file modal' -> 'I confirm I am on the revert file modal'
DEBUG:parse:format "I click on the 'No, go back' option" -> "I click on the 'No, go back' option"
DEBUG:parse:format "I click on the 'Revert File' option" -> "I click on the 'Revert File' option"
DEBUG:parse:format 'I get the hash of the reverted file' -> 'I get the hash of the reverted file'
DEBUG:parse:format 'I confirm the reverted file hash is the same as the original file' -> 'I confirm the reverted file hash is the same as the original file'
DEBUG:parse:format 'I am in the login screen' -> 'I am in the login screen'
DEBUG:parse:format 'I create a passcode number' -> 'I create a passcode number'
DEBUG:parse:format 'I click the Log In button' -> 'I click the Log In button'
DEBUG:parse:format 'I am in the Team URl screen' -> 'I am in the Team URl screen'
DEBUG:parse:format 'I am in the Recovery Key screen' -> 'I am in the Recovery Key screen'
DEBUG:parse:format 'I write the recovery key' -> 'I write the recovery key'
DEBUG:parse:format 'I write the recovery key for bob' -> 'I write the recovery key for bob'
DEBUG:parse:format 'I am in the Welcome Screen' -> 'I am in the Welcome Screen'
DEBUG:parse:format 'I am on the Welcome Screen' -> 'I am on the Welcome Screen'
DEBUG:parse:format 'I click on the hamburger dropdown menu' -> 'I click on the hamburger dropdown menu'
DEBUG:parse:format 'I click the Continue button' -> 'I click the Continue button'
DEBUG:parse:format 'I Select the lock icon on top right' -> 'I Select the lock icon on top right'
DEBUG:parse:format 'I Select the lock icon on top right for the space' -> 'I Select the lock icon on top right for the space'
DEBUG:parse:format 'I choose my team' -> 'I choose my team'
DEBUG:parse:format 'I click on the Peoples tab' -> 'I click on the Peoples tab'
DEBUG:parse:format 'Back in the application,I click on the "Close" button' -> 'Back in the application,I click on the "Close" button'
DEBUG:parse:format 'I write the Team URL' -> 'I write the Team URL'
DEBUG:parse:format 'I click the Add Team button' -> 'I click the Add Team button'
DEBUG:parse:format 'I am on the Peoples Tab and the space members list become visible' -> 'I am on the Peoples Tab and the space members list become visible'
DEBUG:parse:format 'I select Bob from the list of people and The member screen appears' -> 'I select Bob from the list of people and The member screen appears'
DEBUG:parse:format 'I click on one of the spaces created' -> 'I click on one of the spaces created'
DEBUG:parse:format 'I Open a files (...) dropdown menu' -> 'I Open a files \\(\\.\\.\\.\\) dropdown menu'
DEBUG:parse:format 'I click on Version History' -> 'I click on Version History'
DEBUG:parse:format 'I Select the back arrow in the top left' -> 'I Select the back arrow in the top left'
DEBUG:parse:format 'I click on Delete File' -> 'I click on Delete File'
DEBUG:parse:format 'The Delete File pop up option becomes visible' -> 'The Delete File pop up option becomes visible'
DEBUG:parse:format 'I select the Cancel option from the pop up' -> 'I select the Cancel option from the pop up'
DEBUG:parse:format 'I am returned to the previous screen, the space view' -> 'I am returned to the previous screen, the space view'
DEBUG:parse:format 'I click on File details' -> 'I click on File details'
DEBUG:parse:format 'I see the uploaded file' -> 'I see the uploaded file'
DEBUG:parse:format 'The "applying changes" spinner briefly appears. When it goes away, you are returned to the user profile and it will display the "Space Administrator" text' -> 'The "applying changes" spinner briefly appears\\. When it goes away, you are returned to the user profile and it will display the "Space Administrator" text'
DEBUG:parse:format 'I Choose settings option' -> 'I Choose settings option'
DEBUG:parse:format 'I choose the team I am an admin of' -> 'I choose the team I am an admin of'
DEBUG:parse:format 'I click on the Sign Up button' -> 'I click on the Sign Up button'
DEBUG:parse:format "I see I am on the 'Save Your Recovery Phrase' screen" -> "I see I am on the 'Save Your Recovery Phrase' screen"
DEBUG:parse:format 'I copy the recovery key' -> 'I copy the recovery key'
DEBUG:parse:format 'I click Continue' -> 'I click Continue'
DEBUG:parse:format "I see the 'Are you sure you saved your Recovery Phrase' screen" -> "I see the 'Are you sure you saved your Recovery Phrase' screen"
DEBUG:parse:format "I click on the 'Yes, I saved it' option" -> "I click on the 'Yes, I saved it' option"
DEBUG:parse:format 'I am on the Add/Create team start page' -> 'I am on the Add/Create team start page'
DEBUG:parse:format 'I enter the License Key' -> 'I enter the License Key'
DEBUG:parse:format 'I click the Create Team button' -> 'I click the Create Team button'
DEBUG:parse:format 'I enter the valid team name and check the continue button becomes active' -> 'I enter the valid team name and check the continue button becomes active'
DEBUG:parse:format 'I enter the name for the user and check the Continue button becomes active' -> 'I enter the name for the user and check the Continue button becomes active'
DEBUG:parse:format 'I see the team name in the Team Selector' -> 'I see the team name in the Team Selector'
DEBUG:parse:format 'I get the hash of the original file' -> 'I get the hash of the original file'
DEBUG:parse:format 'I modify the file' -> 'I modify the file'
DEBUG:parse:format 'I click the plus button' -> 'I click the plus button'
DEBUG:parse:format 'I get the hash of the modified file, and assert it is not the same' -> 'I get the hash of the modified file, and assert it is not the same'
DEBUG:parse:format 'I click on the revert icon' -> 'I click on the revert icon'
DEBUG:parse:format 'I confirm I am on the revert file modal' -> 'I confirm I am on the revert file modal'
DEBUG:parse:format "I click on the 'No, go back' option" -> "I click on the 'No, go back' option"
DEBUG:parse:format "I click on the 'Revert File' option" -> "I click on the 'Revert File' option"
DEBUG:parse:format 'I get the hash of the reverted file' -> 'I get the hash of the reverted file'
DEBUG:parse:format 'I confirm the reverted file hash is the same as the original file' -> 'I confirm the reverted file hash is the same as the original file'
DEBUG:parse:format 'I am in the login screen' -> 'I am in the login screen'
DEBUG:parse:format 'I create a passcode number' -> 'I create a passcode number'
DEBUG:parse:format 'I click the Log In button' -> 'I click the Log In button'
DEBUG:parse:format 'I am in the Team URl screen' -> 'I am in the Team URl screen'
DEBUG:parse:format 'I am in the Recovery Key screen' -> 'I am in the Recovery Key screen'
DEBUG:parse:format 'I write the recovery key' -> 'I write the recovery key'
DEBUG:parse:format 'I write the recovery key for bob' -> 'I write the recovery key for bob'
DEBUG:parse:format 'I am in the Welcome Screen' -> 'I am in the Welcome Screen'
DEBUG:parse:format 'I am on the Welcome Screen' -> 'I am on the Welcome Screen'
DEBUG:parse:format 'I click on the hamburger dropdown menu' -> 'I click on the hamburger dropdown menu'
DEBUG:parse:format 'I click the Continue button' -> 'I click the Continue button'
DEBUG:parse:format 'I Select the lock icon on top right' -> 'I Select the lock icon on top right'
DEBUG:parse:format 'I Select the lock icon on top right for the space' -> 'I Select the lock icon on top right for the space'
DEBUG:parse:format 'I choose my team' -> 'I choose my team'
DEBUG:parse:format 'I click on the Peoples tab' -> 'I click on the Peoples tab'
DEBUG:parse:format 'Back in the application,I click on the "Close" button' -> 'Back in the application,I click on the "Close" button'
DEBUG:parse:format 'I write the Team URL' -> 'I write the Team URL'
DEBUG:parse:format 'I click the Add Team button' -> 'I click the Add Team button'
DEBUG:parse:format 'I am on the Peoples Tab and the space members list become visible' -> 'I am on the Peoples Tab and the space members list become visible'
DEBUG:parse:format 'I select Bob from the list of people and The member screen appears' -> 'I select Bob from the list of people and The member screen appears'
DEBUG:parse:format 'I click on one of the spaces created' -> 'I click on one of the spaces created'
DEBUG:parse:format 'I Open a files (...) dropdown menu' -> 'I Open a files \\(\\.\\.\\.\\) dropdown menu'
DEBUG:parse:format 'I click on Version History' -> 'I click on Version History'
DEBUG:parse:format 'I Select the back arrow in the top left' -> 'I Select the back arrow in the top left'
DEBUG:parse:format 'I click on Delete File' -> 'I click on Delete File'
DEBUG:parse:format 'The Delete File pop up option becomes visible' -> 'The Delete File pop up option becomes visible'
DEBUG:parse:format 'I select the Cancel option from the pop up' -> 'I select the Cancel option from the pop up'
DEBUG:parse:format 'I am returned to the previous screen, the space view' -> 'I am returned to the previous screen, the space view'
DEBUG:parse:format 'I click on File details' -> 'I click on File details'
DEBUG:parse:format 'I see the uploaded file' -> 'I see the uploaded file'
DEBUG:parse:format 'The "applying changes" spinner briefly appears. When it goes away, you are returned to the user profile and it will display the "Space Administrator" text' -> 'The "applying changes" spinner briefly appears\\. When it goes away, you are returned to the user profile and it will display the "Space Administrator" text'
DEBUG:parse:format 'I Choose settings option' -> 'I Choose settings option'
DEBUG:parse:format 'I choose the team I am an admin of' -> 'I choose the team I am an admin of'
DEBUG:parse:format 'I click on the Sign Up button' -> 'I click on the Sign Up button'
DEBUG:parse:format "I see I am on the 'Save Your Recovery Phrase' screen" -> "I see I am on the 'Save Your Recovery Phrase' screen"
DEBUG:parse:format 'I copy the recovery key' -> 'I copy the recovery key'
DEBUG:parse:format 'I click Continue' -> 'I click Continue'
DEBUG:parse:format "I see the 'Are you sure you saved your Recovery Phrase' screen" -> "I see the 'Are you sure you saved your Recovery Phrase' screen"
DEBUG:parse:format "I click on the 'Yes, I saved it' option" -> "I click on the 'Yes, I saved it' option"
DEBUG:parse:format 'I am on the Add/Create team start page' -> 'I am on the Add/Create team start page'
DEBUG:parse:format 'I enter the License Key' -> 'I enter the License Key'
DEBUG:parse:format 'I click the Create Team button' -> 'I click the Create Team button'
DEBUG:parse:format 'I enter the valid team name and check the continue button becomes active' -> 'I enter the valid team name and check the continue button becomes active'
DEBUG:parse:format 'I enter the name for the user and check the Continue button becomes active' -> 'I enter the name for the user and check the Continue button becomes active'
DEBUG:parse:format 'I see the team name in the Team Selector' -> 'I see the team name in the Team Selector'
DEBUG:parse:format 'I get the hash of the original file' -> 'I get the hash of the original file'
DEBUG:parse:format 'I modify the file' -> 'I modify the file'
DEBUG:parse:format 'I click the plus button' -> 'I click the plus button'
DEBUG:parse:format 'I get the hash of the modified file, and assert it is not the same' -> 'I get the hash of the modified file, and assert it is not the same'
DEBUG:parse:format 'I click on the revert icon' -> 'I click on the revert icon'
DEBUG:parse:format 'I confirm I am on the revert file modal' -> 'I confirm I am on the revert file modal'
DEBUG:parse:format "I click on the 'No, go back' option" -> "I click on the 'No, go back' option"
DEBUG:parse:format "I click on the 'Revert File' option" -> "I click on the 'Revert File' option"
DEBUG:parse:format 'I get the hash of the reverted file' -> 'I get the hash of the reverted file'
DEBUG:parse:format 'I confirm the reverted file hash is the same as the original file' -> 'I confirm the reverted file hash is the same as the original file'
DEBUG:parse:format 'I am in the login screen' -> 'I am in the login screen'
DEBUG:parse:format 'I create a passcode number' -> 'I create a passcode number'
DEBUG:parse:format 'I click the Log In button' -> 'I click the Log In button'
DEBUG:parse:format 'I am in the Team URl screen' -> 'I am in the Team URl screen'
DEBUG:parse:format 'I am in the Recovery Key screen' -> 'I am in the Recovery Key screen'
DEBUG:parse:format 'I write the recovery key' -> 'I write the recovery key'
DEBUG:parse:format 'I write the recovery key for bob' -> 'I write the recovery key for bob'
DEBUG:parse:format 'I am in the Welcome Screen' -> 'I am in the Welcome Screen'
DEBUG:parse:format 'I am on the Welcome Screen' -> 'I am on the Welcome Screen'
DEBUG:parse:format 'I click on the hamburger dropdown menu' -> 'I click on the hamburger dropdown menu'
DEBUG:parse:format 'I click the Continue button' -> 'I click the Continue button'
DEBUG:parse:format 'I Select the lock icon on top right' -> 'I Select the lock icon on top right'
DEBUG:parse:format 'I Select the lock icon on top right for the space' -> 'I Select the lock icon on top right for the space'
DEBUG:parse:format 'I choose my team' -> 'I choose my team'
DEBUG:parse:format 'I click on the Peoples tab' -> 'I click on the Peoples tab'
DEBUG:parse:format 'Back in the application,I click on the "Close" button' -> 'Back in the application,I click on the "Close" button'
DEBUG:parse:format 'I write the Team URL' -> 'I write the Team URL'
DEBUG:parse:format 'I click the Add Team button' -> 'I click the Add Team button'
DEBUG:parse:format 'I am on the Peoples Tab and the space members list become visible' -> 'I am on the Peoples Tab and the space members list become visible'
DEBUG:parse:format 'I select Bob from the list of people and The member screen appears' -> 'I select Bob from the list of people and The member screen appears'
DEBUG:parse:format 'I click on one of the spaces created' -> 'I click on one of the spaces created'
DEBUG:parse:format 'I Open a files (...) dropdown menu' -> 'I Open a files \\(\\.\\.\\.\\) dropdown menu'
DEBUG:parse:format 'I click on Version History' -> 'I click on Version History'
DEBUG:parse:format 'I Select the back arrow in the top left' -> 'I Select the back arrow in the top left'
DEBUG:parse:format 'I click on Delete File' -> 'I click on Delete File'
DEBUG:parse:format 'The Delete File pop up option becomes visible' -> 'The Delete File pop up option becomes visible'
DEBUG:parse:format 'I select the Cancel option from the pop up' -> 'I select the Cancel option from the pop up'
DEBUG:parse:format 'I am returned to the previous screen, the space view' -> 'I am returned to the previous screen, the space view'
DEBUG:parse:format 'I click on File details' -> 'I click on File details'
DEBUG:parse:format 'I see the uploaded file' -> 'I see the uploaded file'
DEBUG:parse:format 'The "applying changes" spinner briefly appears. When it goes away, you are returned to the user profile and it will display the "Space Administrator" text' -> 'The "applying changes" spinner briefly appears\\. When it goes away, you are returned to the user profile and it will display the "Space Administrator" text'
DEBUG:parse:format 'I Choose settings option' -> 'I Choose settings option'
DEBUG:parse:format 'I choose the team I am an admin of' -> 'I choose the team I am an admin of'
DEBUG:parse:format 'I click on the Sign Up button' -> 'I click on the Sign Up button'
DEBUG:parse:format "I see I am on the 'Save Your Recovery Phrase' screen" -> "I see I am on the 'Save Your Recovery Phrase' screen"
DEBUG:parse:format 'I copy the recovery key' -> 'I copy the recovery key'
DEBUG:parse:format 'I click Continue' -> 'I click Continue'
DEBUG:parse:format "I see the 'Are you sure you saved your Recovery Phrase' screen" -> "I see the 'Are you sure you saved your Recovery Phrase' screen"
DEBUG:parse:format "I click on the 'Yes, I saved it' option" -> "I click on the 'Yes, I saved it' option"
DEBUG:parse:format 'I am on the Add/Create team start page' -> 'I am on the Add/Create team start page'
DEBUG:parse:format 'I enter the License Key' -> 'I enter the License Key'
DEBUG:parse:format 'I click the Create Team button' -> 'I click the Create Team button'
DEBUG:parse:format 'I enter the valid team name and check the continue button becomes active' -> 'I enter the valid team name and check the continue button becomes active'
DEBUG:parse:format 'I enter the name for the user and check the Continue button becomes active' -> 'I enter the name for the user and check the Continue button becomes active'
DEBUG:parse:format 'I see the team name in the Team Selector' -> 'I see the team name in the Team Selector'
DEBUG:parse:format 'I get the hash of the original file' -> 'I get the hash of the original file'
DEBUG:parse:format 'I modify the file' -> 'I modify the file'
DEBUG:parse:format 'I click the plus button' -> 'I click the plus button'
DEBUG:parse:format 'I get the hash of the modified file, and assert it is not the same' -> 'I get the hash of the modified file, and assert it is not the same'
DEBUG:parse:format 'I click on the revert icon' -> 'I click on the revert icon'
DEBUG:parse:format 'I confirm I am on the revert file modal' -> 'I confirm I am on the revert file modal'
DEBUG:parse:format "I click on the 'No, go back' option" -> "I click on the 'No, go back' option"
DEBUG:parse:format "I click on the 'Revert File' option" -> "I click on the 'Revert File' option"
DEBUG:parse:format 'I get the hash of the reverted file' -> 'I get the hash of the reverted file'
DEBUG:parse:format 'I confirm the reverted file hash is the same as the original file' -> 'I confirm the reverted file hash is the same as the original file'
DEBUG:parse:format 'I am in the login screen' -> 'I am in the login screen'
DEBUG:parse:format 'I create a passcode number' -> 'I create a passcode number'
DEBUG:parse:format 'I click the Log In button' -> 'I click the Log In button'
DEBUG:parse:format 'I am in the Team URl screen' -> 'I am in the Team URl screen'
DEBUG:parse:format 'I am in the Recovery Key screen' -> 'I am in the Recovery Key screen'
DEBUG:parse:format 'I write the recovery key' -> 'I write the recovery key'
DEBUG:parse:format 'I write the recovery key for bob' -> 'I write the recovery key for bob'
DEBUG:parse:format 'I am in the Welcome Screen' -> 'I am in the Welcome Screen'
DEBUG:parse:format 'I am on the Welcome Screen' -> 'I am on the Welcome Screen'
DEBUG:parse:format 'I click on the hamburger dropdown menu' -> 'I click on the hamburger dropdown menu'
DEBUG:parse:format 'I click the Continue button' -> 'I click the Continue button'
DEBUG:parse:format 'I Select the lock icon on top right' -> 'I Select the lock icon on top right'
DEBUG:parse:format 'I Select the lock icon on top right for the space' -> 'I Select the lock icon on top right for the space'
DEBUG:parse:format 'I choose my team' -> 'I choose my team'
DEBUG:parse:format 'I click on the Peoples tab' -> 'I click on the Peoples tab'
DEBUG:parse:format 'Back in the application,I click on the "Close" button' -> 'Back in the application,I click on the "Close" button'
DEBUG:parse:format 'I write the Team URL' -> 'I write the Team URL'
DEBUG:parse:format 'I click the Add Team button' -> 'I click the Add Team button'
DEBUG:parse:format 'I am on the Peoples Tab and the space members list become visible' -> 'I am on the Peoples Tab and the space members list become visible'
DEBUG:parse:format 'I select Bob from the list of people and The member screen appears' -> 'I select Bob from the list of people and The member screen appears'
DEBUG:parse:format 'I click on one of the spaces created' -> 'I click on one of the spaces created'
DEBUG:parse:format 'I Open a files (...) dropdown menu' -> 'I Open a files \\(\\.\\.\\.\\) dropdown menu'
DEBUG:parse:format 'I click on Version History' -> 'I click on Version History'
DEBUG:parse:format 'I Select the back arrow in the top left' -> 'I Select the back arrow in the top left'
DEBUG:parse:format 'I click on Delete File' -> 'I click on Delete File'
DEBUG:parse:format 'The Delete File pop up option becomes visible' -> 'The Delete File pop up option becomes visible'
DEBUG:parse:format 'I select the Cancel option from the pop up' -> 'I select the Cancel option from the pop up'
DEBUG:parse:format 'I am returned to the previous screen, the space view' -> 'I am returned to the previous screen, the space view'
DEBUG:parse:format 'I click on File details' -> 'I click on File details'
DEBUG:parse:format 'I see the uploaded file' -> 'I see the uploaded file'
DEBUG:parse:format 'The "applying changes" spinner briefly appears. When it goes away, you are returned to the user profile and it will display the "Space Administrator" text' -> 'The "applying changes" spinner briefly appears\\. When it goes away, you are returned to the user profile and it will display the "Space Administrator" text'
DEBUG:parse:format 'I Choose settings option' -> 'I Choose settings option'
DEBUG:parse:format 'I choose the team I am an admin of' -> 'I choose the team I am an admin of'
DEBUG:parse:format 'I click on the Sign Up button' -> 'I click on the Sign Up button'
DEBUG:parse:format "I see I am on the 'Save Your Recovery Phrase' screen" -> "I see I am on the 'Save Your Recovery Phrase' screen"
DEBUG:parse:format 'I copy the recovery key' -> 'I copy the recovery key'
DEBUG:parse:format 'I click Continue' -> 'I click Continue'
DEBUG:parse:format "I see the 'Are you sure you saved your Recovery Phrase' screen" -> "I see the 'Are you sure you saved your Recovery Phrase' screen"
DEBUG:parse:format "I click on the 'Yes, I saved it' option" -> "I click on the 'Yes, I saved it' option"
DEBUG:parse:format 'I am on the Add/Create team start page' -> 'I am on the Add/Create team start page'
DEBUG:parse:format 'I enter the License Key' -> 'I enter the License Key'
DEBUG:parse:format 'I click the Create Team button' -> 'I click the Create Team button'
DEBUG:parse:format 'I enter the valid team name and check the continue button becomes active' -> 'I enter the valid team name and check the continue button becomes active'
DEBUG:parse:format 'I enter the name for the user and check the Continue button becomes active' -> 'I enter the name for the user and check the Continue button becomes active'
DEBUG:parse:format 'I see the team name in the Team Selector' -> 'I see the team name in the Team Selector'
DEBUG:parse:format 'I get the hash of the original file' -> 'I get the hash of the original file'
DEBUG:parse:format 'I modify the file' -> 'I modify the file'
DEBUG:parse:format 'I click the plus button' -> 'I click the plus button'
DEBUG:parse:format 'I get the hash of the modified file, and assert it is not the same' -> 'I get the hash of the modified file, and assert it is not the same'
DEBUG:parse:format 'I click on the revert icon' -> 'I click on the revert icon'
DEBUG:parse:format 'I confirm I am on the revert file modal' -> 'I confirm I am on the revert file modal'
DEBUG:parse:format "I click on the 'No, go back' option" -> "I click on the 'No, go back' option"
DEBUG:parse:format "I click on the 'Revert File' option" -> "I click on the 'Revert File' option"
DEBUG:parse:format 'I get the hash of the reverted file' -> 'I get the hash of the reverted file'
DEBUG:parse:format 'I confirm the reverted file hash is the same as the original file' -> 'I confirm the reverted file hash is the same as the original file'
DEBUG:parse:format 'I am in the login screen' -> 'I am in the login screen'
DEBUG:parse:format 'I create a passcode number' -> 'I create a passcode number'
DEBUG:parse:format 'I click the Log In button' -> 'I click the Log In button'
DEBUG:parse:format 'I am in the Team URl screen' -> 'I am in the Team URl screen'
DEBUG:parse:format 'I am in the Recovery Key screen' -> 'I am in the Recovery Key screen'
DEBUG:parse:format 'I write the recovery key' -> 'I write the recovery key'
DEBUG:parse:format 'I write the recovery key for bob' -> 'I write the recovery key for bob'
DEBUG:parse:format 'I am in the Welcome Screen' -> 'I am in the Welcome Screen'
INFO:selenium.webdriver.remote.remote_connection:Could not connect to port 4723 on host 127.0.0.1
INFO:selenium.webdriver.remote.remote_connection:Could not get IP address for host: 127.0.0.1
WARNING:urllib3.connectionpool:Retrying (Retry(total=2, connect=None, read=None, redirect=None, status=None)) after connection broken by 'NewConnectionError('<urllib3.connection.HTTPConnection object at 0x104bbc940>: Failed to establish a new connection: [Errno 61] Connection refused')': /wd/hub/session
WARNING:urllib3.connectionpool:Retrying (Retry(total=1, connect=None, read=None, redirect=None, status=None)) after connection broken by 'NewConnectionError('<urllib3.connection.HTTPConnection object at 0x104bbcc40>: Failed to establish a new connection: [Errno 61] Connection refused')': /wd/hub/session
WARNING:urllib3.connectionpool:Retrying (Retry(total=0, connect=None, read=None, redirect=None, status=None)) after connection broken by 'NewConnectionError('<urllib3.connection.HTTPConnection object at 0x104bbcdc0>: Failed to establish a new connection: [Errno 61] Connection refused')': /wd/hub/session
INFO:selenium.webdriver.remote.remote_connection:Could not connect to port 4723 on host 127.0.0.1
INFO:selenium.webdriver.remote.remote_connection:Could not get IP address for host: 127.0.0.1
WARNING:urllib3.connectionpool:Retrying (Retry(total=2, connect=None, read=None, redirect=None, status=None)) after connection broken by 'NewConnectionError('<urllib3.connection.HTTPConnection object at 0x104bd86d0>: Failed to establish a new connection: [Errno 61] Connection refused')': /wd/hub/session
WARNING:urllib3.connectionpool:Retrying (Retry(total=1, connect=None, read=None, redirect=None, status=None)) after connection broken by 'NewConnectionError('<urllib3.connection.HTTPConnection object at 0x104bd8850>: Failed to establish a new connection: [Errno 61] Connection refused')': /wd/hub/session
WARNING:urllib3.connectionpool:Retrying (Retry(total=0, connect=None, read=None, redirect=None, status=None)) after connection broken by 'NewConnectionError('<urllib3.connection.HTTPConnection object at 0x104bd89a0>: Failed to establish a new connection: [Errno 61] Connection refused')': /wd/hub/session
INFO:selenium.webdriver.remote.remote_connection:Could not connect to port 4723 on host 127.0.0.1
INFO:selenium.webdriver.remote.remote_connection:Could not get IP address for host: 127.0.0.1
WARNING:urllib3.connectionpool:Retrying (Retry(total=2, connect=None, read=None, redirect=None, status=None)) after connection broken by 'NewConnectionError('<urllib3.connection.HTTPConnection object at 0x104befac0>: Failed to establish a new connection: [Errno 61] Connection refused')': /wd/hub/session
WARNING:urllib3.connectionpool:Retrying (Retry(total=1, connect=None, read=None, redirect=None, status=None)) after connection broken by 'NewConnectionError('<urllib3.connection.HTTPConnection object at 0x104befb80>: Failed to establish a new connection: [Errno 61] Connection refused')': /wd/hub/session
WARNING:urllib3.connectionpool:Retrying (Retry(total=0, connect=None, read=None, redirect=None, status=None)) after connection broken by 'NewConnectionError('<urllib3.connection.HTTPConnection object at 0x104befcd0>: Failed to establish a new connection: [Errno 61] Connection refused')': /wd/hub/session
DEBUG:parse:format 'I am on the Welcome Screen' -> 'I am on the Welcome Screen'
DEBUG:parse:format 'I click on the hamburger dropdown menu' -> 'I click on the hamburger dropdown menu'
DEBUG:parse:format 'I click the Continue button' -> 'I click the Continue button'
DEBUG:parse:format 'I Select the lock icon on top right' -> 'I Select the lock icon on top right'
DEBUG:parse:format 'I Select the lock icon on top right for the space' -> 'I Select the lock icon on top right for the space'
DEBUG:parse:format 'I choose my team' -> 'I choose my team'
DEBUG:parse:format 'I click on the Peoples tab' -> 'I click on the Peoples tab'
DEBUG:parse:format 'Back in the application,I click on the "Close" button' -> 'Back in the application,I click on the "Close" button'
DEBUG:parse:format 'I write the Team URL' -> 'I write the Team URL'
DEBUG:parse:format 'I click the Add Team button' -> 'I click the Add Team button'
DEBUG:parse:format 'I am on the Peoples Tab and the space members list become visible' -> 'I am on the Peoples Tab and the space members list become visible'
DEBUG:parse:format 'I select Bob from the list of people and The member screen appears' -> 'I select Bob from the list of people and The member screen appears'
DEBUG:parse:format 'I click on one of the spaces created' -> 'I click on one of the spaces created'
DEBUG:parse:format 'I Open a files (...) dropdown menu' -> 'I Open a files \\(\\.\\.\\.\\) dropdown menu'
DEBUG:parse:format 'I click on Version History' -> 'I click on Version History'
DEBUG:parse:format 'I Select the back arrow in the top left' -> 'I Select the back arrow in the top left'
DEBUG:parse:format 'I click on Delete File' -> 'I click on Delete File'
DEBUG:parse:format 'The Delete File pop up option becomes visible' -> 'The Delete File pop up option becomes visible'
DEBUG:parse:format 'I select the Cancel option from the pop up' -> 'I select the Cancel option from the pop up'
DEBUG:parse:format 'I am returned to the previous screen, the space view' -> 'I am returned to the previous screen, the space view'
DEBUG:parse:format 'I click on File details' -> 'I click on File details'
DEBUG:parse:format 'I see the uploaded file' -> 'I see the uploaded file'
DEBUG:parse:format 'The "applying changes" spinner briefly appears. When it goes away, you are returned to the user profile and it will display the "Space Administrator" text' -> 'The "applying changes" spinner briefly appears\\. When it goes away, you are returned to the user profile and it will display the "Space Administrator" text'
DEBUG:parse:format 'I Choose settings option' -> 'I Choose settings option'
DEBUG:parse:format 'I choose the team I am an admin of' -> 'I choose the team I am an admin of'
DEBUG:parse:format 'I click on the Sign Up button' -> 'I click on the Sign Up button'
DEBUG:parse:format "I see I am on the 'Save Your Recovery Phrase' screen" -> "I see I am on the 'Save Your Recovery Phrase' screen"
DEBUG:parse:format 'I copy the recovery key' -> 'I copy the recovery key'
DEBUG:parse:format 'I click Continue' -> 'I click Continue'
DEBUG:parse:format "I see the 'Are you sure you saved your Recovery Phrase' screen" -> "I see the 'Are you sure you saved your Recovery Phrase' screen"
DEBUG:parse:format "I click on the 'Yes, I saved it' option" -> "I click on the 'Yes, I saved it' option"
DEBUG:parse:format 'I am on the Add/Create team start page' -> 'I am on the Add/Create team start page'
DEBUG:parse:format 'I enter the License Key' -> 'I enter the License Key'
DEBUG:parse:format 'I click the Create Team button' -> 'I click the Create Team button'
DEBUG:parse:format 'I enter the valid team name and check the continue button becomes active' -> 'I enter the valid team name and check the continue button becomes active'
DEBUG:parse:format 'I enter the name for the user and check the Continue button becomes active' -> 'I enter the name for the user and check the Continue button becomes active'
DEBUG:parse:format 'I see the team name in the Team Selector' -> 'I see the team name in the Team Selector'
DEBUG:parse:format 'I get the hash of the original file' -> 'I get the hash of the original file'
DEBUG:parse:format 'I modify the file' -> 'I modify the file'
DEBUG:parse:format 'I click the plus button' -> 'I click the plus button'
DEBUG:parse:format 'I get the hash of the modified file, and assert it is not the same' -> 'I get the hash of the modified file, and assert it is not the same'
DEBUG:parse:format 'I click on the revert icon' -> 'I click on the revert icon'
DEBUG:parse:format 'I confirm I am on the revert file modal' -> 'I confirm I am on the revert file modal'
DEBUG:parse:format "I click on the 'No, go back' option" -> "I click on the 'No, go back' option"
DEBUG:parse:format "I click on the 'Revert File' option" -> "I click on the 'Revert File' option"
DEBUG:parse:format 'I get the hash of the reverted file' -> 'I get the hash of the reverted file'
DEBUG:parse:format 'I confirm the reverted file hash is the same as the original file' -> 'I confirm the reverted file hash is the same as the original file'
DEBUG:parse:format 'I am in the login screen' -> 'I am in the login screen'
DEBUG:parse:format 'I create a passcode number' -> 'I create a passcode number'
DEBUG:parse:format 'I click the Log In button' -> 'I click the Log In button'
DEBUG:parse:format 'I am in the Team URl screen' -> 'I am in the Team URl screen'
DEBUG:parse:format 'I am in the Recovery Key screen' -> 'I am in the Recovery Key screen'
DEBUG:parse:format 'I write the recovery key' -> 'I write the recovery key'
DEBUG:parse:format 'I write the recovery key for bob' -> 'I write the recovery key for bob'
DEBUG:parse:format 'I am in the Welcome Screen' -> 'I am in the Welcome Screen'
DEBUG:parse:format 'I am on the Welcome Screen' -> 'I am on the Welcome Screen'
DEBUG:parse:format 'I click on the hamburger dropdown menu' -> 'I click on the hamburger dropdown menu'
DEBUG:parse:format 'I click the Continue button' -> 'I click the Continue button'
DEBUG:parse:format 'I Select the lock icon on top right' -> 'I Select the lock icon on top right'
DEBUG:parse:format 'I Select the lock icon on top right for the space' -> 'I Select the lock icon on top right for the space'
DEBUG:parse:format 'I choose my team' -> 'I choose my team'
DEBUG:parse:format 'I click on the Peoples tab' -> 'I click on the Peoples tab'
DEBUG:parse:format 'Back in the application,I click on the "Close" button' -> 'Back in the application,I click on the "Close" button'
DEBUG:parse:format 'I write the Team URL' -> 'I write the Team URL'
DEBUG:parse:format 'I click the Add Team button' -> 'I click the Add Team button'
DEBUG:parse:format 'I am on the Peoples Tab and the space members list become visible' -> 'I am on the Peoples Tab and the space members list become visible'
DEBUG:parse:format 'I select Bob from the list of people and The member screen appears' -> 'I select Bob from the list of people and The member screen appears'
DEBUG:parse:format 'I click on one of the spaces created' -> 'I click on one of the spaces created'
DEBUG:parse:format 'I Open a files (...) dropdown menu' -> 'I Open a files \\(\\.\\.\\.\\) dropdown menu'
DEBUG:parse:format 'I click on Version History' -> 'I click on Version History'
DEBUG:parse:format 'I Select the back arrow in the top left' -> 'I Select the back arrow in the top left'
DEBUG:parse:format 'I click on Delete File' -> 'I click on Delete File'
DEBUG:parse:format 'The Delete File pop up option becomes visible' -> 'The Delete File pop up option becomes visible'
DEBUG:parse:format 'I select the Cancel option from the pop up' -> 'I select the Cancel option from the pop up'
DEBUG:parse:format 'I am returned to the previous screen, the space view' -> 'I am returned to the previous screen, the space view'
DEBUG:parse:format 'I click on File details' -> 'I click on File details'
DEBUG:parse:format 'I see the uploaded file' -> 'I see the uploaded file'
DEBUG:parse:format 'The "applying changes" spinner briefly appears. When it goes away, you are returned to the user profile and it will display the "Space Administrator" text' -> 'The "applying changes" spinner briefly appears\\. When it goes away, you are returned to the user profile and it will display the "Space Administrator" text'
DEBUG:parse:format 'I Choose settings option' -> 'I Choose settings option'
DEBUG:parse:format 'I choose the team I am an admin of' -> 'I choose the team I am an admin of'
DEBUG:parse:format 'I click on the Sign Up button' -> 'I click on the Sign Up button'
DEBUG:parse:format "I see I am on the 'Save Your Recovery Phrase' screen" -> "I see I am on the 'Save Your Recovery Phrase' screen"
DEBUG:parse:format 'I copy the recovery key' -> 'I copy the recovery key'
DEBUG:parse:format 'I click Continue' -> 'I click Continue'
DEBUG:parse:format "I see the 'Are you sure you saved your Recovery Phrase' screen" -> "I see the 'Are you sure you saved your Recovery Phrase' screen"
DEBUG:parse:format "I click on the 'Yes, I saved it' option" -> "I click on the 'Yes, I saved it' option"
DEBUG:parse:format 'I am on the Add/Create team start page' -> 'I am on the Add/Create team start page'
DEBUG:parse:format 'I enter the License Key' -> 'I enter the License Key'
DEBUG:parse:format 'I click the Create Team button' -> 'I click the Create Team button'
DEBUG:parse:format 'I enter the valid team name and check the continue button becomes active' -> 'I enter the valid team name and check the continue button becomes active'
DEBUG:parse:format 'I enter the name for the user and check the Continue button becomes active' -> 'I enter the name for the user and check the Continue button becomes active'
DEBUG:parse:format 'I see the team name in the Team Selector' -> 'I see the team name in the Team Selector'
DEBUG:parse:format 'I get the hash of the original file' -> 'I get the hash of the original file'
DEBUG:parse:format 'I modify the file' -> 'I modify the file'
DEBUG:parse:format 'I click the plus button' -> 'I click the plus button'
DEBUG:parse:format 'I get the hash of the modified file, and assert it is not the same' -> 'I get the hash of the modified file, and assert it is not the same'
DEBUG:parse:format 'I click on the revert icon' -> 'I click on the revert icon'
DEBUG:parse:format 'I confirm I am on the revert file modal' -> 'I confirm I am on the revert file modal'
DEBUG:parse:format "I click on the 'No, go back' option" -> "I click on the 'No, go back' option"
DEBUG:parse:format "I click on the 'Revert File' option" -> "I click on the 'Revert File' option"
DEBUG:parse:format 'I get the hash of the reverted file' -> 'I get the hash of the reverted file'
DEBUG:parse:format 'I confirm the reverted file hash is the same as the original file' -> 'I confirm the reverted file hash is the same as the original file'
DEBUG:parse:format 'I am in the login screen' -> 'I am in the login screen'
DEBUG:parse:format 'I create a passcode number' -> 'I create a passcode number'
DEBUG:parse:format 'I click the Log In button' -> 'I click the Log In button'
DEBUG:parse:format 'I am in the Team URl screen' -> 'I am in the Team URl screen'
DEBUG:parse:format 'I am in the Recovery Key screen' -> 'I am in the Recovery Key screen'
DEBUG:parse:format 'I write the recovery key' -> 'I write the recovery key'
DEBUG:parse:format 'I write the recovery key for bob' -> 'I write the recovery key for bob'
DEBUG:parse:format 'I am in the Welcome Screen' -> 'I am in the Welcome Screen'
DEBUG:parse:format 'I am on the Welcome Screen' -> 'I am on the Welcome Screen'
DEBUG:parse:format 'I click on the hamburger dropdown menu' -> 'I click on the hamburger dropdown menu'
DEBUG:parse:format 'I click the Continue button' -> 'I click the Continue button'
DEBUG:parse:format 'I Select the lock icon on top right' -> 'I Select the lock icon on top right'
DEBUG:parse:format 'I Select the lock icon on top right for the space' -> 'I Select the lock icon on top right for the space'
DEBUG:parse:format 'I choose my team' -> 'I choose my team'
DEBUG:parse:format 'I click on the Peoples tab' -> 'I click on the Peoples tab'
DEBUG:parse:format 'Back in the application,I click on the "Close" button' -> 'Back in the application,I click on the "Close" button'
DEBUG:parse:format 'I write the Team URL' -> 'I write the Team URL'
DEBUG:parse:format 'I click the Add Team button' -> 'I click the Add Team button'
DEBUG:parse:format 'I am on the Peoples Tab and the space members list become visible' -> 'I am on the Peoples Tab and the space members list become visible'
DEBUG:parse:format 'I select Bob from the list of people and The member screen appears' -> 'I select Bob from the list of people and The member screen appears'
DEBUG:parse:format 'I click on one of the spaces created' -> 'I click on one of the spaces created'
DEBUG:parse:format 'I Open a files (...) dropdown menu' -> 'I Open a files \\(\\.\\.\\.\\) dropdown menu'
DEBUG:parse:format 'I click on Version History' -> 'I click on Version History'
DEBUG:parse:format 'I Select the back arrow in the top left' -> 'I Select the back arrow in the top left'
DEBUG:parse:format 'I click on Delete File' -> 'I click on Delete File'
DEBUG:parse:format 'The Delete File pop up option becomes visible' -> 'The Delete File pop up option becomes visible'
DEBUG:parse:format 'I select the Cancel option from the pop up' -> 'I select the Cancel option from the pop up'
DEBUG:parse:format 'I am returned to the previous screen, the space view' -> 'I am returned to the previous screen, the space view'
DEBUG:parse:format 'I click on File details' -> 'I click on File details'
DEBUG:parse:format 'I see the uploaded file' -> 'I see the uploaded file'
DEBUG:parse:format 'The "applying changes" spinner briefly appears. When it goes away, you are returned to the user profile and it will display the "Space Administrator" text' -> 'The "applying changes" spinner briefly appears\\. When it goes away, you are returned to the user profile and it will display the "Space Administrator" text'
DEBUG:parse:format 'I Choose settings option' -> 'I Choose settings option'
DEBUG:parse:format 'I choose the team I am an admin of' -> 'I choose the team I am an admin of'
DEBUG:parse:format 'I click on the Sign Up button' -> 'I click on the Sign Up button'
DEBUG:parse:format "I see I am on the 'Save Your Recovery Phrase' screen" -> "I see I am on the 'Save Your Recovery Phrase' screen"
DEBUG:parse:format 'I copy the recovery key' -> 'I copy the recovery key'
DEBUG:parse:format 'I click Continue' -> 'I click Continue'
DEBUG:parse:format "I see the 'Are you sure you saved your Recovery Phrase' screen" -> "I see the 'Are you sure you saved your Recovery Phrase' screen"
DEBUG:parse:format "I click on the 'Yes, I saved it' option" -> "I click on the 'Yes, I saved it' option"
DEBUG:parse:format 'I am on the Add/Create team start page' -> 'I am on the Add/Create team start page'
DEBUG:parse:format 'I enter the License Key' -> 'I enter the License Key'
DEBUG:parse:format 'I click the Create Team button' -> 'I click the Create Team button'
DEBUG:parse:format 'I enter the valid team name and check the continue button becomes active' -> 'I enter the valid team name and check the continue button becomes active'
DEBUG:parse:format 'I enter the name for the user and check the Continue button becomes active' -> 'I enter the name for the user and check the Continue button becomes active'
DEBUG:parse:format 'I see the team name in the Team Selector' -> 'I see the team name in the Team Selector'
DEBUG:parse:format 'I get the hash of the original file' -> 'I get the hash of the original file'
DEBUG:parse:format 'I modify the file' -> 'I modify the file'
DEBUG:parse:format 'I click the plus button' -> 'I click the plus button'
DEBUG:parse:format 'I get the hash of the modified file, and assert it is not the same' -> 'I get the hash of the modified file, and assert it is not the same'
DEBUG:parse:format 'I click on the revert icon' -> 'I click on the revert icon'
DEBUG:parse:format 'I confirm I am on the revert file modal' -> 'I confirm I am on the revert file modal'
DEBUG:parse:format "I click on the 'No, go back' option" -> "I click on the 'No, go back' option"
DEBUG:parse:format "I click on the 'Revert File' option" -> "I click on the 'Revert File' option"
DEBUG:parse:format 'I get the hash of the reverted file' -> 'I get the hash of the reverted file'
DEBUG:parse:format 'I confirm the reverted file hash is the same as the original file' -> 'I confirm the reverted file hash is the same as the original file'
DEBUG:parse:format 'I am in the login screen' -> 'I am in the login screen'
DEBUG:parse:format 'I create a passcode number' -> 'I create a passcode number'
DEBUG:parse:format 'I click the Log In button' -> 'I click the Log In button'
DEBUG:parse:format 'I am in the Team URl screen' -> 'I am in the Team URl screen'
DEBUG:parse:format 'I am in the Recovery Key screen' -> 'I am in the Recovery Key screen'
DEBUG:parse:format 'I write the recovery key' -> 'I write the recovery key'
DEBUG:parse:format 'I write the recovery key for bob' -> 'I write the recovery key for bob'
DEBUG:parse:format 'I am in the Welcome Screen' -> 'I am in the Welcome Screen'
INFO:selenium.webdriver.remote.remote_connection:Could not connect to port 4723 on host 127.0.0.1
INFO:selenium.webdriver.remote.remote_connection:Could not get IP address for host: 127.0.0.1
WARNING:urllib3.connectionpool:Retrying (Retry(total=2, connect=None, read=None, redirect=None, status=None)) after connection broken by 'NewConnectionError('<urllib3.connection.HTTPConnection object at 0x109e7fcd0>: Failed to establish a new connection: [Errno 61] Connection refused')': /wd/hub/session
WARNING:urllib3.connectionpool:Retrying (Retry(total=1, connect=None, read=None, redirect=None, status=None)) after connection broken by 'NewConnectionError('<urllib3.connection.HTTPConnection object at 0x109e7ffd0>: Failed to establish a new connection: [Errno 61] Connection refused')': /wd/hub/session
WARNING:urllib3.connectionpool:Retrying (Retry(total=0, connect=None, read=None, redirect=None, status=None)) after connection broken by 'NewConnectionError('<urllib3.connection.HTTPConnection object at 0x109e95190>: Failed to establish a new connection: [Errno 61] Connection refused')': /wd/hub/session
INFO:selenium.webdriver.remote.remote_connection:Could not connect to port 4723 on host 127.0.0.1
INFO:selenium.webdriver.remote.remote_connection:Could not get IP address for host: 127.0.0.1
WARNING:urllib3.connectionpool:Retrying (Retry(total=2, connect=None, read=None, redirect=None, status=None)) after connection broken by 'NewConnectionError('<urllib3.connection.HTTPConnection object at 0x109e95a60>: Failed to establish a new connection: [Errno 61] Connection refused')': /wd/hub/session
WARNING:urllib3.connectionpool:Retrying (Retry(total=1, connect=None, read=None, redirect=None, status=None)) after connection broken by 'NewConnectionError('<urllib3.connection.HTTPConnection object at 0x109e95be0>: Failed to establish a new connection: [Errno 61] Connection refused')': /wd/hub/session
WARNING:urllib3.connectionpool:Retrying (Retry(total=0, connect=None, read=None, redirect=None, status=None)) after connection broken by 'NewConnectionError('<urllib3.connection.HTTPConnection object at 0x109e95d30>: Failed to establish a new connection: [Errno 61] Connection refused')': /wd/hub/session
INFO:selenium.webdriver.remote.remote_connection:Could not connect to port 4723 on host 127.0.0.1
INFO:selenium.webdriver.remote.remote_connection:Could not get IP address for host: 127.0.0.1
WARNING:urllib3.connectionpool:Retrying (Retry(total=2, connect=None, read=None, redirect=None, status=None)) after connection broken by 'NewConnectionError('<urllib3.connection.HTTPConnection object at 0x109eaeaf0>: Failed to establish a new connection: [Errno 61] Connection refused')': /wd/hub/session
WARNING:urllib3.connectionpool:Retrying (Retry(total=1, connect=None, read=None, redirect=None, status=None)) after connection broken by 'NewConnectionError('<urllib3.connection.HTTPConnection object at 0x109eaefa0>: Failed to establish a new connection: [Errno 61] Connection refused')': /wd/hub/session
WARNING:urllib3.connectionpool:Retrying (Retry(total=0, connect=None, read=None, redirect=None, status=None)) after connection broken by 'NewConnectionError('<urllib3.connection.HTTPConnection object at 0x109ed9130>: Failed to establish a new connection: [Errno 61] Connection refused')': /wd/hub/session
DEBUG:parse:format 'I am on the Welcome Screen' -> 'I am on the Welcome Screen'
DEBUG:parse:format 'I click on the hamburger dropdown menu' -> 'I click on the hamburger dropdown menu'
DEBUG:parse:format 'I click the Continue button' -> 'I click the Continue button'
DEBUG:parse:format 'I Select the lock icon on top right' -> 'I Select the lock icon on top right'
DEBUG:parse:format 'I Select the lock icon on top right for the space' -> 'I Select the lock icon on top right for the space'
DEBUG:parse:format 'I choose my team' -> 'I choose my team'
DEBUG:parse:format 'I click on the Peoples tab' -> 'I click on the Peoples tab'
DEBUG:parse:format 'Back in the application,I click on the "Close" button' -> 'Back in the application,I click on the "Close" button'
DEBUG:parse:format 'I write the Team URL' -> 'I write the Team URL'
DEBUG:parse:format 'I click the Add Team button' -> 'I click the Add Team button'
DEBUG:parse:format 'I am on the Peoples Tab and the space members list become visible' -> 'I am on the Peoples Tab and the space members list become visible'
DEBUG:parse:format 'I select Bob from the list of people and The member screen appears' -> 'I select Bob from the list of people and The member screen appears'
DEBUG:parse:format 'I click on one of the spaces created' -> 'I click on one of the spaces created'
DEBUG:parse:format 'I Open a files (...) dropdown menu' -> 'I Open a files \\(\\.\\.\\.\\) dropdown menu'
DEBUG:parse:format 'I click on Version History' -> 'I click on Version History'
DEBUG:parse:format 'I Select the back arrow in the top left' -> 'I Select the back arrow in the top left'
DEBUG:parse:format 'I click on Delete File' -> 'I click on Delete File'
DEBUG:parse:format 'The Delete File pop up option becomes visible' -> 'The Delete File pop up option becomes visible'
DEBUG:parse:format 'I select the Cancel option from the pop up' -> 'I select the Cancel option from the pop up'
DEBUG:parse:format 'I am returned to the previous screen, the space view' -> 'I am returned to the previous screen, the space view'
DEBUG:parse:format 'I click on File details' -> 'I click on File details'
DEBUG:parse:format 'I see the uploaded file' -> 'I see the uploaded file'
DEBUG:parse:format 'The "applying changes" spinner briefly appears. When it goes away, you are returned to the user profile and it will display the "Space Administrator" text' -> 'The "applying changes" spinner briefly appears\\. When it goes away, you are returned to the user profile and it will display the "Space Administrator" text'
DEBUG:parse:format 'I Choose settings option' -> 'I Choose settings option'
DEBUG:parse:format 'I choose the team I am an admin of' -> 'I choose the team I am an admin of'
DEBUG:parse:format 'I click on the Sign Up button' -> 'I click on the Sign Up button'
DEBUG:parse:format "I see I am on the 'Save Your Recovery Phrase' screen" -> "I see I am on the 'Save Your Recovery Phrase' screen"
DEBUG:parse:format 'I copy the recovery key' -> 'I copy the recovery key'
DEBUG:parse:format 'I click Continue' -> 'I click Continue'
DEBUG:parse:format "I see the 'Are you sure you saved your Recovery Phrase' screen" -> "I see the 'Are you sure you saved your Recovery Phrase' screen"
DEBUG:parse:format "I click on the 'Yes, I saved it' option" -> "I click on the 'Yes, I saved it' option"
DEBUG:parse:format 'I am on the Add/Create team start page' -> 'I am on the Add/Create team start page'
DEBUG:parse:format 'I enter the License Key' -> 'I enter the License Key'
DEBUG:parse:format 'I click the Create Team button' -> 'I click the Create Team button'
DEBUG:parse:format 'I enter the valid team name and check the continue button becomes active' -> 'I enter the valid team name and check the continue button becomes active'
DEBUG:parse:format 'I enter the name for the user and check the Continue button becomes active' -> 'I enter the name for the user and check the Continue button becomes active'
DEBUG:parse:format 'I see the team name in the Team Selector' -> 'I see the team name in the Team Selector'
DEBUG:parse:format 'I get the hash of the original file' -> 'I get the hash of the original file'
DEBUG:parse:format 'I modify the file' -> 'I modify the file'
DEBUG:parse:format 'I click the plus button' -> 'I click the plus button'
DEBUG:parse:format 'I get the hash of the modified file, and assert it is not the same' -> 'I get the hash of the modified file, and assert it is not the same'
DEBUG:parse:format 'I click on the revert icon' -> 'I click on the revert icon'
DEBUG:parse:format 'I confirm I am on the revert file modal' -> 'I confirm I am on the revert file modal'
DEBUG:parse:format "I click on the 'No, go back' option" -> "I click on the 'No, go back' option"
DEBUG:parse:format "I click on the 'Revert File' option" -> "I click on the 'Revert File' option"
DEBUG:parse:format 'I get the hash of the reverted file' -> 'I get the hash of the reverted file'
DEBUG:parse:format 'I confirm the reverted file hash is the same as the original file' -> 'I confirm the reverted file hash is the same as the original file'
DEBUG:parse:format 'I am in the login screen' -> 'I am in the login screen'
DEBUG:parse:format 'I create a passcode number' -> 'I create a passcode number'
DEBUG:parse:format 'I click the Log In button' -> 'I click the Log In button'
DEBUG:parse:format 'I am in the Team URl screen' -> 'I am in the Team URl screen'
DEBUG:parse:format 'I am in the Recovery Key screen' -> 'I am in the Recovery Key screen'
DEBUG:parse:format 'I write the recovery key' -> 'I write the recovery key'
DEBUG:parse:format 'I write the recovery key for bob' -> 'I write the recovery key for bob'
DEBUG:parse:format 'I am in the Welcome Screen' -> 'I am in the Welcome Screen'
DEBUG:parse:format 'I am on the Welcome Screen' -> 'I am on the Welcome Screen'
DEBUG:parse:format 'I click on the hamburger dropdown menu' -> 'I click on the hamburger dropdown menu'
DEBUG:parse:format 'I click the Continue button' -> 'I click the Continue button'
DEBUG:parse:format 'I Select the lock icon on top right' -> 'I Select the lock icon on top right'
DEBUG:parse:format 'I Select the lock icon on top right for the space' -> 'I Select the lock icon on top right for the space'
DEBUG:parse:format 'I choose my team' -> 'I choose my team'
DEBUG:parse:format 'I click on the Peoples tab' -> 'I click on the Peoples tab'
DEBUG:parse:format 'Back in the application,I click on the "Close" button' -> 'Back in the application,I click on the "Close" button'
DEBUG:parse:format 'I write the Team URL' -> 'I write the Team URL'
DEBUG:parse:format 'I click the Add Team button' -> 'I click the Add Team button'
DEBUG:parse:format 'I am on the Peoples Tab and the space members list become visible' -> 'I am on the Peoples Tab and the space members list become visible'
DEBUG:parse:format 'I select Bob from the list of people and The member screen appears' -> 'I select Bob from the list of people and The member screen appears'
DEBUG:parse:format 'I click on one of the spaces created' -> 'I click on one of the spaces created'
DEBUG:parse:format 'I Open a files (...) dropdown menu' -> 'I Open a files \\(\\.\\.\\.\\) dropdown menu'
DEBUG:parse:format 'I click on Version History' -> 'I click on Version History'
DEBUG:parse:format 'I Select the back arrow in the top left' -> 'I Select the back arrow in the top left'
DEBUG:parse:format 'I click on Delete File' -> 'I click on Delete File'
DEBUG:parse:format 'The Delete File pop up option becomes visible' -> 'The Delete File pop up option becomes visible'
DEBUG:parse:format 'I select the Cancel option from the pop up' -> 'I select the Cancel option from the pop up'
DEBUG:parse:format 'I am returned to the previous screen, the space view' -> 'I am returned to the previous screen, the space view'
DEBUG:parse:format 'I click on File details' -> 'I click on File details'
DEBUG:parse:format 'I see the uploaded file' -> 'I see the uploaded file'
DEBUG:parse:format 'The "applying changes" spinner briefly appears. When it goes away, you are returned to the user profile and it will display the "Space Administrator" text' -> 'The "applying changes" spinner briefly appears\\. When it goes away, you are returned to the user profile and it will display the "Space Administrator" text'
DEBUG:parse:format 'I Choose settings option' -> 'I Choose settings option'
DEBUG:parse:format 'I choose the team I am an admin of' -> 'I choose the team I am an admin of'
DEBUG:parse:format 'I click on the Sign Up button' -> 'I click on the Sign Up button'
DEBUG:parse:format "I see I am on the 'Save Your Recovery Phrase' screen" -> "I see I am on the 'Save Your Recovery Phrase' screen"
DEBUG:parse:format 'I copy the recovery key' -> 'I copy the recovery key'
DEBUG:parse:format 'I click Continue' -> 'I click Continue'
DEBUG:parse:format "I see the 'Are you sure you saved your Recovery Phrase' screen" -> "I see the 'Are you sure you saved your Recovery Phrase' screen"
DEBUG:parse:format "I click on the 'Yes, I saved it' option" -> "I click on the 'Yes, I saved it' option"
DEBUG:parse:format 'I am on the Add/Create team start page' -> 'I am on the Add/Create team start page'
DEBUG:parse:format 'I enter the License Key' -> 'I enter the License Key'
DEBUG:parse:format 'I click the Create Team button' -> 'I click the Create Team button'
DEBUG:parse:format 'I enter the valid team name and check the continue button becomes active' -> 'I enter the valid team name and check the continue button becomes active'
DEBUG:parse:format 'I enter the name for the user and check the Continue button becomes active' -> 'I enter the name for the user and check the Continue button becomes active'
DEBUG:parse:format 'I see the team name in the Team Selector' -> 'I see the team name in the Team Selector'
DEBUG:parse:format 'I get the hash of the original file' -> 'I get the hash of the original file'
DEBUG:parse:format 'I modify the file' -> 'I modify the file'
DEBUG:parse:format 'I click the plus button' -> 'I click the plus button'
DEBUG:parse:format 'I get the hash of the modified file, and assert it is not the same' -> 'I get the hash of the modified file, and assert it is not the same'
DEBUG:parse:format 'I click on the revert icon' -> 'I click on the revert icon'
DEBUG:parse:format 'I confirm I am on the revert file modal' -> 'I confirm I am on the revert file modal'
DEBUG:parse:format "I click on the 'No, go back' option" -> "I click on the 'No, go back' option"
DEBUG:parse:format "I click on the 'Revert File' option" -> "I click on the 'Revert File' option"
DEBUG:parse:format 'I get the hash of the reverted file' -> 'I get the hash of the reverted file'
DEBUG:parse:format 'I confirm the reverted file hash is the same as the original file' -> 'I confirm the reverted file hash is the same as the original file'
DEBUG:parse:format 'I am in the login screen' -> 'I am in the login screen'
DEBUG:parse:format 'I create a passcode number' -> 'I create a passcode number'
DEBUG:parse:format 'I click the Log In button' -> 'I click the Log In button'
DEBUG:parse:format 'I am in the Team URl screen' -> 'I am in the Team URl screen'
DEBUG:parse:format 'I am in the Recovery Key screen' -> 'I am in the Recovery Key screen'
DEBUG:parse:format 'I write the recovery key' -> 'I write the recovery key'
DEBUG:parse:format 'I write the recovery key for bob' -> 'I write the recovery key for bob'
DEBUG:parse:format 'I am in the Welcome Screen' -> 'I am in the Welcome Screen'
DEBUG:parse:format 'I am on the Welcome Screen' -> 'I am on the Welcome Screen'
DEBUG:parse:format 'I click on the hamburger dropdown menu' -> 'I click on the hamburger dropdown menu'
DEBUG:parse:format 'I click the Continue button' -> 'I click the Continue button'
DEBUG:parse:format 'I Select the lock icon on top right' -> 'I Select the lock icon on top right'
DEBUG:parse:format 'I Select the lock icon on top right for the space' -> 'I Select the lock icon on top right for the space'
DEBUG:parse:format 'I choose my team' -> 'I choose my team'
DEBUG:parse:format 'I click on the Peoples tab' -> 'I click on the Peoples tab'
DEBUG:parse:format 'Back in the application,I click on the "Close" button' -> 'Back in the application,I click on the "Close" button'
DEBUG:parse:format 'I write the Team URL' -> 'I write the Team URL'
DEBUG:parse:format 'I click the Add Team button' -> 'I click the Add Team button'
DEBUG:parse:format 'I am on the Peoples Tab and the space members list become visible' -> 'I am on the Peoples Tab and the space members list become visible'
DEBUG:parse:format 'I select Bob from the list of people and The member screen appears' -> 'I select Bob from the list of people and The member screen appears'
DEBUG:parse:format 'I click on one of the spaces created' -> 'I click on one of the spaces created'
DEBUG:parse:format 'I Open a files (...) dropdown menu' -> 'I Open a files \\(\\.\\.\\.\\) dropdown menu'
DEBUG:parse:format 'I click on Version History' -> 'I click on Version History'
DEBUG:parse:format 'I Select the back arrow in the top left' -> 'I Select the back arrow in the top left'
DEBUG:parse:format 'I click on Delete File' -> 'I click on Delete File'
DEBUG:parse:format 'The Delete File pop up option becomes visible' -> 'The Delete File pop up option becomes visible'
DEBUG:parse:format 'I select the Cancel option from the pop up' -> 'I select the Cancel option from the pop up'
DEBUG:parse:format 'I am returned to the previous screen, the space view' -> 'I am returned to the previous screen, the space view'
DEBUG:parse:format 'I click on File details' -> 'I click on File details'
DEBUG:parse:format 'I see the uploaded file' -> 'I see the uploaded file'
DEBUG:parse:format 'The "applying changes" spinner briefly appears. When it goes away, you are returned to the user profile and it will display the "Space Administrator" text' -> 'The "applying changes" spinner briefly appears\\. When it goes away, you are returned to the user profile and it will display the "Space Administrator" text'
DEBUG:parse:format 'I Choose settings option' -> 'I Choose settings option'
DEBUG:parse:format 'I choose the team I am an admin of' -> 'I choose the team I am an admin of'
DEBUG:parse:format 'I click on the Sign Up button' -> 'I click on the Sign Up button'
DEBUG:parse:format "I see I am on the 'Save Your Recovery Phrase' screen" -> "I see I am on the 'Save Your Recovery Phrase' screen"
DEBUG:parse:format 'I copy the recovery key' -> 'I copy the recovery key'
DEBUG:parse:format 'I click Continue' -> 'I click Continue'
DEBUG:parse:format "I see the 'Are you sure you saved your Recovery Phrase' screen" -> "I see the 'Are you sure you saved your Recovery Phrase' screen"
DEBUG:parse:format "I click on the 'Yes, I saved it' option" -> "I click on the 'Yes, I saved it' option"
DEBUG:parse:format 'I am on the Add/Create team start page' -> 'I am on the Add/Create team start page'
DEBUG:parse:format 'I enter the License Key' -> 'I enter the License Key'
DEBUG:parse:format 'I click the Create Team button' -> 'I click the Create Team button'
DEBUG:parse:format 'I enter the valid team name and check the continue button becomes active' -> 'I enter the valid team name and check the continue button becomes active'
DEBUG:parse:format 'I enter the name for the user and check the Continue button becomes active' -> 'I enter the name for the user and check the Continue button becomes active'
DEBUG:parse:format 'I see the team name in the Team Selector' -> 'I see the team name in the Team Selector'
DEBUG:parse:format 'I get the hash of the original file' -> 'I get the hash of the original file'
DEBUG:parse:format 'I modify the file' -> 'I modify the file'
DEBUG:parse:format 'I click the plus button' -> 'I click the plus button'
DEBUG:parse:format 'I get the hash of the modified file, and assert it is not the same' -> 'I get the hash of the modified file, and assert it is not the same'
DEBUG:parse:format 'I click on the revert icon' -> 'I click on the revert icon'
DEBUG:parse:format 'I confirm I am on the revert file modal' -> 'I confirm I am on the revert file modal'
DEBUG:parse:format "I click on the 'No, go back' option" -> "I click on the 'No, go back' option"
DEBUG:parse:format "I click on the 'Revert File' option" -> "I click on the 'Revert File' option"
DEBUG:parse:format 'I get the hash of the reverted file' -> 'I get the hash of the reverted file'
DEBUG:parse:format 'I confirm the reverted file hash is the same as the original file' -> 'I confirm the reverted file hash is the same as the original file'
DEBUG:parse:format 'I am in the login screen' -> 'I am in the login screen'
DEBUG:parse:format 'I create a passcode number' -> 'I create a passcode number'
DEBUG:parse:format 'I click the Log In button' -> 'I click the Log In button'
DEBUG:parse:format 'I am in the Team URl screen' -> 'I am in the Team URl screen'
DEBUG:parse:format 'I am in the Recovery Key screen' -> 'I am in the Recovery Key screen'
DEBUG:parse:format 'I write the recovery key' -> 'I write the recovery key'
DEBUG:parse:format 'I write the recovery key for bob' -> 'I write the recovery key for bob'
DEBUG:parse:format 'I am in the Welcome Screen' -> 'I am in the Welcome Screen'
INFO:selenium.webdriver.remote.remote_connection:Could not connect to port 4723 on host 127.0.0.1
INFO:selenium.webdriver.remote.remote_connection:Could not get IP address for host: 127.0.0.1
WARNING:urllib3.connectionpool:Retrying (Retry(total=2, connect=None, read=None, redirect=None, status=None)) after connection broken by 'NewConnectionError('<urllib3.connection.HTTPConnection object at 0x108628760>: Failed to establish a new connection: [Errno 61] Connection refused')': /wd/hub/session
WARNING:urllib3.connectionpool:Retrying (Retry(total=1, connect=None, read=None, redirect=None, status=None)) after connection broken by 'NewConnectionError('<urllib3.connection.HTTPConnection object at 0x1086288e0>: Failed to establish a new connection: [Errno 61] Connection refused')': /wd/hub/session
WARNING:urllib3.connectionpool:Retrying (Retry(total=0, connect=None, read=None, redirect=None, status=None)) after connection broken by 'NewConnectionError('<urllib3.connection.HTTPConnection object at 0x108628a30>: Failed to establish a new connection: [Errno 61] Connection refused')': /wd/hub/session
INFO:selenium.webdriver.remote.remote_connection:Could not connect to port 4723 on host 127.0.0.1
INFO:selenium.webdriver.remote.remote_connection:Could not get IP address for host: 127.0.0.1
WARNING:urllib3.connectionpool:Retrying (Retry(total=2, connect=None, read=None, redirect=None, status=None)) after connection broken by 'NewConnectionError('<urllib3.connection.HTTPConnection object at 0x10868fa30>: Failed to establish a new connection: [Errno 61] Connection refused')': /wd/hub/session
WARNING:urllib3.connectionpool:Retrying (Retry(total=1, connect=None, read=None, redirect=None, status=None)) after connection broken by 'NewConnectionError('<urllib3.connection.HTTPConnection object at 0x10868faf0>: Failed to establish a new connection: [Errno 61] Connection refused')': /wd/hub/session
WARNING:urllib3.connectionpool:Retrying (Retry(total=0, connect=None, read=None, redirect=None, status=None)) after connection broken by 'NewConnectionError('<urllib3.connection.HTTPConnection object at 0x10868fc40>: Failed to establish a new connection: [Errno 61] Connection refused')': /wd/hub/session
DEBUG:parse:format 'I am on the Welcome Screen' -> 'I am on the Welcome Screen'
DEBUG:parse:format 'I click on the hamburger dropdown menu' -> 'I click on the hamburger dropdown menu'
DEBUG:parse:format 'I click the Continue button' -> 'I click the Continue button'
DEBUG:parse:format 'I Select the lock icon on top right' -> 'I Select the lock icon on top right'
DEBUG:parse:format 'I Select the lock icon on top right for the space' -> 'I Select the lock icon on top right for the space'
DEBUG:parse:format 'I choose my team' -> 'I choose my team'
DEBUG:parse:format 'I click on the Peoples tab' -> 'I click on the Peoples tab'
DEBUG:parse:format 'Back in the application,I click on the "Close" button' -> 'Back in the application,I click on the "Close" button'
DEBUG:parse:format 'I write the Team URL' -> 'I write the Team URL'
DEBUG:parse:format 'I click the Add Team button' -> 'I click the Add Team button'
DEBUG:parse:format 'I am on the Peoples Tab and the space members list become visible' -> 'I am on the Peoples Tab and the space members list become visible'
DEBUG:parse:format 'I select Bob from the list of people and The member screen appears' -> 'I select Bob from the list of people and The member screen appears'
DEBUG:parse:format 'I click on one of the spaces created' -> 'I click on one of the spaces created'
DEBUG:parse:format 'I Open a files (...) dropdown menu' -> 'I Open a files \\(\\.\\.\\.\\) dropdown menu'
DEBUG:parse:format 'I click on Version History' -> 'I click on Version History'
DEBUG:parse:format 'I Select the back arrow in the top left' -> 'I Select the back arrow in the top left'
DEBUG:parse:format 'I click on Delete File' -> 'I click on Delete File'
DEBUG:parse:format 'The Delete File pop up option becomes visible' -> 'The Delete File pop up option becomes visible'
DEBUG:parse:format 'I select the Cancel option from the pop up' -> 'I select the Cancel option from the pop up'
DEBUG:parse:format 'I am returned to the previous screen, the space view' -> 'I am returned to the previous screen, the space view'
DEBUG:parse:format 'I click on File details' -> 'I click on File details'
DEBUG:parse:format 'I see the uploaded file' -> 'I see the uploaded file'
DEBUG:parse:format 'The "applying changes" spinner briefly appears. When it goes away, you are returned to the user profile and it will display the "Space Administrator" text' -> 'The "applying changes" spinner briefly appears\\. When it goes away, you are returned to the user profile and it will display the "Space Administrator" text'
DEBUG:parse:format 'I Choose settings option' -> 'I Choose settings option'
DEBUG:parse:format 'I choose the team I am an admin of' -> 'I choose the team I am an admin of'
DEBUG:parse:format 'I click on the Sign Up button' -> 'I click on the Sign Up button'
DEBUG:parse:format "I see I am on the 'Save Your Recovery Phrase' screen" -> "I see I am on the 'Save Your Recovery Phrase' screen"
DEBUG:parse:format 'I copy the recovery key' -> 'I copy the recovery key'
DEBUG:parse:format 'I click Continue' -> 'I click Continue'
DEBUG:parse:format "I see the 'Are you sure you saved your Recovery Phrase' screen" -> "I see the 'Are you sure you saved your Recovery Phrase' screen"
DEBUG:parse:format "I click on the 'Yes, I saved it' option" -> "I click on the 'Yes, I saved it' option"
DEBUG:parse:format 'I am on the Add/Create team start page' -> 'I am on the Add/Create team start page'
DEBUG:parse:format 'I enter the License Key' -> 'I enter the License Key'
DEBUG:parse:format 'I click the Create Team button' -> 'I click the Create Team button'
DEBUG:parse:format 'I enter the valid team name and check the continue button becomes active' -> 'I enter the valid team name and check the continue button becomes active'
DEBUG:parse:format 'I enter the name for the user and check the Continue button becomes active' -> 'I enter the name for the user and check the Continue button becomes active'
DEBUG:parse:format 'I see the team name in the Team Selector' -> 'I see the team name in the Team Selector'
DEBUG:parse:format 'I get the hash of the original file' -> 'I get the hash of the original file'
DEBUG:parse:format 'I modify the file' -> 'I modify the file'
DEBUG:parse:format 'I click the plus button' -> 'I click the plus button'
DEBUG:parse:format 'I get the hash of the modified file, and assert it is not the same' -> 'I get the hash of the modified file, and assert it is not the same'
DEBUG:parse:format 'I click on the revert icon' -> 'I click on the revert icon'
DEBUG:parse:format 'I confirm I am on the revert file modal' -> 'I confirm I am on the revert file modal'
DEBUG:parse:format "I click on the 'No, go back' option" -> "I click on the 'No, go back' option"
DEBUG:parse:format "I click on the 'Revert File' option" -> "I click on the 'Revert File' option"
DEBUG:parse:format 'I get the hash of the reverted file' -> 'I get the hash of the reverted file'
DEBUG:parse:format 'I confirm the reverted file hash is the same as the original file' -> 'I confirm the reverted file hash is the same as the original file'
DEBUG:parse:format 'I am in the login screen' -> 'I am in the login screen'
DEBUG:parse:format 'I create a passcode number' -> 'I create a passcode number'
DEBUG:parse:format 'I click the Log In button' -> 'I click the Log In button'
DEBUG:parse:format 'I am in the Team URl screen' -> 'I am in the Team URl screen'
DEBUG:parse:format 'I am in the Recovery Key screen' -> 'I am in the Recovery Key screen'
DEBUG:parse:format 'I write the recovery key' -> 'I write the recovery key'
DEBUG:parse:format 'I write the recovery key for bob' -> 'I write the recovery key for bob'
DEBUG:parse:format 'I am in the Welcome Screen' -> 'I am in the Welcome Screen'
DEBUG:parse:format 'I am on the Welcome Screen' -> 'I am on the Welcome Screen'
DEBUG:parse:format 'I click on the hamburger dropdown menu' -> 'I click on the hamburger dropdown menu'
DEBUG:parse:format 'I click the Continue button' -> 'I click the Continue button'
DEBUG:parse:format 'I Select the lock icon on top right' -> 'I Select the lock icon on top right'
DEBUG:parse:format 'I Select the lock icon on top right for the space' -> 'I Select the lock icon on top right for the space'
DEBUG:parse:format 'I choose my team' -> 'I choose my team'
DEBUG:parse:format 'I click on the Peoples tab' -> 'I click on the Peoples tab'
DEBUG:parse:format 'Back in the application,I click on the "Close" button' -> 'Back in the application,I click on the "Close" button'
DEBUG:parse:format 'I write the Team URL' -> 'I write the Team URL'
DEBUG:parse:format 'I click the Add Team button' -> 'I click the Add Team button'
DEBUG:parse:format 'I am on the Peoples Tab and the space members list become visible' -> 'I am on the Peoples Tab and the space members list become visible'
DEBUG:parse:format 'I select Bob from the list of people and The member screen appears' -> 'I select Bob from the list of people and The member screen appears'
DEBUG:parse:format 'I click on one of the spaces created' -> 'I click on one of the spaces created'
DEBUG:parse:format 'I Open a files (...) dropdown menu' -> 'I Open a files \\(\\.\\.\\.\\) dropdown menu'
DEBUG:parse:format 'I click on Version History' -> 'I click on Version History'
DEBUG:parse:format 'I Select the back arrow in the top left' -> 'I Select the back arrow in the top left'
DEBUG:parse:format 'I click on Delete File' -> 'I click on Delete File'
DEBUG:parse:format 'The Delete File pop up option becomes visible' -> 'The Delete File pop up option becomes visible'
DEBUG:parse:format 'I select the Cancel option from the pop up' -> 'I select the Cancel option from the pop up'
DEBUG:parse:format 'I am returned to the previous screen, the space view' -> 'I am returned to the previous screen, the space view'
DEBUG:parse:format 'I click on File details' -> 'I click on File details'
DEBUG:parse:format 'I see the uploaded file' -> 'I see the uploaded file'
DEBUG:parse:format 'The "applying changes" spinner briefly appears. When it goes away, you are returned to the user profile and it will display the "Space Administrator" text' -> 'The "applying changes" spinner briefly appears\\. When it goes away, you are returned to the user profile and it will display the "Space Administrator" text'
DEBUG:parse:format 'I Choose settings option' -> 'I Choose settings option'
DEBUG:parse:format 'I choose the team I am an admin of' -> 'I choose the team I am an admin of'
DEBUG:parse:format 'I click on the Sign Up button' -> 'I click on the Sign Up button'
DEBUG:parse:format "I see I am on the 'Save Your Recovery Phrase' screen" -> "I see I am on the 'Save Your Recovery Phrase' screen"
DEBUG:parse:format 'I copy the recovery key' -> 'I copy the recovery key'
DEBUG:parse:format 'I click Continue' -> 'I click Continue'
DEBUG:parse:format "I see the 'Are you sure you saved your Recovery Phrase' screen" -> "I see the 'Are you sure you saved your Recovery Phrase' screen"
DEBUG:parse:format "I click on the 'Yes, I saved it' option" -> "I click on the 'Yes, I saved it' option"
DEBUG:parse:format 'I am on the Add/Create team start page' -> 'I am on the Add/Create team start page'
DEBUG:parse:format 'I enter the License Key' -> 'I enter the License Key'
DEBUG:parse:format 'I click the Create Team button' -> 'I click the Create Team button'
DEBUG:parse:format 'I enter the valid team name and check the continue button becomes active' -> 'I enter the valid team name and check the continue button becomes active'
DEBUG:parse:format 'I enter the name for the user and check the Continue button becomes active' -> 'I enter the name for the user and check the Continue button becomes active'
DEBUG:parse:format 'I see the team name in the Team Selector' -> 'I see the team name in the Team Selector'
DEBUG:parse:format 'I get the hash of the original file' -> 'I get the hash of the original file'
DEBUG:parse:format 'I modify the file' -> 'I modify the file'
DEBUG:parse:format 'I click the plus button' -> 'I click the plus button'
DEBUG:parse:format 'I get the hash of the modified file, and assert it is not the same' -> 'I get the hash of the modified file, and assert it is not the same'
DEBUG:parse:format 'I click on the revert icon' -> 'I click on the revert icon'
DEBUG:parse:format 'I confirm I am on the revert file modal' -> 'I confirm I am on the revert file modal'
DEBUG:parse:format "I click on the 'No, go back' option" -> "I click on the 'No, go back' option"
DEBUG:parse:format "I click on the 'Revert File' option" -> "I click on the 'Revert File' option"
DEBUG:parse:format 'I get the hash of the reverted file' -> 'I get the hash of the reverted file'
DEBUG:parse:format 'I confirm the reverted file hash is the same as the original file' -> 'I confirm the reverted file hash is the same as the original file'
DEBUG:parse:format 'I am in the login screen' -> 'I am in the login screen'
DEBUG:parse:format 'I create a passcode number' -> 'I create a passcode number'
DEBUG:parse:format 'I click the Log In button' -> 'I click the Log In button'
DEBUG:parse:format 'I am in the Team URl screen' -> 'I am in the Team URl screen'
DEBUG:parse:format 'I am in the Recovery Key screen' -> 'I am in the Recovery Key screen'
DEBUG:parse:format 'I write the recovery key' -> 'I write the recovery key'
DEBUG:parse:format 'I write the recovery key for bob' -> 'I write the recovery key for bob'
DEBUG:parse:format 'I am in the Welcome Screen' -> 'I am in the Welcome Screen'
DEBUG:parse:format 'I am on the Welcome Screen' -> 'I am on the Welcome Screen'
DEBUG:parse:format 'I click on the hamburger dropdown menu' -> 'I click on the hamburger dropdown menu'
DEBUG:parse:format 'I click the Continue button' -> 'I click the Continue button'
DEBUG:parse:format 'I Select the lock icon on top right' -> 'I Select the lock icon on top right'
DEBUG:parse:format 'I Select the lock icon on top right for the space' -> 'I Select the lock icon on top right for the space'
DEBUG:parse:format 'I choose my team' -> 'I choose my team'
DEBUG:parse:format 'I click on the Peoples tab' -> 'I click on the Peoples tab'
DEBUG:parse:format 'Back in the application,I click on the "Close" button' -> 'Back in the application,I click on the "Close" button'
DEBUG:parse:format 'I write the Team URL' -> 'I write the Team URL'
DEBUG:parse:format 'I click the Add Team button' -> 'I click the Add Team button'
DEBUG:parse:format 'I am on the Peoples Tab and the space members list become visible' -> 'I am on the Peoples Tab and the space members list become visible'
DEBUG:parse:format 'I select Bob from the list of people and The member screen appears' -> 'I select Bob from the list of people and The member screen appears'
DEBUG:parse:format 'I click on one of the spaces created' -> 'I click on one of the spaces created'
DEBUG:parse:format 'I Open a files (...) dropdown menu' -> 'I Open a files \\(\\.\\.\\.\\) dropdown menu'
DEBUG:parse:format 'I click on Version History' -> 'I click on Version History'
DEBUG:parse:format 'I Select the back arrow in the top left' -> 'I Select the back arrow in the top left'
DEBUG:parse:format 'I click on Delete File' -> 'I click on Delete File'
DEBUG:parse:format 'The Delete File pop up option becomes visible' -> 'The Delete File pop up option becomes visible'
DEBUG:parse:format 'I select the Cancel option from the pop up' -> 'I select the Cancel option from the pop up'
DEBUG:parse:format 'I am returned to the previous screen, the space view' -> 'I am returned to the previous screen, the space view'
DEBUG:parse:format 'I click on File details' -> 'I click on File details'
DEBUG:parse:format 'I see the uploaded file' -> 'I see the uploaded file'
DEBUG:parse:format 'The "applying changes" spinner briefly appears. When it goes away, you are returned to the user profile and it will display the "Space Administrator" text' -> 'The "applying changes" spinner briefly appears\\. When it goes away, you are returned to the user profile and it will display the "Space Administrator" text'
DEBUG:parse:format 'I Choose settings option' -> 'I Choose settings option'
DEBUG:parse:format 'I choose the team I am an admin of' -> 'I choose the team I am an admin of'
DEBUG:parse:format 'I click on the Sign Up button' -> 'I click on the Sign Up button'
DEBUG:parse:format "I see I am on the 'Save Your Recovery Phrase' screen" -> "I see I am on the 'Save Your Recovery Phrase' screen"
DEBUG:parse:format 'I copy the recovery key' -> 'I copy the recovery key'
DEBUG:parse:format 'I click Continue' -> 'I click Continue'
DEBUG:parse:format "I see the 'Are you sure you saved your Recovery Phrase' screen" -> "I see the 'Are you sure you saved your Recovery Phrase' screen"
DEBUG:parse:format "I click on the 'Yes, I saved it' option" -> "I click on the 'Yes, I saved it' option"
DEBUG:parse:format 'I am on the Add/Create team start page' -> 'I am on the Add/Create team start page'
DEBUG:parse:format 'I enter the License Key' -> 'I enter the License Key'
DEBUG:parse:format 'I click the Create Team button' -> 'I click the Create Team button'
DEBUG:parse:format 'I enter the valid team name and check the continue button becomes active' -> 'I enter the valid team name and check the continue button becomes active'
DEBUG:parse:format 'I enter the name for the user and check the Continue button becomes active' -> 'I enter the name for the user and check the Continue button becomes active'
DEBUG:parse:format 'I see the team name in the Team Selector' -> 'I see the team name in the Team Selector'
DEBUG:parse:format 'I get the hash of the original file' -> 'I get the hash of the original file'
DEBUG:parse:format 'I modify the file' -> 'I modify the file'
DEBUG:parse:format 'I click the plus button' -> 'I click the plus button'
DEBUG:parse:format 'I get the hash of the modified file, and assert it is not the same' -> 'I get the hash of the modified file, and assert it is not the same'
DEBUG:parse:format 'I click on the revert icon' -> 'I click on the revert icon'
DEBUG:parse:format 'I confirm I am on the revert file modal' -> 'I confirm I am on the revert file modal'
DEBUG:parse:format "I click on the 'No, go back' option" -> "I click on the 'No, go back' option"
DEBUG:parse:format "I click on the 'Revert File' option" -> "I click on the 'Revert File' option"
DEBUG:parse:format 'I get the hash of the reverted file' -> 'I get the hash of the reverted file'
DEBUG:parse:format 'I confirm the reverted file hash is the same as the original file' -> 'I confirm the reverted file hash is the same as the original file'
DEBUG:parse:format 'I am in the login screen' -> 'I am in the login screen'
DEBUG:parse:format 'I create a passcode number' -> 'I create a passcode number'
DEBUG:parse:format 'I click the Log In button' -> 'I click the Log In button'
DEBUG:parse:format 'I am in the Team URl screen' -> 'I am in the Team URl screen'
DEBUG:parse:format 'I am in the Recovery Key screen' -> 'I am in the Recovery Key screen'
DEBUG:parse:format 'I write the recovery key' -> 'I write the recovery key'
DEBUG:parse:format 'I write the recovery key for bob' -> 'I write the recovery key for bob'
DEBUG:parse:format 'I am in the Welcome Screen' -> 'I am in the Welcome Screen'
INFO:selenium.webdriver.remote.remote_connection:Could not connect to port 4723 on host 127.0.0.1
INFO:selenium.webdriver.remote.remote_connection:Could not get IP address for host: 127.0.0.1
WARNING:urllib3.connectionpool:Retrying (Retry(total=2, connect=None, read=None, redirect=None, status=None)) after connection broken by 'NewConnectionError('<urllib3.connection.HTTPConnection object at 0x107c78a60>: Failed to establish a new connection: [Errno 61] Connection refused')': /wd/hub/session
WARNING:urllib3.connectionpool:Retrying (Retry(total=1, connect=None, read=None, redirect=None, status=None)) after connection broken by 'NewConnectionError('<urllib3.connection.HTTPConnection object at 0x107c78be0>: Failed to establish a new connection: [Errno 61] Connection refused')': /wd/hub/session
WARNING:urllib3.connectionpool:Retrying (Retry(total=0, connect=None, read=None, redirect=None, status=None)) after connection broken by 'NewConnectionError('<urllib3.connection.HTTPConnection object at 0x107c78d30>: Failed to establish a new connection: [Errno 61] Connection refused')': /wd/hub/session
INFO:selenium.webdriver.remote.remote_connection:Could not connect to port 4723 on host 127.0.0.1
INFO:selenium.webdriver.remote.remote_connection:Could not get IP address for host: 127.0.0.1
WARNING:urllib3.connectionpool:Retrying (Retry(total=2, connect=None, read=None, redirect=None, status=None)) after connection broken by 'NewConnectionError('<urllib3.connection.HTTPConnection object at 0x107ce2b50>: Failed to establish a new connection: [Errno 61] Connection refused')': /wd/hub/session
WARNING:urllib3.connectionpool:Retrying (Retry(total=1, connect=None, read=None, redirect=None, status=None)) after connection broken by 'NewConnectionError('<urllib3.connection.HTTPConnection object at 0x107ce28b0>: Failed to establish a new connection: [Errno 61] Connection refused')': /wd/hub/session
WARNING:urllib3.connectionpool:Retrying (Retry(total=0, connect=None, read=None, redirect=None, status=None)) after connection broken by 'NewConnectionError('<urllib3.connection.HTTPConnection object at 0x107ce2ca0>: Failed to establish a new connection: [Errno 61] Connection refused')': /wd/hub/session
DEBUG:parse:format 'I am on the Welcome Screen' -> 'I am on the Welcome Screen'
DEBUG:parse:format 'I click on the hamburger dropdown menu' -> 'I click on the hamburger dropdown menu'
DEBUG:parse:format 'I click the Continue button' -> 'I click the Continue button'
DEBUG:parse:format 'I Select the lock icon on top right' -> 'I Select the lock icon on top right'
DEBUG:parse:format 'I Select the lock icon on top right for the space' -> 'I Select the lock icon on top right for the space'
DEBUG:parse:format 'I choose my team' -> 'I choose my team'
DEBUG:parse:format 'I click on the Peoples tab' -> 'I click on the Peoples tab'
DEBUG:parse:format 'Back in the application,I click on the "Close" button' -> 'Back in the application,I click on the "Close" button'
DEBUG:parse:format 'I write the Team URL' -> 'I write the Team URL'
DEBUG:parse:format 'I click the Add Team button' -> 'I click the Add Team button'
DEBUG:parse:format 'I am on the Peoples Tab and the space members list become visible' -> 'I am on the Peoples Tab and the space members list become visible'
DEBUG:parse:format 'I select Bob from the list of people and The member screen appears' -> 'I select Bob from the list of people and The member screen appears'
DEBUG:parse:format 'I click on one of the spaces created' -> 'I click on one of the spaces created'
DEBUG:parse:format 'I Open a files (...) dropdown menu' -> 'I Open a files \\(\\.\\.\\.\\) dropdown menu'
DEBUG:parse:format 'I click on Version History' -> 'I click on Version History'
DEBUG:parse:format 'I Select the back arrow in the top left' -> 'I Select the back arrow in the top left'
DEBUG:parse:format 'I click on Delete File' -> 'I click on Delete File'
DEBUG:parse:format 'The Delete File pop up option becomes visible' -> 'The Delete File pop up option becomes visible'
DEBUG:parse:format 'I select the Cancel option from the pop up' -> 'I select the Cancel option from the pop up'
DEBUG:parse:format 'I am returned to the previous screen, the space view' -> 'I am returned to the previous screen, the space view'
DEBUG:parse:format 'I click on File details' -> 'I click on File details'
DEBUG:parse:format 'I see the uploaded file' -> 'I see the uploaded file'
DEBUG:parse:format 'The "applying changes" spinner briefly appears. When it goes away, you are returned to the user profile and it will display the "Space Administrator" text' -> 'The "applying changes" spinner briefly appears\\. When it goes away, you are returned to the user profile and it will display the "Space Administrator" text'
DEBUG:parse:format 'I Choose settings option' -> 'I Choose settings option'
DEBUG:parse:format 'I choose the team I am an admin of' -> 'I choose the team I am an admin of'
DEBUG:parse:format 'I click on the Sign Up button' -> 'I click on the Sign Up button'
DEBUG:parse:format "I see I am on the 'Save Your Recovery Phrase' screen" -> "I see I am on the 'Save Your Recovery Phrase' screen"
DEBUG:parse:format 'I copy the recovery key' -> 'I copy the recovery key'
DEBUG:parse:format 'I click Continue' -> 'I click Continue'
DEBUG:parse:format "I see the 'Are you sure you saved your Recovery Phrase' screen" -> "I see the 'Are you sure you saved your Recovery Phrase' screen"
DEBUG:parse:format "I click on the 'Yes, I saved it' option" -> "I click on the 'Yes, I saved it' option"
DEBUG:parse:format 'I am on the Add/Create team start page' -> 'I am on the Add/Create team start page'
DEBUG:parse:format 'I enter the License Key' -> 'I enter the License Key'
DEBUG:parse:format 'I click the Create Team button' -> 'I click the Create Team button'
DEBUG:parse:format 'I enter the valid team name and check the continue button becomes active' -> 'I enter the valid team name and check the continue button becomes active'
DEBUG:parse:format 'I enter the name for the user and check the Continue button becomes active' -> 'I enter the name for the user and check the Continue button becomes active'
DEBUG:parse:format 'I see the team name in the Team Selector' -> 'I see the team name in the Team Selector'
DEBUG:parse:format 'I get the hash of the original file' -> 'I get the hash of the original file'
DEBUG:parse:format 'I modify the file' -> 'I modify the file'
DEBUG:parse:format 'I click the plus button' -> 'I click the plus button'
DEBUG:parse:format 'I get the hash of the modified file, and assert it is not the same' -> 'I get the hash of the modified file, and assert it is not the same'
DEBUG:parse:format 'I click on the revert icon' -> 'I click on the revert icon'
DEBUG:parse:format 'I confirm I am on the revert file modal' -> 'I confirm I am on the revert file modal'
DEBUG:parse:format "I click on the 'No, go back' option" -> "I click on the 'No, go back' option"
DEBUG:parse:format "I click on the 'Revert File' option" -> "I click on the 'Revert File' option"
DEBUG:parse:format 'I get the hash of the reverted file' -> 'I get the hash of the reverted file'
DEBUG:parse:format 'I confirm the reverted file hash is the same as the original file' -> 'I confirm the reverted file hash is the same as the original file'
DEBUG:parse:format 'I am in the login screen' -> 'I am in the login screen'
DEBUG:parse:format 'I create a passcode number' -> 'I create a passcode number'
DEBUG:parse:format 'I click the Log In button' -> 'I click the Log In button'
DEBUG:parse:format 'I am in the Team URl screen' -> 'I am in the Team URl screen'
DEBUG:parse:format 'I am in the Recovery Key screen' -> 'I am in the Recovery Key screen'
DEBUG:parse:format 'I write the recovery key' -> 'I write the recovery key'
DEBUG:parse:format 'I write the recovery key for bob' -> 'I write the recovery key for bob'
DEBUG:parse:format 'I am in the Welcome Screen' -> 'I am in the Welcome Screen'
INFO:selenium.webdriver.remote.remote_connection:Could not connect to port 4723 on host 127.0.0.1
INFO:selenium.webdriver.remote.remote_connection:Could not get IP address for host: 127.0.0.1
WARNING:urllib3.connectionpool:Retrying (Retry(total=2, connect=None, read=None, redirect=None, status=None)) after connection broken by 'NewConnectionError('<urllib3.connection.HTTPConnection object at 0x1053082e0>: Failed to establish a new connection: [Errno 61] Connection refused')': /wd/hub/session
WARNING:urllib3.connectionpool:Retrying (Retry(total=1, connect=None, read=None, redirect=None, status=None)) after connection broken by 'NewConnectionError('<urllib3.connection.HTTPConnection object at 0x1053085e0>: Failed to establish a new connection: [Errno 61] Connection refused')': /wd/hub/session
WARNING:urllib3.connectionpool:Retrying (Retry(total=0, connect=None, read=None, redirect=None, status=None)) after connection broken by 'NewConnectionError('<urllib3.connection.HTTPConnection object at 0x105308760>: Failed to establish a new connection: [Errno 61] Connection refused')': /wd/hub/session
INFO:selenium.webdriver.remote.remote_connection:Could not connect to port 4723 on host 127.0.0.1
INFO:selenium.webdriver.remote.remote_connection:Could not get IP address for host: 127.0.0.1
WARNING:urllib3.connectionpool:Retrying (Retry(total=2, connect=None, read=None, redirect=None, status=None)) after connection broken by 'NewConnectionError('<urllib3.connection.HTTPConnection object at 0x105324070>: Failed to establish a new connection: [Errno 61] Connection refused')': /wd/hub/session
WARNING:urllib3.connectionpool:Retrying (Retry(total=1, connect=None, read=None, redirect=None, status=None)) after connection broken by 'NewConnectionError('<urllib3.connection.HTTPConnection object at 0x1053241f0>: Failed to establish a new connection: [Errno 61] Connection refused')': /wd/hub/session
WARNING:urllib3.connectionpool:Retrying (Retry(total=0, connect=None, read=None, redirect=None, status=None)) after connection broken by 'NewConnectionError('<urllib3.connection.HTTPConnection object at 0x105324340>: Failed to establish a new connection: [Errno 61] Connection refused')': /wd/hub/session
INFO:selenium.webdriver.remote.remote_connection:Could not connect to port 4723 on host 127.0.0.1
INFO:selenium.webdriver.remote.remote_connection:Could not get IP address for host: 127.0.0.1
WARNING:urllib3.connectionpool:Retrying (Retry(total=2, connect=None, read=None, redirect=None, status=None)) after connection broken by 'NewConnectionError('<urllib3.connection.HTTPConnection object at 0x1053249a0>: Failed to establish a new connection: [Errno 61] Connection refused')': /wd/hub/session
WARNING:urllib3.connectionpool:Retrying (Retry(total=1, connect=None, read=None, redirect=None, status=None)) after connection broken by 'NewConnectionError('<urllib3.connection.HTTPConnection object at 0x105324760>: Failed to establish a new connection: [Errno 61] Connection refused')': /wd/hub/session
WARNING:urllib3.connectionpool:Retrying (Retry(total=0, connect=None, read=None, redirect=None, status=None)) after connection broken by 'NewConnectionError('<urllib3.connection.HTTPConnection object at 0x105324fd0>: Failed to establish a new connection: [Errno 61] Connection refused')': /wd/hub/session
DEBUG:parse:format 'I am on the Welcome Screen' -> 'I am on the Welcome Screen'
DEBUG:parse:format 'I click on the hamburger dropdown menu' -> 'I click on the hamburger dropdown menu'
DEBUG:parse:format 'I click the Continue button' -> 'I click the Continue button'
DEBUG:parse:format 'I Select the lock icon on top right' -> 'I Select the lock icon on top right'
DEBUG:parse:format 'I Select the lock icon on top right for the space' -> 'I Select the lock icon on top right for the space'
DEBUG:parse:format 'I choose my team' -> 'I choose my team'
DEBUG:parse:format 'I click on the Peoples tab' -> 'I click on the Peoples tab'
DEBUG:parse:format 'Back in the application,I click on the "Close" button' -> 'Back in the application,I click on the "Close" button'
DEBUG:parse:format 'I write the Team URL' -> 'I write the Team URL'
DEBUG:parse:format 'I click the Add Team button' -> 'I click the Add Team button'
DEBUG:parse:format 'I am on the Peoples Tab and the space members list become visible' -> 'I am on the Peoples Tab and the space members list become visible'
DEBUG:parse:format 'I select Bob from the list of people and The member screen appears' -> 'I select Bob from the list of people and The member screen appears'
DEBUG:parse:format 'I click on one of the spaces created' -> 'I click on one of the spaces created'
DEBUG:parse:format 'I Open a files (...) dropdown menu' -> 'I Open a files \\(\\.\\.\\.\\) dropdown menu'
DEBUG:parse:format 'I click on Version History' -> 'I click on Version History'
DEBUG:parse:format 'I Select the back arrow in the top left' -> 'I Select the back arrow in the top left'
DEBUG:parse:format 'I click on Delete File' -> 'I click on Delete File'
DEBUG:parse:format 'The Delete File pop up option becomes visible' -> 'The Delete File pop up option becomes visible'
DEBUG:parse:format 'I select the Cancel option from the pop up' -> 'I select the Cancel option from the pop up'
DEBUG:parse:format 'I am returned to the previous screen, the space view' -> 'I am returned to the previous screen, the space view'
DEBUG:parse:format 'I click on File details' -> 'I click on File details'
DEBUG:parse:format 'I see the uploaded file' -> 'I see the uploaded file'
DEBUG:parse:format 'The "applying changes" spinner briefly appears. When it goes away, you are returned to the user profile and it will display the "Space Administrator" text' -> 'The "applying changes" spinner briefly appears\\. When it goes away, you are returned to the user profile and it will display the "Space Administrator" text'
DEBUG:parse:format 'I Choose settings option' -> 'I Choose settings option'
DEBUG:parse:format 'I choose the team I am an admin of' -> 'I choose the team I am an admin of'
DEBUG:parse:format 'I click on the Sign Up button' -> 'I click on the Sign Up button'
DEBUG:parse:format "I see I am on the 'Save Your Recovery Phrase' screen" -> "I see I am on the 'Save Your Recovery Phrase' screen"
DEBUG:parse:format 'I copy the recovery key' -> 'I copy the recovery key'
DEBUG:parse:format 'I click Continue' -> 'I click Continue'
DEBUG:parse:format "I see the 'Are you sure you saved your Recovery Phrase' screen" -> "I see the 'Are you sure you saved your Recovery Phrase' screen"
DEBUG:parse:format "I click on the 'Yes, I saved it' option" -> "I click on the 'Yes, I saved it' option"
DEBUG:parse:format 'I am on the Add/Create team start page' -> 'I am on the Add/Create team start page'
DEBUG:parse:format 'I enter the License Key' -> 'I enter the License Key'
DEBUG:parse:format 'I click the Create Team button' -> 'I click the Create Team button'
DEBUG:parse:format 'I enter the valid team name and check the continue button becomes active' -> 'I enter the valid team name and check the continue button becomes active'
DEBUG:parse:format 'I enter the name for the user and check the Continue button becomes active' -> 'I enter the name for the user and check the Continue button becomes active'
DEBUG:parse:format 'I see the team name in the Team Selector' -> 'I see the team name in the Team Selector'
DEBUG:parse:format 'I get the hash of the original file' -> 'I get the hash of the original file'
DEBUG:parse:format 'I modify the file' -> 'I modify the file'
DEBUG:parse:format 'I click the plus button' -> 'I click the plus button'
DEBUG:parse:format 'I get the hash of the modified file, and assert it is not the same' -> 'I get the hash of the modified file, and assert it is not the same'
DEBUG:parse:format 'I click on the revert icon' -> 'I click on the revert icon'
DEBUG:parse:format 'I confirm I am on the revert file modal' -> 'I confirm I am on the revert file modal'
DEBUG:parse:format "I click on the 'No, go back' option" -> "I click on the 'No, go back' option"
DEBUG:parse:format "I click on the 'Revert File' option" -> "I click on the 'Revert File' option"
DEBUG:parse:format 'I get the hash of the reverted file' -> 'I get the hash of the reverted file'
DEBUG:parse:format 'I confirm the reverted file hash is the same as the original file' -> 'I confirm the reverted file hash is the same as the original file'
DEBUG:parse:format 'I am in the login screen' -> 'I am in the login screen'
DEBUG:parse:format 'I create a passcode number' -> 'I create a passcode number'
DEBUG:parse:format 'I click the Log In button' -> 'I click the Log In button'
DEBUG:parse:format 'I am in the Team URl screen' -> 'I am in the Team URl screen'
DEBUG:parse:format 'I am in the Recovery Key screen' -> 'I am in the Recovery Key screen'
DEBUG:parse:format 'I write the recovery key' -> 'I write the recovery key'
DEBUG:parse:format 'I write the recovery key for bob' -> 'I write the recovery key for bob'
DEBUG:parse:format 'I am in the Welcome Screen' -> 'I am in the Welcome Screen'
DEBUG:parse:format 'I am on the Welcome Screen' -> 'I am on the Welcome Screen'
DEBUG:parse:format 'I click on the hamburger dropdown menu' -> 'I click on the hamburger dropdown menu'
DEBUG:parse:format 'I click the Continue button' -> 'I click the Continue button'
DEBUG:parse:format 'I Select the lock icon on top right' -> 'I Select the lock icon on top right'
DEBUG:parse:format 'I Select the lock icon on top right for the space' -> 'I Select the lock icon on top right for the space'
DEBUG:parse:format 'I choose my team' -> 'I choose my team'
DEBUG:parse:format 'I click on the Peoples tab' -> 'I click on the Peoples tab'
DEBUG:parse:format 'Back in the application,I click on the "Close" button' -> 'Back in the application,I click on the "Close" button'
DEBUG:parse:format 'I write the Team URL' -> 'I write the Team URL'
DEBUG:parse:format 'I click the Add Team button' -> 'I click the Add Team button'
DEBUG:parse:format 'I am on the Peoples Tab and the space members list become visible' -> 'I am on the Peoples Tab and the space members list become visible'
DEBUG:parse:format 'I select Bob from the list of people and The member screen appears' -> 'I select Bob from the list of people and The member screen appears'
DEBUG:parse:format 'I click on one of the spaces created' -> 'I click on one of the spaces created'
DEBUG:parse:format 'I Open a files (...) dropdown menu' -> 'I Open a files \\(\\.\\.\\.\\) dropdown menu'
DEBUG:parse:format 'I click on Version History' -> 'I click on Version History'
DEBUG:parse:format 'I Select the back arrow in the top left' -> 'I Select the back arrow in the top left'
DEBUG:parse:format 'I click on Delete File' -> 'I click on Delete File'
DEBUG:parse:format 'The Delete File pop up option becomes visible' -> 'The Delete File pop up option becomes visible'
DEBUG:parse:format 'I select the Cancel option from the pop up' -> 'I select the Cancel option from the pop up'
DEBUG:parse:format 'I am returned to the previous screen, the space view' -> 'I am returned to the previous screen, the space view'
DEBUG:parse:format 'I click on File details' -> 'I click on File details'
DEBUG:parse:format 'I see the uploaded file' -> 'I see the uploaded file'
DEBUG:parse:format 'The "applying changes" spinner briefly appears. When it goes away, you are returned to the user profile and it will display the "Space Administrator" text' -> 'The "applying changes" spinner briefly appears\\. When it goes away, you are returned to the user profile and it will display the "Space Administrator" text'
DEBUG:parse:format 'I Choose settings option' -> 'I Choose settings option'
DEBUG:parse:format 'I choose the team I am an admin of' -> 'I choose the team I am an admin of'
DEBUG:parse:format 'I click on the Sign Up button' -> 'I click on the Sign Up button'
DEBUG:parse:format "I see I am on the 'Save Your Recovery Phrase' screen" -> "I see I am on the 'Save Your Recovery Phrase' screen"
DEBUG:parse:format 'I copy the recovery key' -> 'I copy the recovery key'
DEBUG:parse:format 'I click Continue' -> 'I click Continue'
DEBUG:parse:format "I see the 'Are you sure you saved your Recovery Phrase' screen" -> "I see the 'Are you sure you saved your Recovery Phrase' screen"
DEBUG:parse:format "I click on the 'Yes, I saved it' option" -> "I click on the 'Yes, I saved it' option"
DEBUG:parse:format 'I am on the Add/Create team start page' -> 'I am on the Add/Create team start page'
DEBUG:parse:format 'I enter the License Key' -> 'I enter the License Key'
DEBUG:parse:format 'I click the Create Team button' -> 'I click the Create Team button'
DEBUG:parse:format 'I enter the valid team name and check the continue button becomes active' -> 'I enter the valid team name and check the continue button becomes active'
DEBUG:parse:format 'I enter the name for the user and check the Continue button becomes active' -> 'I enter the name for the user and check the Continue button becomes active'
DEBUG:parse:format 'I see the team name in the Team Selector' -> 'I see the team name in the Team Selector'
DEBUG:parse:format 'I get the hash of the original file' -> 'I get the hash of the original file'
DEBUG:parse:format 'I modify the file' -> 'I modify the file'
DEBUG:parse:format 'I click the plus button' -> 'I click the plus button'
DEBUG:parse:format 'I get the hash of the modified file, and assert it is not the same' -> 'I get the hash of the modified file, and assert it is not the same'
DEBUG:parse:format 'I click on the revert icon' -> 'I click on the revert icon'
DEBUG:parse:format 'I confirm I am on the revert file modal' -> 'I confirm I am on the revert file modal'
DEBUG:parse:format "I click on the 'No, go back' option" -> "I click on the 'No, go back' option"
DEBUG:parse:format "I click on the 'Revert File' option" -> "I click on the 'Revert File' option"
DEBUG:parse:format 'I get the hash of the reverted file' -> 'I get the hash of the reverted file'
DEBUG:parse:format 'I confirm the reverted file hash is the same as the original file' -> 'I confirm the reverted file hash is the same as the original file'
DEBUG:parse:format 'I am in the login screen' -> 'I am in the login screen'
DEBUG:parse:format 'I create a passcode number' -> 'I create a passcode number'
DEBUG:parse:format 'I click the Log In button' -> 'I click the Log In button'
DEBUG:parse:format 'I am in the Team URl screen' -> 'I am in the Team URl screen'
DEBUG:parse:format 'I am in the Recovery Key screen' -> 'I am in the Recovery Key screen'
DEBUG:parse:format 'I write the recovery key' -> 'I write the recovery key'
DEBUG:parse:format 'I write the recovery key for bob' -> 'I write the recovery key for bob'
DEBUG:parse:format 'I am in the Welcome Screen' -> 'I am in the Welcome Screen'
DEBUG:parse:format 'I am on the Welcome Screen' -> 'I am on the Welcome Screen'
DEBUG:parse:format 'I click on the hamburger dropdown menu' -> 'I click on the hamburger dropdown menu'
DEBUG:parse:format 'I click the Continue button' -> 'I click the Continue button'
DEBUG:parse:format 'I Select the lock icon on top right' -> 'I Select the lock icon on top right'
DEBUG:parse:format 'I Select the lock icon on top right for the space' -> 'I Select the lock icon on top right for the space'
DEBUG:parse:format 'I choose my team' -> 'I choose my team'
DEBUG:parse:format 'I click on the Peoples tab' -> 'I click on the Peoples tab'
DEBUG:parse:format 'Back in the application,I click on the "Close" button' -> 'Back in the application,I click on the "Close" button'
DEBUG:parse:format 'I write the Team URL' -> 'I write the Team URL'
DEBUG:parse:format 'I click the Add Team button' -> 'I click the Add Team button'
DEBUG:parse:format 'I am on the Peoples Tab and the space members list become visible' -> 'I am on the Peoples Tab and the space members list become visible'
DEBUG:parse:format 'I select Bob from the list of people and The member screen appears' -> 'I select Bob from the list of people and The member screen appears'
DEBUG:parse:format 'I click on one of the spaces created' -> 'I click on one of the spaces created'
DEBUG:parse:format 'I Open a files (...) dropdown menu' -> 'I Open a files \\(\\.\\.\\.\\) dropdown menu'
DEBUG:parse:format 'I click on Version History' -> 'I click on Version History'
DEBUG:parse:format 'I Select the back arrow in the top left' -> 'I Select the back arrow in the top left'
DEBUG:parse:format 'I click on Delete File' -> 'I click on Delete File'
DEBUG:parse:format 'The Delete File pop up option becomes visible' -> 'The Delete File pop up option becomes visible'
DEBUG:parse:format 'I select the Cancel option from the pop up' -> 'I select the Cancel option from the pop up'
DEBUG:parse:format 'I am returned to the previous screen, the space view' -> 'I am returned to the previous screen, the space view'
DEBUG:parse:format 'I click on File details' -> 'I click on File details'
DEBUG:parse:format 'I see the uploaded file' -> 'I see the uploaded file'
DEBUG:parse:format 'The "applying changes" spinner briefly appears. When it goes away, you are returned to the user profile and it will display the "Space Administrator" text' -> 'The "applying changes" spinner briefly appears\\. When it goes away, you are returned to the user profile and it will display the "Space Administrator" text'
DEBUG:parse:format 'I Choose settings option' -> 'I Choose settings option'
DEBUG:parse:format 'I choose the team I am an admin of' -> 'I choose the team I am an admin of'
DEBUG:parse:format 'I click on the Sign Up button' -> 'I click on the Sign Up button'
DEBUG:parse:format "I see I am on the 'Save Your Recovery Phrase' screen" -> "I see I am on the 'Save Your Recovery Phrase' screen"
DEBUG:parse:format 'I copy the recovery key' -> 'I copy the recovery key'
DEBUG:parse:format 'I click Continue' -> 'I click Continue'
DEBUG:parse:format "I see the 'Are you sure you saved your Recovery Phrase' screen" -> "I see the 'Are you sure you saved your Recovery Phrase' screen"
DEBUG:parse:format "I click on the 'Yes, I saved it' option" -> "I click on the 'Yes, I saved it' option"
DEBUG:parse:format 'I am on the Add/Create team start page' -> 'I am on the Add/Create team start page'
DEBUG:parse:format 'I enter the License Key' -> 'I enter the License Key'
DEBUG:parse:format 'I click the Create Team button' -> 'I click the Create Team button'
DEBUG:parse:format 'I enter the valid team name and check the continue button becomes active' -> 'I enter the valid team name and check the continue button becomes active'
DEBUG:parse:format 'I enter the name for the user and check the Continue button becomes active' -> 'I enter the name for the user and check the Continue button becomes active'
DEBUG:parse:format 'I see the team name in the Team Selector' -> 'I see the team name in the Team Selector'
DEBUG:parse:format 'I get the hash of the original file' -> 'I get the hash of the original file'
DEBUG:parse:format 'I modify the file' -> 'I modify the file'
DEBUG:parse:format 'I click the plus button' -> 'I click the plus button'
DEBUG:parse:format 'I get the hash of the modified file, and assert it is not the same' -> 'I get the hash of the modified file, and assert it is not the same'
DEBUG:parse:format 'I click on the revert icon' -> 'I click on the revert icon'
DEBUG:parse:format 'I confirm I am on the revert file modal' -> 'I confirm I am on the revert file modal'
DEBUG:parse:format "I click on the 'No, go back' option" -> "I click on the 'No, go back' option"
DEBUG:parse:format "I click on the 'Revert File' option" -> "I click on the 'Revert File' option"
DEBUG:parse:format 'I get the hash of the reverted file' -> 'I get the hash of the reverted file'
DEBUG:parse:format 'I confirm the reverted file hash is the same as the original file' -> 'I confirm the reverted file hash is the same as the original file'
DEBUG:parse:format 'I am in the login screen' -> 'I am in the login screen'
DEBUG:parse:format 'I create a passcode number' -> 'I create a passcode number'
DEBUG:parse:format 'I click the Log In button' -> 'I click the Log In button'
DEBUG:parse:format 'I am in the Team URl screen' -> 'I am in the Team URl screen'
DEBUG:parse:format 'I am in the Recovery Key screen' -> 'I am in the Recovery Key screen'
DEBUG:parse:format 'I write the recovery key' -> 'I write the recovery key'
DEBUG:parse:format 'I write the recovery key for bob' -> 'I write the recovery key for bob'
DEBUG:parse:format 'I am in the Welcome Screen' -> 'I am in the Welcome Screen'
DEBUG:parse:format 'I am on the Welcome Screen' -> 'I am on the Welcome Screen'
DEBUG:parse:format 'I click on the hamburger dropdown menu' -> 'I click on the hamburger dropdown menu'
DEBUG:parse:format 'I click the Continue button' -> 'I click the Continue button'
DEBUG:parse:format 'I Select the lock icon on top right' -> 'I Select the lock icon on top right'
DEBUG:parse:format 'I Select the lock icon on top right for the space' -> 'I Select the lock icon on top right for the space'
DEBUG:parse:format 'I choose my team' -> 'I choose my team'
DEBUG:parse:format 'I click on the Peoples tab' -> 'I click on the Peoples tab'
DEBUG:parse:format 'Back in the application,I click on the "Close" button' -> 'Back in the application,I click on the "Close" button'
DEBUG:parse:format 'I write the Team URL' -> 'I write the Team URL'
DEBUG:parse:format 'I click the Add Team button' -> 'I click the Add Team button'
DEBUG:parse:format 'I am on the Peoples Tab and the space members list become visible' -> 'I am on the Peoples Tab and the space members list become visible'
DEBUG:parse:format 'I select Bob from the list of people and The member screen appears' -> 'I select Bob from the list of people and The member screen appears'
DEBUG:parse:format 'I click on one of the spaces created' -> 'I click on one of the spaces created'
DEBUG:parse:format 'I Open a files (...) dropdown menu' -> 'I Open a files \\(\\.\\.\\.\\) dropdown menu'
DEBUG:parse:format 'I click on Version History' -> 'I click on Version History'
DEBUG:parse:format 'I Select the back arrow in the top left' -> 'I Select the back arrow in the top left'
DEBUG:parse:format 'I click on Delete File' -> 'I click on Delete File'
DEBUG:parse:format 'The Delete File pop up option becomes visible' -> 'The Delete File pop up option becomes visible'
DEBUG:parse:format 'I select the Cancel option from the pop up' -> 'I select the Cancel option from the pop up'
DEBUG:parse:format 'I am returned to the previous screen, the space view' -> 'I am returned to the previous screen, the space view'
DEBUG:parse:format 'I click on File details' -> 'I click on File details'
DEBUG:parse:format 'I see the uploaded file' -> 'I see the uploaded file'
DEBUG:parse:format 'The "applying changes" spinner briefly appears. When it goes away, you are returned to the user profile and it will display the "Space Administrator" text' -> 'The "applying changes" spinner briefly appears\\. When it goes away, you are returned to the user profile and it will display the "Space Administrator" text'
DEBUG:parse:format 'I Choose settings option' -> 'I Choose settings option'
DEBUG:parse:format 'I choose the team I am an admin of' -> 'I choose the team I am an admin of'
DEBUG:parse:format 'I click on the Sign Up button' -> 'I click on the Sign Up button'
DEBUG:parse:format "I see I am on the 'Save Your Recovery Phrase' screen" -> "I see I am on the 'Save Your Recovery Phrase' screen"
DEBUG:parse:format 'I copy the recovery key' -> 'I copy the recovery key'
DEBUG:parse:format 'I click Continue' -> 'I click Continue'
DEBUG:parse:format "I see the 'Are you sure you saved your Recovery Phrase' screen" -> "I see the 'Are you sure you saved your Recovery Phrase' screen"
DEBUG:parse:format "I click on the 'Yes, I saved it' option" -> "I click on the 'Yes, I saved it' option"
DEBUG:parse:format 'I am on the Add/Create team start page' -> 'I am on the Add/Create team start page'
DEBUG:parse:format 'I enter the License Key' -> 'I enter the License Key'
DEBUG:parse:format 'I click the Create Team button' -> 'I click the Create Team button'
DEBUG:parse:format 'I enter the valid team name and check the continue button becomes active' -> 'I enter the valid team name and check the continue button becomes active'
DEBUG:parse:format 'I enter the name for the user and check the Continue button becomes active' -> 'I enter the name for the user and check the Continue button becomes active'
DEBUG:parse:format 'I see the team name in the Team Selector' -> 'I see the team name in the Team Selector'
DEBUG:parse:format 'I get the hash of the original file' -> 'I get the hash of the original file'
DEBUG:parse:format 'I modify the file' -> 'I modify the file'
DEBUG:parse:format 'I click the plus button' -> 'I click the plus button'
DEBUG:parse:format 'I get the hash of the modified file, and assert it is not the same' -> 'I get the hash of the modified file, and assert it is not the same'
DEBUG:parse:format 'I click on the revert icon' -> 'I click on the revert icon'
DEBUG:parse:format 'I confirm I am on the revert file modal' -> 'I confirm I am on the revert file modal'
DEBUG:parse:format "I click on the 'No, go back' option" -> "I click on the 'No, go back' option"
DEBUG:parse:format "I click on the 'Revert File' option" -> "I click on the 'Revert File' option"
DEBUG:parse:format 'I get the hash of the reverted file' -> 'I get the hash of the reverted file'
DEBUG:parse:format 'I confirm the reverted file hash is the same as the original file' -> 'I confirm the reverted file hash is the same as the original file'
DEBUG:parse:format 'I am in the login screen' -> 'I am in the login screen'
DEBUG:parse:format 'I create a passcode number' -> 'I create a passcode number'
DEBUG:parse:format 'I click the Log In button' -> 'I click the Log In button'
DEBUG:parse:format 'I am in the Team URl screen' -> 'I am in the Team URl screen'
DEBUG:parse:format 'I am in the Recovery Key screen' -> 'I am in the Recovery Key screen'
DEBUG:parse:format 'I write the recovery key' -> 'I write the recovery key'
DEBUG:parse:format 'I write the recovery key for bob' -> 'I write the recovery key for bob'
DEBUG:parse:format 'I am in the Welcome Screen' -> 'I am in the Welcome Screen'
DEBUG:parse:format 'I am on the Welcome Screen' -> 'I am on the Welcome Screen'
DEBUG:parse:format 'I click on the hamburger dropdown menu' -> 'I click on the hamburger dropdown menu'
DEBUG:parse:format 'I click the Continue button' -> 'I click the Continue button'
DEBUG:parse:format 'I Select the lock icon on top right' -> 'I Select the lock icon on top right'
DEBUG:parse:format 'I Select the lock icon on top right for the space' -> 'I Select the lock icon on top right for the space'
DEBUG:parse:format 'I choose my team' -> 'I choose my team'
DEBUG:parse:format 'I click on the Peoples tab' -> 'I click on the Peoples tab'
DEBUG:parse:format 'Back in the application,I click on the "Close" button' -> 'Back in the application,I click on the "Close" button'
DEBUG:parse:format 'I write the Team URL' -> 'I write the Team URL'
DEBUG:parse:format 'I click the Add Team button' -> 'I click the Add Team button'
DEBUG:parse:format 'I am on the Peoples Tab and the space members list become visible' -> 'I am on the Peoples Tab and the space members list become visible'
DEBUG:parse:format 'I select Bob from the list of people and The member screen appears' -> 'I select Bob from the list of people and The member screen appears'
DEBUG:parse:format 'I click on one of the spaces created' -> 'I click on one of the spaces created'
DEBUG:parse:format 'I Open a files (...) dropdown menu' -> 'I Open a files \\(\\.\\.\\.\\) dropdown menu'
DEBUG:parse:format 'I click on Version History' -> 'I click on Version History'
DEBUG:parse:format 'I Select the back arrow in the top left' -> 'I Select the back arrow in the top left'
DEBUG:parse:format 'I click on Delete File' -> 'I click on Delete File'
DEBUG:parse:format 'The Delete File pop up option becomes visible' -> 'The Delete File pop up option becomes visible'
DEBUG:parse:format 'I select the Cancel option from the pop up' -> 'I select the Cancel option from the pop up'
DEBUG:parse:format 'I am returned to the previous screen, the space view' -> 'I am returned to the previous screen, the space view'
DEBUG:parse:format 'I click on File details' -> 'I click on File details'
DEBUG:parse:format 'I see the uploaded file' -> 'I see the uploaded file'
DEBUG:parse:format 'The "applying changes" spinner briefly appears. When it goes away, you are returned to the user profile and it will display the "Space Administrator" text' -> 'The "applying changes" spinner briefly appears\\. When it goes away, you are returned to the user profile and it will display the "Space Administrator" text'
DEBUG:parse:format 'I Choose settings option' -> 'I Choose settings option'
DEBUG:parse:format 'I choose the team I am an admin of' -> 'I choose the team I am an admin of'
DEBUG:parse:format 'I click on the Sign Up button' -> 'I click on the Sign Up button'
DEBUG:parse:format "I see I am on the 'Save Your Recovery Phrase' screen" -> "I see I am on the 'Save Your Recovery Phrase' screen"
DEBUG:parse:format 'I copy the recovery key' -> 'I copy the recovery key'
DEBUG:parse:format 'I click Continue' -> 'I click Continue'
DEBUG:parse:format "I see the 'Are you sure you saved your Recovery Phrase' screen" -> "I see the 'Are you sure you saved your Recovery Phrase' screen"
DEBUG:parse:format "I click on the 'Yes, I saved it' option" -> "I click on the 'Yes, I saved it' option"
DEBUG:parse:format 'I am on the Add/Create team start page' -> 'I am on the Add/Create team start page'
DEBUG:parse:format 'I enter the License Key' -> 'I enter the License Key'
DEBUG:parse:format 'I click the Create Team button' -> 'I click the Create Team button'
DEBUG:parse:format 'I enter the valid team name and check the continue button becomes active' -> 'I enter the valid team name and check the continue button becomes active'
DEBUG:parse:format 'I enter the name for the user and check the Continue button becomes active' -> 'I enter the name for the user and check the Continue button becomes active'
DEBUG:parse:format 'I see the team name in the Team Selector' -> 'I see the team name in the Team Selector'
DEBUG:parse:format 'I get the hash of the original file' -> 'I get the hash of the original file'
DEBUG:parse:format 'I modify the file' -> 'I modify the file'
DEBUG:parse:format 'I click the plus button' -> 'I click the plus button'
DEBUG:parse:format 'I get the hash of the modified file, and assert it is not the same' -> 'I get the hash of the modified file, and assert it is not the same'
DEBUG:parse:format 'I click on the revert icon' -> 'I click on the revert icon'
DEBUG:parse:format 'I confirm I am on the revert file modal' -> 'I confirm I am on the revert file modal'
DEBUG:parse:format "I click on the 'No, go back' option" -> "I click on the 'No, go back' option"
DEBUG:parse:format "I click on the 'Revert File' option" -> "I click on the 'Revert File' option"
DEBUG:parse:format 'I get the hash of the reverted file' -> 'I get the hash of the reverted file'
DEBUG:parse:format 'I confirm the reverted file hash is the same as the original file' -> 'I confirm the reverted file hash is the same as the original file'
DEBUG:parse:format 'I am in the login screen' -> 'I am in the login screen'
DEBUG:parse:format 'I create a passcode number' -> 'I create a passcode number'
DEBUG:parse:format 'I click the Log In button' -> 'I click the Log In button'
DEBUG:parse:format 'I am in the Team URl screen' -> 'I am in the Team URl screen'
DEBUG:parse:format 'I am in the Recovery Key screen' -> 'I am in the Recovery Key screen'
DEBUG:parse:format 'I write the recovery key' -> 'I write the recovery key'
DEBUG:parse:format 'I write the recovery key for bob' -> 'I write the recovery key for bob'
DEBUG:parse:format 'I am in the Welcome Screen' -> 'I am in the Welcome Screen'
DEBUG:parse:format 'I am on the Welcome Screen' -> 'I am on the Welcome Screen'
DEBUG:parse:format 'I click on the hamburger dropdown menu' -> 'I click on the hamburger dropdown menu'
DEBUG:parse:format 'I click the Continue button' -> 'I click the Continue button'
DEBUG:parse:format 'I Select the lock icon on top right' -> 'I Select the lock icon on top right'
DEBUG:parse:format 'I Select the lock icon on top right for the space' -> 'I Select the lock icon on top right for the space'
DEBUG:parse:format 'I choose my team' -> 'I choose my team'
DEBUG:parse:format 'I click on the Peoples tab' -> 'I click on the Peoples tab'
DEBUG:parse:format 'Back in the application,I click on the "Close" button' -> 'Back in the application,I click on the "Close" button'
DEBUG:parse:format 'I write the Team URL' -> 'I write the Team URL'
DEBUG:parse:format 'I click the Add Team button' -> 'I click the Add Team button'
DEBUG:parse:format 'I am on the Peoples Tab and the space members list become visible' -> 'I am on the Peoples Tab and the space members list become visible'
DEBUG:parse:format 'I select Bob from the list of people and The member screen appears' -> 'I select Bob from the list of people and The member screen appears'
DEBUG:parse:format 'I click on one of the spaces created' -> 'I click on one of the spaces created'
DEBUG:parse:format 'I Open a files (...) dropdown menu' -> 'I Open a files \\(\\.\\.\\.\\) dropdown menu'
DEBUG:parse:format 'I click on Version History' -> 'I click on Version History'
DEBUG:parse:format 'I Select the back arrow in the top left' -> 'I Select the back arrow in the top left'
DEBUG:parse:format 'I click on Delete File' -> 'I click on Delete File'
DEBUG:parse:format 'The Delete File pop up option becomes visible' -> 'The Delete File pop up option becomes visible'
DEBUG:parse:format 'I select the Cancel option from the pop up' -> 'I select the Cancel option from the pop up'
DEBUG:parse:format 'I am returned to the previous screen, the space view' -> 'I am returned to the previous screen, the space view'
DEBUG:parse:format 'I click on File details' -> 'I click on File details'
DEBUG:parse:format 'I see the uploaded file' -> 'I see the uploaded file'
DEBUG:parse:format 'The "applying changes" spinner briefly appears. When it goes away, you are returned to the user profile and it will display the "Space Administrator" text' -> 'The "applying changes" spinner briefly appears\\. When it goes away, you are returned to the user profile and it will display the "Space Administrator" text'
DEBUG:parse:format 'I Choose settings option' -> 'I Choose settings option'
DEBUG:parse:format 'I choose the team I am an admin of' -> 'I choose the team I am an admin of'
DEBUG:parse:format 'I click on the Sign Up button' -> 'I click on the Sign Up button'
DEBUG:parse:format "I see I am on the 'Save Your Recovery Phrase' screen" -> "I see I am on the 'Save Your Recovery Phrase' screen"
DEBUG:parse:format 'I copy the recovery key' -> 'I copy the recovery key'
DEBUG:parse:format 'I click Continue' -> 'I click Continue'
DEBUG:parse:format "I see the 'Are you sure you saved your Recovery Phrase' screen" -> "I see the 'Are you sure you saved your Recovery Phrase' screen"
DEBUG:parse:format "I click on the 'Yes, I saved it' option" -> "I click on the 'Yes, I saved it' option"
DEBUG:parse:format 'I am on the Add/Create team start page' -> 'I am on the Add/Create team start page'
DEBUG:parse:format 'I enter the License Key' -> 'I enter the License Key'
DEBUG:parse:format 'I click the Create Team button' -> 'I click the Create Team button'
DEBUG:parse:format 'I enter the valid team name and check the continue button becomes active' -> 'I enter the valid team name and check the continue button becomes active'
DEBUG:parse:format 'I enter the name for the user and check the Continue button becomes active' -> 'I enter the name for the user and check the Continue button becomes active'
DEBUG:parse:format 'I see the team name in the Team Selector' -> 'I see the team name in the Team Selector'
DEBUG:parse:format 'I get the hash of the original file' -> 'I get the hash of the original file'
DEBUG:parse:format 'I modify the file' -> 'I modify the file'
DEBUG:parse:format 'I click the plus button' -> 'I click the plus button'
DEBUG:parse:format 'I get the hash of the modified file, and assert it is not the same' -> 'I get the hash of the modified file, and assert it is not the same'
DEBUG:parse:format 'I click on the revert icon' -> 'I click on the revert icon'
DEBUG:parse:format 'I confirm I am on the revert file modal' -> 'I confirm I am on the revert file modal'
DEBUG:parse:format "I click on the 'No, go back' option" -> "I click on the 'No, go back' option"
DEBUG:parse:format "I click on the 'Revert File' option" -> "I click on the 'Revert File' option"
DEBUG:parse:format 'I get the hash of the reverted file' -> 'I get the hash of the reverted file'
DEBUG:parse:format 'I confirm the reverted file hash is the same as the original file' -> 'I confirm the reverted file hash is the same as the original file'
DEBUG:parse:format 'I am in the login screen' -> 'I am in the login screen'
DEBUG:parse:format 'I create a passcode number' -> 'I create a passcode number'
DEBUG:parse:format 'I click the Log In button' -> 'I click the Log In button'
DEBUG:parse:format 'I am in the Team URl screen' -> 'I am in the Team URl screen'
DEBUG:parse:format 'I am in the Recovery Key screen' -> 'I am in the Recovery Key screen'
DEBUG:parse:format 'I write the recovery key' -> 'I write the recovery key'
DEBUG:parse:format 'I write the recovery key for bob' -> 'I write the recovery key for bob'
DEBUG:parse:format 'I am in the Welcome Screen' -> 'I am in the Welcome Screen'
DEBUG:parse:format 'I am on the Welcome Screen' -> 'I am on the Welcome Screen'
DEBUG:parse:format 'I click on the hamburger dropdown menu' -> 'I click on the hamburger dropdown menu'
DEBUG:parse:format 'I click the Continue button' -> 'I click the Continue button'
DEBUG:parse:format 'I Select the lock icon on top right' -> 'I Select the lock icon on top right'
DEBUG:parse:format 'I Select the lock icon on top right for the space' -> 'I Select the lock icon on top right for the space'
DEBUG:parse:format 'I choose my team' -> 'I choose my team'
DEBUG:parse:format 'I click on the Peoples tab' -> 'I click on the Peoples tab'
DEBUG:parse:format 'Back in the application,I click on the "Close" button' -> 'Back in the application,I click on the "Close" button'
DEBUG:parse:format 'I write the Team URL' -> 'I write the Team URL'
DEBUG:parse:format 'I click the Add Team button' -> 'I click the Add Team button'
DEBUG:parse:format 'I am on the Peoples Tab and the space members list become visible' -> 'I am on the Peoples Tab and the space members list become visible'
DEBUG:parse:format 'I select Bob from the list of people and The member screen appears' -> 'I select Bob from the list of people and The member screen appears'
DEBUG:parse:format 'I click on one of the spaces created' -> 'I click on one of the spaces created'
DEBUG:parse:format 'I Open a files (...) dropdown menu' -> 'I Open a files \\(\\.\\.\\.\\) dropdown menu'
DEBUG:parse:format 'I click on Version History' -> 'I click on Version History'
DEBUG:parse:format 'I Select the back arrow in the top left' -> 'I Select the back arrow in the top left'
DEBUG:parse:format 'I click on Delete File' -> 'I click on Delete File'
DEBUG:parse:format 'The Delete File pop up option becomes visible' -> 'The Delete File pop up option becomes visible'
DEBUG:parse:format 'I select the Cancel option from the pop up' -> 'I select the Cancel option from the pop up'
DEBUG:parse:format 'I am returned to the previous screen, the space view' -> 'I am returned to the previous screen, the space view'
DEBUG:parse:format 'I click on File details' -> 'I click on File details'
DEBUG:parse:format 'I see the uploaded file' -> 'I see the uploaded file'
DEBUG:parse:format 'The "applying changes" spinner briefly appears. When it goes away, you are returned to the user profile and it will display the "Space Administrator" text' -> 'The "applying changes" spinner briefly appears\\. When it goes away, you are returned to the user profile and it will display the "Space Administrator" text'
DEBUG:parse:format 'I Choose settings option' -> 'I Choose settings option'
DEBUG:parse:format 'I choose the team I am an admin of' -> 'I choose the team I am an admin of'
DEBUG:parse:format 'I click on the Sign Up button' -> 'I click on the Sign Up button'
DEBUG:parse:format "I see I am on the 'Save Your Recovery Phrase' screen" -> "I see I am on the 'Save Your Recovery Phrase' screen"
DEBUG:parse:format 'I copy the recovery key' -> 'I copy the recovery key'
DEBUG:parse:format 'I click Continue' -> 'I click Continue'
DEBUG:parse:format "I see the 'Are you sure you saved your Recovery Phrase' screen" -> "I see the 'Are you sure you saved your Recovery Phrase' screen"
DEBUG:parse:format "I click on the 'Yes, I saved it' option" -> "I click on the 'Yes, I saved it' option"
DEBUG:parse:format 'I am on the Add/Create team start page' -> 'I am on the Add/Create team start page'
DEBUG:parse:format 'I enter the License Key' -> 'I enter the License Key'
DEBUG:parse:format 'I click the Create Team button' -> 'I click the Create Team button'
DEBUG:parse:format 'I enter the valid team name and check the continue button becomes active' -> 'I enter the valid team name and check the continue button becomes active'
DEBUG:parse:format 'I enter the name for the user and check the Continue button becomes active' -> 'I enter the name for the user and check the Continue button becomes active'
DEBUG:parse:format 'I see the team name in the Team Selector' -> 'I see the team name in the Team Selector'
DEBUG:parse:format 'I get the hash of the original file' -> 'I get the hash of the original file'
DEBUG:parse:format 'I modify the file' -> 'I modify the file'
DEBUG:parse:format 'I click the plus button' -> 'I click the plus button'
DEBUG:parse:format 'I get the hash of the modified file, and assert it is not the same' -> 'I get the hash of the modified file, and assert it is not the same'
DEBUG:parse:format 'I click on the revert icon' -> 'I click on the revert icon'
DEBUG:parse:format 'I confirm I am on the revert file modal' -> 'I confirm I am on the revert file modal'
DEBUG:parse:format "I click on the 'No, go back' option" -> "I click on the 'No, go back' option"
DEBUG:parse:format "I click on the 'Revert File' option" -> "I click on the 'Revert File' option"
DEBUG:parse:format 'I get the hash of the reverted file' -> 'I get the hash of the reverted file'
DEBUG:parse:format 'I confirm the reverted file hash is the same as the original file' -> 'I confirm the reverted file hash is the same as the original file'
DEBUG:parse:format 'I am in the login screen' -> 'I am in the login screen'
DEBUG:parse:format 'I create a passcode number' -> 'I create a passcode number'
DEBUG:parse:format 'I click the Log In button' -> 'I click the Log In button'
DEBUG:parse:format 'I am in the Team URl screen' -> 'I am in the Team URl screen'
DEBUG:parse:format 'I am in the Recovery Key screen' -> 'I am in the Recovery Key screen'
DEBUG:parse:format 'I write the recovery key' -> 'I write the recovery key'
DEBUG:parse:format 'I write the recovery key for bob' -> 'I write the recovery key for bob'
DEBUG:parse:format 'I am in the Welcome Screen' -> 'I am in the Welcome Screen'
DEBUG:parse:format 'I am on the Welcome Screen' -> 'I am on the Welcome Screen'
DEBUG:parse:format 'I click on the hamburger dropdown menu' -> 'I click on the hamburger dropdown menu'
DEBUG:parse:format 'I click the Continue button' -> 'I click the Continue button'
DEBUG:parse:format 'I Select the lock icon on top right' -> 'I Select the lock icon on top right'
DEBUG:parse:format 'I Select the lock icon on top right for the space' -> 'I Select the lock icon on top right for the space'
DEBUG:parse:format 'I choose my team' -> 'I choose my team'
DEBUG:parse:format 'I click on the Peoples tab' -> 'I click on the Peoples tab'
DEBUG:parse:format 'Back in the application,I click on the "Close" button' -> 'Back in the application,I click on the "Close" button'
DEBUG:parse:format 'I write the Team URL' -> 'I write the Team URL'
DEBUG:parse:format 'I click the Add Team button' -> 'I click the Add Team button'
DEBUG:parse:format 'I am on the Peoples Tab and the space members list become visible' -> 'I am on the Peoples Tab and the space members list become visible'
DEBUG:parse:format 'I select Bob from the list of people and The member screen appears' -> 'I select Bob from the list of people and The member screen appears'
DEBUG:parse:format 'I click on one of the spaces created' -> 'I click on one of the spaces created'
DEBUG:parse:format 'I Open a files (...) dropdown menu' -> 'I Open a files \\(\\.\\.\\.\\) dropdown menu'
DEBUG:parse:format 'I click on Version History' -> 'I click on Version History'
DEBUG:parse:format 'I Select the back arrow in the top left' -> 'I Select the back arrow in the top left'
DEBUG:parse:format 'I click on Delete File' -> 'I click on Delete File'
DEBUG:parse:format 'The Delete File pop up option becomes visible' -> 'The Delete File pop up option becomes visible'
DEBUG:parse:format 'I select the Cancel option from the pop up' -> 'I select the Cancel option from the pop up'
DEBUG:parse:format 'I am returned to the previous screen, the space view' -> 'I am returned to the previous screen, the space view'
DEBUG:parse:format 'I click on File details' -> 'I click on File details'
DEBUG:parse:format 'I see the uploaded file' -> 'I see the uploaded file'
DEBUG:parse:format 'The "applying changes" spinner briefly appears. When it goes away, you are returned to the user profile and it will display the "Space Administrator" text' -> 'The "applying changes" spinner briefly appears\\. When it goes away, you are returned to the user profile and it will display the "Space Administrator" text'
DEBUG:parse:format 'I Choose settings option' -> 'I Choose settings option'
DEBUG:parse:format 'I choose the team I am an admin of' -> 'I choose the team I am an admin of'
DEBUG:parse:format 'I click on the Sign Up button' -> 'I click on the Sign Up button'
DEBUG:parse:format "I see I am on the 'Save Your Recovery Phrase' screen" -> "I see I am on the 'Save Your Recovery Phrase' screen"
DEBUG:parse:format 'I copy the recovery key' -> 'I copy the recovery key'
DEBUG:parse:format 'I click Continue' -> 'I click Continue'
DEBUG:parse:format "I see the 'Are you sure you saved your Recovery Phrase' screen" -> "I see the 'Are you sure you saved your Recovery Phrase' screen"
DEBUG:parse:format "I click on the 'Yes, I saved it' option" -> "I click on the 'Yes, I saved it' option"
DEBUG:parse:format 'I am on the Add/Create team start page' -> 'I am on the Add/Create team start page'
DEBUG:parse:format 'I enter the License Key' -> 'I enter the License Key'
DEBUG:parse:format 'I click the Create Team button' -> 'I click the Create Team button'
DEBUG:parse:format 'I enter the valid team name and check the continue button becomes active' -> 'I enter the valid team name and check the continue button becomes active'
DEBUG:parse:format 'I enter the name for the user and check the Continue button becomes active' -> 'I enter the name for the user and check the Continue button becomes active'
DEBUG:parse:format 'I see the team name in the Team Selector' -> 'I see the team name in the Team Selector'
DEBUG:parse:format 'I get the hash of the original file' -> 'I get the hash of the original file'
DEBUG:parse:format 'I modify the file' -> 'I modify the file'
DEBUG:parse:format 'I click the plus button' -> 'I click the plus button'
DEBUG:parse:format 'I get the hash of the modified file, and assert it is not the same' -> 'I get the hash of the modified file, and assert it is not the same'
DEBUG:parse:format 'I click on the revert icon' -> 'I click on the revert icon'
DEBUG:parse:format 'I confirm I am on the revert file modal' -> 'I confirm I am on the revert file modal'
DEBUG:parse:format "I click on the 'No, go back' option" -> "I click on the 'No, go back' option"
DEBUG:parse:format "I click on the 'Revert File' option" -> "I click on the 'Revert File' option"
DEBUG:parse:format 'I get the hash of the reverted file' -> 'I get the hash of the reverted file'
DEBUG:parse:format 'I confirm the reverted file hash is the same as the original file' -> 'I confirm the reverted file hash is the same as the original file'
DEBUG:parse:format 'I am in the login screen' -> 'I am in the login screen'
DEBUG:parse:format 'I create a passcode number' -> 'I create a passcode number'
DEBUG:parse:format 'I click the Log In button' -> 'I click the Log In button'
DEBUG:parse:format 'I am in the Team URl screen' -> 'I am in the Team URl screen'
DEBUG:parse:format 'I am in the Recovery Key screen' -> 'I am in the Recovery Key screen'
DEBUG:parse:format 'I write the recovery key' -> 'I write the recovery key'
DEBUG:parse:format 'I write the recovery key for bob' -> 'I write the recovery key for bob'
DEBUG:parse:format 'I am in the Welcome Screen' -> 'I am in the Welcome Screen'
DEBUG:parse:format 'I am on the Welcome Screen' -> 'I am on the Welcome Screen'
DEBUG:parse:format 'I click on the hamburger dropdown menu' -> 'I click on the hamburger dropdown menu'
DEBUG:parse:format 'I click the Continue button' -> 'I click the Continue button'
DEBUG:parse:format 'I Select the lock icon on top right' -> 'I Select the lock icon on top right'
DEBUG:parse:format 'I Select the lock icon on top right for the space' -> 'I Select the lock icon on top right for the space'
DEBUG:parse:format 'I choose my team' -> 'I choose my team'
DEBUG:parse:format 'I click on the Peoples tab' -> 'I click on the Peoples tab'
DEBUG:parse:format 'Back in the application,I click on the "Close" button' -> 'Back in the application,I click on the "Close" button'
DEBUG:parse:format 'I write the Team URL' -> 'I write the Team URL'
DEBUG:parse:format 'I click the Add Team button' -> 'I click the Add Team button'
DEBUG:parse:format 'I am on the Peoples Tab and the space members list become visible' -> 'I am on the Peoples Tab and the space members list become visible'
DEBUG:parse:format 'I select Bob from the list of people and The member screen appears' -> 'I select Bob from the list of people and The member screen appears'
DEBUG:parse:format 'I click on one of the spaces created' -> 'I click on one of the spaces created'
DEBUG:parse:format 'I Open a files (...) dropdown menu' -> 'I Open a files \\(\\.\\.\\.\\) dropdown menu'
DEBUG:parse:format 'I click on Version History' -> 'I click on Version History'
DEBUG:parse:format 'I Select the back arrow in the top left' -> 'I Select the back arrow in the top left'
DEBUG:parse:format 'I click on Delete File' -> 'I click on Delete File'
DEBUG:parse:format 'The Delete File pop up option becomes visible' -> 'The Delete File pop up option becomes visible'
DEBUG:parse:format 'I select the Cancel option from the pop up' -> 'I select the Cancel option from the pop up'
DEBUG:parse:format 'I am returned to the previous screen, the space view' -> 'I am returned to the previous screen, the space view'
DEBUG:parse:format 'I click on File details' -> 'I click on File details'
DEBUG:parse:format 'I see the uploaded file' -> 'I see the uploaded file'
DEBUG:parse:format 'The "applying changes" spinner briefly appears. When it goes away, you are returned to the user profile and it will display the "Space Administrator" text' -> 'The "applying changes" spinner briefly appears\\. When it goes away, you are returned to the user profile and it will display the "Space Administrator" text'
DEBUG:parse:format 'I Choose settings option' -> 'I Choose settings option'
DEBUG:parse:format 'I choose the team I am an admin of' -> 'I choose the team I am an admin of'
DEBUG:parse:format 'I click on the Sign Up button' -> 'I click on the Sign Up button'
DEBUG:parse:format "I see I am on the 'Save Your Recovery Phrase' screen" -> "I see I am on the 'Save Your Recovery Phrase' screen"
DEBUG:parse:format 'I copy the recovery key' -> 'I copy the recovery key'
DEBUG:parse:format 'I click Continue' -> 'I click Continue'
DEBUG:parse:format "I see the 'Are you sure you saved your Recovery Phrase' screen" -> "I see the 'Are you sure you saved your Recovery Phrase' screen"
DEBUG:parse:format "I click on the 'Yes, I saved it' option" -> "I click on the 'Yes, I saved it' option"
DEBUG:parse:format 'I am on the Add/Create team start page' -> 'I am on the Add/Create team start page'
DEBUG:parse:format 'I enter the License Key' -> 'I enter the License Key'
DEBUG:parse:format 'I click the Create Team button' -> 'I click the Create Team button'
DEBUG:parse:format 'I enter the valid team name and check the continue button becomes active' -> 'I enter the valid team name and check the continue button becomes active'
DEBUG:parse:format 'I enter the name for the user and check the Continue button becomes active' -> 'I enter the name for the user and check the Continue button becomes active'
DEBUG:parse:format 'I see the team name in the Team Selector' -> 'I see the team name in the Team Selector'
DEBUG:parse:format 'I get the hash of the original file' -> 'I get the hash of the original file'
DEBUG:parse:format 'I modify the file' -> 'I modify the file'
DEBUG:parse:format 'I click the plus button' -> 'I click the plus button'
DEBUG:parse:format 'I get the hash of the modified file, and assert it is not the same' -> 'I get the hash of the modified file, and assert it is not the same'
DEBUG:parse:format 'I click on the revert icon' -> 'I click on the revert icon'
DEBUG:parse:format 'I confirm I am on the revert file modal' -> 'I confirm I am on the revert file modal'
DEBUG:parse:format "I click on the 'No, go back' option" -> "I click on the 'No, go back' option"
DEBUG:parse:format "I click on the 'Revert File' option" -> "I click on the 'Revert File' option"
DEBUG:parse:format 'I get the hash of the reverted file' -> 'I get the hash of the reverted file'
DEBUG:parse:format 'I confirm the reverted file hash is the same as the original file' -> 'I confirm the reverted file hash is the same as the original file'
DEBUG:parse:format 'I am in the login screen' -> 'I am in the login screen'
DEBUG:parse:format 'I create a passcode number' -> 'I create a passcode number'
DEBUG:parse:format 'I click the Log In button' -> 'I click the Log In button'
DEBUG:parse:format 'I am in the Team URl screen' -> 'I am in the Team URl screen'
DEBUG:parse:format 'I am in the Recovery Key screen' -> 'I am in the Recovery Key screen'
DEBUG:parse:format 'I write the recovery key' -> 'I write the recovery key'
DEBUG:parse:format 'I write the recovery key for bob' -> 'I write the recovery key for bob'
DEBUG:parse:format 'I am in the Welcome Screen' -> 'I am in the Welcome Screen'
DEBUG:parse:format 'I am on the Welcome Screen' -> 'I am on the Welcome Screen'
DEBUG:parse:format 'I click on the hamburger dropdown menu' -> 'I click on the hamburger dropdown menu'
DEBUG:parse:format 'I click the Continue button' -> 'I click the Continue button'
DEBUG:parse:format 'I Select the lock icon on top right' -> 'I Select the lock icon on top right'
DEBUG:parse:format 'I Select the lock icon on top right for the space' -> 'I Select the lock icon on top right for the space'
DEBUG:parse:format 'I choose my team' -> 'I choose my team'
DEBUG:parse:format 'I click on the Peoples tab' -> 'I click on the Peoples tab'
DEBUG:parse:format 'Back in the application,I click on the "Close" button' -> 'Back in the application,I click on the "Close" button'
DEBUG:parse:format 'I write the Team URL' -> 'I write the Team URL'
DEBUG:parse:format 'I click the Add Team button' -> 'I click the Add Team button'
DEBUG:parse:format 'I am on the Peoples Tab and the space members list become visible' -> 'I am on the Peoples Tab and the space members list become visible'
DEBUG:parse:format 'I select Bob from the list of people and The member screen appears' -> 'I select Bob from the list of people and The member screen appears'
DEBUG:parse:format 'I click on one of the spaces created' -> 'I click on one of the spaces created'
DEBUG:parse:format 'I Open a files (...) dropdown menu' -> 'I Open a files \\(\\.\\.\\.\\) dropdown menu'
DEBUG:parse:format 'I click on Version History' -> 'I click on Version History'
DEBUG:parse:format 'I Select the back arrow in the top left' -> 'I Select the back arrow in the top left'
DEBUG:parse:format 'I click on Delete File' -> 'I click on Delete File'
DEBUG:parse:format 'The Delete File pop up option becomes visible' -> 'The Delete File pop up option becomes visible'
DEBUG:parse:format 'I select the Cancel option from the pop up' -> 'I select the Cancel option from the pop up'
DEBUG:parse:format 'I am returned to the previous screen, the space view' -> 'I am returned to the previous screen, the space view'
DEBUG:parse:format 'I click on File details' -> 'I click on File details'
DEBUG:parse:format 'I see the uploaded file' -> 'I see the uploaded file'
DEBUG:parse:format 'The "applying changes" spinner briefly appears. When it goes away, you are returned to the user profile and it will display the "Space Administrator" text' -> 'The "applying changes" spinner briefly appears\\. When it goes away, you are returned to the user profile and it will display the "Space Administrator" text'
DEBUG:parse:format 'I Choose settings option' -> 'I Choose settings option'
DEBUG:parse:format 'I choose the team I am an admin of' -> 'I choose the team I am an admin of'
DEBUG:parse:format 'I click on the Sign Up button' -> 'I click on the Sign Up button'
DEBUG:parse:format "I see I am on the 'Save Your Recovery Phrase' screen" -> "I see I am on the 'Save Your Recovery Phrase' screen"
DEBUG:parse:format 'I copy the recovery key' -> 'I copy the recovery key'
DEBUG:parse:format 'I click Continue' -> 'I click Continue'
DEBUG:parse:format "I see the 'Are you sure you saved your Recovery Phrase' screen" -> "I see the 'Are you sure you saved your Recovery Phrase' screen"
DEBUG:parse:format "I click on the 'Yes, I saved it' option" -> "I click on the 'Yes, I saved it' option"
DEBUG:parse:format 'I am on the Add/Create team start page' -> 'I am on the Add/Create team start page'
DEBUG:parse:format 'I enter the License Key' -> 'I enter the License Key'
DEBUG:parse:format 'I click the Create Team button' -> 'I click the Create Team button'
DEBUG:parse:format 'I enter the valid team name and check the continue button becomes active' -> 'I enter the valid team name and check the continue button becomes active'
DEBUG:parse:format 'I enter the name for the user and check the Continue button becomes active' -> 'I enter the name for the user and check the Continue button becomes active'
DEBUG:parse:format 'I see the team name in the Team Selector' -> 'I see the team name in the Team Selector'
DEBUG:parse:format 'I get the hash of the original file' -> 'I get the hash of the original file'
DEBUG:parse:format 'I modify the file' -> 'I modify the file'
DEBUG:parse:format 'I click the plus button' -> 'I click the plus button'
DEBUG:parse:format 'I get the hash of the modified file, and assert it is not the same' -> 'I get the hash of the modified file, and assert it is not the same'
DEBUG:parse:format 'I click on the revert icon' -> 'I click on the revert icon'
DEBUG:parse:format 'I confirm I am on the revert file modal' -> 'I confirm I am on the revert file modal'
DEBUG:parse:format "I click on the 'No, go back' option" -> "I click on the 'No, go back' option"
DEBUG:parse:format "I click on the 'Revert File' option" -> "I click on the 'Revert File' option"
DEBUG:parse:format 'I get the hash of the reverted file' -> 'I get the hash of the reverted file'
DEBUG:parse:format 'I confirm the reverted file hash is the same as the original file' -> 'I confirm the reverted file hash is the same as the original file'
DEBUG:parse:format 'I am in the login screen' -> 'I am in the login screen'
DEBUG:parse:format 'I create a passcode number' -> 'I create a passcode number'
DEBUG:parse:format 'I click the Log In button' -> 'I click the Log In button'
DEBUG:parse:format 'I am in the Team URl screen' -> 'I am in the Team URl screen'
DEBUG:parse:format 'I am in the Recovery Key screen' -> 'I am in the Recovery Key screen'
DEBUG:parse:format 'I write the recovery key' -> 'I write the recovery key'
DEBUG:parse:format 'I write the recovery key for bob' -> 'I write the recovery key for bob'
DEBUG:parse:format 'I am in the Welcome Screen' -> 'I am in the Welcome Screen'
DEBUG:parse:format 'I am on the Welcome Screen' -> 'I am on the Welcome Screen'
DEBUG:parse:format 'I click on the hamburger dropdown menu' -> 'I click on the hamburger dropdown menu'
DEBUG:parse:format 'I click the Continue button' -> 'I click the Continue button'
DEBUG:parse:format 'I Select the lock icon on top right' -> 'I Select the lock icon on top right'
DEBUG:parse:format 'I Select the lock icon on top right for the space' -> 'I Select the lock icon on top right for the space'
DEBUG:parse:format 'I choose my team' -> 'I choose my team'
DEBUG:parse:format 'I click on the Peoples tab' -> 'I click on the Peoples tab'
DEBUG:parse:format 'Back in the application,I click on the "Close" button' -> 'Back in the application,I click on the "Close" button'
DEBUG:parse:format 'I write the Team URL' -> 'I write the Team URL'
DEBUG:parse:format 'I click the Add Team button' -> 'I click the Add Team button'
DEBUG:parse:format 'I am on the Peoples Tab and the space members list become visible' -> 'I am on the Peoples Tab and the space members list become visible'
DEBUG:parse:format 'I select Bob from the list of people and The member screen appears' -> 'I select Bob from the list of people and The member screen appears'
DEBUG:parse:format 'I click on one of the spaces created' -> 'I click on one of the spaces created'
DEBUG:parse:format 'I Open a files (...) dropdown menu' -> 'I Open a files \\(\\.\\.\\.\\) dropdown menu'
DEBUG:parse:format 'I click on Version History' -> 'I click on Version History'
DEBUG:parse:format 'I Select the back arrow in the top left' -> 'I Select the back arrow in the top left'
DEBUG:parse:format 'I click on Delete File' -> 'I click on Delete File'
DEBUG:parse:format 'The Delete File pop up option becomes visible' -> 'The Delete File pop up option becomes visible'
DEBUG:parse:format 'I select the Cancel option from the pop up' -> 'I select the Cancel option from the pop up'
DEBUG:parse:format 'I am returned to the previous screen, the space view' -> 'I am returned to the previous screen, the space view'
DEBUG:parse:format 'I click on File details' -> 'I click on File details'
DEBUG:parse:format 'I see the uploaded file' -> 'I see the uploaded file'
DEBUG:parse:format 'The "applying changes" spinner briefly appears. When it goes away, you are returned to the user profile and it will display the "Space Administrator" text' -> 'The "applying changes" spinner briefly appears\\. When it goes away, you are returned to the user profile and it will display the "Space Administrator" text'
DEBUG:parse:format 'I Choose settings option' -> 'I Choose settings option'
DEBUG:parse:format 'I choose the team I am an admin of' -> 'I choose the team I am an admin of'
DEBUG:parse:format 'I click on the Sign Up button' -> 'I click on the Sign Up button'
DEBUG:parse:format "I see I am on the 'Save Your Recovery Phrase' screen" -> "I see I am on the 'Save Your Recovery Phrase' screen"
DEBUG:parse:format 'I copy the recovery key' -> 'I copy the recovery key'
DEBUG:parse:format 'I click Continue' -> 'I click Continue'
DEBUG:parse:format "I see the 'Are you sure you saved your Recovery Phrase' screen" -> "I see the 'Are you sure you saved your Recovery Phrase' screen"
DEBUG:parse:format "I click on the 'Yes, I saved it' option" -> "I click on the 'Yes, I saved it' option"
DEBUG:parse:format 'I am on the Add/Create team start page' -> 'I am on the Add/Create team start page'
DEBUG:parse:format 'I enter the License Key' -> 'I enter the License Key'
DEBUG:parse:format 'I click the Create Team button' -> 'I click the Create Team button'
DEBUG:parse:format 'I enter the valid team name and check the continue button becomes active' -> 'I enter the valid team name and check the continue button becomes active'
DEBUG:parse:format 'I enter the name for the user and check the Continue button becomes active' -> 'I enter the name for the user and check the Continue button becomes active'
DEBUG:parse:format 'I see the team name in the Team Selector' -> 'I see the team name in the Team Selector'
DEBUG:parse:format 'I get the hash of the original file' -> 'I get the hash of the original file'
DEBUG:parse:format 'I modify the file' -> 'I modify the file'
DEBUG:parse:format 'I click the plus button' -> 'I click the plus button'
DEBUG:parse:format 'I get the hash of the modified file, and assert it is not the same' -> 'I get the hash of the modified file, and assert it is not the same'
DEBUG:parse:format 'I click on the revert icon' -> 'I click on the revert icon'
DEBUG:parse:format 'I confirm I am on the revert file modal' -> 'I confirm I am on the revert file modal'
DEBUG:parse:format "I click on the 'No, go back' option" -> "I click on the 'No, go back' option"
DEBUG:parse:format "I click on the 'Revert File' option" -> "I click on the 'Revert File' option"
DEBUG:parse:format 'I get the hash of the reverted file' -> 'I get the hash of the reverted file'
DEBUG:parse:format 'I confirm the reverted file hash is the same as the original file' -> 'I confirm the reverted file hash is the same as the original file'
DEBUG:parse:format 'I am in the login screen' -> 'I am in the login screen'
DEBUG:parse:format 'I create a passcode number' -> 'I create a passcode number'
DEBUG:parse:format 'I click the Log In button' -> 'I click the Log In button'
DEBUG:parse:format 'I am in the Team URl screen' -> 'I am in the Team URl screen'
DEBUG:parse:format 'I am in the Recovery Key screen' -> 'I am in the Recovery Key screen'
DEBUG:parse:format 'I write the recovery key' -> 'I write the recovery key'
DEBUG:parse:format 'I write the recovery key for bob' -> 'I write the recovery key for bob'
DEBUG:parse:format 'I am in the Welcome Screen' -> 'I am in the Welcome Screen'
DEBUG:parse:format 'I am on the Welcome Screen' -> 'I am on the Welcome Screen'
DEBUG:parse:format 'I click on the hamburger dropdown menu' -> 'I click on the hamburger dropdown menu'
DEBUG:parse:format 'I click the Continue button' -> 'I click the Continue button'
DEBUG:parse:format 'I Select the lock icon on top right' -> 'I Select the lock icon on top right'
DEBUG:parse:format 'I Select the lock icon on top right for the space' -> 'I Select the lock icon on top right for the space'
DEBUG:parse:format 'I choose my team' -> 'I choose my team'
DEBUG:parse:format 'I click on the Peoples tab' -> 'I click on the Peoples tab'
DEBUG:parse:format 'Back in the application,I click on the "Close" button' -> 'Back in the application,I click on the "Close" button'
DEBUG:parse:format 'I write the Team URL' -> 'I write the Team URL'
DEBUG:parse:format 'I click the Add Team button' -> 'I click the Add Team button'
DEBUG:parse:format 'I am on the Peoples Tab and the space members list become visible' -> 'I am on the Peoples Tab and the space members list become visible'
DEBUG:parse:format 'I select Bob from the list of people and The member screen appears' -> 'I select Bob from the list of people and The member screen appears'
DEBUG:parse:format 'I click on one of the spaces created' -> 'I click on one of the spaces created'
DEBUG:parse:format 'I Open a files (...) dropdown menu' -> 'I Open a files \\(\\.\\.\\.\\) dropdown menu'
DEBUG:parse:format 'I click on Version History' -> 'I click on Version History'
DEBUG:parse:format 'I Select the back arrow in the top left' -> 'I Select the back arrow in the top left'
DEBUG:parse:format 'I click on Delete File' -> 'I click on Delete File'
DEBUG:parse:format 'The Delete File pop up option becomes visible' -> 'The Delete File pop up option becomes visible'
DEBUG:parse:format 'I select the Cancel option from the pop up' -> 'I select the Cancel option from the pop up'
DEBUG:parse:format 'I am returned to the previous screen, the space view' -> 'I am returned to the previous screen, the space view'
DEBUG:parse:format 'I click on File details' -> 'I click on File details'
DEBUG:parse:format 'I see the uploaded file' -> 'I see the uploaded file'
DEBUG:parse:format 'The "applying changes" spinner briefly appears. When it goes away, you are returned to the user profile and it will display the "Space Administrator" text' -> 'The "applying changes" spinner briefly appears\\. When it goes away, you are returned to the user profile and it will display the "Space Administrator" text'
DEBUG:parse:format 'I Choose settings option' -> 'I Choose settings option'
DEBUG:parse:format 'I choose the team I am an admin of' -> 'I choose the team I am an admin of'
DEBUG:parse:format 'I click on the Sign Up button' -> 'I click on the Sign Up button'
DEBUG:parse:format "I see I am on the 'Save Your Recovery Phrase' screen" -> "I see I am on the 'Save Your Recovery Phrase' screen"
DEBUG:parse:format 'I copy the recovery key' -> 'I copy the recovery key'
DEBUG:parse:format 'I click Continue' -> 'I click Continue'
DEBUG:parse:format "I see the 'Are you sure you saved your Recovery Phrase' screen" -> "I see the 'Are you sure you saved your Recovery Phrase' screen"
DEBUG:parse:format "I click on the 'Yes, I saved it' option" -> "I click on the 'Yes, I saved it' option"
DEBUG:parse:format 'I am on the Add/Create team start page' -> 'I am on the Add/Create team start page'
DEBUG:parse:format 'I enter the License Key' -> 'I enter the License Key'
DEBUG:parse:format 'I click the Create Team button' -> 'I click the Create Team button'
DEBUG:parse:format 'I enter the valid team name and check the continue button becomes active' -> 'I enter the valid team name and check the continue button becomes active'
DEBUG:parse:format 'I enter the name for the user and check the Continue button becomes active' -> 'I enter the name for the user and check the Continue button becomes active'
DEBUG:parse:format 'I see the team name in the Team Selector' -> 'I see the team name in the Team Selector'
DEBUG:parse:format 'I get the hash of the original file' -> 'I get the hash of the original file'
DEBUG:parse:format 'I modify the file' -> 'I modify the file'
DEBUG:parse:format 'I click the plus button' -> 'I click the plus button'
DEBUG:parse:format 'I get the hash of the modified file, and assert it is not the same' -> 'I get the hash of the modified file, and assert it is not the same'
DEBUG:parse:format 'I click on the revert icon' -> 'I click on the revert icon'
DEBUG:parse:format 'I confirm I am on the revert file modal' -> 'I confirm I am on the revert file modal'
DEBUG:parse:format "I click on the 'No, go back' option" -> "I click on the 'No, go back' option"
DEBUG:parse:format "I click on the 'Revert File' option" -> "I click on the 'Revert File' option"
DEBUG:parse:format 'I get the hash of the reverted file' -> 'I get the hash of the reverted file'
DEBUG:parse:format 'I confirm the reverted file hash is the same as the original file' -> 'I confirm the reverted file hash is the same as the original file'
DEBUG:parse:format 'I am in the login screen' -> 'I am in the login screen'
DEBUG:parse:format 'I create a passcode number' -> 'I create a passcode number'
DEBUG:parse:format 'I click the Log In button' -> 'I click the Log In button'
DEBUG:parse:format 'I am in the Team URl screen' -> 'I am in the Team URl screen'
DEBUG:parse:format 'I am in the Recovery Key screen' -> 'I am in the Recovery Key screen'
DEBUG:parse:format 'I write the recovery key' -> 'I write the recovery key'
DEBUG:parse:format 'I write the recovery key for bob' -> 'I write the recovery key for bob'
DEBUG:parse:format 'I am in the Welcome Screen' -> 'I am in the Welcome Screen'
DEBUG:parse:format 'I am on the Welcome Screen' -> 'I am on the Welcome Screen'
DEBUG:parse:format 'I click on the hamburger dropdown menu' -> 'I click on the hamburger dropdown menu'
DEBUG:parse:format 'I click the Continue button' -> 'I click the Continue button'
DEBUG:parse:format 'I Select the lock icon on top right' -> 'I Select the lock icon on top right'
DEBUG:parse:format 'I Select the lock icon on top right for the space' -> 'I Select the lock icon on top right for the space'
DEBUG:parse:format 'I choose my team' -> 'I choose my team'
DEBUG:parse:format 'I click on the Peoples tab' -> 'I click on the Peoples tab'
DEBUG:parse:format 'Back in the application,I click on the "Close" button' -> 'Back in the application,I click on the "Close" button'
DEBUG:parse:format 'I write the Team URL' -> 'I write the Team URL'
DEBUG:parse:format 'I click the Add Team button' -> 'I click the Add Team button'
DEBUG:parse:format 'I am on the Peoples Tab and the space members list become visible' -> 'I am on the Peoples Tab and the space members list become visible'
DEBUG:parse:format 'I select Bob from the list of people and The member screen appears' -> 'I select Bob from the list of people and The member screen appears'
DEBUG:parse:format 'I click on one of the spaces created' -> 'I click on one of the spaces created'
DEBUG:parse:format 'I Open a files (...) dropdown menu' -> 'I Open a files \\(\\.\\.\\.\\) dropdown menu'
DEBUG:parse:format 'I click on Version History' -> 'I click on Version History'
DEBUG:parse:format 'I Select the back arrow in the top left' -> 'I Select the back arrow in the top left'
DEBUG:parse:format 'I click on Delete File' -> 'I click on Delete File'
DEBUG:parse:format 'The Delete File pop up option becomes visible' -> 'The Delete File pop up option becomes visible'
DEBUG:parse:format 'I select the Cancel option from the pop up' -> 'I select the Cancel option from the pop up'
DEBUG:parse:format 'I am returned to the previous screen, the space view' -> 'I am returned to the previous screen, the space view'
DEBUG:parse:format 'I click on File details' -> 'I click on File details'
DEBUG:parse:format 'I see the uploaded file' -> 'I see the uploaded file'
DEBUG:parse:format 'The "applying changes" spinner briefly appears. When it goes away, you are returned to the user profile and it will display the "Space Administrator" text' -> 'The "applying changes" spinner briefly appears\\. When it goes away, you are returned to the user profile and it will display the "Space Administrator" text'
DEBUG:parse:format 'I Choose settings option' -> 'I Choose settings option'
DEBUG:parse:format 'I choose the team I am an admin of' -> 'I choose the team I am an admin of'
DEBUG:parse:format 'I click on the Sign Up button' -> 'I click on the Sign Up button'
DEBUG:parse:format "I see I am on the 'Save Your Recovery Phrase' screen" -> "I see I am on the 'Save Your Recovery Phrase' screen"
DEBUG:parse:format 'I copy the recovery key' -> 'I copy the recovery key'
DEBUG:parse:format 'I click Continue' -> 'I click Continue'
DEBUG:parse:format "I see the 'Are you sure you saved your Recovery Phrase' screen" -> "I see the 'Are you sure you saved your Recovery Phrase' screen"
DEBUG:parse:format "I click on the 'Yes, I saved it' option" -> "I click on the 'Yes, I saved it' option"
DEBUG:parse:format 'I am on the Add/Create team start page' -> 'I am on the Add/Create team start page'
DEBUG:parse:format 'I enter the License Key' -> 'I enter the License Key'
DEBUG:parse:format 'I click the Create Team button' -> 'I click the Create Team button'
DEBUG:parse:format 'I enter the valid team name and check the continue button becomes active' -> 'I enter the valid team name and check the continue button becomes active'
DEBUG:parse:format 'I enter the name for the user and check the Continue button becomes active' -> 'I enter the name for the user and check the Continue button becomes active'
DEBUG:parse:format 'I see the team name in the Team Selector' -> 'I see the team name in the Team Selector'
DEBUG:parse:format 'I get the hash of the original file' -> 'I get the hash of the original file'
DEBUG:parse:format 'I modify the file' -> 'I modify the file'
DEBUG:parse:format 'I click the plus button' -> 'I click the plus button'
DEBUG:parse:format 'I get the hash of the modified file, and assert it is not the same' -> 'I get the hash of the modified file, and assert it is not the same'
DEBUG:parse:format 'I click on the revert icon' -> 'I click on the revert icon'
DEBUG:parse:format 'I confirm I am on the revert file modal' -> 'I confirm I am on the revert file modal'
DEBUG:parse:format "I click on the 'No, go back' option" -> "I click on the 'No, go back' option"
DEBUG:parse:format "I click on the 'Revert File' option" -> "I click on the 'Revert File' option"
DEBUG:parse:format 'I get the hash of the reverted file' -> 'I get the hash of the reverted file'
DEBUG:parse:format 'I confirm the reverted file hash is the same as the original file' -> 'I confirm the reverted file hash is the same as the original file'
DEBUG:parse:format 'I am in the login screen' -> 'I am in the login screen'
DEBUG:parse:format 'I create a passcode number' -> 'I create a passcode number'
DEBUG:parse:format 'I click the Log In button' -> 'I click the Log In button'
DEBUG:parse:format 'I am in the Team URl screen' -> 'I am in the Team URl screen'
DEBUG:parse:format 'I am in the Recovery Key screen' -> 'I am in the Recovery Key screen'
DEBUG:parse:format 'I write the recovery key' -> 'I write the recovery key'
DEBUG:parse:format 'I write the recovery key for bob' -> 'I write the recovery key for bob'
DEBUG:parse:format 'I am in the Welcome Screen' -> 'I am in the Welcome Screen'
DEBUG:parse:format 'I am on the Welcome Screen' -> 'I am on the Welcome Screen'
DEBUG:parse:format 'I click on the hamburger dropdown menu' -> 'I click on the hamburger dropdown menu'
DEBUG:parse:format 'I click the Continue button' -> 'I click the Continue button'
DEBUG:parse:format 'I Select the lock icon on top right' -> 'I Select the lock icon on top right'
DEBUG:parse:format 'I Select the lock icon on top right for the space' -> 'I Select the lock icon on top right for the space'
DEBUG:parse:format 'I choose my team' -> 'I choose my team'
DEBUG:parse:format 'I click on the Peoples tab' -> 'I click on the Peoples tab'
DEBUG:parse:format 'Back in the application,I click on the "Close" button' -> 'Back in the application,I click on the "Close" button'
DEBUG:parse:format 'I write the Team URL' -> 'I write the Team URL'
DEBUG:parse:format 'I click the Add Team button' -> 'I click the Add Team button'
DEBUG:parse:format 'I am on the Peoples Tab and the space members list become visible' -> 'I am on the Peoples Tab and the space members list become visible'
DEBUG:parse:format 'I select Bob from the list of people and The member screen appears' -> 'I select Bob from the list of people and The member screen appears'
DEBUG:parse:format 'I click on one of the spaces created' -> 'I click on one of the spaces created'
DEBUG:parse:format 'I Open a files (...) dropdown menu' -> 'I Open a files \\(\\.\\.\\.\\) dropdown menu'
DEBUG:parse:format 'I click on Version History' -> 'I click on Version History'
DEBUG:parse:format 'I Select the back arrow in the top left' -> 'I Select the back arrow in the top left'
DEBUG:parse:format 'I click on Delete File' -> 'I click on Delete File'
DEBUG:parse:format 'The Delete File pop up option becomes visible' -> 'The Delete File pop up option becomes visible'
DEBUG:parse:format 'I select the Cancel option from the pop up' -> 'I select the Cancel option from the pop up'
DEBUG:parse:format 'I am returned to the previous screen, the space view' -> 'I am returned to the previous screen, the space view'
DEBUG:parse:format 'I click on File details' -> 'I click on File details'
DEBUG:parse:format 'I see the uploaded file' -> 'I see the uploaded file'
DEBUG:parse:format 'The "applying changes" spinner briefly appears. When it goes away, you are returned to the user profile and it will display the "Space Administrator" text' -> 'The "applying changes" spinner briefly appears\\. When it goes away, you are returned to the user profile and it will display the "Space Administrator" text'
DEBUG:parse:format 'I Choose settings option' -> 'I Choose settings option'
DEBUG:parse:format 'I choose the team I am an admin of' -> 'I choose the team I am an admin of'
DEBUG:parse:format 'I click on the Sign Up button' -> 'I click on the Sign Up button'
DEBUG:parse:format "I see I am on the 'Save Your Recovery Phrase' screen" -> "I see I am on the 'Save Your Recovery Phrase' screen"
DEBUG:parse:format 'I copy the recovery key' -> 'I copy the recovery key'
DEBUG:parse:format 'I click Continue' -> 'I click Continue'
DEBUG:parse:format "I see the 'Are you sure you saved your Recovery Phrase' screen" -> "I see the 'Are you sure you saved your Recovery Phrase' screen"
DEBUG:parse:format "I click on the 'Yes, I saved it' option" -> "I click on the 'Yes, I saved it' option"
DEBUG:parse:format 'I am on the Add/Create team start page' -> 'I am on the Add/Create team start page'
DEBUG:parse:format 'I enter the License Key' -> 'I enter the License Key'
DEBUG:parse:format 'I click the Create Team button' -> 'I click the Create Team button'
DEBUG:parse:format 'I enter the valid team name and check the continue button becomes active' -> 'I enter the valid team name and check the continue button becomes active'
DEBUG:parse:format 'I enter the name for the user and check the Continue button becomes active' -> 'I enter the name for the user and check the Continue button becomes active'
DEBUG:parse:format 'I see the team name in the Team Selector' -> 'I see the team name in the Team Selector'
DEBUG:parse:format 'I get the hash of the original file' -> 'I get the hash of the original file'
DEBUG:parse:format 'I modify the file' -> 'I modify the file'
DEBUG:parse:format 'I click the plus button' -> 'I click the plus button'
DEBUG:parse:format 'I get the hash of the modified file, and assert it is not the same' -> 'I get the hash of the modified file, and assert it is not the same'
DEBUG:parse:format 'I click on the revert icon' -> 'I click on the revert icon'
DEBUG:parse:format 'I confirm I am on the revert file modal' -> 'I confirm I am on the revert file modal'
DEBUG:parse:format "I click on the 'No, go back' option" -> "I click on the 'No, go back' option"
DEBUG:parse:format "I click on the 'Revert File' option" -> "I click on the 'Revert File' option"
DEBUG:parse:format 'I get the hash of the reverted file' -> 'I get the hash of the reverted file'
DEBUG:parse:format 'I confirm the reverted file hash is the same as the original file' -> 'I confirm the reverted file hash is the same as the original file'
DEBUG:parse:format 'I am in the login screen' -> 'I am in the login screen'
DEBUG:parse:format 'I create a passcode number' -> 'I create a passcode number'
DEBUG:parse:format 'I click the Log In button' -> 'I click the Log In button'
DEBUG:parse:format 'I am in the Team URl screen' -> 'I am in the Team URl screen'
DEBUG:parse:format 'I am in the Recovery Key screen' -> 'I am in the Recovery Key screen'
DEBUG:parse:format 'I write the recovery key' -> 'I write the recovery key'
DEBUG:parse:format 'I write the recovery key for bob' -> 'I write the recovery key for bob'
DEBUG:parse:format 'I am in the Welcome Screen' -> 'I am in the Welcome Screen'
INFO:selenium.webdriver.remote.remote_connection:Could not connect to port 4723 on host 127.0.0.1
INFO:selenium.webdriver.remote.remote_connection:Could not get IP address for host: 127.0.0.1
WARNING:urllib3.connectionpool:Retrying (Retry(total=2, connect=None, read=None, redirect=None, status=None)) after connection broken by 'NewConnectionError('<urllib3.connection.HTTPConnection object at 0x10faf0fa0>: Failed to establish a new connection: [Errno 61] Connection refused')': /wd/hub/session
WARNING:urllib3.connectionpool:Retrying (Retry(total=1, connect=None, read=None, redirect=None, status=None)) after connection broken by 'NewConnectionError('<urllib3.connection.HTTPConnection object at 0x10fafe2e0>: Failed to establish a new connection: [Errno 61] Connection refused')': /wd/hub/session
WARNING:urllib3.connectionpool:Retrying (Retry(total=0, connect=None, read=None, redirect=None, status=None)) after connection broken by 'NewConnectionError('<urllib3.connection.HTTPConnection object at 0x10fafe460>: Failed to establish a new connection: [Errno 61] Connection refused')': /wd/hub/session
INFO:selenium.webdriver.remote.remote_connection:Could not connect to port 4723 on host 127.0.0.1
INFO:selenium.webdriver.remote.remote_connection:Could not get IP address for host: 127.0.0.1
WARNING:urllib3.connectionpool:Retrying (Retry(total=2, connect=None, read=None, redirect=None, status=None)) after connection broken by 'NewConnectionError('<urllib3.connection.HTTPConnection object at 0x10fafed30>: Failed to establish a new connection: [Errno 61] Connection refused')': /wd/hub/session
WARNING:urllib3.connectionpool:Retrying (Retry(total=1, connect=None, read=None, redirect=None, status=None)) after connection broken by 'NewConnectionError('<urllib3.connection.HTTPConnection object at 0x10fafeeb0>: Failed to establish a new connection: [Errno 61] Connection refused')': /wd/hub/session
WARNING:urllib3.connectionpool:Retrying (Retry(total=0, connect=None, read=None, redirect=None, status=None)) after connection broken by 'NewConnectionError('<urllib3.connection.HTTPConnection object at 0x10fafef70>: Failed to establish a new connection: [Errno 61] Connection refused')': /wd/hub/session
INFO:selenium.webdriver.remote.remote_connection:Could not connect to port 4723 on host 127.0.0.1
INFO:selenium.webdriver.remote.remote_connection:Could not get IP address for host: 127.0.0.1
WARNING:urllib3.connectionpool:Retrying (Retry(total=2, connect=None, read=None, redirect=None, status=None)) after connection broken by 'NewConnectionError('<urllib3.connection.HTTPConnection object at 0x10fb1db50>: Failed to establish a new connection: [Errno 61] Connection refused')': /wd/hub/session
WARNING:urllib3.connectionpool:Retrying (Retry(total=1, connect=None, read=None, redirect=None, status=None)) after connection broken by 'NewConnectionError('<urllib3.connection.HTTPConnection object at 0x10fb1d730>: Failed to establish a new connection: [Errno 61] Connection refused')': /wd/hub/session
WARNING:urllib3.connectionpool:Retrying (Retry(total=0, connect=None, read=None, redirect=None, status=None)) after connection broken by 'NewConnectionError('<urllib3.connection.HTTPConnection object at 0x10fb1d6d0>: Failed to establish a new connection: [Errno 61] Connection refused')': /wd/hub/session
DEBUG:parse:format 'I am on the Welcome Screen' -> 'I am on the Welcome Screen'
DEBUG:parse:format 'I click on the hamburger dropdown menu' -> 'I click on the hamburger dropdown menu'
DEBUG:parse:format 'I click the Continue button' -> 'I click the Continue button'
DEBUG:parse:format 'I Select the lock icon on top right' -> 'I Select the lock icon on top right'
DEBUG:parse:format 'I Select the lock icon on top right for the space' -> 'I Select the lock icon on top right for the space'
DEBUG:parse:format 'I choose my team' -> 'I choose my team'
DEBUG:parse:format 'I click on the Peoples tab' -> 'I click on the Peoples tab'
DEBUG:parse:format 'Back in the application,I click on the "Close" button' -> 'Back in the application,I click on the "Close" button'
DEBUG:parse:format 'I write the Team URL' -> 'I write the Team URL'
DEBUG:parse:format 'I click the Add Team button' -> 'I click the Add Team button'
DEBUG:parse:format 'I am on the Peoples Tab and the space members list become visible' -> 'I am on the Peoples Tab and the space members list become visible'
DEBUG:parse:format 'I select Bob from the list of people and The member screen appears' -> 'I select Bob from the list of people and The member screen appears'
DEBUG:parse:format 'I click on one of the spaces created' -> 'I click on one of the spaces created'
DEBUG:parse:format 'I Open a files (...) dropdown menu' -> 'I Open a files \\(\\.\\.\\.\\) dropdown menu'
DEBUG:parse:format 'I click on Version History' -> 'I click on Version History'
DEBUG:parse:format 'I Select the back arrow in the top left' -> 'I Select the back arrow in the top left'
DEBUG:parse:format 'I click on Delete File' -> 'I click on Delete File'
DEBUG:parse:format 'The Delete File pop up option becomes visible' -> 'The Delete File pop up option becomes visible'
DEBUG:parse:format 'I select the Cancel option from the pop up' -> 'I select the Cancel option from the pop up'
DEBUG:parse:format 'I am returned to the previous screen, the space view' -> 'I am returned to the previous screen, the space view'
DEBUG:parse:format 'I click on File details' -> 'I click on File details'
DEBUG:parse:format 'I see the uploaded file' -> 'I see the uploaded file'
DEBUG:parse:format 'The "applying changes" spinner briefly appears. When it goes away, you are returned to the user profile and it will display the "Space Administrator" text' -> 'The "applying changes" spinner briefly appears\\. When it goes away, you are returned to the user profile and it will display the "Space Administrator" text'
DEBUG:parse:format 'I Choose settings option' -> 'I Choose settings option'
DEBUG:parse:format 'I choose the team I am an admin of' -> 'I choose the team I am an admin of'
DEBUG:parse:format 'I click on the Sign Up button' -> 'I click on the Sign Up button'
DEBUG:parse:format "I see I am on the 'Save Your Recovery Phrase' screen" -> "I see I am on the 'Save Your Recovery Phrase' screen"
DEBUG:parse:format 'I copy the recovery key' -> 'I copy the recovery key'
DEBUG:parse:format 'I click Continue' -> 'I click Continue'
DEBUG:parse:format "I see the 'Are you sure you saved your Recovery Phrase' screen" -> "I see the 'Are you sure you saved your Recovery Phrase' screen"
DEBUG:parse:format "I click on the 'Yes, I saved it' option" -> "I click on the 'Yes, I saved it' option"
DEBUG:parse:format 'I am on the Add/Create team start page' -> 'I am on the Add/Create team start page'
DEBUG:parse:format 'I enter the License Key' -> 'I enter the License Key'
DEBUG:parse:format 'I click the Create Team button' -> 'I click the Create Team button'
DEBUG:parse:format 'I enter the valid team name and check the continue button becomes active' -> 'I enter the valid team name and check the continue button becomes active'
DEBUG:parse:format 'I enter the name for the user and check the Continue button becomes active' -> 'I enter the name for the user and check the Continue button becomes active'
DEBUG:parse:format 'I see the team name in the Team Selector' -> 'I see the team name in the Team Selector'
DEBUG:parse:format 'I get the hash of the original file' -> 'I get the hash of the original file'
DEBUG:parse:format 'I modify the file' -> 'I modify the file'
DEBUG:parse:format 'I click the plus button' -> 'I click the plus button'
DEBUG:parse:format 'I get the hash of the modified file, and assert it is not the same' -> 'I get the hash of the modified file, and assert it is not the same'
DEBUG:parse:format 'I click on the revert icon' -> 'I click on the revert icon'
DEBUG:parse:format 'I confirm I am on the revert file modal' -> 'I confirm I am on the revert file modal'
DEBUG:parse:format "I click on the 'No, go back' option" -> "I click on the 'No, go back' option"
DEBUG:parse:format "I click on the 'Revert File' option" -> "I click on the 'Revert File' option"
DEBUG:parse:format 'I get the hash of the reverted file' -> 'I get the hash of the reverted file'
DEBUG:parse:format 'I confirm the reverted file hash is the same as the original file' -> 'I confirm the reverted file hash is the same as the original file'
DEBUG:parse:format 'I am in the login screen' -> 'I am in the login screen'
DEBUG:parse:format 'I create a passcode number' -> 'I create a passcode number'
DEBUG:parse:format 'I click the Log In button' -> 'I click the Log In button'
DEBUG:parse:format 'I am in the Team URl screen' -> 'I am in the Team URl screen'
DEBUG:parse:format 'I am in the Recovery Key screen' -> 'I am in the Recovery Key screen'
DEBUG:parse:format 'I write the recovery key' -> 'I write the recovery key'
DEBUG:parse:format 'I write the recovery key for bob' -> 'I write the recovery key for bob'
DEBUG:parse:format 'I am in the Welcome Screen' -> 'I am in the Welcome Screen'
DEBUG:parse:format 'I am on the Welcome Screen' -> 'I am on the Welcome Screen'
DEBUG:parse:format 'I click on the hamburger dropdown menu' -> 'I click on the hamburger dropdown menu'
DEBUG:parse:format 'I click the Continue button' -> 'I click the Continue button'
DEBUG:parse:format 'I Select the lock icon on top right' -> 'I Select the lock icon on top right'
DEBUG:parse:format 'I Select the lock icon on top right for the space' -> 'I Select the lock icon on top right for the space'
DEBUG:parse:format 'I choose my team' -> 'I choose my team'
DEBUG:parse:format 'I click on the Peoples tab' -> 'I click on the Peoples tab'
DEBUG:parse:format 'Back in the application,I click on the "Close" button' -> 'Back in the application,I click on the "Close" button'
DEBUG:parse:format 'I write the Team URL' -> 'I write the Team URL'
DEBUG:parse:format 'I click the Add Team button' -> 'I click the Add Team button'
DEBUG:parse:format 'I am on the Peoples Tab and the space members list become visible' -> 'I am on the Peoples Tab and the space members list become visible'
DEBUG:parse:format 'I select Bob from the list of people and The member screen appears' -> 'I select Bob from the list of people and The member screen appears'
DEBUG:parse:format 'I click on one of the spaces created' -> 'I click on one of the spaces created'
DEBUG:parse:format 'I Open a files (...) dropdown menu' -> 'I Open a files \\(\\.\\.\\.\\) dropdown menu'
DEBUG:parse:format 'I click on Version History' -> 'I click on Version History'
DEBUG:parse:format 'I Select the back arrow in the top left' -> 'I Select the back arrow in the top left'
DEBUG:parse:format 'I click on Delete File' -> 'I click on Delete File'
DEBUG:parse:format 'The Delete File pop up option becomes visible' -> 'The Delete File pop up option becomes visible'
DEBUG:parse:format 'I select the Cancel option from the pop up' -> 'I select the Cancel option from the pop up'
DEBUG:parse:format 'I am returned to the previous screen, the space view' -> 'I am returned to the previous screen, the space view'
DEBUG:parse:format 'I click on File details' -> 'I click on File details'
DEBUG:parse:format 'I see the uploaded file' -> 'I see the uploaded file'
DEBUG:parse:format 'The "applying changes" spinner briefly appears. When it goes away, you are returned to the user profile and it will display the "Space Administrator" text' -> 'The "applying changes" spinner briefly appears\\. When it goes away, you are returned to the user profile and it will display the "Space Administrator" text'
DEBUG:parse:format 'I Choose settings option' -> 'I Choose settings option'
DEBUG:parse:format 'I choose the team I am an admin of' -> 'I choose the team I am an admin of'
DEBUG:parse:format 'I click on the Sign Up button' -> 'I click on the Sign Up button'
DEBUG:parse:format "I see I am on the 'Save Your Recovery Phrase' screen" -> "I see I am on the 'Save Your Recovery Phrase' screen"
DEBUG:parse:format 'I copy the recovery key' -> 'I copy the recovery key'
DEBUG:parse:format 'I click Continue' -> 'I click Continue'
DEBUG:parse:format "I see the 'Are you sure you saved your Recovery Phrase' screen" -> "I see the 'Are you sure you saved your Recovery Phrase' screen"
DEBUG:parse:format "I click on the 'Yes, I saved it' option" -> "I click on the 'Yes, I saved it' option"
DEBUG:parse:format 'I am on the Add/Create team start page' -> 'I am on the Add/Create team start page'
DEBUG:parse:format 'I enter the License Key' -> 'I enter the License Key'
DEBUG:parse:format 'I click the Create Team button' -> 'I click the Create Team button'
DEBUG:parse:format 'I enter the valid team name and check the continue button becomes active' -> 'I enter the valid team name and check the continue button becomes active'
DEBUG:parse:format 'I enter the name for the user and check the Continue button becomes active' -> 'I enter the name for the user and check the Continue button becomes active'
DEBUG:parse:format 'I see the team name in the Team Selector' -> 'I see the team name in the Team Selector'
DEBUG:parse:format 'I get the hash of the original file' -> 'I get the hash of the original file'
DEBUG:parse:format 'I modify the file' -> 'I modify the file'
DEBUG:parse:format 'I click the plus button' -> 'I click the plus button'
DEBUG:parse:format 'I get the hash of the modified file, and assert it is not the same' -> 'I get the hash of the modified file, and assert it is not the same'
DEBUG:parse:format 'I click on the revert icon' -> 'I click on the revert icon'
DEBUG:parse:format 'I confirm I am on the revert file modal' -> 'I confirm I am on the revert file modal'
DEBUG:parse:format "I click on the 'No, go back' option" -> "I click on the 'No, go back' option"
DEBUG:parse:format "I click on the 'Revert File' option" -> "I click on the 'Revert File' option"
DEBUG:parse:format 'I get the hash of the reverted file' -> 'I get the hash of the reverted file'
DEBUG:parse:format 'I confirm the reverted file hash is the same as the original file' -> 'I confirm the reverted file hash is the same as the original file'
DEBUG:parse:format 'I am in the login screen' -> 'I am in the login screen'
DEBUG:parse:format 'I create a passcode number' -> 'I create a passcode number'
DEBUG:parse:format 'I click the Log In button' -> 'I click the Log In button'
DEBUG:parse:format 'I am in the Team URl screen' -> 'I am in the Team URl screen'
DEBUG:parse:format 'I am in the Recovery Key screen' -> 'I am in the Recovery Key screen'
DEBUG:parse:format 'I write the recovery key' -> 'I write the recovery key'
DEBUG:parse:format 'I write the recovery key for bob' -> 'I write the recovery key for bob'
DEBUG:parse:format 'I am in the Welcome Screen' -> 'I am in the Welcome Screen'
DEBUG:parse:format 'I am on the Welcome Screen' -> 'I am on the Welcome Screen'
DEBUG:parse:format 'I click on the hamburger dropdown menu' -> 'I click on the hamburger dropdown menu'
DEBUG:parse:format 'I click the Continue button' -> 'I click the Continue button'
DEBUG:parse:format 'I Select the lock icon on top right' -> 'I Select the lock icon on top right'
DEBUG:parse:format 'I Select the lock icon on top right for the space' -> 'I Select the lock icon on top right for the space'
DEBUG:parse:format 'I choose my team' -> 'I choose my team'
DEBUG:parse:format 'I click on the Peoples tab' -> 'I click on the Peoples tab'
DEBUG:parse:format 'Back in the application,I click on the "Close" button' -> 'Back in the application,I click on the "Close" button'
DEBUG:parse:format 'I write the Team URL' -> 'I write the Team URL'
DEBUG:parse:format 'I click the Add Team button' -> 'I click the Add Team button'
DEBUG:parse:format 'I am on the Peoples Tab and the space members list become visible' -> 'I am on the Peoples Tab and the space members list become visible'
DEBUG:parse:format 'I select Bob from the list of people and The member screen appears' -> 'I select Bob from the list of people and The member screen appears'
DEBUG:parse:format 'I click on one of the spaces created' -> 'I click on one of the spaces created'
DEBUG:parse:format 'I Open a files (...) dropdown menu' -> 'I Open a files \\(\\.\\.\\.\\) dropdown menu'
DEBUG:parse:format 'I click on Version History' -> 'I click on Version History'
DEBUG:parse:format 'I Select the back arrow in the top left' -> 'I Select the back arrow in the top left'
DEBUG:parse:format 'I click on Delete File' -> 'I click on Delete File'
DEBUG:parse:format 'The Delete File pop up option becomes visible' -> 'The Delete File pop up option becomes visible'
DEBUG:parse:format 'I select the Cancel option from the pop up' -> 'I select the Cancel option from the pop up'
DEBUG:parse:format 'I am returned to the previous screen, the space view' -> 'I am returned to the previous screen, the space view'
DEBUG:parse:format 'I click on File details' -> 'I click on File details'
DEBUG:parse:format 'I see the uploaded file' -> 'I see the uploaded file'
DEBUG:parse:format 'The "applying changes" spinner briefly appears. When it goes away, you are returned to the user profile and it will display the "Space Administrator" text' -> 'The "applying changes" spinner briefly appears\\. When it goes away, you are returned to the user profile and it will display the "Space Administrator" text'
DEBUG:parse:format 'I Choose settings option' -> 'I Choose settings option'
DEBUG:parse:format 'I choose the team I am an admin of' -> 'I choose the team I am an admin of'
DEBUG:parse:format 'I click on the Sign Up button' -> 'I click on the Sign Up button'
DEBUG:parse:format "I see I am on the 'Save Your Recovery Phrase' screen" -> "I see I am on the 'Save Your Recovery Phrase' screen"
DEBUG:parse:format 'I copy the recovery key' -> 'I copy the recovery key'
DEBUG:parse:format 'I click Continue' -> 'I click Continue'
DEBUG:parse:format "I see the 'Are you sure you saved your Recovery Phrase' screen" -> "I see the 'Are you sure you saved your Recovery Phrase' screen"
DEBUG:parse:format "I click on the 'Yes, I saved it' option" -> "I click on the 'Yes, I saved it' option"
DEBUG:parse:format 'I am on the Add/Create team start page' -> 'I am on the Add/Create team start page'
DEBUG:parse:format 'I enter the License Key' -> 'I enter the License Key'
DEBUG:parse:format 'I click the Create Team button' -> 'I click the Create Team button'
DEBUG:parse:format 'I enter the valid team name and check the continue button becomes active' -> 'I enter the valid team name and check the continue button becomes active'
DEBUG:parse:format 'I enter the name for the user and check the Continue button becomes active' -> 'I enter the name for the user and check the Continue button becomes active'
DEBUG:parse:format 'I see the team name in the Team Selector' -> 'I see the team name in the Team Selector'
DEBUG:parse:format 'I get the hash of the original file' -> 'I get the hash of the original file'
DEBUG:parse:format 'I modify the file' -> 'I modify the file'
DEBUG:parse:format 'I click the plus button' -> 'I click the plus button'
DEBUG:parse:format 'I get the hash of the modified file, and assert it is not the same' -> 'I get the hash of the modified file, and assert it is not the same'
DEBUG:parse:format 'I click on the revert icon' -> 'I click on the revert icon'
DEBUG:parse:format 'I confirm I am on the revert file modal' -> 'I confirm I am on the revert file modal'
DEBUG:parse:format "I click on the 'No, go back' option" -> "I click on the 'No, go back' option"
DEBUG:parse:format "I click on the 'Revert File' option" -> "I click on the 'Revert File' option"
DEBUG:parse:format 'I get the hash of the reverted file' -> 'I get the hash of the reverted file'
DEBUG:parse:format 'I confirm the reverted file hash is the same as the original file' -> 'I confirm the reverted file hash is the same as the original file'
DEBUG:parse:format 'I am in the login screen' -> 'I am in the login screen'
DEBUG:parse:format 'I create a passcode number' -> 'I create a passcode number'
DEBUG:parse:format 'I click the Log In button' -> 'I click the Log In button'
DEBUG:parse:format 'I am in the Team URl screen' -> 'I am in the Team URl screen'
DEBUG:parse:format 'I am in the Recovery Key screen' -> 'I am in the Recovery Key screen'
DEBUG:parse:format 'I write the recovery key' -> 'I write the recovery key'
DEBUG:parse:format 'I write the recovery key for bob' -> 'I write the recovery key for bob'
DEBUG:parse:format 'I am in the Welcome Screen' -> 'I am in the Welcome Screen'
DEBUG:parse:format 'I am on the Welcome Screen' -> 'I am on the Welcome Screen'
DEBUG:parse:format 'I click on the hamburger dropdown menu' -> 'I click on the hamburger dropdown menu'
DEBUG:parse:format 'I click the Continue button' -> 'I click the Continue button'
DEBUG:parse:format 'I Select the lock icon on top right' -> 'I Select the lock icon on top right'
DEBUG:parse:format 'I Select the lock icon on top right for the space' -> 'I Select the lock icon on top right for the space'
DEBUG:parse:format 'I choose my team' -> 'I choose my team'
DEBUG:parse:format 'I click on the Peoples tab' -> 'I click on the Peoples tab'
DEBUG:parse:format 'Back in the application,I click on the "Close" button' -> 'Back in the application,I click on the "Close" button'
DEBUG:parse:format 'I write the Team URL' -> 'I write the Team URL'
DEBUG:parse:format 'I click the Add Team button' -> 'I click the Add Team button'
DEBUG:parse:format 'I am on the Peoples Tab and the space members list become visible' -> 'I am on the Peoples Tab and the space members list become visible'
DEBUG:parse:format 'I select Bob from the list of people and The member screen appears' -> 'I select Bob from the list of people and The member screen appears'
DEBUG:parse:format 'I click on one of the spaces created' -> 'I click on one of the spaces created'
DEBUG:parse:format 'I Open a files (...) dropdown menu' -> 'I Open a files \\(\\.\\.\\.\\) dropdown menu'
DEBUG:parse:format 'I click on Version History' -> 'I click on Version History'
DEBUG:parse:format 'I Select the back arrow in the top left' -> 'I Select the back arrow in the top left'
DEBUG:parse:format 'I click on Delete File' -> 'I click on Delete File'
DEBUG:parse:format 'The Delete File pop up option becomes visible' -> 'The Delete File pop up option becomes visible'
DEBUG:parse:format 'I select the Cancel option from the pop up' -> 'I select the Cancel option from the pop up'
DEBUG:parse:format 'I am returned to the previous screen, the space view' -> 'I am returned to the previous screen, the space view'
DEBUG:parse:format 'I click on File details' -> 'I click on File details'
DEBUG:parse:format 'I see the uploaded file' -> 'I see the uploaded file'
DEBUG:parse:format 'The "applying changes" spinner briefly appears. When it goes away, you are returned to the user profile and it will display the "Space Administrator" text' -> 'The "applying changes" spinner briefly appears\\. When it goes away, you are returned to the user profile and it will display the "Space Administrator" text'
DEBUG:parse:format 'I Choose settings option' -> 'I Choose settings option'
DEBUG:parse:format 'I choose the team I am an admin of' -> 'I choose the team I am an admin of'
DEBUG:parse:format 'I click on the Sign Up button' -> 'I click on the Sign Up button'
DEBUG:parse:format "I see I am on the 'Save Your Recovery Phrase' screen" -> "I see I am on the 'Save Your Recovery Phrase' screen"
DEBUG:parse:format 'I copy the recovery key' -> 'I copy the recovery key'
DEBUG:parse:format 'I click Continue' -> 'I click Continue'
DEBUG:parse:format "I see the 'Are you sure you saved your Recovery Phrase' screen" -> "I see the 'Are you sure you saved your Recovery Phrase' screen"
DEBUG:parse:format "I click on the 'Yes, I saved it' option" -> "I click on the 'Yes, I saved it' option"
DEBUG:parse:format 'I am on the Add/Create team start page' -> 'I am on the Add/Create team start page'
DEBUG:parse:format 'I enter the License Key' -> 'I enter the License Key'
DEBUG:parse:format 'I click the Create Team button' -> 'I click the Create Team button'
DEBUG:parse:format 'I enter the valid team name and check the continue button becomes active' -> 'I enter the valid team name and check the continue button becomes active'
DEBUG:parse:format 'I enter the name for the user and check the Continue button becomes active' -> 'I enter the name for the user and check the Continue button becomes active'
DEBUG:parse:format 'I see the team name in the Team Selector' -> 'I see the team name in the Team Selector'
DEBUG:parse:format 'I get the hash of the original file' -> 'I get the hash of the original file'
DEBUG:parse:format 'I modify the file' -> 'I modify the file'
DEBUG:parse:format 'I click the plus button' -> 'I click the plus button'
DEBUG:parse:format 'I get the hash of the modified file, and assert it is not the same' -> 'I get the hash of the modified file, and assert it is not the same'
DEBUG:parse:format 'I click on the revert icon' -> 'I click on the revert icon'
DEBUG:parse:format 'I confirm I am on the revert file modal' -> 'I confirm I am on the revert file modal'
DEBUG:parse:format "I click on the 'No, go back' option" -> "I click on the 'No, go back' option"
DEBUG:parse:format "I click on the 'Revert File' option" -> "I click on the 'Revert File' option"
DEBUG:parse:format 'I get the hash of the reverted file' -> 'I get the hash of the reverted file'
DEBUG:parse:format 'I confirm the reverted file hash is the same as the original file' -> 'I confirm the reverted file hash is the same as the original file'
DEBUG:parse:format 'I am in the login screen' -> 'I am in the login screen'
DEBUG:parse:format 'I create a passcode number' -> 'I create a passcode number'
DEBUG:parse:format 'I click the Log In button' -> 'I click the Log In button'
DEBUG:parse:format 'I am in the Team URl screen' -> 'I am in the Team URl screen'
DEBUG:parse:format 'I am in the Recovery Key screen' -> 'I am in the Recovery Key screen'
DEBUG:parse:format 'I write the recovery key' -> 'I write the recovery key'
DEBUG:parse:format 'I write the recovery key for bob' -> 'I write the recovery key for bob'
DEBUG:parse:format 'I am in the Welcome Screen' -> 'I am in the Welcome Screen'
DEBUG:parse:format 'I am on the Welcome Screen' -> 'I am on the Welcome Screen'
DEBUG:parse:format 'I click on the hamburger dropdown menu' -> 'I click on the hamburger dropdown menu'
DEBUG:parse:format 'I click the Continue button' -> 'I click the Continue button'
DEBUG:parse:format 'I Select the lock icon on top right' -> 'I Select the lock icon on top right'
DEBUG:parse:format 'I Select the lock icon on top right for the space' -> 'I Select the lock icon on top right for the space'
DEBUG:parse:format 'I choose my team' -> 'I choose my team'
DEBUG:parse:format 'I click on the Peoples tab' -> 'I click on the Peoples tab'
DEBUG:parse:format 'Back in the application,I click on the "Close" button' -> 'Back in the application,I click on the "Close" button'
DEBUG:parse:format 'I write the Team URL' -> 'I write the Team URL'
DEBUG:parse:format 'I click the Add Team button' -> 'I click the Add Team button'
DEBUG:parse:format 'I am on the Peoples Tab and the space members list become visible' -> 'I am on the Peoples Tab and the space members list become visible'
DEBUG:parse:format 'I select Bob from the list of people and The member screen appears' -> 'I select Bob from the list of people and The member screen appears'
DEBUG:parse:format 'I click on one of the spaces created' -> 'I click on one of the spaces created'
DEBUG:parse:format 'I Open a files (...) dropdown menu' -> 'I Open a files \\(\\.\\.\\.\\) dropdown menu'
DEBUG:parse:format 'I click on Version History' -> 'I click on Version History'
DEBUG:parse:format 'I Select the back arrow in the top left' -> 'I Select the back arrow in the top left'
DEBUG:parse:format 'I click on Delete File' -> 'I click on Delete File'
DEBUG:parse:format 'The Delete File pop up option becomes visible' -> 'The Delete File pop up option becomes visible'
DEBUG:parse:format 'I select the Cancel option from the pop up' -> 'I select the Cancel option from the pop up'
DEBUG:parse:format 'I am returned to the previous screen, the space view' -> 'I am returned to the previous screen, the space view'
DEBUG:parse:format 'I click on File details' -> 'I click on File details'
DEBUG:parse:format 'I see the uploaded file' -> 'I see the uploaded file'
DEBUG:parse:format 'The "applying changes" spinner briefly appears. When it goes away, you are returned to the user profile and it will display the "Space Administrator" text' -> 'The "applying changes" spinner briefly appears\\. When it goes away, you are returned to the user profile and it will display the "Space Administrator" text'
DEBUG:parse:format 'I Choose settings option' -> 'I Choose settings option'
DEBUG:parse:format 'I choose the team I am an admin of' -> 'I choose the team I am an admin of'
DEBUG:parse:format 'I click on the Sign Up button' -> 'I click on the Sign Up button'
DEBUG:parse:format "I see I am on the 'Save Your Recovery Phrase' screen" -> "I see I am on the 'Save Your Recovery Phrase' screen"
DEBUG:parse:format 'I copy the recovery key' -> 'I copy the recovery key'
DEBUG:parse:format 'I click Continue' -> 'I click Continue'
DEBUG:parse:format "I see the 'Are you sure you saved your Recovery Phrase' screen" -> "I see the 'Are you sure you saved your Recovery Phrase' screen"
DEBUG:parse:format "I click on the 'Yes, I saved it' option" -> "I click on the 'Yes, I saved it' option"
DEBUG:parse:format 'I am on the Add/Create team start page' -> 'I am on the Add/Create team start page'
DEBUG:parse:format 'I enter the License Key' -> 'I enter the License Key'
DEBUG:parse:format 'I click the Create Team button' -> 'I click the Create Team button'
DEBUG:parse:format 'I enter the valid team name and check the continue button becomes active' -> 'I enter the valid team name and check the continue button becomes active'
DEBUG:parse:format 'I enter the name for the user and check the Continue button becomes active' -> 'I enter the name for the user and check the Continue button becomes active'
DEBUG:parse:format 'I see the team name in the Team Selector' -> 'I see the team name in the Team Selector'
DEBUG:parse:format 'I get the hash of the original file' -> 'I get the hash of the original file'
DEBUG:parse:format 'I modify the file' -> 'I modify the file'
DEBUG:parse:format 'I click the plus button' -> 'I click the plus button'
DEBUG:parse:format 'I get the hash of the modified file, and assert it is not the same' -> 'I get the hash of the modified file, and assert it is not the same'
DEBUG:parse:format 'I click on the revert icon' -> 'I click on the revert icon'
DEBUG:parse:format 'I confirm I am on the revert file modal' -> 'I confirm I am on the revert file modal'
DEBUG:parse:format "I click on the 'No, go back' option" -> "I click on the 'No, go back' option"
DEBUG:parse:format "I click on the 'Revert File' option" -> "I click on the 'Revert File' option"
DEBUG:parse:format 'I get the hash of the reverted file' -> 'I get the hash of the reverted file'
DEBUG:parse:format 'I confirm the reverted file hash is the same as the original file' -> 'I confirm the reverted file hash is the same as the original file'
DEBUG:parse:format 'I am in the login screen' -> 'I am in the login screen'
DEBUG:parse:format 'I create a passcode number' -> 'I create a passcode number'
DEBUG:parse:format 'I click the Log In button' -> 'I click the Log In button'
DEBUG:parse:format 'I am in the Team URl screen' -> 'I am in the Team URl screen'
DEBUG:parse:format 'I am in the Recovery Key screen' -> 'I am in the Recovery Key screen'
DEBUG:parse:format 'I write the recovery key' -> 'I write the recovery key'
DEBUG:parse:format 'I write the recovery key for bob' -> 'I write the recovery key for bob'
DEBUG:parse:format 'I am in the Welcome Screen' -> 'I am in the Welcome Screen'
DEBUG:parse:format 'I am on the Welcome Screen' -> 'I am on the Welcome Screen'
DEBUG:parse:format 'I click on the hamburger dropdown menu' -> 'I click on the hamburger dropdown menu'
DEBUG:parse:format 'I click the Continue button' -> 'I click the Continue button'
DEBUG:parse:format 'I Select the lock icon on top right' -> 'I Select the lock icon on top right'
DEBUG:parse:format 'I Select the lock icon on top right for the space' -> 'I Select the lock icon on top right for the space'
DEBUG:parse:format 'I choose my team' -> 'I choose my team'
DEBUG:parse:format 'I click on the Peoples tab' -> 'I click on the Peoples tab'
DEBUG:parse:format 'Back in the application,I click on the "Close" button' -> 'Back in the application,I click on the "Close" button'
DEBUG:parse:format 'I write the Team URL' -> 'I write the Team URL'
DEBUG:parse:format 'I click the Add Team button' -> 'I click the Add Team button'
DEBUG:parse:format 'I am on the Peoples Tab and the space members list become visible' -> 'I am on the Peoples Tab and the space members list become visible'
DEBUG:parse:format 'I select Bob from the list of people and The member screen appears' -> 'I select Bob from the list of people and The member screen appears'
DEBUG:parse:format 'I click on one of the spaces created' -> 'I click on one of the spaces created'
DEBUG:parse:format 'I Open a files (...) dropdown menu' -> 'I Open a files \\(\\.\\.\\.\\) dropdown menu'
DEBUG:parse:format 'I click on Version History' -> 'I click on Version History'
DEBUG:parse:format 'I Select the back arrow in the top left' -> 'I Select the back arrow in the top left'
DEBUG:parse:format 'I click on Delete File' -> 'I click on Delete File'
DEBUG:parse:format 'The Delete File pop up option becomes visible' -> 'The Delete File pop up option becomes visible'
DEBUG:parse:format 'I select the Cancel option from the pop up' -> 'I select the Cancel option from the pop up'
DEBUG:parse:format 'I am returned to the previous screen, the space view' -> 'I am returned to the previous screen, the space view'
DEBUG:parse:format 'I click on File details' -> 'I click on File details'
DEBUG:parse:format 'I see the uploaded file' -> 'I see the uploaded file'
DEBUG:parse:format 'The "applying changes" spinner briefly appears. When it goes away, you are returned to the user profile and it will display the "Space Administrator" text' -> 'The "applying changes" spinner briefly appears\\. When it goes away, you are returned to the user profile and it will display the "Space Administrator" text'
DEBUG:parse:format 'I Choose settings option' -> 'I Choose settings option'
DEBUG:parse:format 'I choose the team I am an admin of' -> 'I choose the team I am an admin of'
DEBUG:parse:format 'I click on the Sign Up button' -> 'I click on the Sign Up button'
DEBUG:parse:format "I see I am on the 'Save Your Recovery Phrase' screen" -> "I see I am on the 'Save Your Recovery Phrase' screen"
DEBUG:parse:format 'I copy the recovery key' -> 'I copy the recovery key'
DEBUG:parse:format 'I click Continue' -> 'I click Continue'
DEBUG:parse:format "I see the 'Are you sure you saved your Recovery Phrase' screen" -> "I see the 'Are you sure you saved your Recovery Phrase' screen"
DEBUG:parse:format "I click on the 'Yes, I saved it' option" -> "I click on the 'Yes, I saved it' option"
DEBUG:parse:format 'I am on the Add/Create team start page' -> 'I am on the Add/Create team start page'
DEBUG:parse:format 'I enter the License Key' -> 'I enter the License Key'
DEBUG:parse:format 'I click the Create Team button' -> 'I click the Create Team button'
DEBUG:parse:format 'I enter the valid team name and check the continue button becomes active' -> 'I enter the valid team name and check the continue button becomes active'
DEBUG:parse:format 'I enter the name for the user and check the Continue button becomes active' -> 'I enter the name for the user and check the Continue button becomes active'
DEBUG:parse:format 'I see the team name in the Team Selector' -> 'I see the team name in the Team Selector'
DEBUG:parse:format 'I get the hash of the original file' -> 'I get the hash of the original file'
DEBUG:parse:format 'I modify the file' -> 'I modify the file'
DEBUG:parse:format 'I click the plus button' -> 'I click the plus button'
DEBUG:parse:format 'I get the hash of the modified file, and assert it is not the same' -> 'I get the hash of the modified file, and assert it is not the same'
DEBUG:parse:format 'I click on the revert icon' -> 'I click on the revert icon'
DEBUG:parse:format 'I confirm I am on the revert file modal' -> 'I confirm I am on the revert file modal'
DEBUG:parse:format "I click on the 'No, go back' option" -> "I click on the 'No, go back' option"
DEBUG:parse:format "I click on the 'Revert File' option" -> "I click on the 'Revert File' option"
DEBUG:parse:format 'I get the hash of the reverted file' -> 'I get the hash of the reverted file'
DEBUG:parse:format 'I confirm the reverted file hash is the same as the original file' -> 'I confirm the reverted file hash is the same as the original file'
DEBUG:parse:format 'I am in the login screen' -> 'I am in the login screen'
DEBUG:parse:format 'I create a passcode number' -> 'I create a passcode number'
DEBUG:parse:format 'I click the Log In button' -> 'I click the Log In button'
DEBUG:parse:format 'I am in the Team URl screen' -> 'I am in the Team URl screen'
DEBUG:parse:format 'I am in the Recovery Key screen' -> 'I am in the Recovery Key screen'
DEBUG:parse:format 'I write the recovery key' -> 'I write the recovery key'
DEBUG:parse:format 'I write the recovery key for bob' -> 'I write the recovery key for bob'
DEBUG:parse:format 'I am in the Welcome Screen' -> 'I am in the Welcome Screen'
DEBUG:parse:format 'I am on the Welcome Screen' -> 'I am on the Welcome Screen'
DEBUG:parse:format 'I click on the hamburger dropdown menu' -> 'I click on the hamburger dropdown menu'
DEBUG:parse:format 'I click the Continue button' -> 'I click the Continue button'
DEBUG:parse:format 'I Select the lock icon on top right' -> 'I Select the lock icon on top right'
DEBUG:parse:format 'I Select the lock icon on top right for the space' -> 'I Select the lock icon on top right for the space'
DEBUG:parse:format 'I choose my team' -> 'I choose my team'
DEBUG:parse:format 'I click on the Peoples tab' -> 'I click on the Peoples tab'
DEBUG:parse:format 'Back in the application,I click on the "Close" button' -> 'Back in the application,I click on the "Close" button'
DEBUG:parse:format 'I write the Team URL' -> 'I write the Team URL'
DEBUG:parse:format 'I click the Add Team button' -> 'I click the Add Team button'
DEBUG:parse:format 'I am on the Peoples Tab and the space members list become visible' -> 'I am on the Peoples Tab and the space members list become visible'
DEBUG:parse:format 'I select Bob from the list of people and The member screen appears' -> 'I select Bob from the list of people and The member screen appears'
DEBUG:parse:format 'I click on one of the spaces created' -> 'I click on one of the spaces created'
DEBUG:parse:format 'I Open a files (...) dropdown menu' -> 'I Open a files \\(\\.\\.\\.\\) dropdown menu'
DEBUG:parse:format 'I click on Version History' -> 'I click on Version History'
DEBUG:parse:format 'I Select the back arrow in the top left' -> 'I Select the back arrow in the top left'
DEBUG:parse:format 'I click on Delete File' -> 'I click on Delete File'
DEBUG:parse:format 'The Delete File pop up option becomes visible' -> 'The Delete File pop up option becomes visible'
DEBUG:parse:format 'I select the Cancel option from the pop up' -> 'I select the Cancel option from the pop up'
DEBUG:parse:format 'I am returned to the previous screen, the space view' -> 'I am returned to the previous screen, the space view'
DEBUG:parse:format 'I click on File details' -> 'I click on File details'
DEBUG:parse:format 'I see the uploaded file' -> 'I see the uploaded file'
DEBUG:parse:format 'The "applying changes" spinner briefly appears. When it goes away, you are returned to the user profile and it will display the "Space Administrator" text' -> 'The "applying changes" spinner briefly appears\\. When it goes away, you are returned to the user profile and it will display the "Space Administrator" text'
DEBUG:parse:format 'I Choose settings option' -> 'I Choose settings option'
DEBUG:parse:format 'I choose the team I am an admin of' -> 'I choose the team I am an admin of'
DEBUG:parse:format 'I click on the Sign Up button' -> 'I click on the Sign Up button'
DEBUG:parse:format "I see I am on the 'Save Your Recovery Phrase' screen" -> "I see I am on the 'Save Your Recovery Phrase' screen"
DEBUG:parse:format 'I copy the recovery key' -> 'I copy the recovery key'
DEBUG:parse:format 'I click Continue' -> 'I click Continue'
DEBUG:parse:format "I see the 'Are you sure you saved your Recovery Phrase' screen" -> "I see the 'Are you sure you saved your Recovery Phrase' screen"
DEBUG:parse:format "I click on the 'Yes, I saved it' option" -> "I click on the 'Yes, I saved it' option"
DEBUG:parse:format 'I am on the Add/Create team start page' -> 'I am on the Add/Create team start page'
DEBUG:parse:format 'I enter the License Key' -> 'I enter the License Key'
DEBUG:parse:format 'I click the Create Team button' -> 'I click the Create Team button'
DEBUG:parse:format 'I enter the valid team name and check the continue button becomes active' -> 'I enter the valid team name and check the continue button becomes active'
DEBUG:parse:format 'I enter the name for the user and check the Continue button becomes active' -> 'I enter the name for the user and check the Continue button becomes active'
DEBUG:parse:format 'I see the team name in the Team Selector' -> 'I see the team name in the Team Selector'
DEBUG:parse:format 'I get the hash of the original file' -> 'I get the hash of the original file'
DEBUG:parse:format 'I modify the file' -> 'I modify the file'
DEBUG:parse:format 'I click the plus button' -> 'I click the plus button'
DEBUG:parse:format 'I get the hash of the modified file, and assert it is not the same' -> 'I get the hash of the modified file, and assert it is not the same'
DEBUG:parse:format 'I click on the revert icon' -> 'I click on the revert icon'
DEBUG:parse:format 'I confirm I am on the revert file modal' -> 'I confirm I am on the revert file modal'
DEBUG:parse:format "I click on the 'No, go back' option" -> "I click on the 'No, go back' option"
DEBUG:parse:format "I click on the 'Revert File' option" -> "I click on the 'Revert File' option"
DEBUG:parse:format 'I get the hash of the reverted file' -> 'I get the hash of the reverted file'
DEBUG:parse:format 'I confirm the reverted file hash is the same as the original file' -> 'I confirm the reverted file hash is the same as the original file'
DEBUG:parse:format 'I am in the login screen' -> 'I am in the login screen'
DEBUG:parse:format 'I create a passcode number' -> 'I create a passcode number'
DEBUG:parse:format 'I click the Log In button' -> 'I click the Log In button'
DEBUG:parse:format 'I am in the Team URl screen' -> 'I am in the Team URl screen'
DEBUG:parse:format 'I am in the Recovery Key screen' -> 'I am in the Recovery Key screen'
DEBUG:parse:format 'I write the recovery key' -> 'I write the recovery key'
DEBUG:parse:format 'I write the recovery key for bob' -> 'I write the recovery key for bob'
DEBUG:parse:format 'I am in the Welcome Screen' -> 'I am in the Welcome Screen'
DEBUG:parse:format 'I am on the Welcome Screen' -> 'I am on the Welcome Screen'
DEBUG:parse:format 'I click on the hamburger dropdown menu' -> 'I click on the hamburger dropdown menu'
DEBUG:parse:format 'I click the Continue button' -> 'I click the Continue button'
DEBUG:parse:format 'I Select the lock icon on top right' -> 'I Select the lock icon on top right'
DEBUG:parse:format 'I Select the lock icon on top right for the space' -> 'I Select the lock icon on top right for the space'
DEBUG:parse:format 'I choose my team' -> 'I choose my team'
DEBUG:parse:format 'I click on the Peoples tab' -> 'I click on the Peoples tab'
DEBUG:parse:format 'Back in the application,I click on the "Close" button' -> 'Back in the application,I click on the "Close" button'
DEBUG:parse:format 'I write the Team URL' -> 'I write the Team URL'
DEBUG:parse:format 'I click the Add Team button' -> 'I click the Add Team button'
DEBUG:parse:format 'I am on the Peoples Tab and the space members list become visible' -> 'I am on the Peoples Tab and the space members list become visible'
DEBUG:parse:format 'I select Bob from the list of people and The member screen appears' -> 'I select Bob from the list of people and The member screen appears'
DEBUG:parse:format 'I click on one of the spaces created' -> 'I click on one of the spaces created'
DEBUG:parse:format 'I Open a files (...) dropdown menu' -> 'I Open a files \\(\\.\\.\\.\\) dropdown menu'
DEBUG:parse:format 'I click on Version History' -> 'I click on Version History'
DEBUG:parse:format 'I Select the back arrow in the top left' -> 'I Select the back arrow in the top left'
DEBUG:parse:format 'I click on Delete File' -> 'I click on Delete File'
DEBUG:parse:format 'The Delete File pop up option becomes visible' -> 'The Delete File pop up option becomes visible'
DEBUG:parse:format 'I select the Cancel option from the pop up' -> 'I select the Cancel option from the pop up'
DEBUG:parse:format 'I am returned to the previous screen, the space view' -> 'I am returned to the previous screen, the space view'
DEBUG:parse:format 'I click on File details' -> 'I click on File details'
DEBUG:parse:format 'I see the uploaded file' -> 'I see the uploaded file'
DEBUG:parse:format 'The "applying changes" spinner briefly appears. When it goes away, you are returned to the user profile and it will display the "Space Administrator" text' -> 'The "applying changes" spinner briefly appears\\. When it goes away, you are returned to the user profile and it will display the "Space Administrator" text'
DEBUG:parse:format 'I Choose settings option' -> 'I Choose settings option'
DEBUG:parse:format 'I choose the team I am an admin of' -> 'I choose the team I am an admin of'
DEBUG:parse:format 'I click on the Sign Up button' -> 'I click on the Sign Up button'
DEBUG:parse:format "I see I am on the 'Save Your Recovery Phrase' screen" -> "I see I am on the 'Save Your Recovery Phrase' screen"
DEBUG:parse:format 'I copy the recovery key' -> 'I copy the recovery key'
DEBUG:parse:format 'I click Continue' -> 'I click Continue'
DEBUG:parse:format "I see the 'Are you sure you saved your Recovery Phrase' screen" -> "I see the 'Are you sure you saved your Recovery Phrase' screen"
DEBUG:parse:format "I click on the 'Yes, I saved it' option" -> "I click on the 'Yes, I saved it' option"
DEBUG:parse:format 'I am on the Add/Create team start page' -> 'I am on the Add/Create team start page'
DEBUG:parse:format 'I enter the License Key' -> 'I enter the License Key'
DEBUG:parse:format 'I click the Create Team button' -> 'I click the Create Team button'
DEBUG:parse:format 'I enter the valid team name and check the continue button becomes active' -> 'I enter the valid team name and check the continue button becomes active'
DEBUG:parse:format 'I enter the name for the user and check the Continue button becomes active' -> 'I enter the name for the user and check the Continue button becomes active'
DEBUG:parse:format 'I see the team name in the Team Selector' -> 'I see the team name in the Team Selector'
DEBUG:parse:format 'I get the hash of the original file' -> 'I get the hash of the original file'
DEBUG:parse:format 'I modify the file' -> 'I modify the file'
DEBUG:parse:format 'I click the plus button' -> 'I click the plus button'
DEBUG:parse:format 'I get the hash of the modified file, and assert it is not the same' -> 'I get the hash of the modified file, and assert it is not the same'
DEBUG:parse:format 'I click on the revert icon' -> 'I click on the revert icon'
DEBUG:parse:format 'I confirm I am on the revert file modal' -> 'I confirm I am on the revert file modal'
DEBUG:parse:format "I click on the 'No, go back' option" -> "I click on the 'No, go back' option"
DEBUG:parse:format "I click on the 'Revert File' option" -> "I click on the 'Revert File' option"
DEBUG:parse:format 'I get the hash of the reverted file' -> 'I get the hash of the reverted file'
DEBUG:parse:format 'I confirm the reverted file hash is the same as the original file' -> 'I confirm the reverted file hash is the same as the original file'
DEBUG:parse:format 'I am in the login screen' -> 'I am in the login screen'
DEBUG:parse:format 'I create a passcode number' -> 'I create a passcode number'
DEBUG:parse:format 'I click the Log In button' -> 'I click the Log In button'
DEBUG:parse:format 'I am in the Team URl screen' -> 'I am in the Team URl screen'
DEBUG:parse:format 'I am in the Recovery Key screen' -> 'I am in the Recovery Key screen'
DEBUG:parse:format 'I write the recovery key' -> 'I write the recovery key'
DEBUG:parse:format 'I write the recovery key for bob' -> 'I write the recovery key for bob'
DEBUG:parse:format 'I am in the Welcome Screen' -> 'I am in the Welcome Screen'
INFO:selenium.webdriver.remote.remote_connection:Could not connect to port 4723 on host 127.0.0.1
INFO:selenium.webdriver.remote.remote_connection:Could not get IP address for host: 127.0.0.1
WARNING:urllib3.connectionpool:Retrying (Retry(total=2, connect=None, read=None, redirect=None, status=None)) after connection broken by 'NewConnectionError('<urllib3.connection.HTTPConnection object at 0x10bcffeb0>: Failed to establish a new connection: [Errno 61] Connection refused')': /wd/hub/session
WARNING:urllib3.connectionpool:Retrying (Retry(total=1, connect=None, read=None, redirect=None, status=None)) after connection broken by 'NewConnectionError('<urllib3.connection.HTTPConnection object at 0x10bd0c1f0>: Failed to establish a new connection: [Errno 61] Connection refused')': /wd/hub/session
WARNING:urllib3.connectionpool:Retrying (Retry(total=0, connect=None, read=None, redirect=None, status=None)) after connection broken by 'NewConnectionError('<urllib3.connection.HTTPConnection object at 0x10bd0c370>: Failed to establish a new connection: [Errno 61] Connection refused')': /wd/hub/session
INFO:selenium.webdriver.remote.remote_connection:Could not connect to port 4723 on host 127.0.0.1
INFO:selenium.webdriver.remote.remote_connection:Could not get IP address for host: 127.0.0.1
WARNING:urllib3.connectionpool:Retrying (Retry(total=2, connect=None, read=None, redirect=None, status=None)) after connection broken by 'NewConnectionError('<urllib3.connection.HTTPConnection object at 0x10bd0cc10>: Failed to establish a new connection: [Errno 61] Connection refused')': /wd/hub/session
WARNING:urllib3.connectionpool:Retrying (Retry(total=1, connect=None, read=None, redirect=None, status=None)) after connection broken by 'NewConnectionError('<urllib3.connection.HTTPConnection object at 0x10bd0cd90>: Failed to establish a new connection: [Errno 61] Connection refused')': /wd/hub/session
WARNING:urllib3.connectionpool:Retrying (Retry(total=0, connect=None, read=None, redirect=None, status=None)) after connection broken by 'NewConnectionError('<urllib3.connection.HTTPConnection object at 0x10bd0cee0>: Failed to establish a new connection: [Errno 61] Connection refused')': /wd/hub/session
INFO:selenium.webdriver.remote.remote_connection:Could not connect to port 4723 on host 127.0.0.1
INFO:selenium.webdriver.remote.remote_connection:Could not get IP address for host: 127.0.0.1
WARNING:urllib3.connectionpool:Retrying (Retry(total=2, connect=None, read=None, redirect=None, status=None)) after connection broken by 'NewConnectionError('<urllib3.connection.HTTPConnection object at 0x10bd2de20>: Failed to establish a new connection: [Errno 61] Connection refused')': /wd/hub/session
WARNING:urllib3.connectionpool:Retrying (Retry(total=1, connect=None, read=None, redirect=None, status=None)) after connection broken by 'NewConnectionError('<urllib3.connection.HTTPConnection object at 0x10bda4100>: Failed to establish a new connection: [Errno 61] Connection refused')': /wd/hub/session
WARNING:urllib3.connectionpool:Retrying (Retry(total=0, connect=None, read=None, redirect=None, status=None)) after connection broken by 'NewConnectionError('<urllib3.connection.HTTPConnection object at 0x10bda4250>: Failed to establish a new connection: [Errno 61] Connection refused')': /wd/hub/session
DEBUG:parse:format 'I am on the Welcome Screen' -> 'I am on the Welcome Screen'
DEBUG:parse:format 'I click on the hamburger dropdown menu' -> 'I click on the hamburger dropdown menu'
DEBUG:parse:format 'I click the Continue button' -> 'I click the Continue button'
DEBUG:parse:format 'I Select the lock icon on top right' -> 'I Select the lock icon on top right'
DEBUG:parse:format 'I Select the lock icon on top right for the space' -> 'I Select the lock icon on top right for the space'
DEBUG:parse:format 'I choose my team' -> 'I choose my team'
DEBUG:parse:format 'I click on the Peoples tab' -> 'I click on the Peoples tab'
DEBUG:parse:format 'Back in the application,I click on the "Close" button' -> 'Back in the application,I click on the "Close" button'
DEBUG:parse:format 'I write the Team URL' -> 'I write the Team URL'
DEBUG:parse:format 'I click the Add Team button' -> 'I click the Add Team button'
DEBUG:parse:format 'I am on the Peoples Tab and the space members list become visible' -> 'I am on the Peoples Tab and the space members list become visible'
DEBUG:parse:format 'I select Bob from the list of people and The member screen appears' -> 'I select Bob from the list of people and The member screen appears'
DEBUG:parse:format 'I click on one of the spaces created' -> 'I click on one of the spaces created'
DEBUG:parse:format 'I Open a files (...) dropdown menu' -> 'I Open a files \\(\\.\\.\\.\\) dropdown menu'
DEBUG:parse:format 'I click on Version History' -> 'I click on Version History'
DEBUG:parse:format 'I Select the back arrow in the top left' -> 'I Select the back arrow in the top left'
DEBUG:parse:format 'I click on Delete File' -> 'I click on Delete File'
DEBUG:parse:format 'The Delete File pop up option becomes visible' -> 'The Delete File pop up option becomes visible'
DEBUG:parse:format 'I select the Cancel option from the pop up' -> 'I select the Cancel option from the pop up'
DEBUG:parse:format 'I am returned to the previous screen, the space view' -> 'I am returned to the previous screen, the space view'
DEBUG:parse:format 'I click on File details' -> 'I click on File details'
DEBUG:parse:format 'I see the uploaded file' -> 'I see the uploaded file'
DEBUG:parse:format 'The "applying changes" spinner briefly appears. When it goes away, you are returned to the user profile and it will display the "Space Administrator" text' -> 'The "applying changes" spinner briefly appears\\. When it goes away, you are returned to the user profile and it will display the "Space Administrator" text'
DEBUG:parse:format 'I Choose settings option' -> 'I Choose settings option'
DEBUG:parse:format 'I choose the team I am an admin of' -> 'I choose the team I am an admin of'
DEBUG:parse:format 'I click on the Sign Up button' -> 'I click on the Sign Up button'
DEBUG:parse:format "I see I am on the 'Save Your Recovery Phrase' screen" -> "I see I am on the 'Save Your Recovery Phrase' screen"
DEBUG:parse:format 'I copy the recovery key' -> 'I copy the recovery key'
DEBUG:parse:format 'I click Continue' -> 'I click Continue'
DEBUG:parse:format "I see the 'Are you sure you saved your Recovery Phrase' screen" -> "I see the 'Are you sure you saved your Recovery Phrase' screen"
DEBUG:parse:format "I click on the 'Yes, I saved it' option" -> "I click on the 'Yes, I saved it' option"
DEBUG:parse:format 'I am on the Add/Create team start page' -> 'I am on the Add/Create team start page'
DEBUG:parse:format 'I enter the License Key' -> 'I enter the License Key'
DEBUG:parse:format 'I click the Create Team button' -> 'I click the Create Team button'
DEBUG:parse:format 'I enter the valid team name and check the continue button becomes active' -> 'I enter the valid team name and check the continue button becomes active'
DEBUG:parse:format 'I enter the name for the user and check the Continue button becomes active' -> 'I enter the name for the user and check the Continue button becomes active'
DEBUG:parse:format 'I see the team name in the Team Selector' -> 'I see the team name in the Team Selector'
DEBUG:parse:format 'I get the hash of the original file' -> 'I get the hash of the original file'
DEBUG:parse:format 'I modify the file' -> 'I modify the file'
DEBUG:parse:format 'I click the plus button' -> 'I click the plus button'
DEBUG:parse:format 'I get the hash of the modified file, and assert it is not the same' -> 'I get the hash of the modified file, and assert it is not the same'
DEBUG:parse:format 'I click on the revert icon' -> 'I click on the revert icon'
DEBUG:parse:format 'I confirm I am on the revert file modal' -> 'I confirm I am on the revert file modal'
DEBUG:parse:format "I click on the 'No, go back' option" -> "I click on the 'No, go back' option"
DEBUG:parse:format "I click on the 'Revert File' option" -> "I click on the 'Revert File' option"
DEBUG:parse:format 'I get the hash of the reverted file' -> 'I get the hash of the reverted file'
DEBUG:parse:format 'I confirm the reverted file hash is the same as the original file' -> 'I confirm the reverted file hash is the same as the original file'
DEBUG:parse:format 'I am in the login screen' -> 'I am in the login screen'
DEBUG:parse:format 'I create a passcode number' -> 'I create a passcode number'
DEBUG:parse:format 'I click the Log In button' -> 'I click the Log In button'
DEBUG:parse:format 'I am in the Team URl screen' -> 'I am in the Team URl screen'
DEBUG:parse:format 'I am in the Recovery Key screen' -> 'I am in the Recovery Key screen'
DEBUG:parse:format 'I write the recovery key' -> 'I write the recovery key'
DEBUG:parse:format 'I write the recovery key for bob' -> 'I write the recovery key for bob'
DEBUG:parse:format 'I am in the Welcome Screen' -> 'I am in the Welcome Screen'
DEBUG:parse:format 'I am on the Welcome Screen' -> 'I am on the Welcome Screen'
DEBUG:parse:format 'I click on the hamburger dropdown menu' -> 'I click on the hamburger dropdown menu'
DEBUG:parse:format 'I click the Continue button' -> 'I click the Continue button'
DEBUG:parse:format 'I Select the lock icon on top right' -> 'I Select the lock icon on top right'
DEBUG:parse:format 'I Select the lock icon on top right for the space' -> 'I Select the lock icon on top right for the space'
DEBUG:parse:format 'I choose my team' -> 'I choose my team'
DEBUG:parse:format 'I click on the Peoples tab' -> 'I click on the Peoples tab'
DEBUG:parse:format 'Back in the application,I click on the "Close" button' -> 'Back in the application,I click on the "Close" button'
DEBUG:parse:format 'I write the Team URL' -> 'I write the Team URL'
DEBUG:parse:format 'I click the Add Team button' -> 'I click the Add Team button'
DEBUG:parse:format 'I am on the Peoples Tab and the space members list become visible' -> 'I am on the Peoples Tab and the space members list become visible'
DEBUG:parse:format 'I select Bob from the list of people and The member screen appears' -> 'I select Bob from the list of people and The member screen appears'
DEBUG:parse:format 'I click on one of the spaces created' -> 'I click on one of the spaces created'
DEBUG:parse:format 'I Open a files (...) dropdown menu' -> 'I Open a files \\(\\.\\.\\.\\) dropdown menu'
DEBUG:parse:format 'I click on Version History' -> 'I click on Version History'
DEBUG:parse:format 'I Select the back arrow in the top left' -> 'I Select the back arrow in the top left'
DEBUG:parse:format 'I click on Delete File' -> 'I click on Delete File'
DEBUG:parse:format 'The Delete File pop up option becomes visible' -> 'The Delete File pop up option becomes visible'
DEBUG:parse:format 'I select the Cancel option from the pop up' -> 'I select the Cancel option from the pop up'
DEBUG:parse:format 'I am returned to the previous screen, the space view' -> 'I am returned to the previous screen, the space view'
DEBUG:parse:format 'I click on File details' -> 'I click on File details'
DEBUG:parse:format 'I see the uploaded file' -> 'I see the uploaded file'
DEBUG:parse:format 'The "applying changes" spinner briefly appears. When it goes away, you are returned to the user profile and it will display the "Space Administrator" text' -> 'The "applying changes" spinner briefly appears\\. When it goes away, you are returned to the user profile and it will display the "Space Administrator" text'
DEBUG:parse:format 'I Choose settings option' -> 'I Choose settings option'
DEBUG:parse:format 'I choose the team I am an admin of' -> 'I choose the team I am an admin of'
DEBUG:parse:format 'I click on the Sign Up button' -> 'I click on the Sign Up button'
DEBUG:parse:format "I see I am on the 'Save Your Recovery Phrase' screen" -> "I see I am on the 'Save Your Recovery Phrase' screen"
DEBUG:parse:format 'I copy the recovery key' -> 'I copy the recovery key'
DEBUG:parse:format 'I click Continue' -> 'I click Continue'
DEBUG:parse:format "I see the 'Are you sure you saved your Recovery Phrase' screen" -> "I see the 'Are you sure you saved your Recovery Phrase' screen"
DEBUG:parse:format "I click on the 'Yes, I saved it' option" -> "I click on the 'Yes, I saved it' option"
DEBUG:parse:format 'I am on the Add/Create team start page' -> 'I am on the Add/Create team start page'
DEBUG:parse:format 'I enter the License Key' -> 'I enter the License Key'
DEBUG:parse:format 'I click the Create Team button' -> 'I click the Create Team button'
DEBUG:parse:format 'I enter the valid team name and check the continue button becomes active' -> 'I enter the valid team name and check the continue button becomes active'
DEBUG:parse:format 'I enter the name for the user and check the Continue button becomes active' -> 'I enter the name for the user and check the Continue button becomes active'
DEBUG:parse:format 'I see the team name in the Team Selector' -> 'I see the team name in the Team Selector'
DEBUG:parse:format 'I get the hash of the original file' -> 'I get the hash of the original file'
DEBUG:parse:format 'I modify the file' -> 'I modify the file'
DEBUG:parse:format 'I click the plus button' -> 'I click the plus button'
DEBUG:parse:format 'I get the hash of the modified file, and assert it is not the same' -> 'I get the hash of the modified file, and assert it is not the same'
DEBUG:parse:format 'I click on the revert icon' -> 'I click on the revert icon'
DEBUG:parse:format 'I confirm I am on the revert file modal' -> 'I confirm I am on the revert file modal'
DEBUG:parse:format "I click on the 'No, go back' option" -> "I click on the 'No, go back' option"
DEBUG:parse:format "I click on the 'Revert File' option" -> "I click on the 'Revert File' option"
DEBUG:parse:format 'I get the hash of the reverted file' -> 'I get the hash of the reverted file'
DEBUG:parse:format 'I confirm the reverted file hash is the same as the original file' -> 'I confirm the reverted file hash is the same as the original file'
DEBUG:parse:format 'I am in the login screen' -> 'I am in the login screen'
DEBUG:parse:format 'I create a passcode number' -> 'I create a passcode number'
DEBUG:parse:format 'I click the Log In button' -> 'I click the Log In button'
DEBUG:parse:format 'I am in the Team URl screen' -> 'I am in the Team URl screen'
DEBUG:parse:format 'I am in the Recovery Key screen' -> 'I am in the Recovery Key screen'
DEBUG:parse:format 'I write the recovery key' -> 'I write the recovery key'
DEBUG:parse:format 'I write the recovery key for bob' -> 'I write the recovery key for bob'
DEBUG:parse:format 'I am in the Welcome Screen' -> 'I am in the Welcome Screen'
DEBUG:parse:format 'I am on the Welcome Screen' -> 'I am on the Welcome Screen'
DEBUG:parse:format 'I click on the hamburger dropdown menu' -> 'I click on the hamburger dropdown menu'
DEBUG:parse:format 'I click the Continue button' -> 'I click the Continue button'
DEBUG:parse:format 'I Select the lock icon on top right' -> 'I Select the lock icon on top right'
DEBUG:parse:format 'I Select the lock icon on top right for the space' -> 'I Select the lock icon on top right for the space'
DEBUG:parse:format 'I choose my team' -> 'I choose my team'
DEBUG:parse:format 'I click on the Peoples tab' -> 'I click on the Peoples tab'
DEBUG:parse:format 'Back in the application,I click on the "Close" button' -> 'Back in the application,I click on the "Close" button'
DEBUG:parse:format 'I write the Team URL' -> 'I write the Team URL'
DEBUG:parse:format 'I click the Add Team button' -> 'I click the Add Team button'
DEBUG:parse:format 'I am on the Peoples Tab and the space members list become visible' -> 'I am on the Peoples Tab and the space members list become visible'
DEBUG:parse:format 'I select Bob from the list of people and The member screen appears' -> 'I select Bob from the list of people and The member screen appears'
DEBUG:parse:format 'I click on one of the spaces created' -> 'I click on one of the spaces created'
DEBUG:parse:format 'I Open a files (...) dropdown menu' -> 'I Open a files \\(\\.\\.\\.\\) dropdown menu'
DEBUG:parse:format 'I click on Version History' -> 'I click on Version History'
DEBUG:parse:format 'I Select the back arrow in the top left' -> 'I Select the back arrow in the top left'
DEBUG:parse:format 'I click on Delete File' -> 'I click on Delete File'
DEBUG:parse:format 'The Delete File pop up option becomes visible' -> 'The Delete File pop up option becomes visible'
DEBUG:parse:format 'I select the Cancel option from the pop up' -> 'I select the Cancel option from the pop up'
DEBUG:parse:format 'I am returned to the previous screen, the space view' -> 'I am returned to the previous screen, the space view'
DEBUG:parse:format 'I click on File details' -> 'I click on File details'
DEBUG:parse:format 'I see the uploaded file' -> 'I see the uploaded file'
DEBUG:parse:format 'The "applying changes" spinner briefly appears. When it goes away, you are returned to the user profile and it will display the "Space Administrator" text' -> 'The "applying changes" spinner briefly appears\\. When it goes away, you are returned to the user profile and it will display the "Space Administrator" text'
DEBUG:parse:format 'I Choose settings option' -> 'I Choose settings option'
DEBUG:parse:format 'I choose the team I am an admin of' -> 'I choose the team I am an admin of'
DEBUG:parse:format 'I click on the Sign Up button' -> 'I click on the Sign Up button'
DEBUG:parse:format "I see I am on the 'Save Your Recovery Phrase' screen" -> "I see I am on the 'Save Your Recovery Phrase' screen"
DEBUG:parse:format 'I copy the recovery key' -> 'I copy the recovery key'
DEBUG:parse:format 'I click Continue' -> 'I click Continue'
DEBUG:parse:format "I see the 'Are you sure you saved your Recovery Phrase' screen" -> "I see the 'Are you sure you saved your Recovery Phrase' screen"
DEBUG:parse:format "I click on the 'Yes, I saved it' option" -> "I click on the 'Yes, I saved it' option"
DEBUG:parse:format 'I am on the Add/Create team start page' -> 'I am on the Add/Create team start page'
DEBUG:parse:format 'I enter the License Key' -> 'I enter the License Key'
DEBUG:parse:format 'I click the Create Team button' -> 'I click the Create Team button'
DEBUG:parse:format 'I enter the valid team name and check the continue button becomes active' -> 'I enter the valid team name and check the continue button becomes active'
DEBUG:parse:format 'I enter the name for the user and check the Continue button becomes active' -> 'I enter the name for the user and check the Continue button becomes active'
DEBUG:parse:format 'I see the team name in the Team Selector' -> 'I see the team name in the Team Selector'
DEBUG:parse:format 'I get the hash of the original file' -> 'I get the hash of the original file'
DEBUG:parse:format 'I modify the file' -> 'I modify the file'
DEBUG:parse:format 'I click the plus button' -> 'I click the plus button'
DEBUG:parse:format 'I get the hash of the modified file, and assert it is not the same' -> 'I get the hash of the modified file, and assert it is not the same'
DEBUG:parse:format 'I click on the revert icon' -> 'I click on the revert icon'
DEBUG:parse:format 'I confirm I am on the revert file modal' -> 'I confirm I am on the revert file modal'
DEBUG:parse:format "I click on the 'No, go back' option" -> "I click on the 'No, go back' option"
DEBUG:parse:format "I click on the 'Revert File' option" -> "I click on the 'Revert File' option"
DEBUG:parse:format 'I get the hash of the reverted file' -> 'I get the hash of the reverted file'
DEBUG:parse:format 'I confirm the reverted file hash is the same as the original file' -> 'I confirm the reverted file hash is the same as the original file'
DEBUG:parse:format 'I am in the login screen' -> 'I am in the login screen'
DEBUG:parse:format 'I create a passcode number' -> 'I create a passcode number'
DEBUG:parse:format 'I click the Log In button' -> 'I click the Log In button'
DEBUG:parse:format 'I am in the Team URl screen' -> 'I am in the Team URl screen'
DEBUG:parse:format 'I am in the Recovery Key screen' -> 'I am in the Recovery Key screen'
DEBUG:parse:format 'I write the recovery key' -> 'I write the recovery key'
DEBUG:parse:format 'I write the recovery key for bob' -> 'I write the recovery key for bob'
DEBUG:parse:format 'I am in the Welcome Screen' -> 'I am in the Welcome Screen'
DEBUG:parse:format 'I am on the Welcome Screen' -> 'I am on the Welcome Screen'
DEBUG:parse:format 'I click on the hamburger dropdown menu' -> 'I click on the hamburger dropdown menu'
DEBUG:parse:format 'I click the Continue button' -> 'I click the Continue button'
DEBUG:parse:format 'I Select the lock icon on top right' -> 'I Select the lock icon on top right'
DEBUG:parse:format 'I Select the lock icon on top right for the space' -> 'I Select the lock icon on top right for the space'
DEBUG:parse:format 'I choose my team' -> 'I choose my team'
DEBUG:parse:format 'I click on the Peoples tab' -> 'I click on the Peoples tab'
DEBUG:parse:format 'Back in the application,I click on the "Close" button' -> 'Back in the application,I click on the "Close" button'
DEBUG:parse:format 'I write the Team URL' -> 'I write the Team URL'
DEBUG:parse:format 'I click the Add Team button' -> 'I click the Add Team button'
DEBUG:parse:format 'I am on the Peoples Tab and the space members list become visible' -> 'I am on the Peoples Tab and the space members list become visible'
DEBUG:parse:format 'I select Bob from the list of people and The member screen appears' -> 'I select Bob from the list of people and The member screen appears'
DEBUG:parse:format 'I click on one of the spaces created' -> 'I click on one of the spaces created'
DEBUG:parse:format 'I Open a files (...) dropdown menu' -> 'I Open a files \\(\\.\\.\\.\\) dropdown menu'
DEBUG:parse:format 'I click on Version History' -> 'I click on Version History'
DEBUG:parse:format 'I Select the back arrow in the top left' -> 'I Select the back arrow in the top left'
DEBUG:parse:format 'I click on Delete File' -> 'I click on Delete File'
DEBUG:parse:format 'The Delete File pop up option becomes visible' -> 'The Delete File pop up option becomes visible'
DEBUG:parse:format 'I select the Cancel option from the pop up' -> 'I select the Cancel option from the pop up'
DEBUG:parse:format 'I am returned to the previous screen, the space view' -> 'I am returned to the previous screen, the space view'
DEBUG:parse:format 'I click on File details' -> 'I click on File details'
DEBUG:parse:format 'I see the uploaded file' -> 'I see the uploaded file'
DEBUG:parse:format 'The "applying changes" spinner briefly appears. When it goes away, you are returned to the user profile and it will display the "Space Administrator" text' -> 'The "applying changes" spinner briefly appears\\. When it goes away, you are returned to the user profile and it will display the "Space Administrator" text'
DEBUG:parse:format 'I Choose settings option' -> 'I Choose settings option'
DEBUG:parse:format 'I choose the team I am an admin of' -> 'I choose the team I am an admin of'
DEBUG:parse:format 'I click on the Sign Up button' -> 'I click on the Sign Up button'
DEBUG:parse:format "I see I am on the 'Save Your Recovery Phrase' screen" -> "I see I am on the 'Save Your Recovery Phrase' screen"
DEBUG:parse:format 'I copy the recovery key' -> 'I copy the recovery key'
DEBUG:parse:format 'I click Continue' -> 'I click Continue'
DEBUG:parse:format "I see the 'Are you sure you saved your Recovery Phrase' screen" -> "I see the 'Are you sure you saved your Recovery Phrase' screen"
DEBUG:parse:format "I click on the 'Yes, I saved it' option" -> "I click on the 'Yes, I saved it' option"
DEBUG:parse:format 'I am on the Add/Create team start page' -> 'I am on the Add/Create team start page'
DEBUG:parse:format 'I enter the License Key' -> 'I enter the License Key'
DEBUG:parse:format 'I click the Create Team button' -> 'I click the Create Team button'
DEBUG:parse:format 'I enter the valid team name and check the continue button becomes active' -> 'I enter the valid team name and check the continue button becomes active'
DEBUG:parse:format 'I enter the name for the user and check the Continue button becomes active' -> 'I enter the name for the user and check the Continue button becomes active'
DEBUG:parse:format 'I see the team name in the Team Selector' -> 'I see the team name in the Team Selector'
DEBUG:parse:format 'I get the hash of the original file' -> 'I get the hash of the original file'
DEBUG:parse:format 'I modify the file' -> 'I modify the file'
DEBUG:parse:format 'I click the plus button' -> 'I click the plus button'
DEBUG:parse:format 'I get the hash of the modified file, and assert it is not the same' -> 'I get the hash of the modified file, and assert it is not the same'
DEBUG:parse:format 'I click on the revert icon' -> 'I click on the revert icon'
DEBUG:parse:format 'I confirm I am on the revert file modal' -> 'I confirm I am on the revert file modal'
DEBUG:parse:format "I click on the 'No, go back' option" -> "I click on the 'No, go back' option"
DEBUG:parse:format "I click on the 'Revert File' option" -> "I click on the 'Revert File' option"
DEBUG:parse:format 'I get the hash of the reverted file' -> 'I get the hash of the reverted file'
DEBUG:parse:format 'I confirm the reverted file hash is the same as the original file' -> 'I confirm the reverted file hash is the same as the original file'
DEBUG:parse:format 'I am in the login screen' -> 'I am in the login screen'
DEBUG:parse:format 'I create a passcode number' -> 'I create a passcode number'
DEBUG:parse:format 'I click the Log In button' -> 'I click the Log In button'
DEBUG:parse:format 'I am in the Team URl screen' -> 'I am in the Team URl screen'
DEBUG:parse:format 'I am in the Recovery Key screen' -> 'I am in the Recovery Key screen'
DEBUG:parse:format 'I write the recovery key' -> 'I write the recovery key'
DEBUG:parse:format 'I write the recovery key for bob' -> 'I write the recovery key for bob'
DEBUG:parse:format 'I am in the Welcome Screen' -> 'I am in the Welcome Screen'
DEBUG:parse:format 'I am on the Welcome Screen' -> 'I am on the Welcome Screen'
DEBUG:parse:format 'I click on the hamburger dropdown menu' -> 'I click on the hamburger dropdown menu'
DEBUG:parse:format 'I click the Continue button' -> 'I click the Continue button'
DEBUG:parse:format 'I Select the lock icon on top right' -> 'I Select the lock icon on top right'
DEBUG:parse:format 'I Select the lock icon on top right for the space' -> 'I Select the lock icon on top right for the space'
DEBUG:parse:format 'I choose my team' -> 'I choose my team'
DEBUG:parse:format 'I click on the Peoples tab' -> 'I click on the Peoples tab'
DEBUG:parse:format 'Back in the application,I click on the "Close" button' -> 'Back in the application,I click on the "Close" button'
DEBUG:parse:format 'I write the Team URL' -> 'I write the Team URL'
DEBUG:parse:format 'I click the Add Team button' -> 'I click the Add Team button'
DEBUG:parse:format 'I am on the Peoples Tab and the space members list become visible' -> 'I am on the Peoples Tab and the space members list become visible'
DEBUG:parse:format 'I select Bob from the list of people and The member screen appears' -> 'I select Bob from the list of people and The member screen appears'
DEBUG:parse:format 'I click on one of the spaces created' -> 'I click on one of the spaces created'
DEBUG:parse:format 'I Open a files (...) dropdown menu' -> 'I Open a files \\(\\.\\.\\.\\) dropdown menu'
DEBUG:parse:format 'I click on Version History' -> 'I click on Version History'
DEBUG:parse:format 'I Select the back arrow in the top left' -> 'I Select the back arrow in the top left'
DEBUG:parse:format 'I click on Delete File' -> 'I click on Delete File'
DEBUG:parse:format 'The Delete File pop up option becomes visible' -> 'The Delete File pop up option becomes visible'
DEBUG:parse:format 'I select the Cancel option from the pop up' -> 'I select the Cancel option from the pop up'
DEBUG:parse:format 'I am returned to the previous screen, the space view' -> 'I am returned to the previous screen, the space view'
DEBUG:parse:format 'I click on File details' -> 'I click on File details'
DEBUG:parse:format 'I see the uploaded file' -> 'I see the uploaded file'
DEBUG:parse:format 'The "applying changes" spinner briefly appears. When it goes away, you are returned to the user profile and it will display the "Space Administrator" text' -> 'The "applying changes" spinner briefly appears\\. When it goes away, you are returned to the user profile and it will display the "Space Administrator" text'
DEBUG:parse:format 'I Choose settings option' -> 'I Choose settings option'
DEBUG:parse:format 'I choose the team I am an admin of' -> 'I choose the team I am an admin of'
DEBUG:parse:format 'I click on the Sign Up button' -> 'I click on the Sign Up button'
DEBUG:parse:format "I see I am on the 'Save Your Recovery Phrase' screen" -> "I see I am on the 'Save Your Recovery Phrase' screen"
DEBUG:parse:format 'I copy the recovery key' -> 'I copy the recovery key'
DEBUG:parse:format 'I click Continue' -> 'I click Continue'
DEBUG:parse:format "I see the 'Are you sure you saved your Recovery Phrase' screen" -> "I see the 'Are you sure you saved your Recovery Phrase' screen"
DEBUG:parse:format "I click on the 'Yes, I saved it' option" -> "I click on the 'Yes, I saved it' option"
DEBUG:parse:format 'I am on the Add/Create team start page' -> 'I am on the Add/Create team start page'
DEBUG:parse:format 'I enter the License Key' -> 'I enter the License Key'
DEBUG:parse:format 'I click the Create Team button' -> 'I click the Create Team button'
DEBUG:parse:format 'I enter the valid team name and check the continue button becomes active' -> 'I enter the valid team name and check the continue button becomes active'
DEBUG:parse:format 'I enter the name for the user and check the Continue button becomes active' -> 'I enter the name for the user and check the Continue button becomes active'
DEBUG:parse:format 'I see the team name in the Team Selector' -> 'I see the team name in the Team Selector'
DEBUG:parse:format 'I get the hash of the original file' -> 'I get the hash of the original file'
DEBUG:parse:format 'I modify the file' -> 'I modify the file'
DEBUG:parse:format 'I click the plus button' -> 'I click the plus button'
DEBUG:parse:format 'I get the hash of the modified file, and assert it is not the same' -> 'I get the hash of the modified file, and assert it is not the same'
DEBUG:parse:format 'I click on the revert icon' -> 'I click on the revert icon'
DEBUG:parse:format 'I confirm I am on the revert file modal' -> 'I confirm I am on the revert file modal'
DEBUG:parse:format "I click on the 'No, go back' option" -> "I click on the 'No, go back' option"
DEBUG:parse:format "I click on the 'Revert File' option" -> "I click on the 'Revert File' option"
DEBUG:parse:format 'I get the hash of the reverted file' -> 'I get the hash of the reverted file'
DEBUG:parse:format 'I confirm the reverted file hash is the same as the original file' -> 'I confirm the reverted file hash is the same as the original file'
DEBUG:parse:format 'I am in the login screen' -> 'I am in the login screen'
DEBUG:parse:format 'I create a passcode number' -> 'I create a passcode number'
DEBUG:parse:format 'I click the Log In button' -> 'I click the Log In button'
DEBUG:parse:format 'I am in the Team URl screen' -> 'I am in the Team URl screen'
DEBUG:parse:format 'I am in the Recovery Key screen' -> 'I am in the Recovery Key screen'
DEBUG:parse:format 'I write the recovery key' -> 'I write the recovery key'
DEBUG:parse:format 'I write the recovery key for bob' -> 'I write the recovery key for bob'
DEBUG:parse:format 'I am in the Welcome Screen' -> 'I am in the Welcome Screen'
INFO:selenium.webdriver.remote.remote_connection:Could not connect to port 4723 on host 127.0.0.1
INFO:selenium.webdriver.remote.remote_connection:Could not get IP address for host: 127.0.0.1
WARNING:urllib3.connectionpool:Retrying (Retry(total=2, connect=None, read=None, redirect=None, status=None)) after connection broken by 'NewConnectionError('<urllib3.connection.HTTPConnection object at 0x111e9dca0>: Failed to establish a new connection: [Errno 61] Connection refused')': /wd/hub/session
WARNING:urllib3.connectionpool:Retrying (Retry(total=1, connect=None, read=None, redirect=None, status=None)) after connection broken by 'NewConnectionError('<urllib3.connection.HTTPConnection object at 0x111e9dfa0>: Failed to establish a new connection: [Errno 61] Connection refused')': /wd/hub/session
WARNING:urllib3.connectionpool:Retrying (Retry(total=0, connect=None, read=None, redirect=None, status=None)) after connection broken by 'NewConnectionError('<urllib3.connection.HTTPConnection object at 0x111eb2160>: Failed to establish a new connection: [Errno 61] Connection refused')': /wd/hub/session
INFO:selenium.webdriver.remote.remote_connection:Could not connect to port 4723 on host 127.0.0.1
INFO:selenium.webdriver.remote.remote_connection:Could not get IP address for host: 127.0.0.1
WARNING:urllib3.connectionpool:Retrying (Retry(total=2, connect=None, read=None, redirect=None, status=None)) after connection broken by 'NewConnectionError('<urllib3.connection.HTTPConnection object at 0x111eb2a00>: Failed to establish a new connection: [Errno 61] Connection refused')': /wd/hub/session
WARNING:urllib3.connectionpool:Retrying (Retry(total=1, connect=None, read=None, redirect=None, status=None)) after connection broken by 'NewConnectionError('<urllib3.connection.HTTPConnection object at 0x111eb2b80>: Failed to establish a new connection: [Errno 61] Connection refused')': /wd/hub/session
WARNING:urllib3.connectionpool:Retrying (Retry(total=0, connect=None, read=None, redirect=None, status=None)) after connection broken by 'NewConnectionError('<urllib3.connection.HTTPConnection object at 0x111eb2cd0>: Failed to establish a new connection: [Errno 61] Connection refused')': /wd/hub/session
DEBUG:parse:format 'I am on the Welcome Screen' -> 'I am on the Welcome Screen'
DEBUG:parse:format 'I click on the hamburger dropdown menu' -> 'I click on the hamburger dropdown menu'
DEBUG:parse:format 'I click the Continue button' -> 'I click the Continue button'
DEBUG:parse:format 'I Select the lock icon on top right' -> 'I Select the lock icon on top right'
DEBUG:parse:format 'I Select the lock icon on top right for the space' -> 'I Select the lock icon on top right for the space'
DEBUG:parse:format 'I choose my team' -> 'I choose my team'
DEBUG:parse:format 'I click on the Peoples tab' -> 'I click on the Peoples tab'
DEBUG:parse:format 'Back in the application,I click on the "Close" button' -> 'Back in the application,I click on the "Close" button'
DEBUG:parse:format 'I write the Team URL' -> 'I write the Team URL'
DEBUG:parse:format 'I click the Add Team button' -> 'I click the Add Team button'
DEBUG:parse:format 'I am on the Peoples Tab and the space members list become visible' -> 'I am on the Peoples Tab and the space members list become visible'
DEBUG:parse:format 'I select Bob from the list of people and The member screen appears' -> 'I select Bob from the list of people and The member screen appears'
DEBUG:parse:format 'I click on one of the spaces created' -> 'I click on one of the spaces created'
DEBUG:parse:format 'I Open a files (...) dropdown menu' -> 'I Open a files \\(\\.\\.\\.\\) dropdown menu'
DEBUG:parse:format 'I click on Version History' -> 'I click on Version History'
DEBUG:parse:format 'I Select the back arrow in the top left' -> 'I Select the back arrow in the top left'
DEBUG:parse:format 'I click on Delete File' -> 'I click on Delete File'
DEBUG:parse:format 'The Delete File pop up option becomes visible' -> 'The Delete File pop up option becomes visible'
DEBUG:parse:format 'I select the Cancel option from the pop up' -> 'I select the Cancel option from the pop up'
DEBUG:parse:format 'I am returned to the previous screen, the space view' -> 'I am returned to the previous screen, the space view'
DEBUG:parse:format 'I click on File details' -> 'I click on File details'
DEBUG:parse:format 'I see the uploaded file' -> 'I see the uploaded file'
DEBUG:parse:format 'The "applying changes" spinner briefly appears. When it goes away, you are returned to the user profile and it will display the "Space Administrator" text' -> 'The "applying changes" spinner briefly appears\\. When it goes away, you are returned to the user profile and it will display the "Space Administrator" text'
DEBUG:parse:format 'I Choose settings option' -> 'I Choose settings option'
DEBUG:parse:format 'I choose the team I am an admin of' -> 'I choose the team I am an admin of'
DEBUG:parse:format 'I click on the Sign Up button' -> 'I click on the Sign Up button'
DEBUG:parse:format "I see I am on the 'Save Your Recovery Phrase' screen" -> "I see I am on the 'Save Your Recovery Phrase' screen"
DEBUG:parse:format 'I copy the recovery key' -> 'I copy the recovery key'
DEBUG:parse:format 'I click Continue' -> 'I click Continue'
DEBUG:parse:format "I see the 'Are you sure you saved your Recovery Phrase' screen" -> "I see the 'Are you sure you saved your Recovery Phrase' screen"
DEBUG:parse:format "I click on the 'Yes, I saved it' option" -> "I click on the 'Yes, I saved it' option"
DEBUG:parse:format 'I am on the Add/Create team start page' -> 'I am on the Add/Create team start page'
DEBUG:parse:format 'I enter the License Key' -> 'I enter the License Key'
DEBUG:parse:format 'I click the Create Team button' -> 'I click the Create Team button'
DEBUG:parse:format 'I enter the valid team name and check the continue button becomes active' -> 'I enter the valid team name and check the continue button becomes active'
DEBUG:parse:format 'I enter the name for the user and check the Continue button becomes active' -> 'I enter the name for the user and check the Continue button becomes active'
DEBUG:parse:format 'I see the team name in the Team Selector' -> 'I see the team name in the Team Selector'
DEBUG:parse:format 'I get the hash of the original file' -> 'I get the hash of the original file'
DEBUG:parse:format 'I modify the file' -> 'I modify the file'
DEBUG:parse:format 'I click the plus button' -> 'I click the plus button'
DEBUG:parse:format 'I get the hash of the modified file, and assert it is not the same' -> 'I get the hash of the modified file, and assert it is not the same'
DEBUG:parse:format 'I click on the revert icon' -> 'I click on the revert icon'
DEBUG:parse:format 'I confirm I am on the revert file modal' -> 'I confirm I am on the revert file modal'
DEBUG:parse:format "I click on the 'No, go back' option" -> "I click on the 'No, go back' option"
DEBUG:parse:format "I click on the 'Revert File' option" -> "I click on the 'Revert File' option"
DEBUG:parse:format 'I get the hash of the reverted file' -> 'I get the hash of the reverted file'
DEBUG:parse:format 'I confirm the reverted file hash is the same as the original file' -> 'I confirm the reverted file hash is the same as the original file'
DEBUG:parse:format 'I am in the login screen' -> 'I am in the login screen'
DEBUG:parse:format 'I create a passcode number' -> 'I create a passcode number'
DEBUG:parse:format 'I click the Log In button' -> 'I click the Log In button'
DEBUG:parse:format 'I am in the Team URl screen' -> 'I am in the Team URl screen'
DEBUG:parse:format 'I am in the Recovery Key screen' -> 'I am in the Recovery Key screen'
DEBUG:parse:format 'I write the recovery key' -> 'I write the recovery key'
DEBUG:parse:format 'I write the recovery key for bob' -> 'I write the recovery key for bob'
DEBUG:parse:format 'I am in the Welcome Screen' -> 'I am in the Welcome Screen'
DEBUG:parse:format 'I am on the Welcome Screen' -> 'I am on the Welcome Screen'
DEBUG:parse:format 'I click on the hamburger dropdown menu' -> 'I click on the hamburger dropdown menu'
DEBUG:parse:format 'I click the Continue button' -> 'I click the Continue button'
DEBUG:parse:format 'I Select the lock icon on top right' -> 'I Select the lock icon on top right'
DEBUG:parse:format 'I Select the lock icon on top right for the space' -> 'I Select the lock icon on top right for the space'
DEBUG:parse:format 'I choose my team' -> 'I choose my team'
DEBUG:parse:format 'I click on the Peoples tab' -> 'I click on the Peoples tab'
DEBUG:parse:format 'Back in the application,I click on the "Close" button' -> 'Back in the application,I click on the "Close" button'
DEBUG:parse:format 'I write the Team URL' -> 'I write the Team URL'
DEBUG:parse:format 'I click the Add Team button' -> 'I click the Add Team button'
DEBUG:parse:format 'I am on the Peoples Tab and the space members list become visible' -> 'I am on the Peoples Tab and the space members list become visible'
DEBUG:parse:format 'I select Bob from the list of people and The member screen appears' -> 'I select Bob from the list of people and The member screen appears'
DEBUG:parse:format 'I click on one of the spaces created' -> 'I click on one of the spaces created'
DEBUG:parse:format 'I Open a files (...) dropdown menu' -> 'I Open a files \\(\\.\\.\\.\\) dropdown menu'
DEBUG:parse:format 'I click on Version History' -> 'I click on Version History'
DEBUG:parse:format 'I Select the back arrow in the top left' -> 'I Select the back arrow in the top left'
DEBUG:parse:format 'I click on Delete File' -> 'I click on Delete File'
DEBUG:parse:format 'The Delete File pop up option becomes visible' -> 'The Delete File pop up option becomes visible'
DEBUG:parse:format 'I select the Cancel option from the pop up' -> 'I select the Cancel option from the pop up'
DEBUG:parse:format 'I am returned to the previous screen, the space view' -> 'I am returned to the previous screen, the space view'
DEBUG:parse:format 'I click on File details' -> 'I click on File details'
DEBUG:parse:format 'I see the uploaded file' -> 'I see the uploaded file'
DEBUG:parse:format 'The "applying changes" spinner briefly appears. When it goes away, you are returned to the user profile and it will display the "Space Administrator" text' -> 'The "applying changes" spinner briefly appears\\. When it goes away, you are returned to the user profile and it will display the "Space Administrator" text'
DEBUG:parse:format 'I Choose settings option' -> 'I Choose settings option'
DEBUG:parse:format 'I choose the team I am an admin of' -> 'I choose the team I am an admin of'
DEBUG:parse:format 'I click on the Sign Up button' -> 'I click on the Sign Up button'
DEBUG:parse:format "I see I am on the 'Save Your Recovery Phrase' screen" -> "I see I am on the 'Save Your Recovery Phrase' screen"
DEBUG:parse:format 'I copy the recovery key' -> 'I copy the recovery key'
DEBUG:parse:format 'I click Continue' -> 'I click Continue'
DEBUG:parse:format "I see the 'Are you sure you saved your Recovery Phrase' screen" -> "I see the 'Are you sure you saved your Recovery Phrase' screen"
DEBUG:parse:format "I click on the 'Yes, I saved it' option" -> "I click on the 'Yes, I saved it' option"
DEBUG:parse:format 'I am on the Add/Create team start page' -> 'I am on the Add/Create team start page'
DEBUG:parse:format 'I enter the License Key' -> 'I enter the License Key'
DEBUG:parse:format 'I click the Create Team button' -> 'I click the Create Team button'
DEBUG:parse:format 'I enter the valid team name and check the continue button becomes active' -> 'I enter the valid team name and check the continue button becomes active'
DEBUG:parse:format 'I enter the name for the user and check the Continue button becomes active' -> 'I enter the name for the user and check the Continue button becomes active'
DEBUG:parse:format 'I see the team name in the Team Selector' -> 'I see the team name in the Team Selector'
DEBUG:parse:format 'I get the hash of the original file' -> 'I get the hash of the original file'
DEBUG:parse:format 'I modify the file' -> 'I modify the file'
DEBUG:parse:format 'I click the plus button' -> 'I click the plus button'
DEBUG:parse:format 'I get the hash of the modified file, and assert it is not the same' -> 'I get the hash of the modified file, and assert it is not the same'
DEBUG:parse:format 'I click on the revert icon' -> 'I click on the revert icon'
DEBUG:parse:format 'I confirm I am on the revert file modal' -> 'I confirm I am on the revert file modal'
DEBUG:parse:format "I click on the 'No, go back' option" -> "I click on the 'No, go back' option"
DEBUG:parse:format "I click on the 'Revert File' option" -> "I click on the 'Revert File' option"
DEBUG:parse:format 'I get the hash of the reverted file' -> 'I get the hash of the reverted file'
DEBUG:parse:format 'I confirm the reverted file hash is the same as the original file' -> 'I confirm the reverted file hash is the same as the original file'
DEBUG:parse:format 'I am in the login screen' -> 'I am in the login screen'
DEBUG:parse:format 'I create a passcode number' -> 'I create a passcode number'
DEBUG:parse:format 'I click the Log In button' -> 'I click the Log In button'
DEBUG:parse:format 'I am in the Team URl screen' -> 'I am in the Team URl screen'
DEBUG:parse:format 'I am in the Recovery Key screen' -> 'I am in the Recovery Key screen'
DEBUG:parse:format 'I write the recovery key' -> 'I write the recovery key'
DEBUG:parse:format 'I write the recovery key for bob' -> 'I write the recovery key for bob'
DEBUG:parse:format 'I am in the Welcome Screen' -> 'I am in the Welcome Screen'
INFO:selenium.webdriver.remote.remote_connection:Could not connect to port 4723 on host 127.0.0.1
INFO:selenium.webdriver.remote.remote_connection:Could not get IP address for host: 127.0.0.1
WARNING:urllib3.connectionpool:Retrying (Retry(total=2, connect=None, read=None, redirect=None, status=None)) after connection broken by 'NewConnectionError('<urllib3.connection.HTTPConnection object at 0x10ef1eca0>: Failed to establish a new connection: [Errno 61] Connection refused')': /wd/hub/session
WARNING:urllib3.connectionpool:Retrying (Retry(total=1, connect=None, read=None, redirect=None, status=None)) after connection broken by 'NewConnectionError('<urllib3.connection.HTTPConnection object at 0x10ef1efa0>: Failed to establish a new connection: [Errno 61] Connection refused')': /wd/hub/session
WARNING:urllib3.connectionpool:Retrying (Retry(total=0, connect=None, read=None, redirect=None, status=None)) after connection broken by 'NewConnectionError('<urllib3.connection.HTTPConnection object at 0x10ef37160>: Failed to establish a new connection: [Errno 61] Connection refused')': /wd/hub/session
INFO:selenium.webdriver.remote.remote_connection:Could not connect to port 4723 on host 127.0.0.1
INFO:selenium.webdriver.remote.remote_connection:Could not get IP address for host: 127.0.0.1
WARNING:urllib3.connectionpool:Retrying (Retry(total=2, connect=None, read=None, redirect=None, status=None)) after connection broken by 'NewConnectionError('<urllib3.connection.HTTPConnection object at 0x10ef37a00>: Failed to establish a new connection: [Errno 61] Connection refused')': /wd/hub/session
WARNING:urllib3.connectionpool:Retrying (Retry(total=1, connect=None, read=None, redirect=None, status=None)) after connection broken by 'NewConnectionError('<urllib3.connection.HTTPConnection object at 0x10ef37b80>: Failed to establish a new connection: [Errno 61] Connection refused')': /wd/hub/session
WARNING:urllib3.connectionpool:Retrying (Retry(total=0, connect=None, read=None, redirect=None, status=None)) after connection broken by 'NewConnectionError('<urllib3.connection.HTTPConnection object at 0x10ef37cd0>: Failed to establish a new connection: [Errno 61] Connection refused')': /wd/hub/session
DEBUG:parse:format 'I am on the Welcome Screen' -> 'I am on the Welcome Screen'
DEBUG:parse:format 'I click on the hamburger dropdown menu' -> 'I click on the hamburger dropdown menu'
DEBUG:parse:format 'I click the Continue button' -> 'I click the Continue button'
DEBUG:parse:format 'I Select the lock icon on top right' -> 'I Select the lock icon on top right'
DEBUG:parse:format 'I Select the lock icon on top right for the space' -> 'I Select the lock icon on top right for the space'
DEBUG:parse:format 'I choose my team' -> 'I choose my team'
DEBUG:parse:format 'I click on the Peoples tab' -> 'I click on the Peoples tab'
DEBUG:parse:format 'Back in the application,I click on the "Close" button' -> 'Back in the application,I click on the "Close" button'
DEBUG:parse:format 'I write the Team URL' -> 'I write the Team URL'
DEBUG:parse:format 'I click the Add Team button' -> 'I click the Add Team button'
DEBUG:parse:format 'I am on the Peoples Tab and the space members list become visible' -> 'I am on the Peoples Tab and the space members list become visible'
DEBUG:parse:format 'I select Bob from the list of people and The member screen appears' -> 'I select Bob from the list of people and The member screen appears'
DEBUG:parse:format 'I click on one of the spaces created' -> 'I click on one of the spaces created'
DEBUG:parse:format 'I Open a files (...) dropdown menu' -> 'I Open a files \\(\\.\\.\\.\\) dropdown menu'
DEBUG:parse:format 'I click on Version History' -> 'I click on Version History'
DEBUG:parse:format 'I Select the back arrow in the top left' -> 'I Select the back arrow in the top left'
DEBUG:parse:format 'I click on Delete File' -> 'I click on Delete File'
DEBUG:parse:format 'The Delete File pop up option becomes visible' -> 'The Delete File pop up option becomes visible'
DEBUG:parse:format 'I select the Cancel option from the pop up' -> 'I select the Cancel option from the pop up'
DEBUG:parse:format 'I am returned to the previous screen, the space view' -> 'I am returned to the previous screen, the space view'
DEBUG:parse:format 'I click on File details' -> 'I click on File details'
DEBUG:parse:format 'I see the uploaded file' -> 'I see the uploaded file'
DEBUG:parse:format 'The "applying changes" spinner briefly appears. When it goes away, you are returned to the user profile and it will display the "Space Administrator" text' -> 'The "applying changes" spinner briefly appears\\. When it goes away, you are returned to the user profile and it will display the "Space Administrator" text'
DEBUG:parse:format 'I Choose settings option' -> 'I Choose settings option'
DEBUG:parse:format 'I choose the team I am an admin of' -> 'I choose the team I am an admin of'
DEBUG:parse:format 'I click on the Sign Up button' -> 'I click on the Sign Up button'
DEBUG:parse:format "I see I am on the 'Save Your Recovery Phrase' screen" -> "I see I am on the 'Save Your Recovery Phrase' screen"
DEBUG:parse:format 'I copy the recovery key' -> 'I copy the recovery key'
DEBUG:parse:format 'I click Continue' -> 'I click Continue'
DEBUG:parse:format "I see the 'Are you sure you saved your Recovery Phrase' screen" -> "I see the 'Are you sure you saved your Recovery Phrase' screen"
DEBUG:parse:format "I click on the 'Yes, I saved it' option" -> "I click on the 'Yes, I saved it' option"
DEBUG:parse:format 'I am on the Add/Create team start page' -> 'I am on the Add/Create team start page'
DEBUG:parse:format 'I enter the License Key' -> 'I enter the License Key'
DEBUG:parse:format 'I click the Create Team button' -> 'I click the Create Team button'
DEBUG:parse:format 'I enter the valid team name and check the continue button becomes active' -> 'I enter the valid team name and check the continue button becomes active'
DEBUG:parse:format 'I enter the name for the user and check the Continue button becomes active' -> 'I enter the name for the user and check the Continue button becomes active'
DEBUG:parse:format 'I see the team name in the Team Selector' -> 'I see the team name in the Team Selector'
DEBUG:parse:format 'I get the hash of the original file' -> 'I get the hash of the original file'
DEBUG:parse:format 'I modify the file' -> 'I modify the file'
DEBUG:parse:format 'I click the plus button' -> 'I click the plus button'
DEBUG:parse:format 'I get the hash of the modified file, and assert it is not the same' -> 'I get the hash of the modified file, and assert it is not the same'
DEBUG:parse:format 'I click on the revert icon' -> 'I click on the revert icon'
DEBUG:parse:format 'I confirm I am on the revert file modal' -> 'I confirm I am on the revert file modal'
DEBUG:parse:format "I click on the 'No, go back' option" -> "I click on the 'No, go back' option"
DEBUG:parse:format "I click on the 'Revert File' option" -> "I click on the 'Revert File' option"
DEBUG:parse:format 'I get the hash of the reverted file' -> 'I get the hash of the reverted file'
DEBUG:parse:format 'I confirm the reverted file hash is the same as the original file' -> 'I confirm the reverted file hash is the same as the original file'
DEBUG:parse:format 'I am in the login screen' -> 'I am in the login screen'
DEBUG:parse:format 'I create a passcode number' -> 'I create a passcode number'
DEBUG:parse:format 'I click the Log In button' -> 'I click the Log In button'
DEBUG:parse:format 'I am in the Team URl screen' -> 'I am in the Team URl screen'
DEBUG:parse:format 'I am in the Recovery Key screen' -> 'I am in the Recovery Key screen'
DEBUG:parse:format 'I write the recovery key' -> 'I write the recovery key'
DEBUG:parse:format 'I write the recovery key for bob' -> 'I write the recovery key for bob'
DEBUG:parse:format 'I am in the Welcome Screen' -> 'I am in the Welcome Screen'
DEBUG:parse:format 'I am on the Welcome Screen' -> 'I am on the Welcome Screen'
DEBUG:parse:format 'I click on the hamburger dropdown menu' -> 'I click on the hamburger dropdown menu'
DEBUG:parse:format 'I click the Continue button' -> 'I click the Continue button'
DEBUG:parse:format 'I Select the lock icon on top right' -> 'I Select the lock icon on top right'
DEBUG:parse:format 'I Select the lock icon on top right for the space' -> 'I Select the lock icon on top right for the space'
DEBUG:parse:format 'I choose my team' -> 'I choose my team'
DEBUG:parse:format 'I click on the Peoples tab' -> 'I click on the Peoples tab'
DEBUG:parse:format 'Back in the application,I click on the "Close" button' -> 'Back in the application,I click on the "Close" button'
DEBUG:parse:format 'I write the Team URL' -> 'I write the Team URL'
DEBUG:parse:format 'I click the Add Team button' -> 'I click the Add Team button'
DEBUG:parse:format 'I am on the Peoples Tab and the space members list become visible' -> 'I am on the Peoples Tab and the space members list become visible'
DEBUG:parse:format 'I select Bob from the list of people and The member screen appears' -> 'I select Bob from the list of people and The member screen appears'
DEBUG:parse:format 'I click on one of the spaces created' -> 'I click on one of the spaces created'
DEBUG:parse:format 'I Open a files (...) dropdown menu' -> 'I Open a files \\(\\.\\.\\.\\) dropdown menu'
DEBUG:parse:format 'I click on Version History' -> 'I click on Version History'
DEBUG:parse:format 'I Select the back arrow in the top left' -> 'I Select the back arrow in the top left'
DEBUG:parse:format 'I click on Delete File' -> 'I click on Delete File'
DEBUG:parse:format 'The Delete File pop up option becomes visible' -> 'The Delete File pop up option becomes visible'
DEBUG:parse:format 'I select the Cancel option from the pop up' -> 'I select the Cancel option from the pop up'
DEBUG:parse:format 'I am returned to the previous screen, the space view' -> 'I am returned to the previous screen, the space view'
DEBUG:parse:format 'I click on File details' -> 'I click on File details'
DEBUG:parse:format 'I see the uploaded file' -> 'I see the uploaded file'
DEBUG:parse:format 'The "applying changes" spinner briefly appears. When it goes away, you are returned to the user profile and it will display the "Space Administrator" text' -> 'The "applying changes" spinner briefly appears\\. When it goes away, you are returned to the user profile and it will display the "Space Administrator" text'
DEBUG:parse:format 'I Choose settings option' -> 'I Choose settings option'
DEBUG:parse:format 'I choose the team I am an admin of' -> 'I choose the team I am an admin of'
DEBUG:parse:format 'I click on the Sign Up button' -> 'I click on the Sign Up button'
DEBUG:parse:format "I see I am on the 'Save Your Recovery Phrase' screen" -> "I see I am on the 'Save Your Recovery Phrase' screen"
DEBUG:parse:format 'I copy the recovery key' -> 'I copy the recovery key'
DEBUG:parse:format 'I click Continue' -> 'I click Continue'
DEBUG:parse:format "I see the 'Are you sure you saved your Recovery Phrase' screen" -> "I see the 'Are you sure you saved your Recovery Phrase' screen"
DEBUG:parse:format "I click on the 'Yes, I saved it' option" -> "I click on the 'Yes, I saved it' option"
DEBUG:parse:format 'I am on the Add/Create team start page' -> 'I am on the Add/Create team start page'
DEBUG:parse:format 'I enter the License Key' -> 'I enter the License Key'
DEBUG:parse:format 'I click the Create Team button' -> 'I click the Create Team button'
DEBUG:parse:format 'I enter the valid team name and check the continue button becomes active' -> 'I enter the valid team name and check the continue button becomes active'
DEBUG:parse:format 'I enter the name for the user and check the Continue button becomes active' -> 'I enter the name for the user and check the Continue button becomes active'
DEBUG:parse:format 'I see the team name in the Team Selector' -> 'I see the team name in the Team Selector'
DEBUG:parse:format 'I get the hash of the original file' -> 'I get the hash of the original file'
DEBUG:parse:format 'I modify the file' -> 'I modify the file'
DEBUG:parse:format 'I click the plus button' -> 'I click the plus button'
DEBUG:parse:format 'I get the hash of the modified file, and assert it is not the same' -> 'I get the hash of the modified file, and assert it is not the same'
DEBUG:parse:format 'I click on the revert icon' -> 'I click on the revert icon'
DEBUG:parse:format 'I confirm I am on the revert file modal' -> 'I confirm I am on the revert file modal'
DEBUG:parse:format "I click on the 'No, go back' option" -> "I click on the 'No, go back' option"
DEBUG:parse:format "I click on the 'Revert File' option" -> "I click on the 'Revert File' option"
DEBUG:parse:format 'I get the hash of the reverted file' -> 'I get the hash of the reverted file'
DEBUG:parse:format 'I confirm the reverted file hash is the same as the original file' -> 'I confirm the reverted file hash is the same as the original file'
DEBUG:parse:format 'I am in the login screen' -> 'I am in the login screen'
DEBUG:parse:format 'I create a passcode number' -> 'I create a passcode number'
DEBUG:parse:format 'I click the Log In button' -> 'I click the Log In button'
DEBUG:parse:format 'I am in the Team URl screen' -> 'I am in the Team URl screen'
DEBUG:parse:format 'I am in the Recovery Key screen' -> 'I am in the Recovery Key screen'
DEBUG:parse:format 'I write the recovery key' -> 'I write the recovery key'
DEBUG:parse:format 'I write the recovery key for bob' -> 'I write the recovery key for bob'
DEBUG:parse:format 'I am in the Welcome Screen' -> 'I am in the Welcome Screen'
DEBUG:parse:format 'I am on the Welcome Screen' -> 'I am on the Welcome Screen'
DEBUG:parse:format 'I click on the hamburger dropdown menu' -> 'I click on the hamburger dropdown menu'
DEBUG:parse:format 'I click the Continue button' -> 'I click the Continue button'
DEBUG:parse:format 'I Select the lock icon on top right' -> 'I Select the lock icon on top right'
DEBUG:parse:format 'I Select the lock icon on top right for the space' -> 'I Select the lock icon on top right for the space'
DEBUG:parse:format 'I choose my team' -> 'I choose my team'
DEBUG:parse:format 'I click on the Peoples tab' -> 'I click on the Peoples tab'
DEBUG:parse:format 'Back in the application,I click on the "Close" button' -> 'Back in the application,I click on the "Close" button'
DEBUG:parse:format 'I write the Team URL' -> 'I write the Team URL'
DEBUG:parse:format 'I click the Add Team button' -> 'I click the Add Team button'
DEBUG:parse:format 'I am on the Peoples Tab and the space members list become visible' -> 'I am on the Peoples Tab and the space members list become visible'
DEBUG:parse:format 'I select Bob from the list of people and The member screen appears' -> 'I select Bob from the list of people and The member screen appears'
DEBUG:parse:format 'I click on one of the spaces created' -> 'I click on one of the spaces created'
DEBUG:parse:format 'I Open a files (...) dropdown menu' -> 'I Open a files \\(\\.\\.\\.\\) dropdown menu'
DEBUG:parse:format 'I click on Version History' -> 'I click on Version History'
DEBUG:parse:format 'I Select the back arrow in the top left' -> 'I Select the back arrow in the top left'
DEBUG:parse:format 'I click on Delete File' -> 'I click on Delete File'
DEBUG:parse:format 'The Delete File pop up option becomes visible' -> 'The Delete File pop up option becomes visible'
DEBUG:parse:format 'I select the Cancel option from the pop up' -> 'I select the Cancel option from the pop up'
DEBUG:parse:format 'I am returned to the previous screen, the space view' -> 'I am returned to the previous screen, the space view'
DEBUG:parse:format 'I click on File details' -> 'I click on File details'
DEBUG:parse:format 'I see the uploaded file' -> 'I see the uploaded file'
DEBUG:parse:format 'The "applying changes" spinner briefly appears. When it goes away, you are returned to the user profile and it will display the "Space Administrator" text' -> 'The "applying changes" spinner briefly appears\\. When it goes away, you are returned to the user profile and it will display the "Space Administrator" text'
DEBUG:parse:format 'I Choose settings option' -> 'I Choose settings option'
DEBUG:parse:format 'I choose the team I am an admin of' -> 'I choose the team I am an admin of'
DEBUG:parse:format 'I click on the Sign Up button' -> 'I click on the Sign Up button'
DEBUG:parse:format "I see I am on the 'Save Your Recovery Phrase' screen" -> "I see I am on the 'Save Your Recovery Phrase' screen"
DEBUG:parse:format 'I copy the recovery key' -> 'I copy the recovery key'
DEBUG:parse:format 'I click Continue' -> 'I click Continue'
DEBUG:parse:format "I see the 'Are you sure you saved your Recovery Phrase' screen" -> "I see the 'Are you sure you saved your Recovery Phrase' screen"
DEBUG:parse:format "I click on the 'Yes, I saved it' option" -> "I click on the 'Yes, I saved it' option"
DEBUG:parse:format 'I am on the Add/Create team start page' -> 'I am on the Add/Create team start page'
DEBUG:parse:format 'I enter the License Key' -> 'I enter the License Key'
DEBUG:parse:format 'I click the Create Team button' -> 'I click the Create Team button'
DEBUG:parse:format 'I enter the valid team name and check the continue button becomes active' -> 'I enter the valid team name and check the continue button becomes active'
DEBUG:parse:format 'I enter the name for the user and check the Continue button becomes active' -> 'I enter the name for the user and check the Continue button becomes active'
DEBUG:parse:format 'I see the team name in the Team Selector' -> 'I see the team name in the Team Selector'
DEBUG:parse:format 'I get the hash of the original file' -> 'I get the hash of the original file'
DEBUG:parse:format 'I modify the file' -> 'I modify the file'
DEBUG:parse:format 'I click the plus button' -> 'I click the plus button'
DEBUG:parse:format 'I get the hash of the modified file, and assert it is not the same' -> 'I get the hash of the modified file, and assert it is not the same'
DEBUG:parse:format 'I click on the revert icon' -> 'I click on the revert icon'
DEBUG:parse:format 'I confirm I am on the revert file modal' -> 'I confirm I am on the revert file modal'
DEBUG:parse:format "I click on the 'No, go back' option" -> "I click on the 'No, go back' option"
DEBUG:parse:format "I click on the 'Revert File' option" -> "I click on the 'Revert File' option"
DEBUG:parse:format 'I get the hash of the reverted file' -> 'I get the hash of the reverted file'
DEBUG:parse:format 'I confirm the reverted file hash is the same as the original file' -> 'I confirm the reverted file hash is the same as the original file'
DEBUG:parse:format 'I am in the login screen' -> 'I am in the login screen'
DEBUG:parse:format 'I create a passcode number' -> 'I create a passcode number'
DEBUG:parse:format 'I click the Log In button' -> 'I click the Log In button'
DEBUG:parse:format 'I am in the Team URl screen' -> 'I am in the Team URl screen'
DEBUG:parse:format 'I am in the Recovery Key screen' -> 'I am in the Recovery Key screen'
DEBUG:parse:format 'I write the recovery key' -> 'I write the recovery key'
DEBUG:parse:format 'I write the recovery key for bob' -> 'I write the recovery key for bob'
DEBUG:parse:format 'I am in the Welcome Screen' -> 'I am in the Welcome Screen'
DEBUG:parse:format 'I am on the Welcome Screen' -> 'I am on the Welcome Screen'
DEBUG:parse:format 'I click on the hamburger dropdown menu' -> 'I click on the hamburger dropdown menu'
DEBUG:parse:format 'I click the Continue button' -> 'I click the Continue button'
DEBUG:parse:format 'I Select the lock icon on top right' -> 'I Select the lock icon on top right'
DEBUG:parse:format 'I Select the lock icon on top right for the space' -> 'I Select the lock icon on top right for the space'
DEBUG:parse:format 'I choose my team' -> 'I choose my team'
DEBUG:parse:format 'I click on the Peoples tab' -> 'I click on the Peoples tab'
DEBUG:parse:format 'Back in the application,I click on the "Close" button' -> 'Back in the application,I click on the "Close" button'
DEBUG:parse:format 'I write the Team URL' -> 'I write the Team URL'
DEBUG:parse:format 'I click the Add Team button' -> 'I click the Add Team button'
DEBUG:parse:format 'I am on the Peoples Tab and the space members list become visible' -> 'I am on the Peoples Tab and the space members list become visible'
DEBUG:parse:format 'I select Bob from the list of people and The member screen appears' -> 'I select Bob from the list of people and The member screen appears'
DEBUG:parse:format 'I click on one of the spaces created' -> 'I click on one of the spaces created'
DEBUG:parse:format 'I Open a files (...) dropdown menu' -> 'I Open a files \\(\\.\\.\\.\\) dropdown menu'
DEBUG:parse:format 'I click on Version History' -> 'I click on Version History'
DEBUG:parse:format 'I Select the back arrow in the top left' -> 'I Select the back arrow in the top left'
DEBUG:parse:format 'I click on Delete File' -> 'I click on Delete File'
DEBUG:parse:format 'The Delete File pop up option becomes visible' -> 'The Delete File pop up option becomes visible'
DEBUG:parse:format 'I select the Cancel option from the pop up' -> 'I select the Cancel option from the pop up'
DEBUG:parse:format 'I am returned to the previous screen, the space view' -> 'I am returned to the previous screen, the space view'
DEBUG:parse:format 'I click on File details' -> 'I click on File details'
DEBUG:parse:format 'I see the uploaded file' -> 'I see the uploaded file'
DEBUG:parse:format 'The "applying changes" spinner briefly appears. When it goes away, you are returned to the user profile and it will display the "Space Administrator" text' -> 'The "applying changes" spinner briefly appears\\. When it goes away, you are returned to the user profile and it will display the "Space Administrator" text'
DEBUG:parse:format 'I Choose settings option' -> 'I Choose settings option'
DEBUG:parse:format 'I choose the team I am an admin of' -> 'I choose the team I am an admin of'
DEBUG:parse:format 'I click on the Sign Up button' -> 'I click on the Sign Up button'
DEBUG:parse:format "I see I am on the 'Save Your Recovery Phrase' screen" -> "I see I am on the 'Save Your Recovery Phrase' screen"
DEBUG:parse:format 'I copy the recovery key' -> 'I copy the recovery key'
DEBUG:parse:format 'I click Continue' -> 'I click Continue'
DEBUG:parse:format "I see the 'Are you sure you saved your Recovery Phrase' screen" -> "I see the 'Are you sure you saved your Recovery Phrase' screen"
DEBUG:parse:format "I click on the 'Yes, I saved it' option" -> "I click on the 'Yes, I saved it' option"
DEBUG:parse:format 'I am on the Add/Create team start page' -> 'I am on the Add/Create team start page'
DEBUG:parse:format 'I enter the License Key' -> 'I enter the License Key'
DEBUG:parse:format 'I click the Create Team button' -> 'I click the Create Team button'
DEBUG:parse:format 'I enter the valid team name and check the continue button becomes active' -> 'I enter the valid team name and check the continue button becomes active'
DEBUG:parse:format 'I enter the name for the user and check the Continue button becomes active' -> 'I enter the name for the user and check the Continue button becomes active'
DEBUG:parse:format 'I see the team name in the Team Selector' -> 'I see the team name in the Team Selector'
DEBUG:parse:format 'I get the hash of the original file' -> 'I get the hash of the original file'
DEBUG:parse:format 'I modify the file' -> 'I modify the file'
DEBUG:parse:format 'I click the plus button' -> 'I click the plus button'
DEBUG:parse:format 'I get the hash of the modified file, and assert it is not the same' -> 'I get the hash of the modified file, and assert it is not the same'
DEBUG:parse:format 'I click on the revert icon' -> 'I click on the revert icon'
DEBUG:parse:format 'I confirm I am on the revert file modal' -> 'I confirm I am on the revert file modal'
DEBUG:parse:format "I click on the 'No, go back' option" -> "I click on the 'No, go back' option"
DEBUG:parse:format "I click on the 'Revert File' option" -> "I click on the 'Revert File' option"
DEBUG:parse:format 'I get the hash of the reverted file' -> 'I get the hash of the reverted file'
DEBUG:parse:format 'I confirm the reverted file hash is the same as the original file' -> 'I confirm the reverted file hash is the same as the original file'
DEBUG:parse:format 'I am in the login screen' -> 'I am in the login screen'
DEBUG:parse:format 'I create a passcode number' -> 'I create a passcode number'
DEBUG:parse:format 'I click the Log In button' -> 'I click the Log In button'
DEBUG:parse:format 'I am in the Team URl screen' -> 'I am in the Team URl screen'
DEBUG:parse:format 'I am in the Recovery Key screen' -> 'I am in the Recovery Key screen'
DEBUG:parse:format 'I write the recovery key' -> 'I write the recovery key'
DEBUG:parse:format 'I write the recovery key for bob' -> 'I write the recovery key for bob'
DEBUG:parse:format 'I am in the Welcome Screen' -> 'I am in the Welcome Screen'
DEBUG:parse:format 'I am on the Welcome Screen' -> 'I am on the Welcome Screen'
DEBUG:parse:format 'I click on the hamburger dropdown menu' -> 'I click on the hamburger dropdown menu'
DEBUG:parse:format 'I click the Continue button' -> 'I click the Continue button'
DEBUG:parse:format 'I Select the lock icon on top right' -> 'I Select the lock icon on top right'
DEBUG:parse:format 'I Select the lock icon on top right for the space' -> 'I Select the lock icon on top right for the space'
DEBUG:parse:format 'I choose my team' -> 'I choose my team'
DEBUG:parse:format 'I click on the Peoples tab' -> 'I click on the Peoples tab'
DEBUG:parse:format 'Back in the application,I click on the "Close" button' -> 'Back in the application,I click on the "Close" button'
DEBUG:parse:format 'I write the Team URL' -> 'I write the Team URL'
DEBUG:parse:format 'I click the Add Team button' -> 'I click the Add Team button'
DEBUG:parse:format 'I am on the Peoples Tab and the space members list become visible' -> 'I am on the Peoples Tab and the space members list become visible'
DEBUG:parse:format 'I select Bob from the list of people and The member screen appears' -> 'I select Bob from the list of people and The member screen appears'
DEBUG:parse:format 'I click on one of the spaces created' -> 'I click on one of the spaces created'
DEBUG:parse:format 'I Open a files (...) dropdown menu' -> 'I Open a files \\(\\.\\.\\.\\) dropdown menu'
DEBUG:parse:format 'I click on Version History' -> 'I click on Version History'
DEBUG:parse:format 'I Select the back arrow in the top left' -> 'I Select the back arrow in the top left'
DEBUG:parse:format 'I click on Delete File' -> 'I click on Delete File'
DEBUG:parse:format 'The Delete File pop up option becomes visible' -> 'The Delete File pop up option becomes visible'
DEBUG:parse:format 'I select the Cancel option from the pop up' -> 'I select the Cancel option from the pop up'
DEBUG:parse:format 'I am returned to the previous screen, the space view' -> 'I am returned to the previous screen, the space view'
DEBUG:parse:format 'I click on File details' -> 'I click on File details'
DEBUG:parse:format 'I see the uploaded file' -> 'I see the uploaded file'
DEBUG:parse:format 'The "applying changes" spinner briefly appears. When it goes away, you are returned to the user profile and it will display the "Space Administrator" text' -> 'The "applying changes" spinner briefly appears\\. When it goes away, you are returned to the user profile and it will display the "Space Administrator" text'
DEBUG:parse:format 'I Choose settings option' -> 'I Choose settings option'
DEBUG:parse:format 'I choose the team I am an admin of' -> 'I choose the team I am an admin of'
DEBUG:parse:format 'I click on the Sign Up button' -> 'I click on the Sign Up button'
DEBUG:parse:format "I see I am on the 'Save Your Recovery Phrase' screen" -> "I see I am on the 'Save Your Recovery Phrase' screen"
DEBUG:parse:format 'I copy the recovery key' -> 'I copy the recovery key'
DEBUG:parse:format 'I click Continue' -> 'I click Continue'
DEBUG:parse:format "I see the 'Are you sure you saved your Recovery Phrase' screen" -> "I see the 'Are you sure you saved your Recovery Phrase' screen"
DEBUG:parse:format "I click on the 'Yes, I saved it' option" -> "I click on the 'Yes, I saved it' option"
DEBUG:parse:format 'I am on the Add/Create team start page' -> 'I am on the Add/Create team start page'
DEBUG:parse:format 'I enter the License Key' -> 'I enter the License Key'
DEBUG:parse:format 'I click the Create Team button' -> 'I click the Create Team button'
DEBUG:parse:format 'I enter the valid team name and check the continue button becomes active' -> 'I enter the valid team name and check the continue button becomes active'
DEBUG:parse:format 'I enter the name for the user and check the Continue button becomes active' -> 'I enter the name for the user and check the Continue button becomes active'
DEBUG:parse:format 'I see the team name in the Team Selector' -> 'I see the team name in the Team Selector'
DEBUG:parse:format 'I get the hash of the original file' -> 'I get the hash of the original file'
DEBUG:parse:format 'I modify the file' -> 'I modify the file'
DEBUG:parse:format 'I click the plus button' -> 'I click the plus button'
DEBUG:parse:format 'I get the hash of the modified file, and assert it is not the same' -> 'I get the hash of the modified file, and assert it is not the same'
DEBUG:parse:format 'I click on the revert icon' -> 'I click on the revert icon'
DEBUG:parse:format 'I confirm I am on the revert file modal' -> 'I confirm I am on the revert file modal'
DEBUG:parse:format "I click on the 'No, go back' option" -> "I click on the 'No, go back' option"
DEBUG:parse:format "I click on the 'Revert File' option" -> "I click on the 'Revert File' option"
DEBUG:parse:format 'I get the hash of the reverted file' -> 'I get the hash of the reverted file'
DEBUG:parse:format 'I confirm the reverted file hash is the same as the original file' -> 'I confirm the reverted file hash is the same as the original file'
DEBUG:parse:format 'I am in the login screen' -> 'I am in the login screen'
DEBUG:parse:format 'I create a passcode number' -> 'I create a passcode number'
DEBUG:parse:format 'I click the Log In button' -> 'I click the Log In button'
DEBUG:parse:format 'I am in the Team URl screen' -> 'I am in the Team URl screen'
DEBUG:parse:format 'I am in the Recovery Key screen' -> 'I am in the Recovery Key screen'
DEBUG:parse:format 'I write the recovery key' -> 'I write the recovery key'
DEBUG:parse:format 'I write the recovery key for bob' -> 'I write the recovery key for bob'
DEBUG:parse:format 'I am in the Welcome Screen' -> 'I am in the Welcome Screen'
DEBUG:parse:format 'I am on the Welcome Screen' -> 'I am on the Welcome Screen'
DEBUG:parse:format 'I click on the hamburger dropdown menu' -> 'I click on the hamburger dropdown menu'
DEBUG:parse:format 'I click the Continue button' -> 'I click the Continue button'
DEBUG:parse:format 'I Select the lock icon on top right' -> 'I Select the lock icon on top right'
DEBUG:parse:format 'I Select the lock icon on top right for the space' -> 'I Select the lock icon on top right for the space'
DEBUG:parse:format 'I choose my team' -> 'I choose my team'
DEBUG:parse:format 'I click on the Peoples tab' -> 'I click on the Peoples tab'
DEBUG:parse:format 'Back in the application,I click on the "Close" button' -> 'Back in the application,I click on the "Close" button'
DEBUG:parse:format 'I write the Team URL' -> 'I write the Team URL'
DEBUG:parse:format 'I click the Add Team button' -> 'I click the Add Team button'
DEBUG:parse:format 'I am on the Peoples Tab and the space members list become visible' -> 'I am on the Peoples Tab and the space members list become visible'
DEBUG:parse:format 'I select Bob from the list of people and The member screen appears' -> 'I select Bob from the list of people and The member screen appears'
DEBUG:parse:format 'I click on one of the spaces created' -> 'I click on one of the spaces created'
DEBUG:parse:format 'I Open a files (...) dropdown menu' -> 'I Open a files \\(\\.\\.\\.\\) dropdown menu'
DEBUG:parse:format 'I click on Version History' -> 'I click on Version History'
DEBUG:parse:format 'I Select the back arrow in the top left' -> 'I Select the back arrow in the top left'
DEBUG:parse:format 'I click on Delete File' -> 'I click on Delete File'
DEBUG:parse:format 'The Delete File pop up option becomes visible' -> 'The Delete File pop up option becomes visible'
DEBUG:parse:format 'I select the Cancel option from the pop up' -> 'I select the Cancel option from the pop up'
DEBUG:parse:format 'I am returned to the previous screen, the space view' -> 'I am returned to the previous screen, the space view'
DEBUG:parse:format 'I click on File details' -> 'I click on File details'
DEBUG:parse:format 'I see the uploaded file' -> 'I see the uploaded file'
DEBUG:parse:format 'The "applying changes" spinner briefly appears. When it goes away, you are returned to the user profile and it will display the "Space Administrator" text' -> 'The "applying changes" spinner briefly appears\\. When it goes away, you are returned to the user profile and it will display the "Space Administrator" text'
DEBUG:parse:format 'I Choose settings option' -> 'I Choose settings option'
DEBUG:parse:format 'I choose the team I am an admin of' -> 'I choose the team I am an admin of'
DEBUG:parse:format 'I click on the Sign Up button' -> 'I click on the Sign Up button'
DEBUG:parse:format "I see I am on the 'Save Your Recovery Phrase' screen" -> "I see I am on the 'Save Your Recovery Phrase' screen"
DEBUG:parse:format 'I copy the recovery key' -> 'I copy the recovery key'
DEBUG:parse:format 'I click Continue' -> 'I click Continue'
DEBUG:parse:format "I see the 'Are you sure you saved your Recovery Phrase' screen" -> "I see the 'Are you sure you saved your Recovery Phrase' screen"
DEBUG:parse:format "I click on the 'Yes, I saved it' option" -> "I click on the 'Yes, I saved it' option"
DEBUG:parse:format 'I am on the Add/Create team start page' -> 'I am on the Add/Create team start page'
DEBUG:parse:format 'I enter the License Key' -> 'I enter the License Key'
DEBUG:parse:format 'I click the Create Team button' -> 'I click the Create Team button'
DEBUG:parse:format 'I enter the valid team name and check the continue button becomes active' -> 'I enter the valid team name and check the continue button becomes active'
DEBUG:parse:format 'I enter the name for the user and check the Continue button becomes active' -> 'I enter the name for the user and check the Continue button becomes active'
DEBUG:parse:format 'I see the team name in the Team Selector' -> 'I see the team name in the Team Selector'
DEBUG:parse:format 'I get the hash of the original file' -> 'I get the hash of the original file'
DEBUG:parse:format 'I modify the file' -> 'I modify the file'
DEBUG:parse:format 'I click the plus button' -> 'I click the plus button'
DEBUG:parse:format 'I get the hash of the modified file, and assert it is not the same' -> 'I get the hash of the modified file, and assert it is not the same'
DEBUG:parse:format 'I click on the revert icon' -> 'I click on the revert icon'
DEBUG:parse:format 'I confirm I am on the revert file modal' -> 'I confirm I am on the revert file modal'
DEBUG:parse:format "I click on the 'No, go back' option" -> "I click on the 'No, go back' option"
DEBUG:parse:format "I click on the 'Revert File' option" -> "I click on the 'Revert File' option"
DEBUG:parse:format 'I get the hash of the reverted file' -> 'I get the hash of the reverted file'
DEBUG:parse:format 'I confirm the reverted file hash is the same as the original file' -> 'I confirm the reverted file hash is the same as the original file'
DEBUG:parse:format 'I am in the login screen' -> 'I am in the login screen'
DEBUG:parse:format 'I create a passcode number' -> 'I create a passcode number'
DEBUG:parse:format 'I click the Log In button' -> 'I click the Log In button'
DEBUG:parse:format 'I am in the Team URl screen' -> 'I am in the Team URl screen'
DEBUG:parse:format 'I am in the Recovery Key screen' -> 'I am in the Recovery Key screen'
DEBUG:parse:format 'I write the recovery key' -> 'I write the recovery key'
DEBUG:parse:format 'I write the recovery key for bob' -> 'I write the recovery key for bob'
DEBUG:parse:format 'I am in the Welcome Screen' -> 'I am in the Welcome Screen'
DEBUG:parse:format 'I am on the Welcome Screen' -> 'I am on the Welcome Screen'
DEBUG:parse:format 'I click on the hamburger dropdown menu' -> 'I click on the hamburger dropdown menu'
DEBUG:parse:format 'I click the Continue button' -> 'I click the Continue button'
DEBUG:parse:format 'I Select the lock icon on top right' -> 'I Select the lock icon on top right'
DEBUG:parse:format 'I Select the lock icon on top right for the space' -> 'I Select the lock icon on top right for the space'
DEBUG:parse:format 'I choose my team' -> 'I choose my team'
DEBUG:parse:format 'I click on the Peoples tab' -> 'I click on the Peoples tab'
DEBUG:parse:format 'Back in the application,I click on the "Close" button' -> 'Back in the application,I click on the "Close" button'
DEBUG:parse:format 'I write the Team URL' -> 'I write the Team URL'
DEBUG:parse:format 'I click the Add Team button' -> 'I click the Add Team button'
DEBUG:parse:format 'I am on the Peoples Tab and the space members list become visible' -> 'I am on the Peoples Tab and the space members list become visible'
DEBUG:parse:format 'I select Bob from the list of people and The member screen appears' -> 'I select Bob from the list of people and The member screen appears'
DEBUG:parse:format 'I click on one of the spaces created' -> 'I click on one of the spaces created'
DEBUG:parse:format 'I Open a files (...) dropdown menu' -> 'I Open a files \\(\\.\\.\\.\\) dropdown menu'
DEBUG:parse:format 'I click on Version History' -> 'I click on Version History'
DEBUG:parse:format 'I Select the back arrow in the top left' -> 'I Select the back arrow in the top left'
DEBUG:parse:format 'I click on Delete File' -> 'I click on Delete File'
DEBUG:parse:format 'The Delete File pop up option becomes visible' -> 'The Delete File pop up option becomes visible'
DEBUG:parse:format 'I select the Cancel option from the pop up' -> 'I select the Cancel option from the pop up'
DEBUG:parse:format 'I am returned to the previous screen, the space view' -> 'I am returned to the previous screen, the space view'
DEBUG:parse:format 'I click on File details' -> 'I click on File details'
DEBUG:parse:format 'I see the uploaded file' -> 'I see the uploaded file'
DEBUG:parse:format 'The "applying changes" spinner briefly appears. When it goes away, you are returned to the user profile and it will display the "Space Administrator" text' -> 'The "applying changes" spinner briefly appears\\. When it goes away, you are returned to the user profile and it will display the "Space Administrator" text'
DEBUG:parse:format 'I Choose settings option' -> 'I Choose settings option'
DEBUG:parse:format 'I choose the team I am an admin of' -> 'I choose the team I am an admin of'
DEBUG:parse:format 'I click on the Sign Up button' -> 'I click on the Sign Up button'
DEBUG:parse:format "I see I am on the 'Save Your Recovery Phrase' screen" -> "I see I am on the 'Save Your Recovery Phrase' screen"
DEBUG:parse:format 'I copy the recovery key' -> 'I copy the recovery key'
DEBUG:parse:format 'I click Continue' -> 'I click Continue'
DEBUG:parse:format "I see the 'Are you sure you saved your Recovery Phrase' screen" -> "I see the 'Are you sure you saved your Recovery Phrase' screen"
DEBUG:parse:format "I click on the 'Yes, I saved it' option" -> "I click on the 'Yes, I saved it' option"
DEBUG:parse:format 'I am on the Add/Create team start page' -> 'I am on the Add/Create team start page'
DEBUG:parse:format 'I enter the License Key' -> 'I enter the License Key'
DEBUG:parse:format 'I click the Create Team button' -> 'I click the Create Team button'
DEBUG:parse:format 'I enter the valid team name and check the continue button becomes active' -> 'I enter the valid team name and check the continue button becomes active'
DEBUG:parse:format 'I enter the name for the user and check the Continue button becomes active' -> 'I enter the name for the user and check the Continue button becomes active'
DEBUG:parse:format 'I see the team name in the Team Selector' -> 'I see the team name in the Team Selector'
DEBUG:parse:format 'I get the hash of the original file' -> 'I get the hash of the original file'
DEBUG:parse:format 'I modify the file' -> 'I modify the file'
DEBUG:parse:format 'I click the plus button' -> 'I click the plus button'
DEBUG:parse:format 'I get the hash of the modified file, and assert it is not the same' -> 'I get the hash of the modified file, and assert it is not the same'
DEBUG:parse:format 'I click on the revert icon' -> 'I click on the revert icon'
DEBUG:parse:format 'I confirm I am on the revert file modal' -> 'I confirm I am on the revert file modal'
DEBUG:parse:format "I click on the 'No, go back' option" -> "I click on the 'No, go back' option"
DEBUG:parse:format "I click on the 'Revert File' option" -> "I click on the 'Revert File' option"
DEBUG:parse:format 'I get the hash of the reverted file' -> 'I get the hash of the reverted file'
DEBUG:parse:format 'I confirm the reverted file hash is the same as the original file' -> 'I confirm the reverted file hash is the same as the original file'
DEBUG:parse:format 'I am in the login screen' -> 'I am in the login screen'
DEBUG:parse:format 'I create a passcode number' -> 'I create a passcode number'
DEBUG:parse:format 'I click the Log In button' -> 'I click the Log In button'
DEBUG:parse:format 'I am in the Team URl screen' -> 'I am in the Team URl screen'
DEBUG:parse:format 'I am in the Recovery Key screen' -> 'I am in the Recovery Key screen'
DEBUG:parse:format 'I write the recovery key' -> 'I write the recovery key'
DEBUG:parse:format 'I write the recovery key for bob' -> 'I write the recovery key for bob'
DEBUG:parse:format 'I am in the Welcome Screen' -> 'I am in the Welcome Screen'
DEBUG:parse:format 'I am on the Welcome Screen' -> 'I am on the Welcome Screen'
DEBUG:parse:format 'I click on the hamburger dropdown menu' -> 'I click on the hamburger dropdown menu'
DEBUG:parse:format 'I click the Continue button' -> 'I click the Continue button'
DEBUG:parse:format 'I Select the lock icon on top right' -> 'I Select the lock icon on top right'
DEBUG:parse:format 'I Select the lock icon on top right for the space' -> 'I Select the lock icon on top right for the space'
DEBUG:parse:format 'I choose my team' -> 'I choose my team'
DEBUG:parse:format 'I click on the Peoples tab' -> 'I click on the Peoples tab'
DEBUG:parse:format 'Back in the application,I click on the "Close" button' -> 'Back in the application,I click on the "Close" button'
DEBUG:parse:format 'I write the Team URL' -> 'I write the Team URL'
DEBUG:parse:format 'I click the Add Team button' -> 'I click the Add Team button'
DEBUG:parse:format 'I am on the Peoples Tab and the space members list become visible' -> 'I am on the Peoples Tab and the space members list become visible'
DEBUG:parse:format 'I select Bob from the list of people and The member screen appears' -> 'I select Bob from the list of people and The member screen appears'
DEBUG:parse:format 'I click on one of the spaces created' -> 'I click on one of the spaces created'
DEBUG:parse:format 'I Open a files (...) dropdown menu' -> 'I Open a files \\(\\.\\.\\.\\) dropdown menu'
DEBUG:parse:format 'I click on Version History' -> 'I click on Version History'
DEBUG:parse:format 'I Select the back arrow in the top left' -> 'I Select the back arrow in the top left'
DEBUG:parse:format 'I click on Delete File' -> 'I click on Delete File'
DEBUG:parse:format 'The Delete File pop up option becomes visible' -> 'The Delete File pop up option becomes visible'
DEBUG:parse:format 'I select the Cancel option from the pop up' -> 'I select the Cancel option from the pop up'
DEBUG:parse:format 'I am returned to the previous screen, the space view' -> 'I am returned to the previous screen, the space view'
DEBUG:parse:format 'I click on File details' -> 'I click on File details'
DEBUG:parse:format 'I see the uploaded file' -> 'I see the uploaded file'
DEBUG:parse:format 'The "applying changes" spinner briefly appears. When it goes away, you are returned to the user profile and it will display the "Space Administrator" text' -> 'The "applying changes" spinner briefly appears\\. When it goes away, you are returned to the user profile and it will display the "Space Administrator" text'
DEBUG:parse:format 'I Choose settings option' -> 'I Choose settings option'
DEBUG:parse:format 'I choose the team I am an admin of' -> 'I choose the team I am an admin of'
DEBUG:parse:format 'I click on the Sign Up button' -> 'I click on the Sign Up button'
DEBUG:parse:format "I see I am on the 'Save Your Recovery Phrase' screen" -> "I see I am on the 'Save Your Recovery Phrase' screen"
DEBUG:parse:format 'I copy the recovery key' -> 'I copy the recovery key'
DEBUG:parse:format 'I click Continue' -> 'I click Continue'
DEBUG:parse:format "I see the 'Are you sure you saved your Recovery Phrase' screen" -> "I see the 'Are you sure you saved your Recovery Phrase' screen"
DEBUG:parse:format "I click on the 'Yes, I saved it' option" -> "I click on the 'Yes, I saved it' option"
DEBUG:parse:format 'I am on the Add/Create team start page' -> 'I am on the Add/Create team start page'
DEBUG:parse:format 'I enter the License Key' -> 'I enter the License Key'
DEBUG:parse:format 'I click the Create Team button' -> 'I click the Create Team button'
DEBUG:parse:format 'I enter the valid team name and check the continue button becomes active' -> 'I enter the valid team name and check the continue button becomes active'
DEBUG:parse:format 'I enter the name for the user and check the Continue button becomes active' -> 'I enter the name for the user and check the Continue button becomes active'
DEBUG:parse:format 'I see the team name in the Team Selector' -> 'I see the team name in the Team Selector'
DEBUG:parse:format 'I get the hash of the original file' -> 'I get the hash of the original file'
DEBUG:parse:format 'I modify the file' -> 'I modify the file'
DEBUG:parse:format 'I click the plus button' -> 'I click the plus button'
DEBUG:parse:format 'I get the hash of the modified file, and assert it is not the same' -> 'I get the hash of the modified file, and assert it is not the same'
DEBUG:parse:format 'I click on the revert icon' -> 'I click on the revert icon'
DEBUG:parse:format 'I confirm I am on the revert file modal' -> 'I confirm I am on the revert file modal'
DEBUG:parse:format "I click on the 'No, go back' option" -> "I click on the 'No, go back' option"
DEBUG:parse:format "I click on the 'Revert File' option" -> "I click on the 'Revert File' option"
DEBUG:parse:format 'I get the hash of the reverted file' -> 'I get the hash of the reverted file'
DEBUG:parse:format 'I confirm the reverted file hash is the same as the original file' -> 'I confirm the reverted file hash is the same as the original file'
DEBUG:parse:format 'I am in the login screen' -> 'I am in the login screen'
DEBUG:parse:format 'I create a passcode number' -> 'I create a passcode number'
DEBUG:parse:format 'I click the Log In button' -> 'I click the Log In button'
DEBUG:parse:format 'I am in the Team URl screen' -> 'I am in the Team URl screen'
DEBUG:parse:format 'I am in the Recovery Key screen' -> 'I am in the Recovery Key screen'
DEBUG:parse:format 'I write the recovery key' -> 'I write the recovery key'
DEBUG:parse:format 'I write the recovery key for bob' -> 'I write the recovery key for bob'
DEBUG:parse:format 'I am in the Welcome Screen' -> 'I am in the Welcome Screen'
DEBUG:parse:format 'I am on the Welcome Screen' -> 'I am on the Welcome Screen'
DEBUG:parse:format 'I click on the hamburger dropdown menu' -> 'I click on the hamburger dropdown menu'
DEBUG:parse:format 'I click the Continue button' -> 'I click the Continue button'
DEBUG:parse:format 'I Select the lock icon on top right' -> 'I Select the lock icon on top right'
DEBUG:parse:format 'I Select the lock icon on top right for the space' -> 'I Select the lock icon on top right for the space'
DEBUG:parse:format 'I choose my team' -> 'I choose my team'
DEBUG:parse:format 'I click on the Peoples tab' -> 'I click on the Peoples tab'
DEBUG:parse:format 'Back in the application,I click on the "Close" button' -> 'Back in the application,I click on the "Close" button'
DEBUG:parse:format 'I write the Team URL' -> 'I write the Team URL'
DEBUG:parse:format 'I click the Add Team button' -> 'I click the Add Team button'
DEBUG:parse:format 'I am on the Peoples Tab and the space members list become visible' -> 'I am on the Peoples Tab and the space members list become visible'
DEBUG:parse:format 'I select Bob from the list of people and The member screen appears' -> 'I select Bob from the list of people and The member screen appears'
DEBUG:parse:format 'I click on one of the spaces created' -> 'I click on one of the spaces created'
DEBUG:parse:format 'I Open a files (...) dropdown menu' -> 'I Open a files \\(\\.\\.\\.\\) dropdown menu'
DEBUG:parse:format 'I click on Version History' -> 'I click on Version History'
DEBUG:parse:format 'I Select the back arrow in the top left' -> 'I Select the back arrow in the top left'
DEBUG:parse:format 'I click on Delete File' -> 'I click on Delete File'
DEBUG:parse:format 'The Delete File pop up option becomes visible' -> 'The Delete File pop up option becomes visible'
DEBUG:parse:format 'I select the Cancel option from the pop up' -> 'I select the Cancel option from the pop up'
DEBUG:parse:format 'I am returned to the previous screen, the space view' -> 'I am returned to the previous screen, the space view'
DEBUG:parse:format 'I click on File details' -> 'I click on File details'
DEBUG:parse:format 'I see the uploaded file' -> 'I see the uploaded file'
DEBUG:parse:format 'The "applying changes" spinner briefly appears. When it goes away, you are returned to the user profile and it will display the "Space Administrator" text' -> 'The "applying changes" spinner briefly appears\\. When it goes away, you are returned to the user profile and it will display the "Space Administrator" text'
DEBUG:parse:format 'I Choose settings option' -> 'I Choose settings option'
DEBUG:parse:format 'I choose the team I am an admin of' -> 'I choose the team I am an admin of'
DEBUG:parse:format 'I click on the Sign Up button' -> 'I click on the Sign Up button'
DEBUG:parse:format "I see I am on the 'Save Your Recovery Phrase' screen" -> "I see I am on the 'Save Your Recovery Phrase' screen"
DEBUG:parse:format 'I copy the recovery key' -> 'I copy the recovery key'
DEBUG:parse:format 'I click Continue' -> 'I click Continue'
DEBUG:parse:format "I see the 'Are you sure you saved your Recovery Phrase' screen" -> "I see the 'Are you sure you saved your Recovery Phrase' screen"
DEBUG:parse:format "I click on the 'Yes, I saved it' option" -> "I click on the 'Yes, I saved it' option"
DEBUG:parse:format 'I am on the Add/Create team start page' -> 'I am on the Add/Create team start page'
DEBUG:parse:format 'I enter the License Key' -> 'I enter the License Key'
DEBUG:parse:format 'I click the Create Team button' -> 'I click the Create Team button'
DEBUG:parse:format 'I enter the valid team name and check the continue button becomes active' -> 'I enter the valid team name and check the continue button becomes active'
DEBUG:parse:format 'I enter the name for the user and check the Continue button becomes active' -> 'I enter the name for the user and check the Continue button becomes active'
DEBUG:parse:format 'I see the team name in the Team Selector' -> 'I see the team name in the Team Selector'
DEBUG:parse:format 'I get the hash of the original file' -> 'I get the hash of the original file'
DEBUG:parse:format 'I modify the file' -> 'I modify the file'
DEBUG:parse:format 'I click the plus button' -> 'I click the plus button'
DEBUG:parse:format 'I get the hash of the modified file, and assert it is not the same' -> 'I get the hash of the modified file, and assert it is not the same'
DEBUG:parse:format 'I click on the revert icon' -> 'I click on the revert icon'
DEBUG:parse:format 'I confirm I am on the revert file modal' -> 'I confirm I am on the revert file modal'
DEBUG:parse:format "I click on the 'No, go back' option" -> "I click on the 'No, go back' option"
DEBUG:parse:format "I click on the 'Revert File' option" -> "I click on the 'Revert File' option"
DEBUG:parse:format 'I get the hash of the reverted file' -> 'I get the hash of the reverted file'
DEBUG:parse:format 'I confirm the reverted file hash is the same as the original file' -> 'I confirm the reverted file hash is the same as the original file'
DEBUG:parse:format 'I am in the login screen' -> 'I am in the login screen'
DEBUG:parse:format 'I create a passcode number' -> 'I create a passcode number'
DEBUG:parse:format 'I click the Log In button' -> 'I click the Log In button'
DEBUG:parse:format 'I am in the Team URl screen' -> 'I am in the Team URl screen'
DEBUG:parse:format 'I am in the Recovery Key screen' -> 'I am in the Recovery Key screen'
DEBUG:parse:format 'I write the recovery key' -> 'I write the recovery key'
DEBUG:parse:format 'I write the recovery key for bob' -> 'I write the recovery key for bob'
DEBUG:parse:format 'I am in the Welcome Screen' -> 'I am in the Welcome Screen'
DEBUG:parse:format 'I am on the Welcome Screen' -> 'I am on the Welcome Screen'
DEBUG:parse:format 'I click on the hamburger dropdown menu' -> 'I click on the hamburger dropdown menu'
DEBUG:parse:format 'I click the Continue button' -> 'I click the Continue button'
DEBUG:parse:format 'I Select the lock icon on top right' -> 'I Select the lock icon on top right'
DEBUG:parse:format 'I Select the lock icon on top right for the space' -> 'I Select the lock icon on top right for the space'
DEBUG:parse:format 'I choose my team' -> 'I choose my team'
DEBUG:parse:format 'I click on the Peoples tab' -> 'I click on the Peoples tab'
DEBUG:parse:format 'Back in the application,I click on the "Close" button' -> 'Back in the application,I click on the "Close" button'
DEBUG:parse:format 'I write the Team URL' -> 'I write the Team URL'
DEBUG:parse:format 'I click the Add Team button' -> 'I click the Add Team button'
DEBUG:parse:format 'I am on the Peoples Tab and the space members list become visible' -> 'I am on the Peoples Tab and the space members list become visible'
DEBUG:parse:format 'I select Bob from the list of people and The member screen appears' -> 'I select Bob from the list of people and The member screen appears'
DEBUG:parse:format 'I click on one of the spaces created' -> 'I click on one of the spaces created'
DEBUG:parse:format 'I Open a files (...) dropdown menu' -> 'I Open a files \\(\\.\\.\\.\\) dropdown menu'
DEBUG:parse:format 'I click on Version History' -> 'I click on Version History'
DEBUG:parse:format 'I Select the back arrow in the top left' -> 'I Select the back arrow in the top left'
DEBUG:parse:format 'I click on Delete File' -> 'I click on Delete File'
DEBUG:parse:format 'The Delete File pop up option becomes visible' -> 'The Delete File pop up option becomes visible'
DEBUG:parse:format 'I select the Cancel option from the pop up' -> 'I select the Cancel option from the pop up'
DEBUG:parse:format 'I am returned to the previous screen, the space view' -> 'I am returned to the previous screen, the space view'
DEBUG:parse:format 'I click on File details' -> 'I click on File details'
DEBUG:parse:format 'I see the uploaded file' -> 'I see the uploaded file'
DEBUG:parse:format 'The "applying changes" spinner briefly appears. When it goes away, you are returned to the user profile and it will display the "Space Administrator" text' -> 'The "applying changes" spinner briefly appears\\. When it goes away, you are returned to the user profile and it will display the "Space Administrator" text'
DEBUG:parse:format 'I Choose settings option' -> 'I Choose settings option'
DEBUG:parse:format 'I choose the team I am an admin of' -> 'I choose the team I am an admin of'
DEBUG:parse:format 'I click on the Sign Up button' -> 'I click on the Sign Up button'
DEBUG:parse:format "I see I am on the 'Save Your Recovery Phrase' screen" -> "I see I am on the 'Save Your Recovery Phrase' screen"
DEBUG:parse:format 'I copy the recovery key' -> 'I copy the recovery key'
DEBUG:parse:format 'I click Continue' -> 'I click Continue'
DEBUG:parse:format "I see the 'Are you sure you saved your Recovery Phrase' screen" -> "I see the 'Are you sure you saved your Recovery Phrase' screen"
DEBUG:parse:format "I click on the 'Yes, I saved it' option" -> "I click on the 'Yes, I saved it' option"
DEBUG:parse:format 'I am on the Add/Create team start page' -> 'I am on the Add/Create team start page'
DEBUG:parse:format 'I enter the License Key' -> 'I enter the License Key'
DEBUG:parse:format 'I click the Create Team button' -> 'I click the Create Team button'
DEBUG:parse:format 'I enter the valid team name and check the continue button becomes active' -> 'I enter the valid team name and check the continue button becomes active'
DEBUG:parse:format 'I enter the name for the user and check the Continue button becomes active' -> 'I enter the name for the user and check the Continue button becomes active'
DEBUG:parse:format 'I see the team name in the Team Selector' -> 'I see the team name in the Team Selector'
DEBUG:parse:format 'I get the hash of the original file' -> 'I get the hash of the original file'
DEBUG:parse:format 'I modify the file' -> 'I modify the file'
DEBUG:parse:format 'I click the plus button' -> 'I click the plus button'
DEBUG:parse:format 'I get the hash of the modified file, and assert it is not the same' -> 'I get the hash of the modified file, and assert it is not the same'
DEBUG:parse:format 'I click on the revert icon' -> 'I click on the revert icon'
DEBUG:parse:format 'I confirm I am on the revert file modal' -> 'I confirm I am on the revert file modal'
DEBUG:parse:format "I click on the 'No, go back' option" -> "I click on the 'No, go back' option"
DEBUG:parse:format "I click on the 'Revert File' option" -> "I click on the 'Revert File' option"
DEBUG:parse:format 'I get the hash of the reverted file' -> 'I get the hash of the reverted file'
DEBUG:parse:format 'I confirm the reverted file hash is the same as the original file' -> 'I confirm the reverted file hash is the same as the original file'
DEBUG:parse:format 'I am in the login screen' -> 'I am in the login screen'
DEBUG:parse:format 'I create a passcode number' -> 'I create a passcode number'
DEBUG:parse:format 'I click the Log In button' -> 'I click the Log In button'
DEBUG:parse:format 'I am in the Team URl screen' -> 'I am in the Team URl screen'
DEBUG:parse:format 'I am in the Recovery Key screen' -> 'I am in the Recovery Key screen'
DEBUG:parse:format 'I write the recovery key' -> 'I write the recovery key'
DEBUG:parse:format 'I write the recovery key for bob' -> 'I write the recovery key for bob'
DEBUG:parse:format 'I am in the Welcome Screen' -> 'I am in the Welcome Screen'
DEBUG:parse:format 'I am on the Welcome Screen' -> 'I am on the Welcome Screen'
DEBUG:parse:format 'I click on the hamburger dropdown menu' -> 'I click on the hamburger dropdown menu'
DEBUG:parse:format 'I click the Continue button' -> 'I click the Continue button'
DEBUG:parse:format 'I Select the lock icon on top right' -> 'I Select the lock icon on top right'
DEBUG:parse:format 'I Select the lock icon on top right for the space' -> 'I Select the lock icon on top right for the space'
DEBUG:parse:format 'I choose my team' -> 'I choose my team'
DEBUG:parse:format 'I click on the Peoples tab' -> 'I click on the Peoples tab'
DEBUG:parse:format 'Back in the application,I click on the "Close" button' -> 'Back in the application,I click on the "Close" button'
DEBUG:parse:format 'I write the Team URL' -> 'I write the Team URL'
DEBUG:parse:format 'I click the Add Team button' -> 'I click the Add Team button'
DEBUG:parse:format 'I am on the Peoples Tab and the space members list become visible' -> 'I am on the Peoples Tab and the space members list become visible'
DEBUG:parse:format 'I select Bob from the list of people and The member screen appears' -> 'I select Bob from the list of people and The member screen appears'
DEBUG:parse:format 'I click on one of the spaces created' -> 'I click on one of the spaces created'
DEBUG:parse:format 'I Open a files (...) dropdown menu' -> 'I Open a files \\(\\.\\.\\.\\) dropdown menu'
DEBUG:parse:format 'I click on Version History' -> 'I click on Version History'
DEBUG:parse:format 'I Select the back arrow in the top left' -> 'I Select the back arrow in the top left'
DEBUG:parse:format 'I click on Delete File' -> 'I click on Delete File'
DEBUG:parse:format 'The Delete File pop up option becomes visible' -> 'The Delete File pop up option becomes visible'
DEBUG:parse:format 'I select the Cancel option from the pop up' -> 'I select the Cancel option from the pop up'
DEBUG:parse:format 'I am returned to the previous screen, the space view' -> 'I am returned to the previous screen, the space view'
DEBUG:parse:format 'I click on File details' -> 'I click on File details'
DEBUG:parse:format 'I see the uploaded file' -> 'I see the uploaded file'
DEBUG:parse:format 'The "applying changes" spinner briefly appears. When it goes away, you are returned to the user profile and it will display the "Space Administrator" text' -> 'The "applying changes" spinner briefly appears\\. When it goes away, you are returned to the user profile and it will display the "Space Administrator" text'
DEBUG:parse:format 'I Choose settings option' -> 'I Choose settings option'
DEBUG:parse:format 'I choose the team I am an admin of' -> 'I choose the team I am an admin of'
DEBUG:parse:format 'I click on the Sign Up button' -> 'I click on the Sign Up button'
DEBUG:parse:format "I see I am on the 'Save Your Recovery Phrase' screen" -> "I see I am on the 'Save Your Recovery Phrase' screen"
DEBUG:parse:format 'I copy the recovery key' -> 'I copy the recovery key'
DEBUG:parse:format 'I click Continue' -> 'I click Continue'
DEBUG:parse:format "I see the 'Are you sure you saved your Recovery Phrase' screen" -> "I see the 'Are you sure you saved your Recovery Phrase' screen"
DEBUG:parse:format "I click on the 'Yes, I saved it' option" -> "I click on the 'Yes, I saved it' option"
DEBUG:parse:format 'I am on the Add/Create team start page' -> 'I am on the Add/Create team start page'
DEBUG:parse:format 'I enter the License Key' -> 'I enter the License Key'
DEBUG:parse:format 'I click the Create Team button' -> 'I click the Create Team button'
DEBUG:parse:format 'I enter the valid team name and check the continue button becomes active' -> 'I enter the valid team name and check the continue button becomes active'
DEBUG:parse:format 'I enter the name for the user and check the Continue button becomes active' -> 'I enter the name for the user and check the Continue button becomes active'
DEBUG:parse:format 'I see the team name in the Team Selector' -> 'I see the team name in the Team Selector'
DEBUG:parse:format 'I get the hash of the original file' -> 'I get the hash of the original file'
DEBUG:parse:format 'I modify the file' -> 'I modify the file'
DEBUG:parse:format 'I click the plus button' -> 'I click the plus button'
DEBUG:parse:format 'I get the hash of the modified file, and assert it is not the same' -> 'I get the hash of the modified file, and assert it is not the same'
DEBUG:parse:format 'I click on the revert icon' -> 'I click on the revert icon'
DEBUG:parse:format 'I confirm I am on the revert file modal' -> 'I confirm I am on the revert file modal'
DEBUG:parse:format "I click on the 'No, go back' option" -> "I click on the 'No, go back' option"
DEBUG:parse:format "I click on the 'Revert File' option" -> "I click on the 'Revert File' option"
DEBUG:parse:format 'I get the hash of the reverted file' -> 'I get the hash of the reverted file'
DEBUG:parse:format 'I confirm the reverted file hash is the same as the original file' -> 'I confirm the reverted file hash is the same as the original file'
DEBUG:parse:format 'I am in the login screen' -> 'I am in the login screen'
DEBUG:parse:format 'I create a passcode number' -> 'I create a passcode number'
DEBUG:parse:format 'I click the Log In button' -> 'I click the Log In button'
DEBUG:parse:format 'I am in the Team URl screen' -> 'I am in the Team URl screen'
DEBUG:parse:format 'I am in the Recovery Key screen' -> 'I am in the Recovery Key screen'
DEBUG:parse:format 'I write the recovery key' -> 'I write the recovery key'
DEBUG:parse:format 'I write the recovery key for bob' -> 'I write the recovery key for bob'
DEBUG:parse:format 'I am in the Welcome Screen' -> 'I am in the Welcome Screen'
DEBUG:parse:format 'I am on the Welcome Screen' -> 'I am on the Welcome Screen'
DEBUG:parse:format 'I click on the hamburger dropdown menu' -> 'I click on the hamburger dropdown menu'
DEBUG:parse:format 'I click the Continue button' -> 'I click the Continue button'
DEBUG:parse:format 'I Select the lock icon on top right' -> 'I Select the lock icon on top right'
DEBUG:parse:format 'I Select the lock icon on top right for the space' -> 'I Select the lock icon on top right for the space'
DEBUG:parse:format 'I choose my team' -> 'I choose my team'
DEBUG:parse:format 'I click on the Peoples tab' -> 'I click on the Peoples tab'
DEBUG:parse:format 'Back in the application,I click on the "Close" button' -> 'Back in the application,I click on the "Close" button'
DEBUG:parse:format 'I write the Team URL' -> 'I write the Team URL'
DEBUG:parse:format 'I click the Add Team button' -> 'I click the Add Team button'
DEBUG:parse:format 'I am on the Peoples Tab and the space members list become visible' -> 'I am on the Peoples Tab and the space members list become visible'
DEBUG:parse:format 'I select Bob from the list of people and The member screen appears' -> 'I select Bob from the list of people and The member screen appears'
DEBUG:parse:format 'I click on one of the spaces created' -> 'I click on one of the spaces created'
DEBUG:parse:format 'I Open a files (...) dropdown menu' -> 'I Open a files \\(\\.\\.\\.\\) dropdown menu'
DEBUG:parse:format 'I click on Version History' -> 'I click on Version History'
DEBUG:parse:format 'I Select the back arrow in the top left' -> 'I Select the back arrow in the top left'
DEBUG:parse:format 'I click on Delete File' -> 'I click on Delete File'
DEBUG:parse:format 'The Delete File pop up option becomes visible' -> 'The Delete File pop up option becomes visible'
DEBUG:parse:format 'I select the Cancel option from the pop up' -> 'I select the Cancel option from the pop up'
DEBUG:parse:format 'I am returned to the previous screen, the space view' -> 'I am returned to the previous screen, the space view'
DEBUG:parse:format 'I click on File details' -> 'I click on File details'
DEBUG:parse:format 'I see the uploaded file' -> 'I see the uploaded file'
DEBUG:parse:format 'The "applying changes" spinner briefly appears. When it goes away, you are returned to the user profile and it will display the "Space Administrator" text' -> 'The "applying changes" spinner briefly appears\\. When it goes away, you are returned to the user profile and it will display the "Space Administrator" text'
DEBUG:parse:format 'I Choose settings option' -> 'I Choose settings option'
DEBUG:parse:format 'I choose the team I am an admin of' -> 'I choose the team I am an admin of'
DEBUG:parse:format 'I click on the Sign Up button' -> 'I click on the Sign Up button'
DEBUG:parse:format "I see I am on the 'Save Your Recovery Phrase' screen" -> "I see I am on the 'Save Your Recovery Phrase' screen"
DEBUG:parse:format 'I copy the recovery key' -> 'I copy the recovery key'
DEBUG:parse:format 'I click Continue' -> 'I click Continue'
DEBUG:parse:format "I see the 'Are you sure you saved your Recovery Phrase' screen" -> "I see the 'Are you sure you saved your Recovery Phrase' screen"
DEBUG:parse:format "I click on the 'Yes, I saved it' option" -> "I click on the 'Yes, I saved it' option"
DEBUG:parse:format 'I am on the Add/Create team start page' -> 'I am on the Add/Create team start page'
DEBUG:parse:format 'I enter the License Key' -> 'I enter the License Key'
DEBUG:parse:format 'I click the Create Team button' -> 'I click the Create Team button'
DEBUG:parse:format 'I enter the valid team name and check the continue button becomes active' -> 'I enter the valid team name and check the continue button becomes active'
DEBUG:parse:format 'I enter the name for the user and check the Continue button becomes active' -> 'I enter the name for the user and check the Continue button becomes active'
DEBUG:parse:format 'I see the team name in the Team Selector' -> 'I see the team name in the Team Selector'
DEBUG:parse:format 'I get the hash of the original file' -> 'I get the hash of the original file'
DEBUG:parse:format 'I modify the file' -> 'I modify the file'
DEBUG:parse:format 'I click the plus button' -> 'I click the plus button'
DEBUG:parse:format 'I get the hash of the modified file, and assert it is not the same' -> 'I get the hash of the modified file, and assert it is not the same'
DEBUG:parse:format 'I click on the revert icon' -> 'I click on the revert icon'
DEBUG:parse:format 'I confirm I am on the revert file modal' -> 'I confirm I am on the revert file modal'
DEBUG:parse:format "I click on the 'No, go back' option" -> "I click on the 'No, go back' option"
DEBUG:parse:format "I click on the 'Revert File' option" -> "I click on the 'Revert File' option"
DEBUG:parse:format 'I get the hash of the reverted file' -> 'I get the hash of the reverted file'
DEBUG:parse:format 'I confirm the reverted file hash is the same as the original file' -> 'I confirm the reverted file hash is the same as the original file'
DEBUG:parse:format 'I am in the login screen' -> 'I am in the login screen'
DEBUG:parse:format 'I create a passcode number' -> 'I create a passcode number'
DEBUG:parse:format 'I click the Log In button' -> 'I click the Log In button'
DEBUG:parse:format 'I am in the Team URl screen' -> 'I am in the Team URl screen'
DEBUG:parse:format 'I am in the Recovery Key screen' -> 'I am in the Recovery Key screen'
DEBUG:parse:format 'I write the recovery key' -> 'I write the recovery key'
DEBUG:parse:format 'I write the recovery key for bob' -> 'I write the recovery key for bob'
DEBUG:parse:format 'I am in the Welcome Screen' -> 'I am in the Welcome Screen'
INFO:selenium.webdriver.remote.remote_connection:Could not connect to port 4723 on host 127.0.0.1
INFO:selenium.webdriver.remote.remote_connection:Could not get IP address for host: 127.0.0.1
WARNING:urllib3.connectionpool:Retrying (Retry(total=2, connect=None, read=None, redirect=None, status=None)) after connection broken by 'NewConnectionError('<urllib3.connection.HTTPConnection object at 0x1054161f0>: Failed to establish a new connection: [Errno 61] Connection refused')': /wd/hub/session
WARNING:urllib3.connectionpool:Retrying (Retry(total=1, connect=None, read=None, redirect=None, status=None)) after connection broken by 'NewConnectionError('<urllib3.connection.HTTPConnection object at 0x105416370>: Failed to establish a new connection: [Errno 61] Connection refused')': /wd/hub/session
WARNING:urllib3.connectionpool:Retrying (Retry(total=0, connect=None, read=None, redirect=None, status=None)) after connection broken by 'NewConnectionError('<urllib3.connection.HTTPConnection object at 0x1054164c0>: Failed to establish a new connection: [Errno 61] Connection refused')': /wd/hub/session
DEBUG:parse:format 'I am on the Welcome Screen' -> 'I am on the Welcome Screen'
DEBUG:parse:format 'I click on the hamburger dropdown menu' -> 'I click on the hamburger dropdown menu'
DEBUG:parse:format 'I click the Continue button' -> 'I click the Continue button'
DEBUG:parse:format 'I Select the lock icon on top right' -> 'I Select the lock icon on top right'
DEBUG:parse:format 'I Select the lock icon on top right for the space' -> 'I Select the lock icon on top right for the space'
DEBUG:parse:format 'I choose my team' -> 'I choose my team'
DEBUG:parse:format 'I click on the Peoples tab' -> 'I click on the Peoples tab'
DEBUG:parse:format 'Back in the application,I click on the "Close" button' -> 'Back in the application,I click on the "Close" button'
DEBUG:parse:format 'I write the Team URL' -> 'I write the Team URL'
DEBUG:parse:format 'I click the Add Team button' -> 'I click the Add Team button'
DEBUG:parse:format 'I am on the Peoples Tab and the space members list become visible' -> 'I am on the Peoples Tab and the space members list become visible'
DEBUG:parse:format 'I select Bob from the list of people and The member screen appears' -> 'I select Bob from the list of people and The member screen appears'
DEBUG:parse:format 'I click on one of the spaces created' -> 'I click on one of the spaces created'
DEBUG:parse:format 'I Open a files (...) dropdown menu' -> 'I Open a files \\(\\.\\.\\.\\) dropdown menu'
DEBUG:parse:format 'I click on Version History' -> 'I click on Version History'
DEBUG:parse:format 'I Select the back arrow in the top left' -> 'I Select the back arrow in the top left'
DEBUG:parse:format 'I click on Delete File' -> 'I click on Delete File'
DEBUG:parse:format 'The Delete File pop up option becomes visible' -> 'The Delete File pop up option becomes visible'
DEBUG:parse:format 'I select the Cancel option from the pop up' -> 'I select the Cancel option from the pop up'
DEBUG:parse:format 'I am returned to the previous screen, the space view' -> 'I am returned to the previous screen, the space view'
DEBUG:parse:format 'I click on File details' -> 'I click on File details'
DEBUG:parse:format 'I see the uploaded file' -> 'I see the uploaded file'
DEBUG:parse:format 'The "applying changes" spinner briefly appears. When it goes away, you are returned to the user profile and it will display the "Space Administrator" text' -> 'The "applying changes" spinner briefly appears\\. When it goes away, you are returned to the user profile and it will display the "Space Administrator" text'
DEBUG:parse:format 'I Choose settings option' -> 'I Choose settings option'
DEBUG:parse:format 'I choose the team I am an admin of' -> 'I choose the team I am an admin of'
DEBUG:parse:format 'I click on the Sign Up button' -> 'I click on the Sign Up button'
DEBUG:parse:format "I see I am on the 'Save Your Recovery Phrase' screen" -> "I see I am on the 'Save Your Recovery Phrase' screen"
DEBUG:parse:format 'I copy the recovery key' -> 'I copy the recovery key'
DEBUG:parse:format 'I click Continue' -> 'I click Continue'
DEBUG:parse:format "I see the 'Are you sure you saved your Recovery Phrase' screen" -> "I see the 'Are you sure you saved your Recovery Phrase' screen"
DEBUG:parse:format "I click on the 'Yes, I saved it' option" -> "I click on the 'Yes, I saved it' option"
DEBUG:parse:format 'I am on the Add/Create team start page' -> 'I am on the Add/Create team start page'
DEBUG:parse:format 'I enter the License Key' -> 'I enter the License Key'
DEBUG:parse:format 'I click the Create Team button' -> 'I click the Create Team button'
DEBUG:parse:format 'I enter the valid team name and check the continue button becomes active' -> 'I enter the valid team name and check the continue button becomes active'
DEBUG:parse:format 'I enter the name for the user and check the Continue button becomes active' -> 'I enter the name for the user and check the Continue button becomes active'
DEBUG:parse:format 'I see the team name in the Team Selector' -> 'I see the team name in the Team Selector'
DEBUG:parse:format 'I get the hash of the original file' -> 'I get the hash of the original file'
DEBUG:parse:format 'I modify the file' -> 'I modify the file'
DEBUG:parse:format 'I click the plus button' -> 'I click the plus button'
DEBUG:parse:format 'I get the hash of the modified file, and assert it is not the same' -> 'I get the hash of the modified file, and assert it is not the same'
DEBUG:parse:format 'I click on the revert icon' -> 'I click on the revert icon'
DEBUG:parse:format 'I confirm I am on the revert file modal' -> 'I confirm I am on the revert file modal'
DEBUG:parse:format "I click on the 'No, go back' option" -> "I click on the 'No, go back' option"
DEBUG:parse:format "I click on the 'Revert File' option" -> "I click on the 'Revert File' option"
DEBUG:parse:format 'I get the hash of the reverted file' -> 'I get the hash of the reverted file'
DEBUG:parse:format 'I confirm the reverted file hash is the same as the original file' -> 'I confirm the reverted file hash is the same as the original file'
DEBUG:parse:format 'I am in the login screen' -> 'I am in the login screen'
DEBUG:parse:format 'I create a passcode number' -> 'I create a passcode number'
DEBUG:parse:format 'I click the Log In button' -> 'I click the Log In button'
DEBUG:parse:format 'I am in the Team URl screen' -> 'I am in the Team URl screen'
DEBUG:parse:format 'I am in the Recovery Key screen' -> 'I am in the Recovery Key screen'
DEBUG:parse:format 'I write the recovery key' -> 'I write the recovery key'
DEBUG:parse:format 'I write the recovery key for bob' -> 'I write the recovery key for bob'
DEBUG:parse:format 'I am in the Welcome Screen' -> 'I am in the Welcome Screen'
INFO:selenium.webdriver.remote.remote_connection:Could not connect to port 4723 on host 127.0.0.1
INFO:selenium.webdriver.remote.remote_connection:Could not get IP address for host: 127.0.0.1
WARNING:urllib3.connectionpool:Retrying (Retry(total=2, connect=None, read=None, redirect=None, status=None)) after connection broken by 'NewConnectionError('<urllib3.connection.HTTPConnection object at 0x109c31d00>: Failed to establish a new connection: [Errno 61] Connection refused')': /wd/hub/session
WARNING:urllib3.connectionpool:Retrying (Retry(total=1, connect=None, read=None, redirect=None, status=None)) after connection broken by 'NewConnectionError('<urllib3.connection.HTTPConnection object at 0x109c31fd0>: Failed to establish a new connection: [Errno 61] Connection refused')': /wd/hub/session
WARNING:urllib3.connectionpool:Retrying (Retry(total=0, connect=None, read=None, redirect=None, status=None)) after connection broken by 'NewConnectionError('<urllib3.connection.HTTPConnection object at 0x109c471c0>: Failed to establish a new connection: [Errno 61] Connection refused')': /wd/hub/session
INFO:selenium.webdriver.remote.remote_connection:Could not connect to port 4723 on host 127.0.0.1
INFO:selenium.webdriver.remote.remote_connection:Could not get IP address for host: 127.0.0.1
WARNING:urllib3.connectionpool:Retrying (Retry(total=2, connect=None, read=None, redirect=None, status=None)) after connection broken by 'NewConnectionError('<urllib3.connection.HTTPConnection object at 0x109c47a60>: Failed to establish a new connection: [Errno 61] Connection refused')': /wd/hub/session
WARNING:urllib3.connectionpool:Retrying (Retry(total=1, connect=None, read=None, redirect=None, status=None)) after connection broken by 'NewConnectionError('<urllib3.connection.HTTPConnection object at 0x109c47be0>: Failed to establish a new connection: [Errno 61] Connection refused')': /wd/hub/session
WARNING:urllib3.connectionpool:Retrying (Retry(total=0, connect=None, read=None, redirect=None, status=None)) after connection broken by 'NewConnectionError('<urllib3.connection.HTTPConnection object at 0x109c47d30>: Failed to establish a new connection: [Errno 61] Connection refused')': /wd/hub/session
DEBUG:parse:format 'I am on the Welcome Screen' -> 'I am on the Welcome Screen'
DEBUG:parse:format 'I click on the hamburger dropdown menu' -> 'I click on the hamburger dropdown menu'
DEBUG:parse:format 'I click the Continue button' -> 'I click the Continue button'
DEBUG:parse:format 'I Select the lock icon on top right' -> 'I Select the lock icon on top right'
DEBUG:parse:format 'I Select the lock icon on top right for the space' -> 'I Select the lock icon on top right for the space'
DEBUG:parse:format 'I choose my team' -> 'I choose my team'
DEBUG:parse:format 'I click on the Peoples tab' -> 'I click on the Peoples tab'
DEBUG:parse:format 'Back in the application,I click on the "Close" button' -> 'Back in the application,I click on the "Close" button'
DEBUG:parse:format 'I write the Team URL' -> 'I write the Team URL'
DEBUG:parse:format 'I click the Add Team button' -> 'I click the Add Team button'
DEBUG:parse:format 'I am on the Peoples Tab and the space members list become visible' -> 'I am on the Peoples Tab and the space members list become visible'
DEBUG:parse:format 'I select Bob from the list of people and The member screen appears' -> 'I select Bob from the list of people and The member screen appears'
DEBUG:parse:format 'I click on one of the spaces created' -> 'I click on one of the spaces created'
DEBUG:parse:format 'I Open a files (...) dropdown menu' -> 'I Open a files \\(\\.\\.\\.\\) dropdown menu'
DEBUG:parse:format 'I click on Version History' -> 'I click on Version History'
DEBUG:parse:format 'I Select the back arrow in the top left' -> 'I Select the back arrow in the top left'
DEBUG:parse:format 'I click on Delete File' -> 'I click on Delete File'
DEBUG:parse:format 'The Delete File pop up option becomes visible' -> 'The Delete File pop up option becomes visible'
DEBUG:parse:format 'I select the Cancel option from the pop up' -> 'I select the Cancel option from the pop up'
DEBUG:parse:format 'I am returned to the previous screen, the space view' -> 'I am returned to the previous screen, the space view'
DEBUG:parse:format 'I click on File details' -> 'I click on File details'
DEBUG:parse:format 'I see the uploaded file' -> 'I see the uploaded file'
DEBUG:parse:format 'The "applying changes" spinner briefly appears. When it goes away, you are returned to the user profile and it will display the "Space Administrator" text' -> 'The "applying changes" spinner briefly appears\\. When it goes away, you are returned to the user profile and it will display the "Space Administrator" text'
DEBUG:parse:format 'I Choose settings option' -> 'I Choose settings option'
DEBUG:parse:format 'I choose the team I am an admin of' -> 'I choose the team I am an admin of'
DEBUG:parse:format 'I click on the Sign Up button' -> 'I click on the Sign Up button'
DEBUG:parse:format "I see I am on the 'Save Your Recovery Phrase' screen" -> "I see I am on the 'Save Your Recovery Phrase' screen"
DEBUG:parse:format 'I copy the recovery key' -> 'I copy the recovery key'
DEBUG:parse:format 'I click Continue' -> 'I click Continue'
DEBUG:parse:format "I see the 'Are you sure you saved your Recovery Phrase' screen" -> "I see the 'Are you sure you saved your Recovery Phrase' screen"
DEBUG:parse:format "I click on the 'Yes, I saved it' option" -> "I click on the 'Yes, I saved it' option"
DEBUG:parse:format 'I am on the Add/Create team start page' -> 'I am on the Add/Create team start page'
DEBUG:parse:format 'I enter the License Key' -> 'I enter the License Key'
DEBUG:parse:format 'I click the Create Team button' -> 'I click the Create Team button'
DEBUG:parse:format 'I enter the valid team name and check the continue button becomes active' -> 'I enter the valid team name and check the continue button becomes active'
DEBUG:parse:format 'I enter the name for the user and check the Continue button becomes active' -> 'I enter the name for the user and check the Continue button becomes active'
DEBUG:parse:format 'I see the team name in the Team Selector' -> 'I see the team name in the Team Selector'
DEBUG:parse:format 'I get the hash of the original file' -> 'I get the hash of the original file'
DEBUG:parse:format 'I modify the file' -> 'I modify the file'
DEBUG:parse:format 'I click the plus button' -> 'I click the plus button'
DEBUG:parse:format 'I get the hash of the modified file, and assert it is not the same' -> 'I get the hash of the modified file, and assert it is not the same'
DEBUG:parse:format 'I click on the revert icon' -> 'I click on the revert icon'
DEBUG:parse:format 'I confirm I am on the revert file modal' -> 'I confirm I am on the revert file modal'
DEBUG:parse:format "I click on the 'No, go back' option" -> "I click on the 'No, go back' option"
DEBUG:parse:format "I click on the 'Revert File' option" -> "I click on the 'Revert File' option"
DEBUG:parse:format 'I get the hash of the reverted file' -> 'I get the hash of the reverted file'
DEBUG:parse:format 'I confirm the reverted file hash is the same as the original file' -> 'I confirm the reverted file hash is the same as the original file'
DEBUG:parse:format 'I am in the login screen' -> 'I am in the login screen'
DEBUG:parse:format 'I create a passcode number' -> 'I create a passcode number'
DEBUG:parse:format 'I click the Log In button' -> 'I click the Log In button'
DEBUG:parse:format 'I am in the Team URl screen' -> 'I am in the Team URl screen'
DEBUG:parse:format 'I am in the Recovery Key screen' -> 'I am in the Recovery Key screen'
DEBUG:parse:format 'I write the recovery key' -> 'I write the recovery key'
DEBUG:parse:format 'I write the recovery key for bob' -> 'I write the recovery key for bob'
DEBUG:parse:format 'I am in the Welcome Screen' -> 'I am in the Welcome Screen'
DEBUG:parse:format 'I am on the Welcome Screen' -> 'I am on the Welcome Screen'
DEBUG:parse:format 'I click on the hamburger dropdown menu' -> 'I click on the hamburger dropdown menu'
DEBUG:parse:format 'I click the Continue button' -> 'I click the Continue button'
DEBUG:parse:format 'I Select the lock icon on top right' -> 'I Select the lock icon on top right'
DEBUG:parse:format 'I Select the lock icon on top right for the space' -> 'I Select the lock icon on top right for the space'
DEBUG:parse:format 'I choose my team' -> 'I choose my team'
DEBUG:parse:format 'I click on the Peoples tab' -> 'I click on the Peoples tab'
DEBUG:parse:format 'Back in the application,I click on the "Close" button' -> 'Back in the application,I click on the "Close" button'
DEBUG:parse:format 'I write the Team URL' -> 'I write the Team URL'
DEBUG:parse:format 'I click the Add Team button' -> 'I click the Add Team button'
DEBUG:parse:format 'I am on the Peoples Tab and the space members list become visible' -> 'I am on the Peoples Tab and the space members list become visible'
DEBUG:parse:format 'I select Bob from the list of people and The member screen appears' -> 'I select Bob from the list of people and The member screen appears'
DEBUG:parse:format 'I click on one of the spaces created' -> 'I click on one of the spaces created'
DEBUG:parse:format 'I Open a files (...) dropdown menu' -> 'I Open a files \\(\\.\\.\\.\\) dropdown menu'
DEBUG:parse:format 'I click on Version History' -> 'I click on Version History'
DEBUG:parse:format 'I Select the back arrow in the top left' -> 'I Select the back arrow in the top left'
DEBUG:parse:format 'I click on Delete File' -> 'I click on Delete File'
DEBUG:parse:format 'The Delete File pop up option becomes visible' -> 'The Delete File pop up option becomes visible'
DEBUG:parse:format 'I select the Cancel option from the pop up' -> 'I select the Cancel option from the pop up'
DEBUG:parse:format 'I am returned to the previous screen, the space view' -> 'I am returned to the previous screen, the space view'
DEBUG:parse:format 'I click on File details' -> 'I click on File details'
DEBUG:parse:format 'I see the uploaded file' -> 'I see the uploaded file'
DEBUG:parse:format 'The "applying changes" spinner briefly appears. When it goes away, you are returned to the user profile and it will display the "Space Administrator" text' -> 'The "applying changes" spinner briefly appears\\. When it goes away, you are returned to the user profile and it will display the "Space Administrator" text'
DEBUG:parse:format 'I Choose settings option' -> 'I Choose settings option'
DEBUG:parse:format 'I choose the team I am an admin of' -> 'I choose the team I am an admin of'
DEBUG:parse:format 'I click on the Sign Up button' -> 'I click on the Sign Up button'
DEBUG:parse:format "I see I am on the 'Save Your Recovery Phrase' screen" -> "I see I am on the 'Save Your Recovery Phrase' screen"
DEBUG:parse:format 'I copy the recovery key' -> 'I copy the recovery key'
DEBUG:parse:format 'I click Continue' -> 'I click Continue'
DEBUG:parse:format "I see the 'Are you sure you saved your Recovery Phrase' screen" -> "I see the 'Are you sure you saved your Recovery Phrase' screen"
DEBUG:parse:format "I click on the 'Yes, I saved it' option" -> "I click on the 'Yes, I saved it' option"
DEBUG:parse:format 'I am on the Add/Create team start page' -> 'I am on the Add/Create team start page'
DEBUG:parse:format 'I enter the License Key' -> 'I enter the License Key'
DEBUG:parse:format 'I click the Create Team button' -> 'I click the Create Team button'
DEBUG:parse:format 'I enter the valid team name and check the continue button becomes active' -> 'I enter the valid team name and check the continue button becomes active'
DEBUG:parse:format 'I enter the name for the user and check the Continue button becomes active' -> 'I enter the name for the user and check the Continue button becomes active'
DEBUG:parse:format 'I see the team name in the Team Selector' -> 'I see the team name in the Team Selector'
DEBUG:parse:format 'I get the hash of the original file' -> 'I get the hash of the original file'
DEBUG:parse:format 'I modify the file' -> 'I modify the file'
DEBUG:parse:format 'I click the plus button' -> 'I click the plus button'
DEBUG:parse:format 'I get the hash of the modified file, and assert it is not the same' -> 'I get the hash of the modified file, and assert it is not the same'
DEBUG:parse:format 'I click on the revert icon' -> 'I click on the revert icon'
DEBUG:parse:format 'I confirm I am on the revert file modal' -> 'I confirm I am on the revert file modal'
DEBUG:parse:format "I click on the 'No, go back' option" -> "I click on the 'No, go back' option"
DEBUG:parse:format "I click on the 'Revert File' option" -> "I click on the 'Revert File' option"
DEBUG:parse:format 'I get the hash of the reverted file' -> 'I get the hash of the reverted file'
DEBUG:parse:format 'I confirm the reverted file hash is the same as the original file' -> 'I confirm the reverted file hash is the same as the original file'
DEBUG:parse:format 'I am in the login screen' -> 'I am in the login screen'
DEBUG:parse:format 'I create a passcode number' -> 'I create a passcode number'
DEBUG:parse:format 'I click the Log In button' -> 'I click the Log In button'
DEBUG:parse:format 'I am in the Team URl screen' -> 'I am in the Team URl screen'
DEBUG:parse:format 'I am in the Recovery Key screen' -> 'I am in the Recovery Key screen'
DEBUG:parse:format 'I write the recovery key' -> 'I write the recovery key'
DEBUG:parse:format 'I write the recovery key for bob' -> 'I write the recovery key for bob'
DEBUG:parse:format 'I am in the Welcome Screen' -> 'I am in the Welcome Screen'
DEBUG:parse:format 'I am on the Welcome Screen' -> 'I am on the Welcome Screen'
DEBUG:parse:format 'I click on the hamburger dropdown menu' -> 'I click on the hamburger dropdown menu'
DEBUG:parse:format 'I click the Continue button' -> 'I click the Continue button'
DEBUG:parse:format 'I Select the lock icon on top right' -> 'I Select the lock icon on top right'
DEBUG:parse:format 'I Select the lock icon on top right for the space' -> 'I Select the lock icon on top right for the space'
DEBUG:parse:format 'I choose my team' -> 'I choose my team'
DEBUG:parse:format 'I click on the Peoples tab' -> 'I click on the Peoples tab'
DEBUG:parse:format 'Back in the application,I click on the "Close" button' -> 'Back in the application,I click on the "Close" button'
DEBUG:parse:format 'I write the Team URL' -> 'I write the Team URL'
DEBUG:parse:format 'I click the Add Team button' -> 'I click the Add Team button'
DEBUG:parse:format 'I am on the Peoples Tab and the space members list become visible' -> 'I am on the Peoples Tab and the space members list become visible'
DEBUG:parse:format 'I select Bob from the list of people and The member screen appears' -> 'I select Bob from the list of people and The member screen appears'
DEBUG:parse:format 'I click on one of the spaces created' -> 'I click on one of the spaces created'
DEBUG:parse:format 'I Open a files (...) dropdown menu' -> 'I Open a files \\(\\.\\.\\.\\) dropdown menu'
DEBUG:parse:format 'I click on Version History' -> 'I click on Version History'
DEBUG:parse:format 'I Select the back arrow in the top left' -> 'I Select the back arrow in the top left'
DEBUG:parse:format 'I click on Delete File' -> 'I click on Delete File'
DEBUG:parse:format 'The Delete File pop up option becomes visible' -> 'The Delete File pop up option becomes visible'
DEBUG:parse:format 'I select the Cancel option from the pop up' -> 'I select the Cancel option from the pop up'
DEBUG:parse:format 'I am returned to the previous screen, the space view' -> 'I am returned to the previous screen, the space view'
DEBUG:parse:format 'I click on File details' -> 'I click on File details'
DEBUG:parse:format 'I see the uploaded file' -> 'I see the uploaded file'
DEBUG:parse:format 'The "applying changes" spinner briefly appears. When it goes away, you are returned to the user profile and it will display the "Space Administrator" text' -> 'The "applying changes" spinner briefly appears\\. When it goes away, you are returned to the user profile and it will display the "Space Administrator" text'
DEBUG:parse:format 'I Choose settings option' -> 'I Choose settings option'
DEBUG:parse:format 'I choose the team I am an admin of' -> 'I choose the team I am an admin of'
DEBUG:parse:format 'I click on the Sign Up button' -> 'I click on the Sign Up button'
DEBUG:parse:format "I see I am on the 'Save Your Recovery Phrase' screen" -> "I see I am on the 'Save Your Recovery Phrase' screen"
DEBUG:parse:format 'I copy the recovery key' -> 'I copy the recovery key'
DEBUG:parse:format 'I click Continue' -> 'I click Continue'
DEBUG:parse:format "I see the 'Are you sure you saved your Recovery Phrase' screen" -> "I see the 'Are you sure you saved your Recovery Phrase' screen"
DEBUG:parse:format "I click on the 'Yes, I saved it' option" -> "I click on the 'Yes, I saved it' option"
DEBUG:parse:format 'I am on the Add/Create team start page' -> 'I am on the Add/Create team start page'
DEBUG:parse:format 'I enter the License Key' -> 'I enter the License Key'
DEBUG:parse:format 'I click the Create Team button' -> 'I click the Create Team button'
DEBUG:parse:format 'I enter the valid team name and check the continue button becomes active' -> 'I enter the valid team name and check the continue button becomes active'
DEBUG:parse:format 'I enter the name for the user and check the Continue button becomes active' -> 'I enter the name for the user and check the Continue button becomes active'
DEBUG:parse:format 'I see the team name in the Team Selector' -> 'I see the team name in the Team Selector'
DEBUG:parse:format 'I get the hash of the original file' -> 'I get the hash of the original file'
DEBUG:parse:format 'I modify the file' -> 'I modify the file'
DEBUG:parse:format 'I click the plus button' -> 'I click the plus button'
DEBUG:parse:format 'I get the hash of the modified file, and assert it is not the same' -> 'I get the hash of the modified file, and assert it is not the same'
DEBUG:parse:format 'I click on the revert icon' -> 'I click on the revert icon'
DEBUG:parse:format 'I confirm I am on the revert file modal' -> 'I confirm I am on the revert file modal'
DEBUG:parse:format "I click on the 'No, go back' option" -> "I click on the 'No, go back' option"
DEBUG:parse:format "I click on the 'Revert File' option" -> "I click on the 'Revert File' option"
DEBUG:parse:format 'I get the hash of the reverted file' -> 'I get the hash of the reverted file'
DEBUG:parse:format 'I confirm the reverted file hash is the same as the original file' -> 'I confirm the reverted file hash is the same as the original file'
DEBUG:parse:format 'I am in the login screen' -> 'I am in the login screen'
DEBUG:parse:format 'I create a passcode number' -> 'I create a passcode number'
DEBUG:parse:format 'I click the Log In button' -> 'I click the Log In button'
DEBUG:parse:format 'I am in the Team URl screen' -> 'I am in the Team URl screen'
DEBUG:parse:format 'I am in the Recovery Key screen' -> 'I am in the Recovery Key screen'
DEBUG:parse:format 'I write the recovery key' -> 'I write the recovery key'
DEBUG:parse:format 'I write the recovery key for bob' -> 'I write the recovery key for bob'
DEBUG:parse:format 'I am in the Welcome Screen' -> 'I am in the Welcome Screen'
INFO:selenium.webdriver.remote.remote_connection:Could not connect to port 4723 on host 127.0.0.1
INFO:selenium.webdriver.remote.remote_connection:Could not get IP address for host: 127.0.0.1
WARNING:urllib3.connectionpool:Retrying (Retry(total=2, connect=None, read=None, redirect=None, status=None)) after connection broken by 'NewConnectionError('<urllib3.connection.HTTPConnection object at 0x10cca72b0>: Failed to establish a new connection: [Errno 61] Connection refused')': /wd/hub/session
WARNING:urllib3.connectionpool:Retrying (Retry(total=1, connect=None, read=None, redirect=None, status=None)) after connection broken by 'NewConnectionError('<urllib3.connection.HTTPConnection object at 0x10cca7430>: Failed to establish a new connection: [Errno 61] Connection refused')': /wd/hub/session
WARNING:urllib3.connectionpool:Retrying (Retry(total=0, connect=None, read=None, redirect=None, status=None)) after connection broken by 'NewConnectionError('<urllib3.connection.HTTPConnection object at 0x10cca7580>: Failed to establish a new connection: [Errno 61] Connection refused')': /wd/hub/session
DEBUG:parse:format 'I am on the Welcome Screen' -> 'I am on the Welcome Screen'
DEBUG:parse:format 'I click on the hamburger dropdown menu' -> 'I click on the hamburger dropdown menu'
DEBUG:parse:format 'I click the Continue button' -> 'I click the Continue button'
DEBUG:parse:format 'I Select the lock icon on top right' -> 'I Select the lock icon on top right'
DEBUG:parse:format 'I Select the lock icon on top right for the space' -> 'I Select the lock icon on top right for the space'
DEBUG:parse:format 'I choose my team' -> 'I choose my team'
DEBUG:parse:format 'I click on the Peoples tab' -> 'I click on the Peoples tab'
DEBUG:parse:format 'Back in the application,I click on the "Close" button' -> 'Back in the application,I click on the "Close" button'
DEBUG:parse:format 'I write the Team URL' -> 'I write the Team URL'
DEBUG:parse:format 'I click the Add Team button' -> 'I click the Add Team button'
DEBUG:parse:format 'I am on the Peoples Tab and the space members list become visible' -> 'I am on the Peoples Tab and the space members list become visible'
DEBUG:parse:format 'I select Bob from the list of people and The member screen appears' -> 'I select Bob from the list of people and The member screen appears'
DEBUG:parse:format 'I click on one of the spaces created' -> 'I click on one of the spaces created'
DEBUG:parse:format 'I Open a files (...) dropdown menu' -> 'I Open a files \\(\\.\\.\\.\\) dropdown menu'
DEBUG:parse:format 'I click on Version History' -> 'I click on Version History'
DEBUG:parse:format 'I Select the back arrow in the top left' -> 'I Select the back arrow in the top left'
DEBUG:parse:format 'I click on Delete File' -> 'I click on Delete File'
DEBUG:parse:format 'The Delete File pop up option becomes visible' -> 'The Delete File pop up option becomes visible'
DEBUG:parse:format 'I select the Cancel option from the pop up' -> 'I select the Cancel option from the pop up'
DEBUG:parse:format 'I am returned to the previous screen, the space view' -> 'I am returned to the previous screen, the space view'
DEBUG:parse:format 'I click on File details' -> 'I click on File details'
DEBUG:parse:format 'I see the uploaded file' -> 'I see the uploaded file'
DEBUG:parse:format 'The "applying changes" spinner briefly appears. When it goes away, you are returned to the user profile and it will display the "Space Administrator" text' -> 'The "applying changes" spinner briefly appears\\. When it goes away, you are returned to the user profile and it will display the "Space Administrator" text'
DEBUG:parse:format 'I Choose settings option' -> 'I Choose settings option'
DEBUG:parse:format 'I choose the team I am an admin of' -> 'I choose the team I am an admin of'
DEBUG:parse:format 'I click on the Sign Up button' -> 'I click on the Sign Up button'
DEBUG:parse:format "I see I am on the 'Save Your Recovery Phrase' screen" -> "I see I am on the 'Save Your Recovery Phrase' screen"
DEBUG:parse:format 'I copy the recovery key' -> 'I copy the recovery key'
DEBUG:parse:format 'I click Continue' -> 'I click Continue'
DEBUG:parse:format "I see the 'Are you sure you saved your Recovery Phrase' screen" -> "I see the 'Are you sure you saved your Recovery Phrase' screen"
DEBUG:parse:format "I click on the 'Yes, I saved it' option" -> "I click on the 'Yes, I saved it' option"
DEBUG:parse:format 'I am on the Add/Create team start page' -> 'I am on the Add/Create team start page'
DEBUG:parse:format 'I enter the License Key' -> 'I enter the License Key'
DEBUG:parse:format 'I click the Create Team button' -> 'I click the Create Team button'
DEBUG:parse:format 'I enter the valid team name and check the continue button becomes active' -> 'I enter the valid team name and check the continue button becomes active'
DEBUG:parse:format 'I enter the name for the user and check the Continue button becomes active' -> 'I enter the name for the user and check the Continue button becomes active'
DEBUG:parse:format 'I see the team name in the Team Selector' -> 'I see the team name in the Team Selector'
DEBUG:parse:format 'I get the hash of the original file' -> 'I get the hash of the original file'
DEBUG:parse:format 'I modify the file' -> 'I modify the file'
DEBUG:parse:format 'I click the plus button' -> 'I click the plus button'
DEBUG:parse:format 'I get the hash of the modified file, and assert it is not the same' -> 'I get the hash of the modified file, and assert it is not the same'
DEBUG:parse:format 'I click on the revert icon' -> 'I click on the revert icon'
DEBUG:parse:format 'I confirm I am on the revert file modal' -> 'I confirm I am on the revert file modal'
DEBUG:parse:format "I click on the 'No, go back' option" -> "I click on the 'No, go back' option"
DEBUG:parse:format "I click on the 'Revert File' option" -> "I click on the 'Revert File' option"
DEBUG:parse:format 'I get the hash of the reverted file' -> 'I get the hash of the reverted file'
DEBUG:parse:format 'I confirm the reverted file hash is the same as the original file' -> 'I confirm the reverted file hash is the same as the original file'
DEBUG:parse:format 'I am in the login screen' -> 'I am in the login screen'
DEBUG:parse:format 'I create a passcode number' -> 'I create a passcode number'
DEBUG:parse:format 'I click the Log In button' -> 'I click the Log In button'
DEBUG:parse:format 'I am in the Team URl screen' -> 'I am in the Team URl screen'
DEBUG:parse:format 'I am in the Recovery Key screen' -> 'I am in the Recovery Key screen'
DEBUG:parse:format 'I write the recovery key' -> 'I write the recovery key'
DEBUG:parse:format 'I write the recovery key for bob' -> 'I write the recovery key for bob'
DEBUG:parse:format 'I am in the Welcome Screen' -> 'I am in the Welcome Screen'
DEBUG:parse:format 'I am on the Welcome Screen' -> 'I am on the Welcome Screen'
DEBUG:parse:format 'I click on the hamburger dropdown menu' -> 'I click on the hamburger dropdown menu'
DEBUG:parse:format 'I click the Continue button' -> 'I click the Continue button'
DEBUG:parse:format 'I Select the lock icon on top right' -> 'I Select the lock icon on top right'
DEBUG:parse:format 'I Select the lock icon on top right for the space' -> 'I Select the lock icon on top right for the space'
DEBUG:parse:format 'I choose my team' -> 'I choose my team'
DEBUG:parse:format 'I click on the Peoples tab' -> 'I click on the Peoples tab'
DEBUG:parse:format 'Back in the application,I click on the "Close" button' -> 'Back in the application,I click on the "Close" button'
DEBUG:parse:format 'I write the Team URL' -> 'I write the Team URL'
DEBUG:parse:format 'I click the Add Team button' -> 'I click the Add Team button'
DEBUG:parse:format 'I am on the Peoples Tab and the space members list become visible' -> 'I am on the Peoples Tab and the space members list become visible'
DEBUG:parse:format 'I select Bob from the list of people and The member screen appears' -> 'I select Bob from the list of people and The member screen appears'
DEBUG:parse:format 'I click on one of the spaces created' -> 'I click on one of the spaces created'
DEBUG:parse:format 'I Open a files (...) dropdown menu' -> 'I Open a files \\(\\.\\.\\.\\) dropdown menu'
DEBUG:parse:format 'I click on Version History' -> 'I click on Version History'
DEBUG:parse:format 'I Select the back arrow in the top left' -> 'I Select the back arrow in the top left'
DEBUG:parse:format 'I click on Delete File' -> 'I click on Delete File'
DEBUG:parse:format 'The Delete File pop up option becomes visible' -> 'The Delete File pop up option becomes visible'
DEBUG:parse:format 'I select the Cancel option from the pop up' -> 'I select the Cancel option from the pop up'
DEBUG:parse:format 'I am returned to the previous screen, the space view' -> 'I am returned to the previous screen, the space view'
DEBUG:parse:format 'I click on File details' -> 'I click on File details'
DEBUG:parse:format 'I see the uploaded file' -> 'I see the uploaded file'
DEBUG:parse:format 'The "applying changes" spinner briefly appears. When it goes away, you are returned to the user profile and it will display the "Space Administrator" text' -> 'The "applying changes" spinner briefly appears\\. When it goes away, you are returned to the user profile and it will display the "Space Administrator" text'
DEBUG:parse:format 'I Choose settings option' -> 'I Choose settings option'
DEBUG:parse:format 'I choose the team I am an admin of' -> 'I choose the team I am an admin of'
DEBUG:parse:format 'I click on the Sign Up button' -> 'I click on the Sign Up button'
DEBUG:parse:format "I see I am on the 'Save Your Recovery Phrase' screen" -> "I see I am on the 'Save Your Recovery Phrase' screen"
DEBUG:parse:format 'I copy the recovery key' -> 'I copy the recovery key'
DEBUG:parse:format 'I click Continue' -> 'I click Continue'
DEBUG:parse:format "I see the 'Are you sure you saved your Recovery Phrase' screen" -> "I see the 'Are you sure you saved your Recovery Phrase' screen"
DEBUG:parse:format "I click on the 'Yes, I saved it' option" -> "I click on the 'Yes, I saved it' option"
DEBUG:parse:format 'I am on the Add/Create team start page' -> 'I am on the Add/Create team start page'
DEBUG:parse:format 'I enter the License Key' -> 'I enter the License Key'
DEBUG:parse:format 'I click the Create Team button' -> 'I click the Create Team button'
DEBUG:parse:format 'I enter the valid team name and check the continue button becomes active' -> 'I enter the valid team name and check the continue button becomes active'
DEBUG:parse:format 'I enter the name for the user and check the Continue button becomes active' -> 'I enter the name for the user and check the Continue button becomes active'
DEBUG:parse:format 'I see the team name in the Team Selector' -> 'I see the team name in the Team Selector'
DEBUG:parse:format 'I get the hash of the original file' -> 'I get the hash of the original file'
DEBUG:parse:format 'I modify the file' -> 'I modify the file'
DEBUG:parse:format 'I click the plus button' -> 'I click the plus button'
DEBUG:parse:format 'I get the hash of the modified file, and assert it is not the same' -> 'I get the hash of the modified file, and assert it is not the same'
DEBUG:parse:format 'I click on the revert icon' -> 'I click on the revert icon'
DEBUG:parse:format 'I confirm I am on the revert file modal' -> 'I confirm I am on the revert file modal'
DEBUG:parse:format "I click on the 'No, go back' option" -> "I click on the 'No, go back' option"
DEBUG:parse:format "I click on the 'Revert File' option" -> "I click on the 'Revert File' option"
DEBUG:parse:format 'I get the hash of the reverted file' -> 'I get the hash of the reverted file'
DEBUG:parse:format 'I confirm the reverted file hash is the same as the original file' -> 'I confirm the reverted file hash is the same as the original file'
DEBUG:parse:format 'I am in the login screen' -> 'I am in the login screen'
DEBUG:parse:format 'I create a passcode number' -> 'I create a passcode number'
DEBUG:parse:format 'I click the Log In button' -> 'I click the Log In button'
DEBUG:parse:format 'I am in the Team URl screen' -> 'I am in the Team URl screen'
DEBUG:parse:format 'I am in the Recovery Key screen' -> 'I am in the Recovery Key screen'
DEBUG:parse:format 'I write the recovery key' -> 'I write the recovery key'
DEBUG:parse:format 'I write the recovery key for bob' -> 'I write the recovery key for bob'
DEBUG:parse:format 'I am in the Welcome Screen' -> 'I am in the Welcome Screen'
DEBUG:parse:format 'I am on the Welcome Screen' -> 'I am on the Welcome Screen'
DEBUG:parse:format 'I click on the hamburger dropdown menu' -> 'I click on the hamburger dropdown menu'
DEBUG:parse:format 'I click the Continue button' -> 'I click the Continue button'
DEBUG:parse:format 'I Select the lock icon on top right' -> 'I Select the lock icon on top right'
DEBUG:parse:format 'I Select the lock icon on top right for the space' -> 'I Select the lock icon on top right for the space'
DEBUG:parse:format 'I choose my team' -> 'I choose my team'
DEBUG:parse:format 'I click on the Peoples tab' -> 'I click on the Peoples tab'
DEBUG:parse:format 'Back in the application,I click on the "Close" button' -> 'Back in the application,I click on the "Close" button'
DEBUG:parse:format 'I write the Team URL' -> 'I write the Team URL'
DEBUG:parse:format 'I click the Add Team button' -> 'I click the Add Team button'
DEBUG:parse:format 'I am on the Peoples Tab and the space members list become visible' -> 'I am on the Peoples Tab and the space members list become visible'
DEBUG:parse:format 'I select Bob from the list of people and The member screen appears' -> 'I select Bob from the list of people and The member screen appears'
DEBUG:parse:format 'I click on one of the spaces created' -> 'I click on one of the spaces created'
DEBUG:parse:format 'I Open a files (...) dropdown menu' -> 'I Open a files \\(\\.\\.\\.\\) dropdown menu'
DEBUG:parse:format 'I click on Version History' -> 'I click on Version History'
DEBUG:parse:format 'I Select the back arrow in the top left' -> 'I Select the back arrow in the top left'
DEBUG:parse:format 'I click on Delete File' -> 'I click on Delete File'
DEBUG:parse:format 'The Delete File pop up option becomes visible' -> 'The Delete File pop up option becomes visible'
DEBUG:parse:format 'I select the Cancel option from the pop up' -> 'I select the Cancel option from the pop up'
DEBUG:parse:format 'I am returned to the previous screen, the space view' -> 'I am returned to the previous screen, the space view'
DEBUG:parse:format 'I click on File details' -> 'I click on File details'
DEBUG:parse:format 'I see the uploaded file' -> 'I see the uploaded file'
DEBUG:parse:format 'The "applying changes" spinner briefly appears. When it goes away, you are returned to the user profile and it will display the "Space Administrator" text' -> 'The "applying changes" spinner briefly appears\\. When it goes away, you are returned to the user profile and it will display the "Space Administrator" text'
DEBUG:parse:format 'I Choose settings option' -> 'I Choose settings option'
DEBUG:parse:format 'I choose the team I am an admin of' -> 'I choose the team I am an admin of'
DEBUG:parse:format 'I click on the Sign Up button' -> 'I click on the Sign Up button'
DEBUG:parse:format "I see I am on the 'Save Your Recovery Phrase' screen" -> "I see I am on the 'Save Your Recovery Phrase' screen"
DEBUG:parse:format 'I copy the recovery key' -> 'I copy the recovery key'
DEBUG:parse:format 'I click Continue' -> 'I click Continue'
DEBUG:parse:format "I see the 'Are you sure you saved your Recovery Phrase' screen" -> "I see the 'Are you sure you saved your Recovery Phrase' screen"
DEBUG:parse:format "I click on the 'Yes, I saved it' option" -> "I click on the 'Yes, I saved it' option"
DEBUG:parse:format 'I am on the Add/Create team start page' -> 'I am on the Add/Create team start page'
DEBUG:parse:format 'I enter the License Key' -> 'I enter the License Key'
DEBUG:parse:format 'I click the Create Team button' -> 'I click the Create Team button'
DEBUG:parse:format 'I enter the valid team name and check the continue button becomes active' -> 'I enter the valid team name and check the continue button becomes active'
DEBUG:parse:format 'I enter the name for the user and check the Continue button becomes active' -> 'I enter the name for the user and check the Continue button becomes active'
DEBUG:parse:format 'I see the team name in the Team Selector' -> 'I see the team name in the Team Selector'
DEBUG:parse:format 'I get the hash of the original file' -> 'I get the hash of the original file'
DEBUG:parse:format 'I modify the file' -> 'I modify the file'
DEBUG:parse:format 'I click the plus button' -> 'I click the plus button'
DEBUG:parse:format 'I get the hash of the modified file, and assert it is not the same' -> 'I get the hash of the modified file, and assert it is not the same'
DEBUG:parse:format 'I click on the revert icon' -> 'I click on the revert icon'
DEBUG:parse:format 'I confirm I am on the revert file modal' -> 'I confirm I am on the revert file modal'
DEBUG:parse:format "I click on the 'No, go back' option" -> "I click on the 'No, go back' option"
DEBUG:parse:format "I click on the 'Revert File' option" -> "I click on the 'Revert File' option"
DEBUG:parse:format 'I get the hash of the reverted file' -> 'I get the hash of the reverted file'
DEBUG:parse:format 'I confirm the reverted file hash is the same as the original file' -> 'I confirm the reverted file hash is the same as the original file'
DEBUG:parse:format 'I am in the login screen' -> 'I am in the login screen'
DEBUG:parse:format 'I create a passcode number' -> 'I create a passcode number'
DEBUG:parse:format 'I click the Log In button' -> 'I click the Log In button'
DEBUG:parse:format 'I am in the Team URl screen' -> 'I am in the Team URl screen'
DEBUG:parse:format 'I am in the Recovery Key screen' -> 'I am in the Recovery Key screen'
DEBUG:parse:format 'I write the recovery key' -> 'I write the recovery key'
DEBUG:parse:format 'I write the recovery key for bob' -> 'I write the recovery key for bob'
DEBUG:parse:format 'I am in the Welcome Screen' -> 'I am in the Welcome Screen'
DEBUG:parse:format 'I am on the Welcome Screen' -> 'I am on the Welcome Screen'
DEBUG:parse:format 'I click on the hamburger dropdown menu' -> 'I click on the hamburger dropdown menu'
DEBUG:parse:format 'I click the Continue button' -> 'I click the Continue button'
DEBUG:parse:format 'I Select the lock icon on top right' -> 'I Select the lock icon on top right'
DEBUG:parse:format 'I Select the lock icon on top right for the space' -> 'I Select the lock icon on top right for the space'
DEBUG:parse:format 'I choose my team' -> 'I choose my team'
DEBUG:parse:format 'I click on the Peoples tab' -> 'I click on the Peoples tab'
DEBUG:parse:format 'Back in the application,I click on the "Close" button' -> 'Back in the application,I click on the "Close" button'
DEBUG:parse:format 'I write the Team URL' -> 'I write the Team URL'
DEBUG:parse:format 'I click the Add Team button' -> 'I click the Add Team button'
DEBUG:parse:format 'I am on the Peoples Tab and the space members list become visible' -> 'I am on the Peoples Tab and the space members list become visible'
DEBUG:parse:format 'I select Bob from the list of people and The member screen appears' -> 'I select Bob from the list of people and The member screen appears'
DEBUG:parse:format 'I click on one of the spaces created' -> 'I click on one of the spaces created'
DEBUG:parse:format 'I Open a files (...) dropdown menu' -> 'I Open a files \\(\\.\\.\\.\\) dropdown menu'
DEBUG:parse:format 'I click on Version History' -> 'I click on Version History'
DEBUG:parse:format 'I Select the back arrow in the top left' -> 'I Select the back arrow in the top left'
DEBUG:parse:format 'I click on Delete File' -> 'I click on Delete File'
DEBUG:parse:format 'The Delete File pop up option becomes visible' -> 'The Delete File pop up option becomes visible'
DEBUG:parse:format 'I select the Cancel option from the pop up' -> 'I select the Cancel option from the pop up'
DEBUG:parse:format 'I am returned to the previous screen, the space view' -> 'I am returned to the previous screen, the space view'
DEBUG:parse:format 'I click on File details' -> 'I click on File details'
DEBUG:parse:format 'I see the uploaded file' -> 'I see the uploaded file'
DEBUG:parse:format 'The "applying changes" spinner briefly appears. When it goes away, you are returned to the user profile and it will display the "Space Administrator" text' -> 'The "applying changes" spinner briefly appears\\. When it goes away, you are returned to the user profile and it will display the "Space Administrator" text'
DEBUG:parse:format 'I Choose settings option' -> 'I Choose settings option'
DEBUG:parse:format 'I choose the team I am an admin of' -> 'I choose the team I am an admin of'
DEBUG:parse:format 'I click on the Sign Up button' -> 'I click on the Sign Up button'
DEBUG:parse:format "I see I am on the 'Save Your Recovery Phrase' screen" -> "I see I am on the 'Save Your Recovery Phrase' screen"
DEBUG:parse:format 'I copy the recovery key' -> 'I copy the recovery key'
DEBUG:parse:format 'I click Continue' -> 'I click Continue'
DEBUG:parse:format "I see the 'Are you sure you saved your Recovery Phrase' screen" -> "I see the 'Are you sure you saved your Recovery Phrase' screen"
DEBUG:parse:format "I click on the 'Yes, I saved it' option" -> "I click on the 'Yes, I saved it' option"
DEBUG:parse:format 'I am on the Add/Create team start page' -> 'I am on the Add/Create team start page'
DEBUG:parse:format 'I enter the License Key' -> 'I enter the License Key'
DEBUG:parse:format 'I click the Create Team button' -> 'I click the Create Team button'
DEBUG:parse:format 'I enter the valid team name and check the continue button becomes active' -> 'I enter the valid team name and check the continue button becomes active'
DEBUG:parse:format 'I enter the name for the user and check the Continue button becomes active' -> 'I enter the name for the user and check the Continue button becomes active'
DEBUG:parse:format 'I see the team name in the Team Selector' -> 'I see the team name in the Team Selector'
DEBUG:parse:format 'I get the hash of the original file' -> 'I get the hash of the original file'
DEBUG:parse:format 'I modify the file' -> 'I modify the file'
DEBUG:parse:format 'I click the plus button' -> 'I click the plus button'
DEBUG:parse:format 'I get the hash of the modified file, and assert it is not the same' -> 'I get the hash of the modified file, and assert it is not the same'
DEBUG:parse:format 'I click on the revert icon' -> 'I click on the revert icon'
DEBUG:parse:format 'I confirm I am on the revert file modal' -> 'I confirm I am on the revert file modal'
DEBUG:parse:format "I click on the 'No, go back' option" -> "I click on the 'No, go back' option"
DEBUG:parse:format "I click on the 'Revert File' option" -> "I click on the 'Revert File' option"
DEBUG:parse:format 'I get the hash of the reverted file' -> 'I get the hash of the reverted file'
DEBUG:parse:format 'I confirm the reverted file hash is the same as the original file' -> 'I confirm the reverted file hash is the same as the original file'
DEBUG:parse:format 'I am in the login screen' -> 'I am in the login screen'
DEBUG:parse:format 'I create a passcode number' -> 'I create a passcode number'
DEBUG:parse:format 'I click the Log In button' -> 'I click the Log In button'
DEBUG:parse:format 'I am in the Team URl screen' -> 'I am in the Team URl screen'
DEBUG:parse:format 'I am in the Recovery Key screen' -> 'I am in the Recovery Key screen'
DEBUG:parse:format 'I write the recovery key' -> 'I write the recovery key'
DEBUG:parse:format 'I write the recovery key for bob' -> 'I write the recovery key for bob'
DEBUG:parse:format 'I am in the Welcome Screen' -> 'I am in the Welcome Screen'
